Vivado Simulator v2025.1.0
Copyright 1986-2022 Xilinx, Inc. All Rights Reserved.
Copyright 2022-2025 Advanced Micro Devices, Inc. All Rights Reserved.
Running: C:/Xilinx/2025.1/Vivado/bin/unwrapped/win64.o/xelab.exe xil_defaultlib.apatb_equalStep_baseline_top xil_defaultlib.glbl -Oenable_linking_all_libraries -prj equalStep_baseline.prj -L smartconnect_v1_0 -L axi_protocol_checker_v1_1_12 -L axi_protocol_checker_v1_1_13 -L axis_protocol_checker_v1_1_11 -L axis_protocol_checker_v1_1_12 -L xil_defaultlib -L unisims_ver -L xpm -L floating_point_v7_1_20 -L floating_point_v7_0_25 --lib ieee_proposed=./ieee_proposed -L uvm -relax -i ./svr -i ./axivip -i ./svtb -i ./file_agent -i ./equalStep_baseline_subsystem -s equalStep_baseline 
Multi-threading is on. Using 2 slave threads.
Determining compilation order of HDL files.
INFO: [VRFC 10-2263] Analyzing SystemVerilog file "C:/Users/seanr/vitis_projects/fpp_project/singleStep_baseline/equalStep_baseline/hls/sim/verilog/glbl.v" into library xil_defaultlib
INFO: [VRFC 10-311] analyzing module glbl
INFO: [VRFC 10-2263] Analyzing SystemVerilog file "C:/Users/seanr/vitis_projects/fpp_project/singleStep_baseline/equalStep_baseline/hls/sim/verilog/AESL_automem_imStack.v" into library xil_defaultlib
INFO: [VRFC 10-311] analyzing module AESL_automem_imStack
INFO: [VRFC 10-2263] Analyzing SystemVerilog file "C:/Users/seanr/vitis_projects/fpp_project/singleStep_baseline/equalStep_baseline/hls/sim/verilog/AESL_automem_mod_r.v" into library xil_defaultlib
INFO: [VRFC 10-311] analyzing module AESL_automem_mod_r
INFO: [VRFC 10-2263] Analyzing SystemVerilog file "C:/Users/seanr/vitis_projects/fpp_project/singleStep_baseline/equalStep_baseline/hls/sim/verilog/AESL_automem_wrappedPhase.v" into library xil_defaultlib
INFO: [VRFC 10-311] analyzing module AESL_automem_wrappedPhase
INFO: [VRFC 10-2263] Analyzing SystemVerilog file "C:/Users/seanr/vitis_projects/fpp_project/singleStep_baseline/equalStep_baseline/hls/sim/verilog/equalStep_baseline.autotb.v" into library xil_defaultlib
INFO: [VRFC 10-311] analyzing module apatb_equalStep_baseline_top
INFO: [VRFC 10-2263] Analyzing SystemVerilog file "C:/Users/seanr/vitis_projects/fpp_project/singleStep_baseline/equalStep_baseline/hls/sim/verilog/equalStep_baseline.v" into library xil_defaultlib
INFO: [VRFC 10-311] analyzing module equalStep_baseline
INFO: [VRFC 10-2263] Analyzing SystemVerilog file "C:/Users/seanr/vitis_projects/fpp_project/singleStep_baseline/equalStep_baseline/hls/sim/verilog/equalStep_baseline_atan2_cordic_double_s.v" into library xil_defaultlib
INFO: [VRFC 10-311] analyzing module equalStep_baseline_atan2_cordic_double_s
INFO: [VRFC 10-2263] Analyzing SystemVerilog file "C:/Users/seanr/vitis_projects/fpp_project/singleStep_baseline/equalStep_baseline/hls/sim/verilog/equalStep_baseline_atan2_generic_double_Pipeline_1.v" into library xil_defaultlib
INFO: [VRFC 10-311] analyzing module equalStep_baseline_atan2_generic_double_Pipeline_1
INFO: [VRFC 10-2263] Analyzing SystemVerilog file "C:/Users/seanr/vitis_projects/fpp_project/singleStep_baseline/equalStep_baseline/hls/sim/verilog/equalStep_baseline_atan2_generic_double_Pipeline_1_cordic_ctab_table_128_ROM_AUTO_1R.v" into library xil_defaultlib
INFO: [VRFC 10-311] analyzing module equalStep_baseline_atan2_generic_double_Pipeline_1_cordic_ctab_table_128_ROM_AUTO_1R
INFO: [VRFC 10-2263] Analyzing SystemVerilog file "C:/Users/seanr/vitis_projects/fpp_project/singleStep_baseline/equalStep_baseline/hls/sim/verilog/equalStep_baseline_atan2_generic_double_s.v" into library xil_defaultlib
INFO: [VRFC 10-311] analyzing module equalStep_baseline_atan2_generic_double_s
INFO: [VRFC 10-2263] Analyzing SystemVerilog file "C:/Users/seanr/vitis_projects/fpp_project/singleStep_baseline/equalStep_baseline/hls/sim/verilog/equalStep_baseline_bitselect_1ns_86ns_7ns_1_1_1.v" into library xil_defaultlib
INFO: [VRFC 10-311] analyzing module equalStep_baseline_bitselect_1ns_86ns_7ns_1_1_1
INFO: [VRFC 10-2263] Analyzing SystemVerilog file "C:/Users/seanr/vitis_projects/fpp_project/singleStep_baseline/equalStep_baseline/hls/sim/verilog/equalStep_baseline_ctlz_86_86_1_1.v" into library xil_defaultlib
INFO: [VRFC 10-311] analyzing module equalStep_baseline_ctlz_86_86_1_1
INFO: [VRFC 10-2263] Analyzing SystemVerilog file "C:/Users/seanr/vitis_projects/fpp_project/singleStep_baseline/equalStep_baseline/hls/sim/verilog/equalStep_baseline_dadddsub_64ns_64ns_64_5_full_dsp_1.v" into library xil_defaultlib
INFO: [VRFC 10-311] analyzing module equalStep_baseline_dadddsub_64ns_64ns_64_5_full_dsp_1
INFO: [VRFC 10-2263] Analyzing SystemVerilog file "C:/Users/seanr/vitis_projects/fpp_project/singleStep_baseline/equalStep_baseline/hls/sim/verilog/equalStep_baseline_dcmp_64ns_64ns_1_2_no_dsp_1.v" into library xil_defaultlib
INFO: [VRFC 10-311] analyzing module equalStep_baseline_dcmp_64ns_64ns_1_2_no_dsp_1
INFO: [VRFC 10-2263] Analyzing SystemVerilog file "C:/Users/seanr/vitis_projects/fpp_project/singleStep_baseline/equalStep_baseline/hls/sim/verilog/equalStep_baseline_ddiv_64ns_64ns_64_31_no_dsp_1.v" into library xil_defaultlib
INFO: [VRFC 10-311] analyzing module equalStep_baseline_ddiv_64ns_64ns_64_31_no_dsp_1
INFO: [VRFC 10-2263] Analyzing SystemVerilog file "C:/Users/seanr/vitis_projects/fpp_project/singleStep_baseline/equalStep_baseline/hls/sim/verilog/equalStep_baseline_dmul_64ns_64ns_64_5_max_dsp_1.v" into library xil_defaultlib
INFO: [VRFC 10-311] analyzing module equalStep_baseline_dmul_64ns_64ns_64_5_max_dsp_1
INFO: [VRFC 10-2263] Analyzing SystemVerilog file "C:/Users/seanr/vitis_projects/fpp_project/singleStep_baseline/equalStep_baseline/hls/sim/verilog/equalStep_baseline_dsqrt_64ns_64ns_64_30_no_dsp_1.v" into library xil_defaultlib
INFO: [VRFC 10-311] analyzing module equalStep_baseline_dsqrt_64ns_64ns_64_30_no_dsp_1
INFO: [VRFC 10-2263] Analyzing SystemVerilog file "C:/Users/seanr/vitis_projects/fpp_project/singleStep_baseline/equalStep_baseline/hls/sim/verilog/equalStep_baseline_equalStep_baseline_Pipeline_VITIS_LOOP_40_4.v" into library xil_defaultlib
INFO: [VRFC 10-311] analyzing module equalStep_baseline_equalStep_baseline_Pipeline_VITIS_LOOP_40_4
INFO: [VRFC 10-2263] Analyzing SystemVerilog file "C:/Users/seanr/vitis_projects/fpp_project/singleStep_baseline/equalStep_baseline/hls/sim/verilog/equalStep_baseline_equalStep_baseline_Pipeline_VITIS_LOOP_40_4_cos_k_ROM_AUTO_1R.v" into library xil_defaultlib
INFO: [VRFC 10-311] analyzing module equalStep_baseline_equalStep_baseline_Pipeline_VITIS_LOOP_40_4_cos_k_ROM_AUTO_1R
INFO: [VRFC 10-2263] Analyzing SystemVerilog file "C:/Users/seanr/vitis_projects/fpp_project/singleStep_baseline/equalStep_baseline/hls/sim/verilog/equalStep_baseline_equalStep_baseline_Pipeline_VITIS_LOOP_40_4_sin_k_ROM_AUTO_1R.v" into library xil_defaultlib
INFO: [VRFC 10-311] analyzing module equalStep_baseline_equalStep_baseline_Pipeline_VITIS_LOOP_40_4_sin_k_ROM_AUTO_1R
INFO: [VRFC 10-2263] Analyzing SystemVerilog file "C:/Users/seanr/vitis_projects/fpp_project/singleStep_baseline/equalStep_baseline/hls/sim/verilog/equalStep_baseline_flow_control_loop_pipe_sequential_init.v" into library xil_defaultlib
INFO: [VRFC 10-311] analyzing module equalStep_baseline_flow_control_loop_pipe_sequential_init
INFO: [VRFC 10-2263] Analyzing SystemVerilog file "C:/Users/seanr/vitis_projects/fpp_project/singleStep_baseline/equalStep_baseline/hls/sim/verilog/equalStep_baseline_uitodp_32ns_64_4_no_dsp_1.v" into library xil_defaultlib
INFO: [VRFC 10-311] analyzing module equalStep_baseline_uitodp_32ns_64_4_no_dsp_1
INFO: [VRFC 10-2263] Analyzing SystemVerilog file "C:/Users/seanr/vitis_projects/fpp_project/singleStep_baseline/equalStep_baseline/hls/sim/verilog/dataflow_monitor.sv" into library xil_defaultlib
INFO: [VRFC 10-311] analyzing module dataflow_monitor
INFO: [VRFC 10-2263] Analyzing SystemVerilog file "C:/Users/seanr/vitis_projects/fpp_project/singleStep_baseline/equalStep_baseline/hls/sim/verilog/file_agent/file_agent_pkg.sv" into library xil_defaultlib
INFO: [VRFC 10-2263] Analyzing SystemVerilog file "C:/Users/seanr/vitis_projects/fpp_project/singleStep_baseline/equalStep_baseline/hls/sim/verilog/equalStep_baseline_subsystem/equalStep_baseline_subsystem_pkg.sv" into library xil_defaultlib
INFO: [VRFC 10-2263] Analyzing SystemVerilog file "C:/Users/seanr/vitis_projects/fpp_project/singleStep_baseline/equalStep_baseline/hls/sim/verilog/svtb/misc_interface.sv" into library xil_defaultlib
INFO: [VRFC 10-2263] Analyzing SystemVerilog file "C:/Users/seanr/vitis_projects/fpp_project/singleStep_baseline/equalStep_baseline/hls/sim/verilog/svtb/sv_module_top.sv" into library xil_defaultlib
INFO: [VRFC 10-311] analyzing module sv_module_top
INFO: [VRFC 10-163] Analyzing VHDL file "C:/Users/seanr/vitis_projects/fpp_project/singleStep_baseline/equalStep_baseline/hls/sim/verilog/ip/xil_defaultlib/equalStep_baseline_dadddsub_64ns_64ns_64_5_full_dsp_1_ip.vhd" into library xil_defaultlib
INFO: [VRFC 10-3107] analyzing entity 'equalStep_baseline_dadddsub_64ns_64ns_64_5_full_dsp_1_ip'
INFO: [VRFC 10-163] Analyzing VHDL file "C:/Users/seanr/vitis_projects/fpp_project/singleStep_baseline/equalStep_baseline/hls/sim/verilog/ip/xil_defaultlib/equalStep_baseline_dcmp_64ns_64ns_1_2_no_dsp_1_ip.vhd" into library xil_defaultlib
INFO: [VRFC 10-3107] analyzing entity 'equalStep_baseline_dcmp_64ns_64ns_1_2_no_dsp_1_ip'
INFO: [VRFC 10-163] Analyzing VHDL file "C:/Users/seanr/vitis_projects/fpp_project/singleStep_baseline/equalStep_baseline/hls/sim/verilog/ip/xil_defaultlib/equalStep_baseline_ddiv_64ns_64ns_64_31_no_dsp_1_ip.vhd" into library xil_defaultlib
INFO: [VRFC 10-3107] analyzing entity 'equalStep_baseline_ddiv_64ns_64ns_64_31_no_dsp_1_ip'
INFO: [VRFC 10-163] Analyzing VHDL file "C:/Users/seanr/vitis_projects/fpp_project/singleStep_baseline/equalStep_baseline/hls/sim/verilog/ip/xil_defaultlib/equalStep_baseline_dmul_64ns_64ns_64_5_max_dsp_1_ip.vhd" into library xil_defaultlib
INFO: [VRFC 10-3107] analyzing entity 'equalStep_baseline_dmul_64ns_64ns_64_5_max_dsp_1_ip'
INFO: [VRFC 10-163] Analyzing VHDL file "C:/Users/seanr/vitis_projects/fpp_project/singleStep_baseline/equalStep_baseline/hls/sim/verilog/ip/xil_defaultlib/equalStep_baseline_dsqrt_64ns_64ns_64_30_no_dsp_1_ip.vhd" into library xil_defaultlib
INFO: [VRFC 10-3107] analyzing entity 'equalStep_baseline_dsqrt_64ns_64ns_64_30_no_dsp_1_ip'
INFO: [VRFC 10-163] Analyzing VHDL file "C:/Users/seanr/vitis_projects/fpp_project/singleStep_baseline/equalStep_baseline/hls/sim/verilog/ip/xil_defaultlib/equalStep_baseline_uitodp_32ns_64_4_no_dsp_1_ip.vhd" into library xil_defaultlib
INFO: [VRFC 10-3107] analyzing entity 'equalStep_baseline_uitodp_32ns_64_4_no_dsp_1_ip'
Starting static elaboration
Pass Through NonSizing Optimizer
Completed static elaboration
Starting simulation data flow analysis
WARNING: [XSIM 43-4099] "/proj/primebuilds/9999.0_PRIME_0428_0031/installs/data/system_verilog/uvm_1.2/xlnx_uvm_package.sv" Line 4356. Module uvm_pkg doesn't have a timescale but at least one module in design has a timescale.
WARNING: [XSIM 43-4099] "/proj/primebuilds/9999.0_PRIME_0428_0031/installs/data/system_verilog/uvm_1.2/xlnx_uvm_package.sv" Line 4356. Module uvm_pkg doesn't have a timescale but at least one module in design has a timescale.
WARNING: [XSIM 43-4468] File : /proj/primebuilds/9999.0_PRIME_0428_0031/installs/data/system_verilog/uvm_1.2/xlnx_uvm_package.sv, Line : 25994, RANDC variable size more than 8 bits. This will be treated as a RAND variable instead.
Completed simulation data flow analysis
Time Resolution for simulation is 1ps
Compiling package std.standard
Compiling package std.textio
Compiling package ieee.std_logic_1164
Compiling package ieee.numeric_std
Compiling package floating_point_v7_1_20.floating_point_v7_1_20_viv_comp
Compiling package xbip_utils_v3_0_14.xbip_utils_v3_0_14_pkg
Compiling package axi_utils_v2_0_10.axi_utils_v2_0_10_pkg
Compiling package floating_point_v7_1_20.floating_point_v7_1_20_consts
Compiling package ieee.math_real
Compiling package floating_point_v7_1_20.floating_point_v7_1_20_exp_table...
Compiling package mult_gen_v12_0_23.mult_gen_v12_0_23_pkg
Compiling package ieee.std_logic_arith
Compiling package ieee.std_logic_signed
Compiling package floating_point_v7_1_20.floating_point_v7_1_20_pkg
Compiling package floating_point_v7_1_20.flt_utils
Compiling package floating_point_v7_1_20.vt2mutils
Compiling package floating_point_v7_1_20.vt2mcomps
Compiling package xbip_pipe_v3_0_10.xbip_pipe_v3_0_10_viv_comp
Compiling package unisim.vcomponents
Compiling package ieee.vital_timing
Compiling package ieee.vital_primitives
Compiling package unisim.vpkg
Compiling package xil_defaultlib.$unit_sv_module_top_sv
Compiling package uvm.uvm_pkg
Compiling package std.std
Compiling package xil_defaultlib.equalStep_baseline_subsystem_pkg
Compiling package xil_defaultlib.file_agent_pkg
Compiling package xil_defaultlib.$unit_dataflow_monitor_sv
Compiling module xil_defaultlib.equalStep_baseline_equalStep_bas...
Compiling module xil_defaultlib.equalStep_baseline_equalStep_bas...
Compiling architecture synth of entity xbip_pipe_v3_0_10.xbip_pipe_v3_0_10_viv [\xbip_pipe_v3_0_10_viv(c_has_ce=...]
Compiling architecture rtl of entity floating_point_v7_1_20.delay [\delay(width=32,length=0)\]
Compiling architecture synth of entity xbip_pipe_v3_0_10.xbip_pipe_v3_0_10_viv [\xbip_pipe_v3_0_10_viv(c_has_ce=...]
Compiling architecture rtl of entity floating_point_v7_1_20.delay [\delay(width=4,length=0,fast_inp...]
Compiling architecture rtl of entity floating_point_v7_1_20.mux4 [\mux4(c_xdevicefamily="zynq",wid...]
Compiling architecture synth of entity xbip_pipe_v3_0_10.xbip_pipe_v3_0_10_viv [\xbip_pipe_v3_0_10_viv(c_latency...]
Compiling architecture rtl of entity floating_point_v7_1_20.delay [\delay(width=2)\]
Compiling architecture synth of entity xbip_pipe_v3_0_10.xbip_pipe_v3_0_10_viv [\xbip_pipe_v3_0_10_viv(c_latency...]
Compiling architecture rtl of entity floating_point_v7_1_20.delay [\delay(fast_input=true)\]
Compiling architecture rtl of entity floating_point_v7_1_20.mux4 [\mux4(c_xdevicefamily="zynq",wid...]
Compiling architecture muxcy_v of entity unisim.MUXCY [muxcy_default]
Compiling architecture synth of entity xbip_pipe_v3_0_10.xbip_pipe_v3_0_10_viv [\xbip_pipe_v3_0_10_viv(c_has_ce=...]
Compiling architecture rtl of entity floating_point_v7_1_20.delay [\delay(width=8,length=0,fast_inp...]
Compiling architecture struct of entity floating_point_v7_1_20.carry_chain [\carry_chain(c_xdevicefamily="zy...]
Compiling architecture synth of entity xbip_pipe_v3_0_10.xbip_pipe_v3_0_10_viv [\xbip_pipe_v3_0_10_viv(c_has_ce=...]
Compiling architecture rtl of entity floating_point_v7_1_20.delay [\delay(length=0)\]
Compiling architecture rtl of entity floating_point_v7_1_20.lead_zero_encode [\lead_zero_encode(c_xdevicefamil...]
Compiling architecture synth of entity xbip_pipe_v3_0_10.xbip_pipe_v3_0_10_viv [\xbip_pipe_v3_0_10_viv(c_latency...]
Compiling architecture rtl of entity floating_point_v7_1_20.delay [\delay(width=32)\]
Compiling architecture rtl of entity floating_point_v7_1_20.shift_msb_first [\shift_msb_first(a_width=32,dist...]
Compiling architecture synth of entity xbip_pipe_v3_0_10.xbip_pipe_v3_0_10_viv [\xbip_pipe_v3_0_10_viv(c_has_ce=...]
Compiling architecture rtl of entity floating_point_v7_1_20.delay [\delay(width=11,length=0)\]
Compiling architecture xorcy_v of entity unisim.XORCY [xorcy_default]
Compiling architecture synth of entity xbip_pipe_v3_0_10.xbip_pipe_v3_0_10_viv [\xbip_pipe_v3_0_10_viv(c_has_ce=...]
Compiling architecture rtl of entity floating_point_v7_1_20.delay [\delay(width=26,length=0)\]
Compiling architecture struct of entity floating_point_v7_1_20.carry_chain [\carry_chain(c_xdevicefamily="zy...]
Compiling architecture synth of entity xbip_pipe_v3_0_10.xbip_pipe_v3_0_10_viv [\xbip_pipe_v3_0_10_viv(c_has_ce=...]
Compiling architecture rtl of entity floating_point_v7_1_20.delay [\delay(width=27,length=0)\]
Compiling architecture struct of entity floating_point_v7_1_20.carry_chain [\carry_chain(c_xdevicefamily="zy...]
Compiling architecture synth of entity xbip_pipe_v3_0_10.xbip_pipe_v3_0_10_viv [\xbip_pipe_v3_0_10_viv(c_has_ce=...]
Compiling architecture rtl of entity floating_point_v7_1_20.delay [\delay(width=28,length=0)\]
Compiling architecture synth of entity xbip_pipe_v3_0_10.xbip_pipe_v3_0_10_viv [\xbip_pipe_v3_0_10_viv(c_has_ce=...]
Compiling architecture rtl of entity floating_point_v7_1_20.delay [\delay(width=29,length=0)\]
Compiling architecture synth of entity xbip_pipe_v3_0_10.xbip_pipe_v3_0_10_viv [\xbip_pipe_v3_0_10_viv(c_has_ce=...]
Compiling architecture rtl of entity floating_point_v7_1_20.delay [\delay(width=54,length=0)\]
Compiling architecture synth of entity xbip_pipe_v3_0_10.xbip_pipe_v3_0_10_viv [\xbip_pipe_v3_0_10_viv(c_has_ce=...]
Compiling architecture rtl of entity floating_point_v7_1_20.delay [\delay(width=3,length=0)\]
Compiling architecture synth of entity xbip_pipe_v3_0_10.xbip_pipe_v3_0_10_viv [\xbip_pipe_v3_0_10_viv(c_has_ce=...]
Compiling architecture rtl of entity floating_point_v7_1_20.delay [\delay(width=2,length=0)\]
Compiling architecture synth of entity xbip_pipe_v3_0_10.xbip_pipe_v3_0_10_viv [\xbip_pipe_v3_0_10_viv(c_has_ce=...]
Compiling architecture rtl of entity floating_point_v7_1_20.delay [\delay(width=2,length=0,fast_inp...]
Compiling architecture struct of entity floating_point_v7_1_20.carry_chain [\carry_chain(c_xdevicefamily="zy...]
Compiling architecture rtl of entity floating_point_v7_1_20.flt_round_bit [\flt_round_bit(c_xdevicefamily="...]
Compiling architecture rtl of entity floating_point_v7_1_20.renorm_and_round_logic [\renorm_and_round_logic(c_xdevic...]
Compiling architecture synth of entity xbip_pipe_v3_0_10.xbip_pipe_v3_0_10_viv [\xbip_pipe_v3_0_10_viv(c_latency...]
Compiling architecture rtl of entity floating_point_v7_1_20.delay [delay_default]
Compiling architecture synth of entity floating_point_v7_1_20.fix_to_flt_conv_exp [\fix_to_flt_conv_exp(c_xdevicefa...]
Compiling architecture synth of entity floating_point_v7_1_20.flt_dec_op [\flt_dec_op(c_xdevicefamily="zyn...]
Compiling architecture struct of entity floating_point_v7_1_20.fix_to_flt_conv [\fix_to_flt_conv(c_xdevicefamily...]
Compiling architecture synth of entity xbip_pipe_v3_0_10.xbip_pipe_v3_0_10_viv [\xbip_pipe_v3_0_10_viv(c_latency...]
Compiling architecture synth of entity xbip_pipe_v3_0_10.xbip_pipe_v3_0_10_viv [\xbip_pipe_v3_0_10_viv(c_has_ce=...]
Compiling architecture rtl of entity floating_point_v7_1_20.delay [\delay(width=64,length=0)\]
Compiling architecture xilinx of entity floating_point_v7_1_20.floating_point_v7_1_20_viv [\floating_point_v7_1_20_viv(c_xd...]
Compiling architecture xilinx of entity floating_point_v7_1_20.floating_point_v7_1_20 [\floating_point_v7_1_20(c_xdevic...]
Compiling architecture equalstep_baseline_uitodp_32ns_64_4_no_dsp_1_ip_arch of entity xil_defaultlib.equalStep_baseline_uitodp_32ns_64_4_no_dsp_1_ip [equalstep_baseline_uitodp_32ns_6...]
Compiling module xil_defaultlib.equalStep_baseline_uitodp_32ns_6...
Compiling module xil_defaultlib.equalStep_baseline_flow_control_...
Compiling module xil_defaultlib.equalStep_baseline_equalStep_bas...
Compiling module xil_defaultlib.equalStep_baseline_atan2_generic...
Compiling module xil_defaultlib.equalStep_baseline_atan2_generic...
Compiling architecture synth of entity xbip_pipe_v3_0_10.xbip_pipe_v3_0_10_viv [\xbip_pipe_v3_0_10_viv(c_has_ce=...]
Compiling architecture rtl of entity floating_point_v7_1_20.delay [\delay(width=52,length=0)\]
Compiling architecture synth of entity xbip_pipe_v3_0_10.xbip_pipe_v3_0_10_viv [\xbip_pipe_v3_0_10_viv(c_has_ce=...]
Compiling architecture rtl of entity floating_point_v7_1_20.delay [\delay(width=54,length=0,fast_in...]
Compiling architecture struct of entity floating_point_v7_1_20.carry_chain [\carry_chain(c_xdevicefamily="zy...]
Compiling architecture synth of entity floating_point_v7_1_20.flt_div_mant_addsub [\flt_div_mant_addsub(c_xdevicefa...]
Compiling architecture synth of entity xbip_pipe_v3_0_10.xbip_pipe_v3_0_10_viv [\xbip_pipe_v3_0_10_viv(c_has_ce=...]
Compiling architecture rtl of entity floating_point_v7_1_20.delay [\delay(width=55,length=0)\]
Compiling architecture synth of entity xbip_pipe_v3_0_10.xbip_pipe_v3_0_10_viv [\xbip_pipe_v3_0_10_viv(c_latency...]
Compiling architecture rtl of entity floating_point_v7_1_20.delay [\delay(width=52)\]
Compiling architecture synth of entity xbip_pipe_v3_0_10.xbip_pipe_v3_0_10_viv [\xbip_pipe_v3_0_10_viv(c_has_ce=...]
Compiling architecture rtl of entity floating_point_v7_1_20.delay [\delay(width=53,length=0)\]
Compiling architecture synth of entity xbip_pipe_v3_0_10.xbip_pipe_v3_0_10_viv [\xbip_pipe_v3_0_10_viv(c_latency...]
Compiling architecture rtl of entity floating_point_v7_1_20.delay [\delay(width=54,fast_input=true)...]
Compiling architecture struct of entity floating_point_v7_1_20.carry_chain [\carry_chain(c_xdevicefamily="zy...]
Compiling architecture synth of entity floating_point_v7_1_20.flt_div_mant_addsub [\flt_div_mant_addsub(c_xdevicefa...]
Compiling architecture synth of entity xbip_pipe_v3_0_10.xbip_pipe_v3_0_10_viv [\xbip_pipe_v3_0_10_viv(c_latency...]
Compiling architecture rtl of entity floating_point_v7_1_20.delay [\delay(width=55)\]
Compiling architecture virtex of entity floating_point_v7_1_20.flt_div_mant [\flt_div_mant(c_xdevicefamily="z...]
Compiling architecture synth of entity xbip_pipe_v3_0_10.xbip_pipe_v3_0_10_viv [\xbip_pipe_v3_0_10_viv(c_latency...]
Compiling architecture rtl of entity floating_point_v7_1_20.delay [\delay(width=13,fast_input=true)...]
Compiling architecture synth of entity xbip_pipe_v3_0_10.xbip_pipe_v3_0_10_viv [\xbip_pipe_v3_0_10_viv(c_has_ce=...]
Compiling architecture rtl of entity floating_point_v7_1_20.delay [\delay(length=0,fast_input=true)...]
Compiling architecture rtl of entity floating_point_v7_1_20.special_detect [\special_detect(c_xdevicefamily=...]
Compiling architecture synth of entity xbip_pipe_v3_0_10.xbip_pipe_v3_0_10_viv [\xbip_pipe_v3_0_10_viv(c_latency...]
Compiling architecture rtl of entity floating_point_v7_1_20.delay [\delay(length=28,fast_input=true...]
Compiling architecture synth of entity xbip_pipe_v3_0_10.xbip_pipe_v3_0_10_viv [\xbip_pipe_v3_0_10_viv(c_latency...]
Compiling architecture rtl of entity floating_point_v7_1_20.delay [\delay(width=2,fast_input=true)\]
Compiling architecture synth of entity xbip_pipe_v3_0_10.xbip_pipe_v3_0_10_viv [\xbip_pipe_v3_0_10_viv(c_latency...]
Compiling architecture rtl of entity floating_point_v7_1_20.delay [\delay(width=11,length=27)\]
Compiling architecture synth of entity xbip_pipe_v3_0_10.xbip_pipe_v3_0_10_viv [\xbip_pipe_v3_0_10_viv(c_latency...]
Compiling architecture rtl of entity floating_point_v7_1_20.delay [\delay(length=27,fast_input=true...]
Compiling architecture synth of entity xbip_pipe_v3_0_10.xbip_pipe_v3_0_10_viv [\xbip_pipe_v3_0_10_viv(c_latency...]
Compiling architecture rtl of entity floating_point_v7_1_20.delay [\delay(width=3,length=27,fast_in...]
Compiling architecture synth of entity xbip_pipe_v3_0_10.xbip_pipe_v3_0_10_viv [\xbip_pipe_v3_0_10_viv(c_latency...]
Compiling architecture rtl of entity floating_point_v7_1_20.delay [\delay(width=4,length=27,fast_in...]
Compiling architecture synth of entity xbip_pipe_v3_0_10.xbip_pipe_v3_0_10_viv [\xbip_pipe_v3_0_10_viv(c_has_ce=...]
Compiling architecture rtl of entity floating_point_v7_1_20.delay [\delay(width=14,length=0)\]
Compiling architecture rtl of entity floating_point_v7_1_20.flt_div_exp [\flt_div_exp(c_xdevicefamily="no...]
Compiling architecture synth of entity xbip_pipe_v3_0_10.xbip_pipe_v3_0_10_viv [\xbip_pipe_v3_0_10_viv(c_has_ce=...]
Compiling architecture rtl of entity floating_point_v7_1_20.delay [\delay(width=26,length=0,fast_in...]
Compiling architecture struct of entity floating_point_v7_1_20.carry_chain [\carry_chain(c_xdevicefamily="zy...]
Compiling architecture synth of entity xbip_pipe_v3_0_10.xbip_pipe_v3_0_10_viv [\xbip_pipe_v3_0_10_viv(c_has_ce=...]
Compiling architecture rtl of entity floating_point_v7_1_20.delay [\delay(width=27,length=0,fast_in...]
Compiling architecture struct of entity floating_point_v7_1_20.carry_chain [\carry_chain(c_xdevicefamily="zy...]
Compiling architecture struct of entity floating_point_v7_1_20.carry_chain [\carry_chain(c_xdevicefamily="zy...]
Compiling architecture rtl of entity floating_point_v7_1_20.renorm_and_round_logic [\renorm_and_round_logic(c_xdevic...]
Compiling architecture synth of entity floating_point_v7_1_20.flt_dec_op_lat [\flt_dec_op_lat(c_xdevicefamily=...]
Compiling architecture virtex of entity floating_point_v7_1_20.flt_div [\flt_div(c_xdevicefamily="zynq",...]
Compiling architecture synth of entity xbip_pipe_v3_0_10.xbip_pipe_v3_0_10_viv [\xbip_pipe_v3_0_10_viv(c_latency...]
Compiling architecture xilinx of entity floating_point_v7_1_20.floating_point_v7_1_20_viv [\floating_point_v7_1_20_viv(c_xd...]
Compiling architecture xilinx of entity floating_point_v7_1_20.floating_point_v7_1_20 [\floating_point_v7_1_20(c_xdevic...]
Compiling architecture equalstep_baseline_ddiv_64ns_64ns_64_31_no_dsp_1_ip_arch of entity xil_defaultlib.equalStep_baseline_ddiv_64ns_64ns_64_31_no_dsp_1_ip [equalstep_baseline_ddiv_64ns_64n...]
Compiling module xil_defaultlib.equalStep_baseline_ddiv_64ns_64n...
Compiling module xil_defaultlib.equalStep_baseline_ctlz_86_86_1_...
Compiling module xil_defaultlib.equalStep_baseline_bitselect_1ns...
Compiling module xil_defaultlib.equalStep_baseline_atan2_generic...
Compiling architecture synth of entity xbip_pipe_v3_0_10.xbip_pipe_v3_0_10_viv [\xbip_pipe_v3_0_10_viv(c_has_ce=...]
Compiling architecture rtl of entity floating_point_v7_1_20.delay [\delay(width=4,length=0)\]
Compiling architecture struct of entity floating_point_v7_1_20.carry_chain [\carry_chain(c_xdevicefamily="zy...]
Compiling architecture synth of entity floating_point_v7_1_20.compare_eq_im [\compare_eq_im(c_xdevicefamily="...]
Compiling architecture synth of entity xbip_pipe_v3_0_10.xbip_pipe_v3_0_10_viv [\xbip_pipe_v3_0_10_viv(c_has_ce=...]
Compiling architecture rtl of entity floating_point_v7_1_20.delay [\delay(width=9,length=0)\]
Compiling architecture struct of entity floating_point_v7_1_20.carry_chain [\carry_chain(c_xdevicefamily="zy...]
Compiling architecture synth of entity floating_point_v7_1_20.compare_ne_im [\compare_ne_im(c_xdevicefamily="...]
Compiling architecture struct of entity floating_point_v7_1_20.carry_chain [\carry_chain(c_xdevicefamily="zy...]
Compiling architecture synth of entity floating_point_v7_1_20.compare_eq_im [\compare_eq_im(c_xdevicefamily="...]
Compiling architecture synth of entity xbip_pipe_v3_0_10.xbip_pipe_v3_0_10_viv [\xbip_pipe_v3_0_10_viv(c_has_ce=...]
Compiling architecture rtl of entity floating_point_v7_1_20.delay [\delay(width=22,length=0)\]
Compiling architecture struct of entity floating_point_v7_1_20.carry_chain [\carry_chain(c_xdevicefamily="zy...]
Compiling architecture synth of entity floating_point_v7_1_20.compare_eq [\compare_eq(c_xdevicefamily="zyn...]
Compiling architecture struct of entity floating_point_v7_1_20.carry_chain [\carry_chain(c_xdevicefamily="zy...]
Compiling architecture synth of entity floating_point_v7_1_20.compare_gt [\compare_gt(c_xdevicefamily="zyn...]
Compiling architecture rtl of entity floating_point_v7_1_20.fp_cmp [\fp_cmp(c_xdevicefamily="zynq",c...]
Compiling architecture xilinx of entity floating_point_v7_1_20.floating_point_v7_1_20_viv [\floating_point_v7_1_20_viv(c_xd...]
Compiling architecture xilinx of entity floating_point_v7_1_20.floating_point_v7_1_20 [\floating_point_v7_1_20(c_xdevic...]
Compiling architecture equalstep_baseline_dcmp_64ns_64ns_1_2_no_dsp_1_ip_arch of entity xil_defaultlib.equalStep_baseline_dcmp_64ns_64ns_1_2_no_dsp_1_ip [equalstep_baseline_dcmp_64ns_64n...]
Compiling module xil_defaultlib.equalStep_baseline_dcmp_64ns_64n...
Compiling module xil_defaultlib.equalStep_baseline_atan2_cordic_...
Compiling architecture synth of entity xbip_pipe_v3_0_10.xbip_pipe_v3_0_10_viv [\xbip_pipe_v3_0_10_viv(c_has_ce=...]
Compiling architecture rtl of entity floating_point_v7_1_20.delay [\delay(width=3,length=0,fast_inp...]
Compiling architecture synth of entity xbip_pipe_v3_0_10.xbip_pipe_v3_0_10_viv [\xbip_pipe_v3_0_10_viv(c_has_ce=...]
Compiling architecture rtl of entity floating_point_v7_1_20.delay [\delay(width=11,length=0,fast_in...]
Compiling architecture synth of entity xbip_pipe_v3_0_10.xbip_pipe_v3_0_10_viv [\xbip_pipe_v3_0_10_viv(c_has_ce=...]
Compiling architecture rtl of entity floating_point_v7_1_20.delay [\delay(width=16,length=0)\]
Compiling architecture muxf7_v of entity unisim.MUXF7 [muxf7_default]
Compiling architecture muxf8_v of entity unisim.MUXF8 [muxf8_default]
Compiling architecture struct of entity floating_point_v7_1_20.carry_chain [\carry_chain(c_xdevicefamily="zy...]
Compiling architecture synth of entity floating_point_v7_1_20.compare_eq_im [\compare_eq_im(c_xdevicefamily="...]
Compiling architecture rtl of entity floating_point_v7_1_20.zero_det_sel [\zero_det_sel(c_xdevicefamily="z...]
Compiling architecture rtl of entity floating_point_v7_1_20.shift_msb_first [\shift_msb_first(a_width=54,regi...]
Compiling architecture rtl of entity floating_point_v7_1_20.alignment [\alignment(c_xdevicefamily="zynq...]
Compiling architecture synth of entity xbip_pipe_v3_0_10.xbip_pipe_v3_0_10_viv [\xbip_pipe_v3_0_10_viv(c_has_ce=...]
Compiling architecture rtl of entity floating_point_v7_1_20.delay [\delay(width=47,length=0)\]
Compiling architecture dsp48e1_v of entity unisim.DSP48E1 [\DSP48E1(acascreg=0,adreg=0,alum...]
Compiling architecture synth of entity xbip_pipe_v3_0_10.xbip_pipe_v3_0_10_viv [\xbip_pipe_v3_0_10_viv(c_has_ce=...]
Compiling architecture rtl of entity floating_point_v7_1_20.delay [\delay(width=7,length=0)\]
Compiling architecture synth of entity xbip_pipe_v3_0_10.xbip_pipe_v3_0_10_viv [\xbip_pipe_v3_0_10_viv(c_has_ce=...]
Compiling architecture rtl of entity floating_point_v7_1_20.delay [\delay(width=30,length=0)\]
Compiling architecture synth of entity xbip_pipe_v3_0_10.xbip_pipe_v3_0_10_viv [\xbip_pipe_v3_0_10_viv(c_has_ce=...]
Compiling architecture rtl of entity floating_point_v7_1_20.delay [\delay(width=18,length=0)\]
Compiling architecture synth of entity xbip_pipe_v3_0_10.xbip_pipe_v3_0_10_viv [\xbip_pipe_v3_0_10_viv(c_has_ce=...]
Compiling architecture rtl of entity floating_point_v7_1_20.delay [\delay(width=25,length=0)\]
Compiling architecture rtl of entity floating_point_v7_1_20.dsp48e1_wrapper [\dsp48e1_wrapper(a_width=30,b_wi...]
Compiling architecture dsp48e1_v of entity unisim.DSP48E1 [\DSP48E1(acascreg=0,adreg=0,alum...]
Compiling architecture synth of entity xbip_pipe_v3_0_10.xbip_pipe_v3_0_10_viv [\xbip_pipe_v3_0_10_viv(c_has_ce=...]
Compiling architecture rtl of entity floating_point_v7_1_20.delay [\delay(width=48,length=0)\]
Compiling architecture rtl of entity floating_point_v7_1_20.dsp48e1_wrapper [\dsp48e1_wrapper(a_width=30,b_wi...]
Compiling architecture synth of entity xbip_pipe_v3_0_10.xbip_pipe_v3_0_10_viv [\xbip_pipe_v3_0_10_viv(c_has_ce=...]
Compiling architecture rtl of entity floating_point_v7_1_20.delay [\delay(width=8,length=0)\]
Compiling architecture synth of entity xbip_pipe_v3_0_10.xbip_pipe_v3_0_10_viv [\xbip_pipe_v3_0_10_viv(c_latency...]
Compiling architecture rtl of entity floating_point_v7_1_20.delay [\delay(width=9)\]
Compiling architecture struct of entity floating_point_v7_1_20.carry_chain [\carry_chain(c_xdevicefamily="zy...]
Compiling architecture synth of entity xbip_pipe_v3_0_10.xbip_pipe_v3_0_10_viv [\xbip_pipe_v3_0_10_viv(c_has_ce=...]
Compiling architecture rtl of entity floating_point_v7_1_20.delay [\delay(width=56,length=0)\]
Compiling architecture synth of entity floating_point_v7_1_20.addsub_dsp [\addsub_dsp(c_xdevicefamily="zyn...]
Compiling architecture rtl of entity floating_point_v7_1_20.addsub [\addsub(c_xdevicefamily="zynq",c...]
Compiling architecture rtl of entity floating_point_v7_1_20.align_add [\align_add(c_xdevicefamily="zynq...]
Compiling architecture synth of entity xbip_pipe_v3_0_10.xbip_pipe_v3_0_10_viv [\xbip_pipe_v3_0_10_viv(c_has_ce=...]
Compiling architecture rtl of entity floating_point_v7_1_20.delay [\delay(width=6,length=0,fast_inp...]
Compiling architecture struct of entity floating_point_v7_1_20.carry_chain [\carry_chain(c_xdevicefamily="zy...]
Compiling architecture rtl of entity floating_point_v7_1_20.mux4 [\mux4(c_xdevicefamily="zynq",wid...]
Compiling architecture rtl of entity floating_point_v7_1_20.mux4 [\mux4(c_xdevicefamily="zynq",wid...]
Compiling architecture rtl of entity floating_point_v7_1_20.mux4 [\mux4(c_xdevicefamily="zynq",wid...]
Compiling architecture rtl of entity floating_point_v7_1_20.lead_zero_encode [\lead_zero_encode(c_xdevicefamil...]
Compiling architecture synth of entity xbip_pipe_v3_0_10.xbip_pipe_v3_0_10_viv [\xbip_pipe_v3_0_10_viv(c_latency...]
Compiling architecture rtl of entity floating_point_v7_1_20.delay [\delay(width=56)\]
Compiling architecture rtl of entity floating_point_v7_1_20.shift_msb_first [\shift_msb_first(a_width=56,resu...]
Compiling architecture rtl of entity floating_point_v7_1_20.dsp48e1_wrapper [\dsp48e1_wrapper(b_width=18,c_wi...]
Compiling architecture synth of entity xbip_pipe_v3_0_10.xbip_pipe_v3_0_10_viv [\xbip_pipe_v3_0_10_viv(c_has_ce=...]
Compiling architecture rtl of entity floating_point_v7_1_20.delay [\delay(width=19,length=0)\]
Compiling architecture struct of entity floating_point_v7_1_20.carry_chain [\carry_chain(c_xdevicefamily="zy...]
Compiling architecture struct of entity floating_point_v7_1_20.carry_chain [\carry_chain(c_xdevicefamily="zy...]
Compiling architecture rtl of entity floating_point_v7_1_20.flt_round_bit [\flt_round_bit(c_xdevicefamily="...]
Compiling architecture rtl of entity floating_point_v7_1_20.renorm_and_round_logic [\renorm_and_round_logic(c_xdevic...]
Compiling architecture rtl of entity floating_point_v7_1_20.norm_and_round_logic [\norm_and_round_logic(c_xdevicef...]
Compiling architecture synth of entity xbip_pipe_v3_0_10.xbip_pipe_v3_0_10_viv [\xbip_pipe_v3_0_10_viv(c_latency...]
Compiling architecture rtl of entity floating_point_v7_1_20.delay [\delay(length=2)\]
Compiling architecture synth of entity xbip_pipe_v3_0_10.xbip_pipe_v3_0_10_viv [\xbip_pipe_v3_0_10_viv(c_has_ce=...]
Compiling architecture rtl of entity floating_point_v7_1_20.delay [\delay(width=12,length=0)\]
Compiling architecture struct of entity floating_point_v7_1_20.carry_chain [\carry_chain(c_xdevicefamily="zy...]
Compiling architecture synth of entity xbip_pipe_v3_0_10.xbip_pipe_v3_0_10_viv [\xbip_pipe_v3_0_10_viv(c_has_ce=...]
Compiling architecture rtl of entity floating_point_v7_1_20.delay [\delay(width=12,length=0,fast_in...]
Compiling architecture synth of entity xbip_pipe_v3_0_10.xbip_pipe_v3_0_10_viv [\xbip_pipe_v3_0_10_viv(c_latency...]
Compiling architecture rtl of entity floating_point_v7_1_20.delay [\delay(width=12,length=2)\]
Compiling architecture fdre_v of entity unisim.FDRE [fdre_default]
Compiling architecture fde_v of entity unisim.FDE [fde_default]
Compiling architecture struct of entity floating_point_v7_1_20.carry_chain [\carry_chain(c_xdevicefamily="zy...]
Compiling architecture synth of entity floating_point_v7_1_20.compare_eq_im [\compare_eq_im(c_xdevicefamily="...]
Compiling architecture rtl of entity floating_point_v7_1_20.special_detect [\special_detect(c_xdevicefamily=...]
Compiling architecture struct of entity floating_point_v7_1_20.carry_chain [\carry_chain(c_xdevicefamily="zy...]
Compiling architecture synth of entity floating_point_v7_1_20.compare_gt [\compare_gt(c_xdevicefamily="zyn...]
Compiling architecture struct of entity floating_point_v7_1_20.carry_chain [\carry_chain(c_xdevicefamily="zy...]
Compiling architecture synth of entity floating_point_v7_1_20.compare_eq [\compare_eq(c_xdevicefamily="zyn...]
Compiling architecture synth of entity floating_point_v7_1_20.compare [\compare(c_xdevicefamily="zynq",...]
Compiling architecture synth of entity xbip_pipe_v3_0_10.xbip_pipe_v3_0_10_viv [\xbip_pipe_v3_0_10_viv(c_latency...]
Compiling architecture rtl of entity floating_point_v7_1_20.delay [\delay(width=11)\]
Compiling architecture synth of entity xbip_pipe_v3_0_10.xbip_pipe_v3_0_10_viv [\xbip_pipe_v3_0_10_viv(c_latency...]
Compiling architecture rtl of entity floating_point_v7_1_20.delay [\delay(width=12)\]
Compiling architecture synth of entity xbip_pipe_v3_0_10.xbip_pipe_v3_0_10_viv [\xbip_pipe_v3_0_10_viv(c_latency...]
Compiling architecture rtl of entity floating_point_v7_1_20.delay [\delay(width=2,length=2,fast_inp...]
Compiling architecture rtl of entity floating_point_v7_1_20.delay [\delay(length=2,fast_input=true)...]
Compiling architecture rtl of entity floating_point_v7_1_20.flt_add_exp [\flt_add_exp(c_xdevicefamily="zy...]
Compiling architecture synth of entity floating_point_v7_1_20.flt_dec_op [\flt_dec_op(c_xdevicefamily="zyn...]
Compiling architecture rtl of entity floating_point_v7_1_20.flt_add_logic [\flt_add_logic(c_xdevicefamily="...]
Compiling architecture rtl of entity floating_point_v7_1_20.flt_add [\flt_add(c_xdevicefamily="zynq",...]
Compiling architecture synth of entity xbip_pipe_v3_0_10.xbip_pipe_v3_0_10_viv [\xbip_pipe_v3_0_10_viv(c_latency...]
Compiling architecture xilinx of entity floating_point_v7_1_20.floating_point_v7_1_20_viv [\floating_point_v7_1_20_viv(c_xd...]
Compiling architecture xilinx of entity floating_point_v7_1_20.floating_point_v7_1_20 [\floating_point_v7_1_20(c_xdevic...]
Compiling architecture equalstep_baseline_dadddsub_64ns_64ns_64_5_full_dsp_1_ip_arch of entity xil_defaultlib.equalStep_baseline_dadddsub_64ns_64ns_64_5_full_dsp_1_ip [equalstep_baseline_dadddsub_64ns...]
Compiling module xil_defaultlib.equalStep_baseline_dadddsub_64ns...
Compiling architecture dsp48e1_v of entity unisim.DSP48E1 [\DSP48E1(acascreg=0,adreg=0,alum...]
Compiling architecture rtl of entity floating_point_v7_1_20.dsp48e1_wrapper [\dsp48e1_wrapper(a_width=19,b_wi...]
Compiling architecture dsp48e1_v of entity unisim.DSP48E1 [\DSP48E1(acascreg=0,adreg=0,alum...]
Compiling architecture synth of entity xbip_pipe_v3_0_10.xbip_pipe_v3_0_10_viv [\xbip_pipe_v3_0_10_viv(c_has_ce=...]
Compiling architecture rtl of entity floating_point_v7_1_20.delay [\delay(width=17,length=0)\]
Compiling architecture rtl of entity floating_point_v7_1_20.dsp48e1_wrapper [\dsp48e1_wrapper(a_width=17,b_wi...]
Compiling architecture dsp48e1_v of entity unisim.DSP48E1 [\DSP48E1(acascreg=0,adreg=0,alum...]
Compiling architecture rtl of entity floating_point_v7_1_20.dsp48e1_wrapper [\dsp48e1_wrapper(a_width=17,b_wi...]
Compiling architecture dsp48e1_v of entity unisim.DSP48E1 [\DSP48E1(acascreg=0,adreg=0,alum...]
Compiling architecture rtl of entity floating_point_v7_1_20.dsp48e1_wrapper [\dsp48e1_wrapper(a_width=17,b_wi...]
Compiling architecture dsp48e1_v of entity unisim.DSP48E1 [\DSP48E1(acascreg=0,adreg=0,alum...]
Compiling architecture rtl of entity floating_point_v7_1_20.dsp48e1_wrapper [\dsp48e1_wrapper(a_width=19,b_wi...]
Compiling architecture dsp48e1_v of entity unisim.DSP48E1 [\DSP48E1(adreg=0,alumodereg=0,ca...]
Compiling architecture rtl of entity floating_point_v7_1_20.dsp48e1_wrapper [\dsp48e1_wrapper(a_width=19,b_wi...]
Compiling architecture dsp48e1_v of entity unisim.DSP48E1 [\DSP48E1(acascreg=0,adreg=0,alum...]
Compiling architecture rtl of entity floating_point_v7_1_20.dsp48e1_wrapper [\dsp48e1_wrapper(a_width=19,b_wi...]
Compiling architecture dsp48e1_v of entity unisim.DSP48E1 [\DSP48E1(adreg=0,alumodereg=0,ca...]
Compiling architecture rtl of entity floating_point_v7_1_20.dsp48e1_wrapper [\dsp48e1_wrapper(a_width=19,b_wi...]
Compiling architecture synth of entity xbip_pipe_v3_0_10.xbip_pipe_v3_0_10_viv [\xbip_pipe_v3_0_10_viv(c_latency...]
Compiling architecture rtl of entity floating_point_v7_1_20.delay [\delay(width=17)\]
Compiling architecture dsp48e1_v of entity unisim.DSP48E1 [\DSP48E1(acascreg=0,adreg=0,alum...]
Compiling architecture rtl of entity floating_point_v7_1_20.dsp48e1_wrapper [\dsp48e1_wrapper(a_width=19,b_wi...]
Compiling architecture struct of entity floating_point_v7_1_20.fix_mult_dsp48e1_dbl [\fix_mult_dsp48e1_dbl(mult_usage...]
Compiling architecture rtl of entity floating_point_v7_1_20.fix_mult [\fix_mult(c_xdevicefamily="zynq"...]
Compiling architecture struct of entity floating_point_v7_1_20.carry_chain [\carry_chain(c_xdevicefamily="zy...]
Compiling architecture synth of entity floating_point_v7_1_20.compare_eq_im [\compare_eq_im(c_xdevicefamily="...]
Compiling architecture rtl of entity floating_point_v7_1_20.special_detect [\special_detect(c_xdevicefamily=...]
Compiling architecture synth of entity xbip_pipe_v3_0_10.xbip_pipe_v3_0_10_viv [\xbip_pipe_v3_0_10_viv(c_latency...]
Compiling architecture rtl of entity floating_point_v7_1_20.delay [\delay(width=4,length=2,fast_inp...]
Compiling architecture synth of entity xbip_pipe_v3_0_10.xbip_pipe_v3_0_10_viv [\xbip_pipe_v3_0_10_viv(c_latency...]
Compiling architecture rtl of entity floating_point_v7_1_20.delay [\delay(width=11,length=2)\]
Compiling architecture rtl of entity floating_point_v7_1_20.flt_mult_exp [\flt_mult_exp(c_xdevicefamily="z...]
Compiling architecture rtl of entity floating_point_v7_1_20.renorm_and_round_logic [\renorm_and_round_logic(c_xdevic...]
Compiling architecture rtl of entity floating_point_v7_1_20.flt_mult_round [\flt_mult_round(c_xdevicefamily=...]
Compiling architecture synth of entity floating_point_v7_1_20.flt_dec_op_lat [\flt_dec_op_lat(c_xdevicefamily=...]
Compiling architecture rtl of entity floating_point_v7_1_20.flt_mult [\flt_mult(c_xdevicefamily="zynq"...]
Compiling architecture xilinx of entity floating_point_v7_1_20.floating_point_v7_1_20_viv [\floating_point_v7_1_20_viv(c_xd...]
Compiling architecture xilinx of entity floating_point_v7_1_20.floating_point_v7_1_20 [\floating_point_v7_1_20(c_xdevic...]
Compiling architecture equalstep_baseline_dmul_64ns_64ns_64_5_max_dsp_1_ip_arch of entity xil_defaultlib.equalStep_baseline_dmul_64ns_64ns_64_5_max_dsp_1_ip [equalstep_baseline_dmul_64ns_64n...]
Compiling module xil_defaultlib.equalStep_baseline_dmul_64ns_64n...
Compiling architecture synth of entity xbip_pipe_v3_0_10.xbip_pipe_v3_0_10_viv [\xbip_pipe_v3_0_10_viv(c_has_ce=...]
Compiling architecture rtl of entity floating_point_v7_1_20.delay [\delay(width=5,length=0,fast_inp...]
Compiling architecture struct of entity floating_point_v7_1_20.carry_chain [\carry_chain(c_xdevicefamily="zy...]
Compiling architecture synth of entity floating_point_v7_1_20.flt_sqrt_mant_addsub [\flt_sqrt_mant_addsub(c_xdevicef...]
Compiling architecture synth of entity xbip_pipe_v3_0_10.xbip_pipe_v3_0_10_viv [\xbip_pipe_v3_0_10_viv(c_latency...]
Compiling architecture rtl of entity floating_point_v7_1_20.delay [\delay(width=53)\]
Compiling architecture synth of entity xbip_pipe_v3_0_10.xbip_pipe_v3_0_10_viv [\xbip_pipe_v3_0_10_viv(c_has_ce=...]
Compiling architecture rtl of entity floating_point_v7_1_20.delay [\delay(width=5,length=0)\]
Compiling architecture synth of entity xbip_pipe_v3_0_10.xbip_pipe_v3_0_10_viv [\xbip_pipe_v3_0_10_viv(c_latency...]
Compiling architecture rtl of entity floating_point_v7_1_20.delay [\delay(width=6,fast_input=true)\]
Compiling architecture struct of entity floating_point_v7_1_20.carry_chain [\carry_chain(c_xdevicefamily="zy...]
Compiling architecture synth of entity floating_point_v7_1_20.flt_sqrt_mant_addsub [\flt_sqrt_mant_addsub(c_xdevicef...]
Compiling architecture synth of entity xbip_pipe_v3_0_10.xbip_pipe_v3_0_10_viv [\xbip_pipe_v3_0_10_viv(c_latency...]
Compiling architecture rtl of entity floating_point_v7_1_20.delay [\delay(width=3)\]
Compiling architecture synth of entity xbip_pipe_v3_0_10.xbip_pipe_v3_0_10_viv [\xbip_pipe_v3_0_10_viv(c_has_ce=...]
Compiling architecture rtl of entity floating_point_v7_1_20.delay [\delay(width=51,length=0)\]
Compiling architecture synth of entity xbip_pipe_v3_0_10.xbip_pipe_v3_0_10_viv [\xbip_pipe_v3_0_10_viv(c_has_ce=...]
Compiling architecture rtl of entity floating_point_v7_1_20.delay [\delay(width=7,length=0,fast_inp...]
Compiling architecture struct of entity floating_point_v7_1_20.carry_chain [\carry_chain(c_xdevicefamily="zy...]
Compiling architecture synth of entity floating_point_v7_1_20.flt_sqrt_mant_addsub [\flt_sqrt_mant_addsub(c_xdevicef...]
Compiling architecture synth of entity xbip_pipe_v3_0_10.xbip_pipe_v3_0_10_viv [\xbip_pipe_v3_0_10_viv(c_latency...]
Compiling architecture rtl of entity floating_point_v7_1_20.delay [\delay(width=49)\]
Compiling architecture synth of entity xbip_pipe_v3_0_10.xbip_pipe_v3_0_10_viv [\xbip_pipe_v3_0_10_viv(c_latency...]
Compiling architecture rtl of entity floating_point_v7_1_20.delay [\delay(width=8,fast_input=true)\]
Compiling architecture struct of entity floating_point_v7_1_20.carry_chain [\carry_chain(c_xdevicefamily="zy...]
Compiling architecture synth of entity floating_point_v7_1_20.flt_sqrt_mant_addsub [\flt_sqrt_mant_addsub(c_xdevicef...]
Compiling architecture synth of entity xbip_pipe_v3_0_10.xbip_pipe_v3_0_10_viv [\xbip_pipe_v3_0_10_viv(c_latency...]
Compiling architecture rtl of entity floating_point_v7_1_20.delay [\delay(width=5)\]
Compiling architecture synth of entity xbip_pipe_v3_0_10.xbip_pipe_v3_0_10_viv [\xbip_pipe_v3_0_10_viv(c_has_ce=...]
Compiling architecture rtl of entity floating_point_v7_1_20.delay [\delay(width=9,length=0,fast_inp...]
Compiling architecture struct of entity floating_point_v7_1_20.carry_chain [\carry_chain(c_xdevicefamily="zy...]
Compiling architecture synth of entity floating_point_v7_1_20.flt_sqrt_mant_addsub [\flt_sqrt_mant_addsub(c_xdevicef...]
Compiling architecture synth of entity xbip_pipe_v3_0_10.xbip_pipe_v3_0_10_viv [\xbip_pipe_v3_0_10_viv(c_has_ce=...]
Compiling architecture rtl of entity floating_point_v7_1_20.delay [\delay(width=6,length=0)\]
Compiling architecture synth of entity xbip_pipe_v3_0_10.xbip_pipe_v3_0_10_viv [\xbip_pipe_v3_0_10_viv(c_latency...]
Compiling architecture rtl of entity floating_point_v7_1_20.delay [\delay(width=45)\]
Compiling architecture synth of entity xbip_pipe_v3_0_10.xbip_pipe_v3_0_10_viv [\xbip_pipe_v3_0_10_viv(c_latency...]
Compiling architecture rtl of entity floating_point_v7_1_20.delay [\delay(width=10,fast_input=true)...]
Compiling architecture struct of entity floating_point_v7_1_20.carry_chain [\carry_chain(c_xdevicefamily="zy...]
Compiling architecture synth of entity floating_point_v7_1_20.flt_sqrt_mant_addsub [\flt_sqrt_mant_addsub(c_xdevicef...]
Compiling architecture synth of entity xbip_pipe_v3_0_10.xbip_pipe_v3_0_10_viv [\xbip_pipe_v3_0_10_viv(c_latency...]
Compiling architecture rtl of entity floating_point_v7_1_20.delay [\delay(width=7)\]
Compiling architecture synth of entity xbip_pipe_v3_0_10.xbip_pipe_v3_0_10_viv [\xbip_pipe_v3_0_10_viv(c_has_ce=...]
Compiling architecture rtl of entity floating_point_v7_1_20.delay [\delay(width=43,length=0)\]
Compiling architecture struct of entity floating_point_v7_1_20.carry_chain [\carry_chain(c_xdevicefamily="zy...]
Compiling architecture synth of entity floating_point_v7_1_20.flt_sqrt_mant_addsub [\flt_sqrt_mant_addsub(c_xdevicef...]
Compiling architecture synth of entity xbip_pipe_v3_0_10.xbip_pipe_v3_0_10_viv [\xbip_pipe_v3_0_10_viv(c_latency...]
Compiling architecture rtl of entity floating_point_v7_1_20.delay [\delay(width=41)\]
Compiling architecture synth of entity xbip_pipe_v3_0_10.xbip_pipe_v3_0_10_viv [\xbip_pipe_v3_0_10_viv(c_latency...]
Compiling architecture rtl of entity floating_point_v7_1_20.delay [\delay(width=12,fast_input=true)...]
Compiling architecture struct of entity floating_point_v7_1_20.carry_chain [\carry_chain(c_xdevicefamily="zy...]
Compiling architecture synth of entity floating_point_v7_1_20.flt_sqrt_mant_addsub [\flt_sqrt_mant_addsub(c_xdevicef...]
Compiling architecture synth of entity xbip_pipe_v3_0_10.xbip_pipe_v3_0_10_viv [\xbip_pipe_v3_0_10_viv(c_has_ce=...]
Compiling architecture rtl of entity floating_point_v7_1_20.delay [\delay(width=39,length=0)\]
Compiling architecture synth of entity xbip_pipe_v3_0_10.xbip_pipe_v3_0_10_viv [\xbip_pipe_v3_0_10_viv(c_has_ce=...]
Compiling architecture rtl of entity floating_point_v7_1_20.delay [\delay(width=13,length=0,fast_in...]
Compiling architecture struct of entity floating_point_v7_1_20.carry_chain [\carry_chain(c_xdevicefamily="zy...]
Compiling architecture synth of entity floating_point_v7_1_20.flt_sqrt_mant_addsub [\flt_sqrt_mant_addsub(c_xdevicef...]
Compiling architecture synth of entity xbip_pipe_v3_0_10.xbip_pipe_v3_0_10_viv [\xbip_pipe_v3_0_10_viv(c_has_ce=...]
Compiling architecture rtl of entity floating_point_v7_1_20.delay [\delay(width=10,length=0)\]
Compiling architecture synth of entity xbip_pipe_v3_0_10.xbip_pipe_v3_0_10_viv [\xbip_pipe_v3_0_10_viv(c_latency...]
Compiling architecture rtl of entity floating_point_v7_1_20.delay [\delay(width=37)\]
Compiling architecture synth of entity xbip_pipe_v3_0_10.xbip_pipe_v3_0_10_viv [\xbip_pipe_v3_0_10_viv(c_has_ce=...]
Compiling architecture rtl of entity floating_point_v7_1_20.delay [\delay(width=13,length=0)\]
Compiling architecture synth of entity xbip_pipe_v3_0_10.xbip_pipe_v3_0_10_viv [\xbip_pipe_v3_0_10_viv(c_latency...]
Compiling architecture rtl of entity floating_point_v7_1_20.delay [\delay(width=14,fast_input=true)...]
Compiling architecture struct of entity floating_point_v7_1_20.carry_chain [\carry_chain(c_xdevicefamily="zy...]
Compiling architecture synth of entity floating_point_v7_1_20.flt_sqrt_mant_addsub [\flt_sqrt_mant_addsub(c_xdevicef...]
Compiling architecture synth of entity xbip_pipe_v3_0_10.xbip_pipe_v3_0_10_viv [\xbip_pipe_v3_0_10_viv(c_has_ce=...]
Compiling architecture rtl of entity floating_point_v7_1_20.delay [\delay(width=35,length=0)\]
Compiling architecture synth of entity xbip_pipe_v3_0_10.xbip_pipe_v3_0_10_viv [\xbip_pipe_v3_0_10_viv(c_has_ce=...]
Compiling architecture rtl of entity floating_point_v7_1_20.delay [\delay(width=15,length=0,fast_in...]
Compiling architecture struct of entity floating_point_v7_1_20.carry_chain [\carry_chain(c_xdevicefamily="zy...]
Compiling architecture synth of entity floating_point_v7_1_20.flt_sqrt_mant_addsub [\flt_sqrt_mant_addsub(c_xdevicef...]
Compiling architecture synth of entity xbip_pipe_v3_0_10.xbip_pipe_v3_0_10_viv [\xbip_pipe_v3_0_10_viv(c_latency...]
Compiling architecture rtl of entity floating_point_v7_1_20.delay [\delay(width=33)\]
Compiling architecture synth of entity xbip_pipe_v3_0_10.xbip_pipe_v3_0_10_viv [\xbip_pipe_v3_0_10_viv(c_has_ce=...]
Compiling architecture rtl of entity floating_point_v7_1_20.delay [\delay(width=15,length=0)\]
Compiling architecture synth of entity xbip_pipe_v3_0_10.xbip_pipe_v3_0_10_viv [\xbip_pipe_v3_0_10_viv(c_latency...]
Compiling architecture rtl of entity floating_point_v7_1_20.delay [\delay(width=16,fast_input=true)...]
Compiling architecture struct of entity floating_point_v7_1_20.carry_chain [\carry_chain(c_xdevicefamily="zy...]
Compiling architecture synth of entity floating_point_v7_1_20.flt_sqrt_mant_addsub [\flt_sqrt_mant_addsub(c_xdevicef...]
Compiling architecture synth of entity xbip_pipe_v3_0_10.xbip_pipe_v3_0_10_viv [\xbip_pipe_v3_0_10_viv(c_latency...]
Compiling architecture rtl of entity floating_point_v7_1_20.delay [\delay(width=13)\]
Compiling architecture synth of entity xbip_pipe_v3_0_10.xbip_pipe_v3_0_10_viv [\xbip_pipe_v3_0_10_viv(c_has_ce=...]
Compiling architecture rtl of entity floating_point_v7_1_20.delay [\delay(width=31,length=0)\]
Compiling architecture synth of entity xbip_pipe_v3_0_10.xbip_pipe_v3_0_10_viv [\xbip_pipe_v3_0_10_viv(c_has_ce=...]
Compiling architecture rtl of entity floating_point_v7_1_20.delay [\delay(width=17,length=0,fast_in...]
Compiling architecture struct of entity floating_point_v7_1_20.carry_chain [\carry_chain(c_xdevicefamily="zy...]
Compiling architecture synth of entity floating_point_v7_1_20.flt_sqrt_mant_addsub [\flt_sqrt_mant_addsub(c_xdevicef...]
Compiling architecture synth of entity xbip_pipe_v3_0_10.xbip_pipe_v3_0_10_viv [\xbip_pipe_v3_0_10_viv(c_latency...]
Compiling architecture rtl of entity floating_point_v7_1_20.delay [\delay(width=29)\]
Compiling architecture synth of entity xbip_pipe_v3_0_10.xbip_pipe_v3_0_10_viv [\xbip_pipe_v3_0_10_viv(c_latency...]
Compiling architecture rtl of entity floating_point_v7_1_20.delay [\delay(width=18,fast_input=true)...]
Compiling architecture struct of entity floating_point_v7_1_20.carry_chain [\carry_chain(c_xdevicefamily="zy...]
Compiling architecture synth of entity floating_point_v7_1_20.flt_sqrt_mant_addsub [\flt_sqrt_mant_addsub(c_xdevicef...]
Compiling architecture synth of entity xbip_pipe_v3_0_10.xbip_pipe_v3_0_10_viv [\xbip_pipe_v3_0_10_viv(c_latency...]
Compiling architecture rtl of entity floating_point_v7_1_20.delay [\delay(width=15)\]
Compiling architecture synth of entity xbip_pipe_v3_0_10.xbip_pipe_v3_0_10_viv [\xbip_pipe_v3_0_10_viv(c_has_ce=...]
Compiling architecture rtl of entity floating_point_v7_1_20.delay [\delay(width=19,length=0,fast_in...]
Compiling architecture struct of entity floating_point_v7_1_20.carry_chain [\carry_chain(c_xdevicefamily="zy...]
Compiling architecture synth of entity floating_point_v7_1_20.flt_sqrt_mant_addsub [\flt_sqrt_mant_addsub(c_xdevicef...]
Compiling architecture synth of entity xbip_pipe_v3_0_10.xbip_pipe_v3_0_10_viv [\xbip_pipe_v3_0_10_viv(c_latency...]
Compiling architecture rtl of entity floating_point_v7_1_20.delay [\delay(width=25)\]
Compiling architecture synth of entity xbip_pipe_v3_0_10.xbip_pipe_v3_0_10_viv [\xbip_pipe_v3_0_10_viv(c_latency...]
Compiling architecture rtl of entity floating_point_v7_1_20.delay [\delay(width=20,fast_input=true)...]
Compiling architecture struct of entity floating_point_v7_1_20.carry_chain [\carry_chain(c_xdevicefamily="zy...]
Compiling architecture synth of entity floating_point_v7_1_20.flt_sqrt_mant_addsub [\flt_sqrt_mant_addsub(c_xdevicef...]
Compiling architecture synth of entity xbip_pipe_v3_0_10.xbip_pipe_v3_0_10_viv [\xbip_pipe_v3_0_10_viv(c_has_ce=...]
Compiling architecture rtl of entity floating_point_v7_1_20.delay [\delay(width=23,length=0)\]
Compiling architecture synth of entity xbip_pipe_v3_0_10.xbip_pipe_v3_0_10_viv [\xbip_pipe_v3_0_10_viv(c_has_ce=...]
Compiling architecture rtl of entity floating_point_v7_1_20.delay [\delay(width=21,length=0,fast_in...]
Compiling architecture struct of entity floating_point_v7_1_20.carry_chain [\carry_chain(c_xdevicefamily="zy...]
Compiling architecture synth of entity floating_point_v7_1_20.flt_sqrt_mant_addsub [\flt_sqrt_mant_addsub(c_xdevicef...]
Compiling architecture synth of entity xbip_pipe_v3_0_10.xbip_pipe_v3_0_10_viv [\xbip_pipe_v3_0_10_viv(c_latency...]
Compiling architecture rtl of entity floating_point_v7_1_20.delay [\delay(width=21)\]
Compiling architecture synth of entity xbip_pipe_v3_0_10.xbip_pipe_v3_0_10_viv [\xbip_pipe_v3_0_10_viv(c_has_ce=...]
Compiling architecture rtl of entity floating_point_v7_1_20.delay [\delay(width=21,length=0)\]
Compiling architecture synth of entity xbip_pipe_v3_0_10.xbip_pipe_v3_0_10_viv [\xbip_pipe_v3_0_10_viv(c_latency...]
Compiling architecture rtl of entity floating_point_v7_1_20.delay [\delay(width=22,fast_input=true)...]
Compiling architecture struct of entity floating_point_v7_1_20.carry_chain [\carry_chain(c_xdevicefamily="zy...]
Compiling architecture synth of entity floating_point_v7_1_20.flt_sqrt_mant_addsub [\flt_sqrt_mant_addsub(c_xdevicef...]
Compiling architecture synth of entity xbip_pipe_v3_0_10.xbip_pipe_v3_0_10_viv [\xbip_pipe_v3_0_10_viv(c_latency...]
Compiling architecture rtl of entity floating_point_v7_1_20.delay [\delay(width=19)\]
Compiling architecture synth of entity xbip_pipe_v3_0_10.xbip_pipe_v3_0_10_viv [\xbip_pipe_v3_0_10_viv(c_has_ce=...]
Compiling architecture rtl of entity floating_point_v7_1_20.delay [\delay(width=23,length=0,fast_in...]
Compiling architecture struct of entity floating_point_v7_1_20.carry_chain [\carry_chain(c_xdevicefamily="zy...]
Compiling architecture synth of entity floating_point_v7_1_20.flt_sqrt_mant_addsub [\flt_sqrt_mant_addsub(c_xdevicef...]
Compiling architecture synth of entity xbip_pipe_v3_0_10.xbip_pipe_v3_0_10_viv [\xbip_pipe_v3_0_10_viv(c_has_ce=...]
Compiling architecture rtl of entity floating_point_v7_1_20.delay [\delay(width=20,length=0)\]
Compiling architecture synth of entity xbip_pipe_v3_0_10.xbip_pipe_v3_0_10_viv [\xbip_pipe_v3_0_10_viv(c_latency...]
Compiling architecture rtl of entity floating_point_v7_1_20.delay [\delay(width=24,fast_input=true)...]
Compiling architecture struct of entity floating_point_v7_1_20.carry_chain [\carry_chain(c_xdevicefamily="zy...]
Compiling architecture synth of entity floating_point_v7_1_20.flt_sqrt_mant_addsub [\flt_sqrt_mant_addsub(c_xdevicef...]
Compiling architecture synth of entity xbip_pipe_v3_0_10.xbip_pipe_v3_0_10_viv [\xbip_pipe_v3_0_10_viv(c_has_ce=...]
Compiling architecture rtl of entity floating_point_v7_1_20.delay [\delay(width=25,length=0,fast_in...]
Compiling architecture struct of entity floating_point_v7_1_20.carry_chain [\carry_chain(c_xdevicefamily="zy...]
Compiling architecture synth of entity floating_point_v7_1_20.flt_sqrt_mant_addsub [\flt_sqrt_mant_addsub(c_xdevicef...]
Compiling architecture synth of entity xbip_pipe_v3_0_10.xbip_pipe_v3_0_10_viv [\xbip_pipe_v3_0_10_viv(c_latency...]
Compiling architecture rtl of entity floating_point_v7_1_20.delay [\delay(width=26,fast_input=true)...]
Compiling architecture struct of entity floating_point_v7_1_20.carry_chain [\carry_chain(c_xdevicefamily="zy...]
Compiling architecture synth of entity floating_point_v7_1_20.flt_sqrt_mant_addsub [\flt_sqrt_mant_addsub(c_xdevicef...]
Compiling architecture synth of entity xbip_pipe_v3_0_10.xbip_pipe_v3_0_10_viv [\xbip_pipe_v3_0_10_viv(c_latency...]
Compiling architecture rtl of entity floating_point_v7_1_20.delay [\delay(width=23)\]
Compiling architecture struct of entity floating_point_v7_1_20.carry_chain [\carry_chain(c_xdevicefamily="zy...]
Compiling architecture synth of entity floating_point_v7_1_20.flt_sqrt_mant_addsub [\flt_sqrt_mant_addsub(c_xdevicef...]
Compiling architecture synth of entity xbip_pipe_v3_0_10.xbip_pipe_v3_0_10_viv [\xbip_pipe_v3_0_10_viv(c_has_ce=...]
Compiling architecture rtl of entity floating_point_v7_1_20.delay [\delay(width=24,length=0)\]
Compiling architecture synth of entity xbip_pipe_v3_0_10.xbip_pipe_v3_0_10_viv [\xbip_pipe_v3_0_10_viv(c_latency...]
Compiling architecture rtl of entity floating_point_v7_1_20.delay [\delay(width=28,fast_input=true)...]
Compiling architecture struct of entity floating_point_v7_1_20.carry_chain [\carry_chain(c_xdevicefamily="zy...]
Compiling architecture synth of entity floating_point_v7_1_20.flt_sqrt_mant_addsub [\flt_sqrt_mant_addsub(c_xdevicef...]
Compiling architecture synth of entity xbip_pipe_v3_0_10.xbip_pipe_v3_0_10_viv [\xbip_pipe_v3_0_10_viv(c_has_ce=...]
Compiling architecture rtl of entity floating_point_v7_1_20.delay [\delay(width=29,length=0,fast_in...]
Compiling architecture struct of entity floating_point_v7_1_20.carry_chain [\carry_chain(c_xdevicefamily="zy...]
Compiling architecture synth of entity floating_point_v7_1_20.flt_sqrt_mant_addsub [\flt_sqrt_mant_addsub(c_xdevicef...]
Compiling architecture synth of entity xbip_pipe_v3_0_10.xbip_pipe_v3_0_10_viv [\xbip_pipe_v3_0_10_viv(c_latency...]
Compiling architecture rtl of entity floating_point_v7_1_20.delay [\delay(width=30,fast_input=true)...]
Compiling architecture struct of entity floating_point_v7_1_20.carry_chain [\carry_chain(c_xdevicefamily="zy...]
Compiling architecture synth of entity floating_point_v7_1_20.flt_sqrt_mant_addsub [\flt_sqrt_mant_addsub(c_xdevicef...]
Compiling architecture synth of entity xbip_pipe_v3_0_10.xbip_pipe_v3_0_10_viv [\xbip_pipe_v3_0_10_viv(c_latency...]
Compiling architecture rtl of entity floating_point_v7_1_20.delay [\delay(width=27)\]
Compiling architecture synth of entity xbip_pipe_v3_0_10.xbip_pipe_v3_0_10_viv [\xbip_pipe_v3_0_10_viv(c_has_ce=...]
Compiling architecture rtl of entity floating_point_v7_1_20.delay [\delay(width=31,length=0,fast_in...]
Compiling architecture struct of entity floating_point_v7_1_20.carry_chain [\carry_chain(c_xdevicefamily="zy...]
Compiling architecture synth of entity floating_point_v7_1_20.flt_sqrt_mant_addsub [\flt_sqrt_mant_addsub(c_xdevicef...]
Compiling architecture synth of entity xbip_pipe_v3_0_10.xbip_pipe_v3_0_10_viv [\xbip_pipe_v3_0_10_viv(c_latency...]
Compiling architecture rtl of entity floating_point_v7_1_20.delay [\delay(width=32,fast_input=true)...]
Compiling architecture struct of entity floating_point_v7_1_20.carry_chain [\carry_chain(c_xdevicefamily="zy...]
Compiling architecture synth of entity floating_point_v7_1_20.flt_sqrt_mant_addsub [\flt_sqrt_mant_addsub(c_xdevicef...]
Compiling architecture synth of entity xbip_pipe_v3_0_10.xbip_pipe_v3_0_10_viv [\xbip_pipe_v3_0_10_viv(c_has_ce=...]
Compiling architecture rtl of entity floating_point_v7_1_20.delay [\delay(width=33,length=0,fast_in...]
Compiling architecture struct of entity floating_point_v7_1_20.carry_chain [\carry_chain(c_xdevicefamily="zy...]
Compiling architecture synth of entity floating_point_v7_1_20.flt_sqrt_mant_addsub [\flt_sqrt_mant_addsub(c_xdevicef...]
Compiling architecture synth of entity xbip_pipe_v3_0_10.xbip_pipe_v3_0_10_viv [\xbip_pipe_v3_0_10_viv(c_has_ce=...]
Compiling architecture rtl of entity floating_point_v7_1_20.delay [\delay(width=33,length=0)\]
Compiling architecture synth of entity xbip_pipe_v3_0_10.xbip_pipe_v3_0_10_viv [\xbip_pipe_v3_0_10_viv(c_latency...]
Compiling architecture rtl of entity floating_point_v7_1_20.delay [\delay(width=34,fast_input=true)...]
Compiling architecture struct of entity floating_point_v7_1_20.carry_chain [\carry_chain(c_xdevicefamily="zy...]
Compiling architecture synth of entity floating_point_v7_1_20.flt_sqrt_mant_addsub [\flt_sqrt_mant_addsub(c_xdevicef...]
Compiling architecture synth of entity xbip_pipe_v3_0_10.xbip_pipe_v3_0_10_viv [\xbip_pipe_v3_0_10_viv(c_latency...]
Compiling architecture rtl of entity floating_point_v7_1_20.delay [\delay(width=31)\]
Compiling architecture synth of entity xbip_pipe_v3_0_10.xbip_pipe_v3_0_10_viv [\xbip_pipe_v3_0_10_viv(c_has_ce=...]
Compiling architecture rtl of entity floating_point_v7_1_20.delay [\delay(width=35,length=0,fast_in...]
Compiling architecture struct of entity floating_point_v7_1_20.carry_chain [\carry_chain(c_xdevicefamily="zy...]
Compiling architecture synth of entity floating_point_v7_1_20.flt_sqrt_mant_addsub [\flt_sqrt_mant_addsub(c_xdevicef...]
Compiling architecture synth of entity xbip_pipe_v3_0_10.xbip_pipe_v3_0_10_viv [\xbip_pipe_v3_0_10_viv(c_latency...]
Compiling architecture rtl of entity floating_point_v7_1_20.delay [\delay(width=36,fast_input=true)...]
Compiling architecture struct of entity floating_point_v7_1_20.carry_chain [\carry_chain(c_xdevicefamily="zy...]
Compiling architecture synth of entity floating_point_v7_1_20.flt_sqrt_mant_addsub [\flt_sqrt_mant_addsub(c_xdevicef...]
Compiling architecture synth of entity xbip_pipe_v3_0_10.xbip_pipe_v3_0_10_viv [\xbip_pipe_v3_0_10_viv(c_has_ce=...]
Compiling architecture rtl of entity floating_point_v7_1_20.delay [\delay(width=37,length=0,fast_in...]
Compiling architecture struct of entity floating_point_v7_1_20.carry_chain [\carry_chain(c_xdevicefamily="zy...]
Compiling architecture synth of entity floating_point_v7_1_20.flt_sqrt_mant_addsub [\flt_sqrt_mant_addsub(c_xdevicef...]
Compiling architecture synth of entity xbip_pipe_v3_0_10.xbip_pipe_v3_0_10_viv [\xbip_pipe_v3_0_10_viv(c_has_ce=...]
Compiling architecture rtl of entity floating_point_v7_1_20.delay [\delay(width=34,length=0)\]
Compiling architecture synth of entity xbip_pipe_v3_0_10.xbip_pipe_v3_0_10_viv [\xbip_pipe_v3_0_10_viv(c_has_ce=...]
Compiling architecture rtl of entity floating_point_v7_1_20.delay [\delay(width=37,length=0)\]
Compiling architecture synth of entity xbip_pipe_v3_0_10.xbip_pipe_v3_0_10_viv [\xbip_pipe_v3_0_10_viv(c_latency...]
Compiling architecture rtl of entity floating_point_v7_1_20.delay [\delay(width=38,fast_input=true)...]
Compiling architecture struct of entity floating_point_v7_1_20.carry_chain [\carry_chain(c_xdevicefamily="zy...]
Compiling architecture synth of entity floating_point_v7_1_20.flt_sqrt_mant_addsub [\flt_sqrt_mant_addsub(c_xdevicef...]
Compiling architecture synth of entity xbip_pipe_v3_0_10.xbip_pipe_v3_0_10_viv [\xbip_pipe_v3_0_10_viv(c_latency...]
Compiling architecture rtl of entity floating_point_v7_1_20.delay [\delay(width=35)\]
Compiling architecture synth of entity xbip_pipe_v3_0_10.xbip_pipe_v3_0_10_viv [\xbip_pipe_v3_0_10_viv(c_has_ce=...]
Compiling architecture rtl of entity floating_point_v7_1_20.delay [\delay(width=39,length=0,fast_in...]
Compiling architecture struct of entity floating_point_v7_1_20.carry_chain [\carry_chain(c_xdevicefamily="zy...]
Compiling architecture synth of entity floating_point_v7_1_20.flt_sqrt_mant_addsub [\flt_sqrt_mant_addsub(c_xdevicef...]
Compiling architecture synth of entity xbip_pipe_v3_0_10.xbip_pipe_v3_0_10_viv [\xbip_pipe_v3_0_10_viv(c_has_ce=...]
Compiling architecture rtl of entity floating_point_v7_1_20.delay [\delay(width=36,length=0)\]
Compiling architecture synth of entity xbip_pipe_v3_0_10.xbip_pipe_v3_0_10_viv [\xbip_pipe_v3_0_10_viv(c_latency...]
Compiling architecture rtl of entity floating_point_v7_1_20.delay [\delay(width=40,fast_input=true)...]
Compiling architecture struct of entity floating_point_v7_1_20.carry_chain [\carry_chain(c_xdevicefamily="zy...]
Compiling architecture synth of entity floating_point_v7_1_20.flt_sqrt_mant_addsub [\flt_sqrt_mant_addsub(c_xdevicef...]
Compiling architecture synth of entity xbip_pipe_v3_0_10.xbip_pipe_v3_0_10_viv [\xbip_pipe_v3_0_10_viv(c_has_ce=...]
Compiling architecture rtl of entity floating_point_v7_1_20.delay [\delay(width=41,length=0,fast_in...]
Compiling architecture struct of entity floating_point_v7_1_20.carry_chain [\carry_chain(c_xdevicefamily="zy...]
Compiling architecture synth of entity floating_point_v7_1_20.flt_sqrt_mant_addsub [\flt_sqrt_mant_addsub(c_xdevicef...]
Compiling architecture synth of entity xbip_pipe_v3_0_10.xbip_pipe_v3_0_10_viv [\xbip_pipe_v3_0_10_viv(c_has_ce=...]
Compiling architecture rtl of entity floating_point_v7_1_20.delay [\delay(width=38,length=0)\]
Compiling architecture synth of entity xbip_pipe_v3_0_10.xbip_pipe_v3_0_10_viv [\xbip_pipe_v3_0_10_viv(c_has_ce=...]
Compiling architecture rtl of entity floating_point_v7_1_20.delay [\delay(width=41,length=0)\]
Compiling architecture synth of entity xbip_pipe_v3_0_10.xbip_pipe_v3_0_10_viv [\xbip_pipe_v3_0_10_viv(c_latency...]
Compiling architecture rtl of entity floating_point_v7_1_20.delay [\delay(width=42,fast_input=true)...]
Compiling architecture struct of entity floating_point_v7_1_20.carry_chain [\carry_chain(c_xdevicefamily="zy...]
Compiling architecture synth of entity floating_point_v7_1_20.flt_sqrt_mant_addsub [\flt_sqrt_mant_addsub(c_xdevicef...]
Compiling architecture synth of entity xbip_pipe_v3_0_10.xbip_pipe_v3_0_10_viv [\xbip_pipe_v3_0_10_viv(c_latency...]
Compiling architecture rtl of entity floating_point_v7_1_20.delay [\delay(width=39)\]
Compiling architecture synth of entity xbip_pipe_v3_0_10.xbip_pipe_v3_0_10_viv [\xbip_pipe_v3_0_10_viv(c_has_ce=...]
Compiling architecture rtl of entity floating_point_v7_1_20.delay [\delay(width=43,length=0,fast_in...]
Compiling architecture struct of entity floating_point_v7_1_20.carry_chain [\carry_chain(c_xdevicefamily="zy...]
Compiling architecture synth of entity floating_point_v7_1_20.flt_sqrt_mant_addsub [\flt_sqrt_mant_addsub(c_xdevicef...]
Compiling architecture synth of entity xbip_pipe_v3_0_10.xbip_pipe_v3_0_10_viv [\xbip_pipe_v3_0_10_viv(c_has_ce=...]
Compiling architecture rtl of entity floating_point_v7_1_20.delay [\delay(width=40,length=0)\]
Compiling architecture synth of entity xbip_pipe_v3_0_10.xbip_pipe_v3_0_10_viv [\xbip_pipe_v3_0_10_viv(c_latency...]
Compiling architecture rtl of entity floating_point_v7_1_20.delay [\delay(width=44,fast_input=true)...]
Compiling architecture struct of entity floating_point_v7_1_20.carry_chain [\carry_chain(c_xdevicefamily="zy...]
Compiling architecture synth of entity floating_point_v7_1_20.flt_sqrt_mant_addsub [\flt_sqrt_mant_addsub(c_xdevicef...]
Compiling architecture synth of entity xbip_pipe_v3_0_10.xbip_pipe_v3_0_10_viv [\xbip_pipe_v3_0_10_viv(c_has_ce=...]
Compiling architecture rtl of entity floating_point_v7_1_20.delay [\delay(width=45,length=0,fast_in...]
Compiling architecture struct of entity floating_point_v7_1_20.carry_chain [\carry_chain(c_xdevicefamily="zy...]
Compiling architecture synth of entity floating_point_v7_1_20.flt_sqrt_mant_addsub [\flt_sqrt_mant_addsub(c_xdevicef...]
Compiling architecture synth of entity xbip_pipe_v3_0_10.xbip_pipe_v3_0_10_viv [\xbip_pipe_v3_0_10_viv(c_has_ce=...]
Compiling architecture rtl of entity floating_point_v7_1_20.delay [\delay(width=42,length=0)\]
Compiling architecture synth of entity xbip_pipe_v3_0_10.xbip_pipe_v3_0_10_viv [\xbip_pipe_v3_0_10_viv(c_has_ce=...]
Compiling architecture rtl of entity floating_point_v7_1_20.delay [\delay(width=45,length=0)\]
Compiling architecture synth of entity xbip_pipe_v3_0_10.xbip_pipe_v3_0_10_viv [\xbip_pipe_v3_0_10_viv(c_latency...]
Compiling architecture rtl of entity floating_point_v7_1_20.delay [\delay(width=46,fast_input=true)...]
Compiling architecture struct of entity floating_point_v7_1_20.carry_chain [\carry_chain(c_xdevicefamily="zy...]
Compiling architecture synth of entity floating_point_v7_1_20.flt_sqrt_mant_addsub [\flt_sqrt_mant_addsub(c_xdevicef...]
Compiling architecture synth of entity xbip_pipe_v3_0_10.xbip_pipe_v3_0_10_viv [\xbip_pipe_v3_0_10_viv(c_latency...]
Compiling architecture rtl of entity floating_point_v7_1_20.delay [\delay(width=43)\]
Compiling architecture synth of entity xbip_pipe_v3_0_10.xbip_pipe_v3_0_10_viv [\xbip_pipe_v3_0_10_viv(c_has_ce=...]
Compiling architecture rtl of entity floating_point_v7_1_20.delay [\delay(width=47,length=0,fast_in...]
Compiling architecture struct of entity floating_point_v7_1_20.carry_chain [\carry_chain(c_xdevicefamily="zy...]
Compiling architecture synth of entity floating_point_v7_1_20.flt_sqrt_mant_addsub [\flt_sqrt_mant_addsub(c_xdevicef...]
Compiling architecture synth of entity xbip_pipe_v3_0_10.xbip_pipe_v3_0_10_viv [\xbip_pipe_v3_0_10_viv(c_has_ce=...]
Compiling architecture rtl of entity floating_point_v7_1_20.delay [\delay(width=44,length=0)\]
Compiling architecture synth of entity xbip_pipe_v3_0_10.xbip_pipe_v3_0_10_viv [\xbip_pipe_v3_0_10_viv(c_latency...]
Compiling architecture rtl of entity floating_point_v7_1_20.delay [\delay(width=48,fast_input=true)...]
Compiling architecture struct of entity floating_point_v7_1_20.carry_chain [\carry_chain(c_xdevicefamily="zy...]
Compiling architecture synth of entity floating_point_v7_1_20.flt_sqrt_mant_addsub [\flt_sqrt_mant_addsub(c_xdevicef...]
Compiling architecture synth of entity xbip_pipe_v3_0_10.xbip_pipe_v3_0_10_viv [\xbip_pipe_v3_0_10_viv(c_has_ce=...]
Compiling architecture rtl of entity floating_point_v7_1_20.delay [\delay(width=49,length=0,fast_in...]
Compiling architecture struct of entity floating_point_v7_1_20.carry_chain [\carry_chain(c_xdevicefamily="zy...]
Compiling architecture synth of entity floating_point_v7_1_20.flt_sqrt_mant_addsub [\flt_sqrt_mant_addsub(c_xdevicef...]
Compiling architecture synth of entity xbip_pipe_v3_0_10.xbip_pipe_v3_0_10_viv [\xbip_pipe_v3_0_10_viv(c_has_ce=...]
Compiling architecture rtl of entity floating_point_v7_1_20.delay [\delay(width=46,length=0)\]
Compiling architecture synth of entity xbip_pipe_v3_0_10.xbip_pipe_v3_0_10_viv [\xbip_pipe_v3_0_10_viv(c_has_ce=...]
Compiling architecture rtl of entity floating_point_v7_1_20.delay [\delay(width=49,length=0)\]
Compiling architecture synth of entity xbip_pipe_v3_0_10.xbip_pipe_v3_0_10_viv [\xbip_pipe_v3_0_10_viv(c_latency...]
Compiling architecture rtl of entity floating_point_v7_1_20.delay [\delay(width=50,fast_input=true)...]
Compiling architecture struct of entity floating_point_v7_1_20.carry_chain [\carry_chain(c_xdevicefamily="zy...]
Compiling architecture synth of entity floating_point_v7_1_20.flt_sqrt_mant_addsub [\flt_sqrt_mant_addsub(c_xdevicef...]
Compiling architecture synth of entity xbip_pipe_v3_0_10.xbip_pipe_v3_0_10_viv [\xbip_pipe_v3_0_10_viv(c_latency...]
Compiling architecture rtl of entity floating_point_v7_1_20.delay [\delay(width=47)\]
Compiling architecture synth of entity xbip_pipe_v3_0_10.xbip_pipe_v3_0_10_viv [\xbip_pipe_v3_0_10_viv(c_has_ce=...]
Compiling architecture rtl of entity floating_point_v7_1_20.delay [\delay(width=51,length=0,fast_in...]
Compiling architecture struct of entity floating_point_v7_1_20.carry_chain [\carry_chain(c_xdevicefamily="zy...]
Compiling architecture synth of entity floating_point_v7_1_20.flt_sqrt_mant_addsub [\flt_sqrt_mant_addsub(c_xdevicef...]
Compiling architecture synth of entity xbip_pipe_v3_0_10.xbip_pipe_v3_0_10_viv [\xbip_pipe_v3_0_10_viv(c_latency...]
Compiling architecture rtl of entity floating_point_v7_1_20.delay [\delay(width=52,fast_input=true)...]
Compiling architecture struct of entity floating_point_v7_1_20.carry_chain [\carry_chain(c_xdevicefamily="zy...]
Compiling architecture synth of entity floating_point_v7_1_20.flt_sqrt_mant_addsub [\flt_sqrt_mant_addsub(c_xdevicef...]
Compiling architecture synth of entity xbip_pipe_v3_0_10.xbip_pipe_v3_0_10_viv [\xbip_pipe_v3_0_10_viv(c_has_ce=...]
Compiling architecture rtl of entity floating_point_v7_1_20.delay [\delay(width=53,length=0,fast_in...]
Compiling architecture struct of entity floating_point_v7_1_20.carry_chain [\carry_chain(c_xdevicefamily="zy...]
Compiling architecture synth of entity floating_point_v7_1_20.flt_sqrt_mant_addsub [\flt_sqrt_mant_addsub(c_xdevicef...]
Compiling architecture synth of entity xbip_pipe_v3_0_10.xbip_pipe_v3_0_10_viv [\xbip_pipe_v3_0_10_viv(c_has_ce=...]
Compiling architecture rtl of entity floating_point_v7_1_20.delay [\delay(width=50,length=0)\]
Compiling architecture synth of entity floating_point_v7_1_20.flt_sqrt_mant_addsub [\flt_sqrt_mant_addsub(c_xdevicef...]
Compiling architecture synth of entity xbip_pipe_v3_0_10.xbip_pipe_v3_0_10_viv [\xbip_pipe_v3_0_10_viv(c_latency...]
Compiling architecture rtl of entity floating_point_v7_1_20.delay [\delay(width=51)\]
Compiling architecture synth of entity xbip_pipe_v3_0_10.xbip_pipe_v3_0_10_viv [\xbip_pipe_v3_0_10_viv(c_has_ce=...]
Compiling architecture rtl of entity floating_point_v7_1_20.delay [\delay(width=55,length=0,fast_in...]
Compiling architecture struct of entity floating_point_v7_1_20.carry_chain [\carry_chain(c_xdevicefamily="zy...]
Compiling architecture synth of entity floating_point_v7_1_20.flt_sqrt_mant_addsub [\flt_sqrt_mant_addsub(c_xdevicef...]
Compiling architecture synth of entity xbip_pipe_v3_0_10.xbip_pipe_v3_0_10_viv [\xbip_pipe_v3_0_10_viv(c_latency...]
Compiling architecture rtl of entity floating_point_v7_1_20.delay [\delay(width=56,fast_input=true)...]
Compiling architecture struct of entity floating_point_v7_1_20.carry_chain [\carry_chain(c_xdevicefamily="zy...]
Compiling architecture synth of entity floating_point_v7_1_20.flt_sqrt_mant_addsub [\flt_sqrt_mant_addsub(c_xdevicef...]
Compiling architecture synth of entity xbip_pipe_v3_0_10.xbip_pipe_v3_0_10_viv [\xbip_pipe_v3_0_10_viv(c_has_ce=...]
Compiling architecture rtl of entity floating_point_v7_1_20.delay [\delay(width=57,length=0,fast_in...]
Compiling architecture struct of entity floating_point_v7_1_20.carry_chain [\carry_chain(c_xdevicefamily="zy...]
Compiling architecture synth of entity floating_point_v7_1_20.flt_sqrt_mant_addsub [\flt_sqrt_mant_addsub(c_xdevicef...]
Compiling architecture synth of entity xbip_pipe_v3_0_10.xbip_pipe_v3_0_10_viv [\xbip_pipe_v3_0_10_viv(c_has_ce=...]
Compiling architecture rtl of entity floating_point_v7_1_20.delay [\delay(width=57,length=0)\]
Compiling architecture synth of entity xbip_pipe_v3_0_10.xbip_pipe_v3_0_10_viv [\xbip_pipe_v3_0_10_viv(c_latency...]
Compiling architecture rtl of entity floating_point_v7_1_20.delay [\delay(width=58,fast_input=true)...]
Compiling architecture struct of entity floating_point_v7_1_20.carry_chain [\carry_chain(c_xdevicefamily="zy...]
Compiling architecture synth of entity floating_point_v7_1_20.flt_sqrt_mant_addsub [\flt_sqrt_mant_addsub(c_xdevicef...]
Compiling architecture synth of entity floating_point_v7_1_20.flt_sqrt_mant [\flt_sqrt_mant(c_xdevicefamily="...]
Compiling architecture synth of entity xbip_pipe_v3_0_10.xbip_pipe_v3_0_10_viv [\xbip_pipe_v3_0_10_viv(c_latency...]
Compiling architecture rtl of entity floating_point_v7_1_20.delay [\delay(width=11,length=27,fast_i...]
Compiling architecture synth of entity xbip_pipe_v3_0_10.xbip_pipe_v3_0_10_viv [\xbip_pipe_v3_0_10_viv(c_latency...]
Compiling architecture rtl of entity floating_point_v7_1_20.delay [\delay(width=2,length=27,fast_in...]
Compiling architecture rtl of entity floating_point_v7_1_20.flt_sqrt_exp [\flt_sqrt_exp(c_xdevicefamily="n...]
Compiling architecture rtl of entity floating_point_v7_1_20.renorm_and_round_logic [\renorm_and_round_logic(c_xdevic...]
Compiling architecture virtex of entity floating_point_v7_1_20.flt_sqrt [\flt_sqrt(c_xdevicefamily="zynq"...]
Compiling architecture xilinx of entity floating_point_v7_1_20.floating_point_v7_1_20_viv [\floating_point_v7_1_20_viv(c_xd...]
Compiling architecture xilinx of entity floating_point_v7_1_20.floating_point_v7_1_20 [\floating_point_v7_1_20(c_xdevic...]
Compiling architecture equalstep_baseline_dsqrt_64ns_64ns_64_30_no_dsp_1_ip_arch of entity xil_defaultlib.equalStep_baseline_dsqrt_64ns_64ns_64_30_no_dsp_1_ip [equalstep_baseline_dsqrt_64ns_64...]
Compiling module xil_defaultlib.equalStep_baseline_dsqrt_64ns_64...
Compiling module xil_defaultlib.equalStep_baseline
Compiling module xil_defaultlib.misc_interface_default
Compiling module xil_defaultlib.sv_module_top
Compiling module xil_defaultlib.AESL_automem_imStack
Compiling module xil_defaultlib.AESL_automem_wrappedPhase
Compiling module xil_defaultlib.AESL_automem_mod_r
Compiling module xil_defaultlib.nodf_module_intf_default
Compiling module xil_defaultlib.seq_loop_intf(FSM_WIDTH=45)
Compiling module xil_defaultlib.upc_loop_intf(FSM_WIDTH=4)
Compiling module xil_defaultlib.upc_loop_intf(FSM_WIDTH=1)
Compiling module xil_defaultlib.dataflow_monitor_1
Compiling module xil_defaultlib.apatb_equalStep_baseline_top
Compiling module xil_defaultlib.glbl
Built simulation snapshot equalStep_baseline
