#-----------------------------------------------------------
# xsim v2025.1 (64-bit)
# SW Build 6140274 on Thu May 22 00:12:29 MDT 2025
# IP Build 6138677 on Thu May 22 03:10:11 MDT 2025
# SharedData Build 6139179 on Tue May 20 17:58:58 MDT 2025
# Start of session at: Wed Mar 11 18:51:01 2026
# Process ID         : 22812
# Current directory  : C:/Users/seanr/vitis_projects/fpp_project/singleStep_baseline/equalStep_baseline/hls/sim/verilog
# Command line       : xsim.exe -mode tcl -source {xsim.dir/equalStep_baseline/xsim_script.tcl}
# Log file           : C:/Users/seanr/vitis_projects/fpp_project/singleStep_baseline/equalStep_baseline/hls/sim/verilog/xsim.log
# Journal file       : C:/Users/seanr/vitis_projects/fpp_project/singleStep_baseline/equalStep_baseline/hls/sim/verilog\xsim.jou
# Running On         : LAPTOP-L6H807T2
# Platform           : Windows Server 2016 or Windows 10
# Operating System   : 26200
# Processor Detail   : Intel(R) Pentium(R) Gold 7505 @ 2.00GHz
# CPU Frequency      : 1997 MHz
# CPU Physical cores : 2
# CPU Logical cores  : 4
# Host memory        : 8241 MB
# Swap memory        : 15569 MB
# Total Virtual      : 23810 MB
# Available Virtual  : 4743 MB
#-----------------------------------------------------------
source xsim.dir/equalStep_baseline/xsim_script.tcl
# xsim {equalStep_baseline} -testplusarg UVM_VERBOSITY=UVM_NONE -testplusarg UVM_TESTNAME=equalStep_baseline_test_lib -testplusarg UVM_TIMEOUT=20000000000000 -autoloadwcfg -tclbatch {equalStep_baseline.tcl}
Time resolution is 1 ps
source equalStep_baseline.tcl
## run all
UVM_INFO C:/Xilinx/2025.1/Vivado/data/system_verilog/uvm_1.2/xlnx_uvm_package.sv(18601) @ 0: reporter [UVM/RELNOTES] 
----------------------------------------------------------------
UVM-1.2
(C) 2007-2014 Mentor Graphics Corporation
(C) 2007-2014 Cadence Design Systems, Inc.
(C) 2006-2014 Synopsys, Inc.
(C) 2011-2013 Cypress Semiconductor Corp.
(C) 2013-2014 NVIDIA Corporation
----------------------------------------------------------------

  ***********       IMPORTANT RELEASE NOTES         ************

  You are using a version of the UVM library that has been compiled
  with `UVM_NO_DEPRECATED undefined.

  You are using a version of the UVM library that has been compiled
  with `UVM_OBJECT_DO_NOT_NEED_CONSTRUCTOR undefined.

      (Specify +UVM_NO_RELNOTES to turn off this notice)

UVM_INFO C:/Xilinx/2025.1/Vivado/data/system_verilog/uvm_1.2/xlnx_uvm_package.sv(18648) @ 0: reporter [NO_DPI_TSTNAME] UVM_NO_DPI defined--getting UVM_TESTNAME directly, without DPI
UVM_INFO C:/Xilinx/2025.1/Vivado/data/system_verilog/uvm_1.2/xlnx_uvm_package.sv(18752) @ 0: reporter [UVMTOP] UVM testbench topology:
-------------------------------------------------------------------------------------
Name                                Type                                  Size  Value
-------------------------------------------------------------------------------------
uvm_test_top                        equalStep_baseline_test_lib           -     @342 
  top_env                           equalStep_baseline_env                -     @353 
    equalStep_baseline_virtual_sqr  equalStep_baseline_virtual_sequencer  -     @390 
      rsp_export                    uvm_analysis_export                   -     @399 
      seq_item_export               uvm_seq_item_pull_imp                 -     @517 
      arbitration_queue             array                                 0     -    
      lock_queue                    array                                 0     -    
      num_last_reqs                 integral                              32    'd1  
      num_last_rsps                 integral                              32    'd1  
    refm                            equalStep_baseline_reference_model    -     @368 
      trans_num_idx                 integral                              32    'h0  
    subsys_mon                      equalStep_baseline_subsystem_monitor  -     @381 
      scbd                          equalStep_baseline_scoreboard         -     @537 
        refm                        equalStep_baseline_reference_model    -     @368 
          trans_num_idx             integral                              32    'h0  
    refm                            equalStep_baseline_reference_model    -     @368 
    equalStep_baseline_virtual_sqr  equalStep_baseline_virtual_sequencer  -     @390 
    equalStep_baseline_cfg          equalStep_baseline_config             -     @367 
      check_ena                     integral                              32    'h0  
      cover_ena                     integral                              32    'h0  
-------------------------------------------------------------------------------------

UVM_INFO C:/Xilinx/2025.1/Vivado/data/system_verilog/uvm_1.2/xlnx_uvm_package.sv(20867) @ 0: reporter [UVM/COMP/NAMECHECK] This implementation of the component name checks requires DPI to be enabled
////////////////////////////////////////////////////////////////////////////////////
// Inter-Transaction Progress: Completed Transaction / Total Transaction
// Intra-Transaction Progress: Measured Latency / Latency Estimation * 100%
//
// RTL Simulation : "Inter-Transaction Progress" ["Intra-Transaction Progress"] @ "Simulation Time"
////////////////////////////////////////////////////////////////////////////////////
// RTL Simulation : 0 / 1 [0.00%] @ "136000"
// RTL Simulation : 1 / 1 [100.00%] @ "13371608000"
////////////////////////////////////////////////////////////////////////////////////
$finish called at time : 13371688 ns : File "C:/Xilinx/2025.1/Vivado/data/system_verilog/uvm_1.2/xlnx_uvm_package.sv" Line 18699
run: Time (s): cpu = 00:00:00 ; elapsed = 00:05:54 . Memory (MB): peak = 192.570 ; gain = 0.000
## quit
INFO: xsimkernel Simulation Memory Usage: 57476 KB (Peak: 57476 KB), Simulation CPU Usage: 310546 ms
INFO: [Common 17-206] Exiting xsim at Wed Mar 11 18:56:59 2026...
