#-----------------------------------------------------------
# Vivado v2025.2 (64-bit)
# SW Build 6299465 on Fri Nov 14 19:35:11 GMT 2025
# IP Build 6300035 on Fri Nov 14 10:48:45 MST 2025
# SharedData Build 6298862 on Thu Nov 13 04:50:51 MST 2025
# Start of session at: Wed Apr 15 00:50:10 2026
# Process ID         : 10248
# Current directory  : T:/Documents/ECE574/Project/fpp_accelerator/singleStep_baseline/equalStep_baseline/hls/impl/ip
# Command line       : vivado.exe -notrace -mode batch -source run_ippack.tcl
# Log file           : T:/Documents/ECE574/Project/fpp_accelerator/singleStep_baseline/equalStep_baseline/hls/impl/ip/vivado.log
# Journal file       : T:/Documents/ECE574/Project/fpp_accelerator/singleStep_baseline/equalStep_baseline/hls/impl/ip\vivado.jou
# Running On         : JacksonsDesktop
# Platform           : Windows Server 2016 or Windows 10
# Operating System   : 26200
# Processor Detail   : AMD Ryzen 7 9800X3D 8-Core Processor           
# CPU Frequency      : 4700 MHz
# CPU Physical cores : 8
# CPU Logical cores  : 8
# Host memory        : 33346 MB
# Swap memory        : 2147 MB
# Total Virtual      : 35493 MB
# Available Virtual  : 5641 MB
#-----------------------------------------------------------
source run_ippack.tcl -notrace
INFO: calling package_hls_ip ip_types=vitis sysgen json_file=T:/Documents/ECE574/Project/fpp_accelerator/singleStep_baseline/equalStep_baseline/hls/hls_data.json outdir=T:/Documents/ECE574/Project/fpp_accelerator/singleStep_baseline/equalStep_baseline/hls/impl/ip srcdir=T:/Documents/ECE574/Project/fpp_accelerator/singleStep_baseline/equalStep_baseline/hls ippack_options_dict= ippack_options_dict=
INFO: Copied 1 ipmisc file(s) to T:/Documents/ECE574/Project/fpp_accelerator/singleStep_baseline/equalStep_baseline/hls/impl/ip/misc
INFO: Copied 22 verilog file(s) to T:/Documents/ECE574/Project/fpp_accelerator/singleStep_baseline/equalStep_baseline/hls/impl/ip/hdl/verilog
INFO: Copied 19 vhdl file(s) to T:/Documents/ECE574/Project/fpp_accelerator/singleStep_baseline/equalStep_baseline/hls/impl/ip/hdl/vhdl
INFO: Copied 10 swdriver file(s) to T:/Documents/ECE574/Project/fpp_accelerator/singleStep_baseline/equalStep_baseline/hls/impl/ip/drivers
Generating 2 subcores in T:/Documents/ECE574/Project/fpp_accelerator/singleStep_baseline/equalStep_baseline/hls/impl/ip/subcore_prj:
impl/misc/equalStep_baseline_fpext_32ns_64_2_no_dsp_1_ip.tcl
impl/misc/equalStep_baseline_fsqrt_32ns_32ns_32_16_no_dsp_1_ip.tcl
INFO: [ProjectBase 1-489] The host OS only allows 260 characters in a normal path. The project is stored in a path with more than 80 characters. If you experience issues with IP, Block Designs, or files not being found, please consider moving the project to a location with a shorter path. Alternately consider using the OS subst command to map part of the path to a drive letter.
Current project path is 'T:/Documents/ECE574/Project/fpp_accelerator/singleStep_baseline/equalStep_baseline/hls/impl/ip/subcore_prj'
INFO: Using COE_DIR=T:/Documents/ECE574/Project/fpp_accelerator/singleStep_baseline/equalStep_baseline/hls/impl/ip/hdl/verilog
INFO: Generating equalStep_baseline_fpext_32ns_64_2_no_dsp_1_ip via file impl/misc/equalStep_baseline_fpext_32ns_64_2_no_dsp_1_ip.tcl
INFO: [IP_Flow 19-234] Refreshing IP repositories
INFO: [IP_Flow 19-1704] No user IP repositories specified
INFO: [IP_Flow 19-2313] Loaded Vivado IP repository 'T:/AMDDesignTools/2025.2/Vivado/data/ip'.
WARNING: [IP_Flow 19-4832] The IP name 'equalStep_baseline_fpext_32ns_64_2_no_dsp_1_ip' you have specified is long. The Windows operating system has path length limitations. It is recommended you use shorter names to reduce the likelihood of issues.
INFO: [IP_Flow 19-1686] Generating 'Synthesis' target for IP 'equalStep_baseline_fpext_32ns_64_2_no_dsp_1_ip'...
INFO: [IP_Flow 19-1686] Generating 'Simulation' target for IP 'equalStep_baseline_fpext_32ns_64_2_no_dsp_1_ip'...
INFO: Done generating equalStep_baseline_fpext_32ns_64_2_no_dsp_1_ip via file impl/misc/equalStep_baseline_fpext_32ns_64_2_no_dsp_1_ip.tcl
INFO: Generating equalStep_baseline_fsqrt_32ns_32ns_32_16_no_dsp_1_ip via file impl/misc/equalStep_baseline_fsqrt_32ns_32ns_32_16_no_dsp_1_ip.tcl
WARNING: [IP_Flow 19-4832] The IP name 'equalStep_baseline_fsqrt_32ns_32ns_32_16_no_dsp_1_ip' you have specified is long. The Windows operating system has path length limitations. It is recommended you use shorter names to reduce the likelihood of issues.
INFO: [IP_Flow 19-1686] Generating 'Synthesis' target for IP 'equalStep_baseline_fsqrt_32ns_32ns_32_16_no_dsp_1_ip'...
INFO: [IP_Flow 19-1686] Generating 'Simulation' target for IP 'equalStep_baseline_fsqrt_32ns_32ns_32_16_no_dsp_1_ip'...
INFO: Done generating equalStep_baseline_fsqrt_32ns_32ns_32_16_no_dsp_1_ip via file impl/misc/equalStep_baseline_fsqrt_32ns_32ns_32_16_no_dsp_1_ip.tcl
INFO: Found 1 unique subcore IP: xilinx.com:ip:floating_point:7.1
INFO: Copied 2 subcore files: T:/Documents/ECE574/Project/fpp_accelerator/singleStep_baseline/equalStep_baseline/hls/impl/ip/hdl/ip/equalStep_baseline_fpext_32ns_64_2_no_dsp_1_ip/equalStep_baseline_fpext_32ns_64_2_no_dsp_1_ip.xci T:/Documents/ECE574/Project/fpp_accelerator/singleStep_baseline/equalStep_baseline/hls/impl/ip/hdl/ip/equalStep_baseline_fsqrt_32ns_32ns_32_16_no_dsp_1_ip/equalStep_baseline_fsqrt_32ns_32ns_32_16_no_dsp_1_ip.xci
INFO: Import ports from HDL: T:/Documents/ECE574/Project/fpp_accelerator/singleStep_baseline/equalStep_baseline/hls/impl/ip/hdl/vhdl/equalStep_baseline.vhd (equalStep_baseline)
INFO: Add axi4lite interface s_axi_control
INFO: Add clock interface ap_clk
INFO: Add reset interface ap_rst_n
INFO: Add interrupt interface interrupt
INFO: [IP_Flow 19-234] Refreshing IP repositories
INFO: [IP_Flow 19-1704] No user IP repositories specified
INFO: [IP_Flow 19-2313] Loaded Vivado IP repository 'T:/AMDDesignTools/2025.2/Vivado/data/ip'.
INFO: Add axi4stream interface imStack
INFO: Add axi4stream interface out_r
INFO: Calling post_process_vitis to specialize IP
INFO: Calling post_process_sysgen to specialize IP
Generating sysgen info xml from json file
INFO: Created IP T:/Documents/ECE574/Project/fpp_accelerator/singleStep_baseline/equalStep_baseline/hls/impl/ip/component.xml
INFO: Created IP archive T:/Documents/ECE574/Project/fpp_accelerator/singleStep_baseline/equalStep_baseline/hls/impl/ip/xilinx_com_hls_equalStep_baseline_1_0.zip
INFO: [Common 17-206] Exiting Vivado at Wed Apr 15 00:50:18 2026...
