

================================================================
== Synthesis Summary Report of 'equalStep_baseline'
================================================================
+ General Information: 
    * Date:           Sat May  2 09:36:40 2026
    * Version:        2025.1 (Build 6135595 on May 21 2025)
    * Project:        equalStep_baseline
    * Solution:       hls (Vivado IP Flow Target)
    * Product family: zynq
    * Target device:  xc7z020-clg400-1
    

+ Performance & Resource Estimates: 
    
    PS: '+' for module; 'o' for loop; '*' for dataflow
    +------------------------------------------+------+------+---------+-----------+----------+---------+---------+----------+------+---------+-------------+-------------+-----+
    |                  Modules                 | Issue|      |       Latency       | Iteration|         |   Trip  |          |      |         |             |             |     |
    |                  & Loops                 | Type | Slack| (cycles)|    (ns)   |  Latency | Interval|  Count  | Pipelined| BRAM |   DSP   |      FF     |     LUT     | URAM|
    +------------------------------------------+------+------+---------+-----------+----------+---------+---------+----------+------+---------+-------------+-------------+-----+
    |+ equalStep_baseline                      |     -|  0.01|  2097187|  1.887e+07|         -|  2097188|        -|        no|     -|  16 (7%)|  11744 (11%)|  22605 (42%)|    -|
    | + equalStep_baseline_Pipeline_wrap_loop  |     -|  0.01|  2097184|  1.887e+07|         -|  2097153|        -|    rewind|     -|  16 (7%)|  11409 (10%)|  22351 (42%)|    -|
    |  o wrap_loop                             |     -|  6.57|  2097182|  1.887e+07|        32|        1|  2097152|       yes|     -|        -|            -|            -|    -|
    +------------------------------------------+------+------+---------+-----------+----------+---------+---------+----------+------+---------+-------------+-------------+-----+


================================================================
== HW Interfaces
================================================================
* S_AXILITE Interfaces
+---------------+------------+---------------+--------+----------+
| Interface     | Data Width | Address Width | Offset | Register |
+---------------+------------+---------------+--------+----------+
| s_axi_control | 32         | 5             | 16     | 0        |
+---------------+------------+---------------+--------+----------+

* S_AXILITE Registers
+---------------+------------+--------+-------+--------+----------------------------------+----------------------------------------------------------------------+
| Interface     | Register   | Offset | Width | Access | Description                      | Bit Fields                                                           |
+---------------+------------+--------+-------+--------+----------------------------------+----------------------------------------------------------------------+
| s_axi_control | CTRL       | 0x00   | 32    | RW     | Control signals                  | 0=AP_START 1=AP_DONE 2=AP_IDLE 3=AP_READY 7=AUTO_RESTART 9=INTERRUPT |
| s_axi_control | GIER       | 0x04   | 32    | RW     | Global Interrupt Enable Register | 0=Enable                                                             |
| s_axi_control | IP_IER     | 0x08   | 32    | RW     | IP Interrupt Enable Register     | 0=CHAN0_INT_EN 1=CHAN1_INT_EN                                        |
| s_axi_control | IP_ISR     | 0x0c   | 32    | RW     | IP Interrupt Status Register     | 0=CHAN0_INT_ST 1=CHAN1_INT_ST                                        |
| s_axi_control | num_pixels | 0x10   | 32    | W      | Data signal of num_pixels        |                                                                      |
+---------------+------------+--------+-------+--------+----------------------------------+----------------------------------------------------------------------+

* AXIS
+-----------+-----------+---------------+-------+-------+-------+--------+-------+--------+
| Interface | Direction | Register Mode | TDATA | TKEEP | TLAST | TREADY | TSTRB | TVALID |
+-----------+-----------+---------------+-------+-------+-------+--------+-------+--------+
| imStack   | in        | both          | 256   | 32    | 1     | 1      | 32    | 1      |
| out_r     | out       | both          | 128   | 16    | 1     | 1      | 16    | 1      |
+-----------+-----------+---------------+-------+-------+-------+--------+-------+--------+

* TOP LEVEL CONTROL
+-----------+------------+-----------+
| Interface | Type       | Ports     |
+-----------+------------+-----------+
| ap_clk    | clock      | ap_clk    |
| ap_rst_n  | reset      | ap_rst_n  |
| interrupt | interrupt  | interrupt |
| ap_ctrl   | ap_ctrl_hs |           |
+-----------+------------+-----------+


================================================================
== SW I/O Information
================================================================
* Top Function Arguments
+------------+-----------+--------------------------------------------------------------------------------------------+
| Argument   | Direction | Datatype                                                                                   |
+------------+-----------+--------------------------------------------------------------------------------------------+
| imStack    | in        | stream<hls::axis<hls::vector<hls::vector<unsigned short, 8>, 2>, 0, 0, 0, '8', false>, 0>& |
| out        | out       | stream<hls::axis<hls::vector<ap_uint<64>, 2>, 0, 0, 0, '8', false>, 0>&                    |
| num_pixels | in        | unsigned int                                                                               |
+------------+-----------+--------------------------------------------------------------------------------------------+

* SW-to-HW Mapping
+------------+---------------+-----------+--------------------------------------+
| Argument   | HW Interface  | HW Type   | HW Info                              |
+------------+---------------+-----------+--------------------------------------+
| imStack    | imStack       | interface |                                      |
| out        | out_r         | interface |                                      |
| num_pixels | s_axi_control | register  | name=num_pixels offset=0x10 range=32 |
+------------+---------------+-----------+--------------------------------------+


================================================================
== Bind Op Report
================================================================
+------------------------------------------+-----+--------+---------------------------+-----------+------------------------+---------+
| Name                                     | DSP | Pragma | Variable                  | Op        | Impl                   | Latency |
+------------------------------------------+-----+--------+---------------------------+-----------+------------------------+---------+
| + equalStep_baseline                     | 16  |        |                           |           |                        |         |
|   add_ln72_fu_91_p2                      |     |        | add_ln72                  | add       | fabric                 | 0       |
|   sub32_fu_111_p2                        |     |        | sub32                     | add       | fabric                 | 0       |
|  + equalStep_baseline_Pipeline_wrap_loop | 16  |        |                           |           |                        |         |
|    icmp_ln75_fu_574_p2                   |     |        | icmp_ln75                 | seteq     | auto                   | 0       |
|    i_1_fu_580_p2                         |     |        | i_1                       | add       | fabric                 | 0       |
|    icmp_ln91_fu_606_p2                   |     |        | icmp_ln91                 | setlt     | auto                   | 0       |
|    mac_muladd_12ns_12ns_24ns_25_4_1_U11  | 1   |        | mul_ln27                  | mul       | dsp_slice              | 3       |
|    mac_muladd_12ns_11ns_25ns_25_4_1_U12  | 1   |        | mul_ln28                  | mul       | dsp_slice              | 3       |
|    mac_muladd_12ns_11ns_25ns_25_4_1_U12  | 1   |        | zext_ln26                 | zext      | dsp_slice              | 3       |
|    mul_12ns_13ns_24_1_1_U1               | 1   |        | mul_ln27_1                | mul       | auto                   | 0       |
|    mac_muladd_12ns_12ns_24ns_25_4_1_U11  | 1   |        | zext_ln27                 | zext      | dsp_slice              | 3       |
|    mac_muladd_13s_12ns_25s_26_4_1_U13    | 1   |        | mul_ln28_1                | mul       | dsp_slice              | 3       |
|    mac_muladd_13s_12ns_25s_26_4_1_U13    | 1   |        | sext_ln26                 | sext      | dsp_slice              | 3       |
|    mul_12ns_13s_25_1_1_U2                | 1   |        | mul_ln27_2                | mul       | auto                   | 0       |
|    mul_12ns_13s_25_1_1_U3                | 1   |        | mul_ln28_2                | mul       | auto                   | 0       |
|    mac_muladd_13s_12ns_25s_26_4_1_U14    | 1   |        | mul_ln27_3                | mul       | dsp_slice              | 3       |
|    mac_muladd_13s_12ns_25s_26_4_1_U14    | 1   |        | sext_ln27                 | sext      | dsp_slice              | 3       |
|    mac_muladd_13s_12ns_25s_26_4_1_U14    | 1   |        | add_ln27                  | add       | dsp_slice              | 3       |
|    mac_muladd_12ns_12ns_24ns_25_4_1_U11  | 1   |        | add_ln27_1                | add       | dsp_slice              | 3       |
|    x_fu_856_p2                           |     |        | x                         | add       | fabric                 | 0       |
|    mac_muladd_12ns_11ns_24ns_25_4_1_U9   | 1   |        | mul_ln28_3                | mul       | dsp_slice              | 3       |
|    mac_muladd_12ns_11ns_24ns_25_4_1_U9   | 1   |        | zext_ln28_2               | zext      | dsp_slice              | 3       |
|    mac_muladd_13s_12ns_25s_26_4_1_U13    | 1   |        | add_ln28                  | add       | dsp_slice              | 3       |
|    mac_muladd_12ns_11ns_24ns_25_4_1_U9   | 1   |        | add_ln28_1                | add       | dsp_slice              | 3       |
|    mac_muladd_12ns_11ns_25ns_25_4_1_U12  | 1   |        | add_ln28_2                | add       | dsp_slice              | 3       |
|    y_fu_864_p2                           |     |        | y                         | add       | fabric                 | 0       |
|    icmp_ln575_fu_885_p2                  |     |        | icmp_ln575                | setgt     | auto                   | 0       |
|    icmp_ln575_1_fu_890_p2                |     |        | icmp_ln575_1              | seteq     | auto                   | 0       |
|    signin1_fu_899_p3                     |     |        | signin1                   | select    | auto_sel               | 0       |
|    icmp_ln576_fu_907_p2                  |     |        | icmp_ln576                | setgt     | auto                   | 0       |
|    icmp_ln576_1_fu_912_p2                |     |        | icmp_ln576_1              | seteq     | auto                   | 0       |
|    signin2_fu_921_p3                     |     |        | signin2                   | select    | auto_sel               | 0       |
|    icmp_ln582_fu_929_p2                  |     |        | icmp_ln582                | seteq     | auto                   | 0       |
|    and_ln582_fu_6517_p2                  |     |        | and_ln582                 | and       | auto                   | 0       |
|    icmp_ln586_fu_935_p2                  |     |        | icmp_ln586                | seteq     | auto                   | 0       |
|    and_ln586_fu_6521_p2                  |     |        | and_ln586                 | and       | auto                   | 0       |
|    icmp_ln590_fu_941_p2                  |     |        | icmp_ln590                | seteq     | auto                   | 0       |
|    and_ln590_fu_6567_p2                  |     |        | and_ln590                 | and       | auto                   | 0       |
|    icmp_ln594_fu_947_p2                  |     |        | icmp_ln594                | seteq     | auto                   | 0       |
|    and_ln594_fu_6571_p2                  |     |        | and_ln594                 | and       | auto                   | 0       |
|    icmp_ln598_fu_953_p2                  |     |        | icmp_ln598                | seteq     | auto                   | 0       |
|    select_ln599_fu_6951_p3               |     |        | select_ln599              | select    | auto_sel               | 0       |
|    or_ln599_fu_6958_p2                   |     |        | or_ln599                  | or        | auto                   | 0       |
|    out_fu_6993_p10                       |     |        | select_ln599_1            | select    | auto_sel               | 0       |
|    in1abs_fu_957_p2                      |     |        | in1abs                    | sub       | fabric                 | 0       |
|    in1abs_4_fu_962_p3                    |     |        | in1abs_4                  | select    | auto_sel               | 0       |
|    in2abs_fu_969_p2                      |     |        | in2abs                    | sub       | fabric                 | 0       |
|    in2abs_4_fu_974_p3                    |     |        | in2abs_4                  | select    | auto_sel               | 0       |
|    icmp_ln639_fu_1101_p2                 |     |        | icmp_ln639                | setgt     | auto                   | 0       |
|    x_1_fu_1119_p3                        |     |        | x_1                       | select    | auto_sel               | 0       |
|    y_1_fu_1131_p3                        |     |        | y_1                       | select    | auto_sel               | 0       |
|    add_ln82_fu_1151_p2                   |     |        | add_ln82                  | add       | fabric                 | 0       |
|    sub_ln77_fu_1157_p2                   |     |        | sub_ln77                  | sub       | fabric                 | 0       |
|    sub_ln81_fu_1163_p2                   |     |        | sub_ln81                  | sub       | fabric                 | 0       |
|    select_ln75_fu_1237_p3                |     |        | select_ln75               | select    | auto_sel               | 0       |
|    select_ln75_1_fu_1246_p3              |     |        | select_ln75_1             | select    | auto_sel               | 0       |
|    sub_ln81_1_fu_1291_p2                 |     |        | sub_ln81_1                | sub       | fabric                 | 0       |
|    add_ln82_1_fu_1297_p2                 |     |        | add_ln82_1                | add       | fabric                 | 0       |
|    select_ln83_fu_2581_p3                |     |        | select_ln83               | select    | auto_sel               | 0       |
|    add_ln76_fu_1303_p2                   |     |        | add_ln76                  | add       | fabric                 | 0       |
|    sub_ln77_1_fu_1309_p2                 |     |        | sub_ln77_1                | sub       | fabric                 | 0       |
|    select_ln78_fu_2588_p3                |     |        | select_ln78               | select    | auto_sel               | 0       |
|    tx_0_1_0_0_0_i_fu_1315_p3             |     |        | tx_0_1_0_0_0_i            | select    | auto_sel               | 0       |
|    ty_0_1_0_0_0_i_fu_1323_p3             |     |        | ty_0_1_0_0_0_i            | select    | auto_sel               | 0       |
|    tz_0_1_0_0_0_i_fu_2595_p3             |     |        | tz_0_1_0_0_0_i            | select    | auto_sel               | 0       |
|    sub_ln81_2_fu_1485_p2                 |     |        | sub_ln81_2                | sub       | fabric                 | 0       |
|    add_ln82_2_fu_1490_p2                 |     |        | add_ln82_2                | add       | fabric                 | 0       |
|    add_ln76_1_fu_1496_p2                 |     |        | add_ln76_1                | add       | fabric                 | 0       |
|    sub_ln77_2_fu_1501_p2                 |     |        | sub_ln77_2                | sub       | fabric                 | 0       |
|    tx_0_2_0_0_0_i_fu_1507_p3             |     |        | tx_0_2_0_0_0_i            | select    | auto_sel               | 0       |
|    ty_0_2_0_0_0_i_fu_1519_p3             |     |        | ty_0_2_0_0_0_i            | select    | auto_sel               | 0       |
|    tz_0_2_0_0_0_i_v_cast_fu_2602_p3      |     |        | tz_0_2_0_0_0_i_v_cast     | select    | auto_sel               | 0       |
|    tz_0_2_0_0_0_i_fu_2609_p2             |     |        | tz_0_2_0_0_0_i            | add       | fabric                 | 0       |
|    sub_ln81_3_fu_1567_p2                 |     |        | sub_ln81_3                | sub       | fabric                 | 0       |
|    add_ln82_3_fu_1573_p2                 |     |        | add_ln82_3                | add       | fabric                 | 0       |
|    add_ln76_2_fu_1579_p2                 |     |        | add_ln76_2                | add       | fabric                 | 0       |
|    sub_ln77_3_fu_1585_p2                 |     |        | sub_ln77_3                | sub       | fabric                 | 0       |
|    tx_0_3_0_0_0_i_fu_1717_p3             |     |        | tx_0_3_0_0_0_i            | select    | auto_sel               | 0       |
|    ty_0_3_0_0_0_i_fu_1722_p3             |     |        | ty_0_3_0_0_0_i            | select    | auto_sel               | 0       |
|    tz_0_3_0_0_0_i_v_cast_fu_2877_p3      |     |        | tz_0_3_0_0_0_i_v_cast     | select    | auto_sel               | 0       |
|    sub_ln81_4_fu_1767_p2                 |     |        | sub_ln81_4                | sub       | fabric                 | 0       |
|    add_ln82_4_fu_1773_p2                 |     |        | add_ln82_4                | add       | fabric                 | 0       |
|    add_ln76_3_fu_1779_p2                 |     |        | add_ln76_3                | add       | fabric                 | 0       |
|    sub_ln77_4_fu_1785_p2                 |     |        | sub_ln77_4                | sub       | fabric                 | 0       |
|    tx_0_4_0_0_0_i_fu_1791_p3             |     |        | tx_0_4_0_0_0_i            | select    | auto_sel               | 0       |
|    ty_0_4_0_0_0_i_fu_1799_p3             |     |        | ty_0_4_0_0_0_i            | select    | auto_sel               | 0       |
|    tz_0_4_0_0_0_i_v_cast_fu_2889_p3      |     |        | tz_0_4_0_0_0_i_v_cast     | select    | auto_sel               | 0       |
|    sub_ln81_5_fu_1959_p2                 |     |        | sub_ln81_5                | sub       | fabric                 | 0       |
|    add_ln82_5_fu_1964_p2                 |     |        | add_ln82_5                | add       | fabric                 | 0       |
|    add_ln76_4_fu_1969_p2                 |     |        | add_ln76_4                | add       | fabric                 | 0       |
|    sub_ln77_5_fu_1974_p2                 |     |        | sub_ln77_5                | sub       | fabric                 | 0       |
|    tx_0_5_0_0_0_i_fu_1979_p3             |     |        | tx_0_5_0_0_0_i            | select    | auto_sel               | 0       |
|    ty_0_5_0_0_0_i_fu_1986_p3             |     |        | ty_0_5_0_0_0_i            | select    | auto_sel               | 0       |
|    tz_0_5_0_0_0_i_v_cast_fu_3127_p3      |     |        | tz_0_5_0_0_0_i_v_cast     | select    | auto_sel               | 0       |
|    sub_ln81_6_fu_2029_p2                 |     |        | sub_ln81_6                | sub       | fabric                 | 0       |
|    add_ln82_6_fu_2035_p2                 |     |        | add_ln82_6                | add       | fabric                 | 0       |
|    add_ln76_5_fu_2041_p2                 |     |        | add_ln76_5                | add       | fabric                 | 0       |
|    sub_ln77_6_fu_2047_p2                 |     |        | sub_ln77_6                | sub       | fabric                 | 0       |
|    tx_0_6_0_0_0_i_fu_2153_p3             |     |        | tx_0_6_0_0_0_i            | select    | auto_sel               | 0       |
|    ty_0_6_0_0_0_i_fu_2158_p3             |     |        | ty_0_6_0_0_0_i            | select    | auto_sel               | 0       |
|    tz_0_6_0_0_0_i_v_cast_fu_3139_p3      |     |        | tz_0_6_0_0_0_i_v_cast     | select    | auto_sel               | 0       |
|    sub_ln81_7_fu_2199_p2                 |     |        | sub_ln81_7                | sub       | fabric                 | 0       |
|    add_ln82_7_fu_2205_p2                 |     |        | add_ln82_7                | add       | fabric                 | 0       |
|    add_ln76_6_fu_2211_p2                 |     |        | add_ln76_6                | add       | fabric                 | 0       |
|    sub_ln77_7_fu_2217_p2                 |     |        | sub_ln77_7                | sub       | fabric                 | 0       |
|    tx_0_7_0_0_0_i_fu_2223_p3             |     |        | tx_0_7_0_0_0_i            | select    | auto_sel               | 0       |
|    ty_0_7_0_0_0_i_fu_2231_p3             |     |        | ty_0_7_0_0_0_i            | select    | auto_sel               | 0       |
|    tz_0_7_0_0_0_i_v_cast_fu_3405_p3      |     |        | tz_0_7_0_0_0_i_v_cast     | select    | auto_sel               | 0       |
|    sub_ln81_8_fu_2387_p2                 |     |        | sub_ln81_8                | sub       | fabric                 | 0       |
|    add_ln82_8_fu_2392_p2                 |     |        | add_ln82_8                | add       | fabric                 | 0       |
|    add_ln76_7_fu_2397_p2                 |     |        | add_ln76_7                | add       | fabric                 | 0       |
|    sub_ln77_8_fu_2402_p2                 |     |        | sub_ln77_8                | sub       | fabric                 | 0       |
|    tx_0_8_0_0_0_i_fu_2407_p3             |     |        | tx_0_8_0_0_0_i            | select    | auto_sel               | 0       |
|    ty_0_8_0_0_0_i_fu_2414_p3             |     |        | ty_0_8_0_0_0_i            | select    | auto_sel               | 0       |
|    tz_0_8_0_0_0_i_v_cast_fu_3417_p3      |     |        | tz_0_8_0_0_0_i_v_cast     | select    | auto_sel               | 0       |
|    sub_ln81_9_fu_2457_p2                 |     |        | sub_ln81_9                | sub       | fabric                 | 0       |
|    add_ln82_9_fu_2463_p2                 |     |        | add_ln82_9                | add       | fabric                 | 0       |
|    add_ln76_8_fu_2469_p2                 |     |        | add_ln76_8                | add       | fabric                 | 0       |
|    sub_ln77_9_fu_2475_p2                 |     |        | sub_ln77_9                | sub       | fabric                 | 0       |
|    tx_0_9_0_0_0_i_fu_2615_p3             |     |        | tx_0_9_0_0_0_i            | select    | auto_sel               | 0       |
|    ty_0_9_0_0_0_i_fu_2620_p3             |     |        | ty_0_9_0_0_0_i            | select    | auto_sel               | 0       |
|    tz_0_9_0_0_0_i_v_cast_fu_3655_p3      |     |        | tz_0_9_0_0_0_i_v_cast     | select    | auto_sel               | 0       |
|    sub_ln81_10_fu_2661_p2                |     |        | sub_ln81_10               | sub       | fabric                 | 0       |
|    add_ln82_10_fu_2667_p2                |     |        | add_ln82_10               | add       | fabric                 | 0       |
|    add_ln76_9_fu_2673_p2                 |     |        | add_ln76_9                | add       | fabric                 | 0       |
|    sub_ln77_10_fu_2679_p2                |     |        | sub_ln77_10               | sub       | fabric                 | 0       |
|    tx_0_10_0_0_0_i_fu_2685_p3            |     |        | tx_0_10_0_0_0_i           | select    | auto_sel               | 0       |
|    ty_0_10_0_0_0_i_fu_2693_p3            |     |        | ty_0_10_0_0_0_i           | select    | auto_sel               | 0       |
|    tz_0_10_0_0_0_i_v_cast_fu_3667_p3     |     |        | tz_0_10_0_0_0_i_v_cast    | select    | auto_sel               | 0       |
|    sub_ln81_11_fu_2908_p2                |     |        | sub_ln81_11               | sub       | fabric                 | 0       |
|    add_ln82_11_fu_2913_p2                |     |        | add_ln82_11               | add       | fabric                 | 0       |
|    add_ln76_10_fu_2918_p2                |     |        | add_ln76_10               | add       | fabric                 | 0       |
|    sub_ln77_11_fu_2923_p2                |     |        | sub_ln77_11               | sub       | fabric                 | 0       |
|    tx_0_11_0_0_0_i_fu_2928_p3            |     |        | tx_0_11_0_0_0_i           | select    | auto_sel               | 0       |
|    ty_0_11_0_0_0_i_fu_2935_p3            |     |        | ty_0_11_0_0_0_i           | select    | auto_sel               | 0       |
|    tz_0_11_0_0_0_i_v_cast_fu_3933_p3     |     |        | tz_0_11_0_0_0_i_v_cast    | select    | auto_sel               | 0       |
|    sub_ln81_12_fu_2978_p2                |     |        | sub_ln81_12               | sub       | fabric                 | 0       |
|    add_ln82_12_fu_2984_p2                |     |        | add_ln82_12               | add       | fabric                 | 0       |
|    add_ln76_11_fu_2990_p2                |     |        | add_ln76_11               | add       | fabric                 | 0       |
|    sub_ln77_12_fu_2996_p2                |     |        | sub_ln77_12               | sub       | fabric                 | 0       |
|    tx_0_12_0_0_0_i_fu_3152_p3            |     |        | tx_0_12_0_0_0_i           | select    | auto_sel               | 0       |
|    ty_0_12_0_0_0_i_fu_3157_p3            |     |        | ty_0_12_0_0_0_i           | select    | auto_sel               | 0       |
|    tz_0_12_0_0_0_i_v_cast_fu_3945_p3     |     |        | tz_0_12_0_0_0_i_v_cast    | select    | auto_sel               | 0       |
|    sub_ln81_13_fu_3198_p2                |     |        | sub_ln81_13               | sub       | fabric                 | 0       |
|    add_ln82_13_fu_3204_p2                |     |        | add_ln82_13               | add       | fabric                 | 0       |
|    add_ln76_12_fu_3210_p2                |     |        | add_ln76_12               | add       | fabric                 | 0       |
|    sub_ln77_13_fu_3216_p2                |     |        | sub_ln77_13               | sub       | fabric                 | 0       |
|    tx_0_13_0_0_0_i_fu_3222_p3            |     |        | tx_0_13_0_0_0_i           | select    | auto_sel               | 0       |
|    ty_0_13_0_0_0_i_fu_3230_p3            |     |        | ty_0_13_0_0_0_i           | select    | auto_sel               | 0       |
|    tz_0_13_0_0_0_i_v_cast_fu_4183_p3     |     |        | tz_0_13_0_0_0_i_v_cast    | select    | auto_sel               | 0       |
|    sub_ln81_14_fu_3436_p2                |     |        | sub_ln81_14               | sub       | fabric                 | 0       |
|    add_ln82_14_fu_3441_p2                |     |        | add_ln82_14               | add       | fabric                 | 0       |
|    add_ln76_13_fu_3446_p2                |     |        | add_ln76_13               | add       | fabric                 | 0       |
|    sub_ln77_14_fu_3451_p2                |     |        | sub_ln77_14               | sub       | fabric                 | 0       |
|    tx_0_14_0_0_0_i_fu_3456_p3            |     |        | tx_0_14_0_0_0_i           | select    | auto_sel               | 0       |
|    ty_0_14_0_0_0_i_fu_3463_p3            |     |        | ty_0_14_0_0_0_i           | select    | auto_sel               | 0       |
|    tz_0_14_0_0_0_i_v_cast_fu_4195_p3     |     |        | tz_0_14_0_0_0_i_v_cast    | select    | auto_sel               | 0       |
|    sub_ln81_15_fu_3506_p2                |     |        | sub_ln81_15               | sub       | fabric                 | 0       |
|    add_ln82_15_fu_3512_p2                |     |        | add_ln82_15               | add       | fabric                 | 0       |
|    add_ln76_14_fu_3518_p2                |     |        | add_ln76_14               | add       | fabric                 | 0       |
|    sub_ln77_15_fu_3524_p2                |     |        | sub_ln77_15               | sub       | fabric                 | 0       |
|    tx_0_15_0_0_0_i_fu_3680_p3            |     |        | tx_0_15_0_0_0_i           | select    | auto_sel               | 0       |
|    ty_0_15_0_0_0_i_fu_3685_p3            |     |        | ty_0_15_0_0_0_i           | select    | auto_sel               | 0       |
|    tz_0_15_0_0_0_i_v_cast_fu_4461_p3     |     |        | tz_0_15_0_0_0_i_v_cast    | select    | auto_sel               | 0       |
|    sub_ln81_16_fu_3726_p2                |     |        | sub_ln81_16               | sub       | fabric                 | 0       |
|    add_ln82_16_fu_3732_p2                |     |        | add_ln82_16               | add       | fabric                 | 0       |
|    add_ln76_15_fu_3738_p2                |     |        | add_ln76_15               | add       | fabric                 | 0       |
|    sub_ln77_16_fu_3744_p2                |     |        | sub_ln77_16               | sub       | fabric                 | 0       |
|    tx_0_16_0_0_0_i_fu_3750_p3            |     |        | tx_0_16_0_0_0_i           | select    | auto_sel               | 0       |
|    ty_0_16_0_0_0_i_fu_3758_p3            |     |        | ty_0_16_0_0_0_i           | select    | auto_sel               | 0       |
|    tz_0_16_0_0_0_i_v_cast_fu_4473_p3     |     |        | tz_0_16_0_0_0_i_v_cast    | select    | auto_sel               | 0       |
|    sub_ln81_17_fu_3964_p2                |     |        | sub_ln81_17               | sub       | fabric                 | 0       |
|    add_ln82_17_fu_3969_p2                |     |        | add_ln82_17               | add       | fabric                 | 0       |
|    add_ln76_16_fu_3974_p2                |     |        | add_ln76_16               | add       | fabric                 | 0       |
|    sub_ln77_17_fu_3979_p2                |     |        | sub_ln77_17               | sub       | fabric                 | 0       |
|    tx_0_17_0_0_0_i_fu_3984_p3            |     |        | tx_0_17_0_0_0_i           | select    | auto_sel               | 0       |
|    ty_0_17_0_0_0_i_fu_3991_p3            |     |        | ty_0_17_0_0_0_i           | select    | auto_sel               | 0       |
|    tz_0_17_0_0_0_i_v_cast_fu_4711_p3     |     |        | tz_0_17_0_0_0_i_v_cast    | select    | auto_sel               | 0       |
|    sub_ln81_18_fu_4034_p2                |     |        | sub_ln81_18               | sub       | fabric                 | 0       |
|    add_ln82_18_fu_4040_p2                |     |        | add_ln82_18               | add       | fabric                 | 0       |
|    add_ln76_17_fu_4046_p2                |     |        | add_ln76_17               | add       | fabric                 | 0       |
|    sub_ln77_18_fu_4052_p2                |     |        | sub_ln77_18               | sub       | fabric                 | 0       |
|    tx_0_18_0_0_0_i_fu_4208_p3            |     |        | tx_0_18_0_0_0_i           | select    | auto_sel               | 0       |
|    ty_0_18_0_0_0_i_fu_4213_p3            |     |        | ty_0_18_0_0_0_i           | select    | auto_sel               | 0       |
|    tz_0_18_0_0_0_i_v_cast_fu_4723_p3     |     |        | tz_0_18_0_0_0_i_v_cast    | select    | auto_sel               | 0       |
|    sub_ln81_19_fu_4254_p2                |     |        | sub_ln81_19               | sub       | fabric                 | 0       |
|    add_ln82_19_fu_4260_p2                |     |        | add_ln82_19               | add       | fabric                 | 0       |
|    add_ln76_18_fu_4266_p2                |     |        | add_ln76_18               | add       | fabric                 | 0       |
|    sub_ln77_19_fu_4272_p2                |     |        | sub_ln77_19               | sub       | fabric                 | 0       |
|    tx_0_19_0_0_0_i_fu_4278_p3            |     |        | tx_0_19_0_0_0_i           | select    | auto_sel               | 0       |
|    ty_0_19_0_0_0_i_fu_4286_p3            |     |        | ty_0_19_0_0_0_i           | select    | auto_sel               | 0       |
|    tz_0_19_0_0_0_i_v_cast_fu_4989_p3     |     |        | tz_0_19_0_0_0_i_v_cast    | select    | auto_sel               | 0       |
|    sub_ln81_20_fu_4492_p2                |     |        | sub_ln81_20               | sub       | fabric                 | 0       |
|    add_ln82_20_fu_4497_p2                |     |        | add_ln82_20               | add       | fabric                 | 0       |
|    add_ln76_19_fu_4502_p2                |     |        | add_ln76_19               | add       | fabric                 | 0       |
|    sub_ln77_20_fu_4507_p2                |     |        | sub_ln77_20               | sub       | fabric                 | 0       |
|    tx_0_20_0_0_0_i_fu_4512_p3            |     |        | tx_0_20_0_0_0_i           | select    | auto_sel               | 0       |
|    ty_0_20_0_0_0_i_fu_4519_p3            |     |        | ty_0_20_0_0_0_i           | select    | auto_sel               | 0       |
|    tz_0_20_0_0_0_i_v_cast_fu_5001_p3     |     |        | tz_0_20_0_0_0_i_v_cast    | select    | auto_sel               | 0       |
|    sub_ln81_21_fu_4562_p2                |     |        | sub_ln81_21               | sub       | fabric                 | 0       |
|    add_ln82_21_fu_4568_p2                |     |        | add_ln82_21               | add       | fabric                 | 0       |
|    add_ln76_20_fu_4574_p2                |     |        | add_ln76_20               | add       | fabric                 | 0       |
|    sub_ln77_21_fu_4580_p2                |     |        | sub_ln77_21               | sub       | fabric                 | 0       |
|    tx_0_21_0_0_0_i_fu_4736_p3            |     |        | tx_0_21_0_0_0_i           | select    | auto_sel               | 0       |
|    ty_0_21_0_0_0_i_fu_4741_p3            |     |        | ty_0_21_0_0_0_i           | select    | auto_sel               | 0       |
|    tz_0_21_0_0_0_i_v_cast_fu_5239_p3     |     |        | tz_0_21_0_0_0_i_v_cast    | select    | auto_sel               | 0       |
|    sub_ln81_22_fu_4782_p2                |     |        | sub_ln81_22               | sub       | fabric                 | 0       |
|    add_ln82_22_fu_4788_p2                |     |        | add_ln82_22               | add       | fabric                 | 0       |
|    add_ln76_21_fu_4794_p2                |     |        | add_ln76_21               | add       | fabric                 | 0       |
|    sub_ln77_22_fu_4800_p2                |     |        | sub_ln77_22               | sub       | fabric                 | 0       |
|    tx_0_22_0_0_0_i_fu_4806_p3            |     |        | tx_0_22_0_0_0_i           | select    | auto_sel               | 0       |
|    ty_0_22_0_0_0_i_fu_4814_p3            |     |        | ty_0_22_0_0_0_i           | select    | auto_sel               | 0       |
|    tz_0_22_0_0_0_i_v_cast_fu_5251_p3     |     |        | tz_0_22_0_0_0_i_v_cast    | select    | auto_sel               | 0       |
|    sub_ln81_23_fu_5020_p2                |     |        | sub_ln81_23               | sub       | fabric                 | 0       |
|    add_ln82_23_fu_5025_p2                |     |        | add_ln82_23               | add       | fabric                 | 0       |
|    add_ln76_22_fu_5030_p2                |     |        | add_ln76_22               | add       | fabric                 | 0       |
|    sub_ln77_23_fu_5035_p2                |     |        | sub_ln77_23               | sub       | fabric                 | 0       |
|    tx_0_23_0_0_0_i_fu_5040_p3            |     |        | tx_0_23_0_0_0_i           | select    | auto_sel               | 0       |
|    ty_0_23_0_0_0_i_fu_5047_p3            |     |        | ty_0_23_0_0_0_i           | select    | auto_sel               | 0       |
|    tz_0_23_0_0_0_i_v_cast_fu_5517_p3     |     |        | tz_0_23_0_0_0_i_v_cast    | select    | auto_sel               | 0       |
|    sub_ln81_24_fu_5090_p2                |     |        | sub_ln81_24               | sub       | fabric                 | 0       |
|    add_ln82_24_fu_5096_p2                |     |        | add_ln82_24               | add       | fabric                 | 0       |
|    add_ln76_23_fu_5102_p2                |     |        | add_ln76_23               | add       | fabric                 | 0       |
|    sub_ln77_24_fu_5108_p2                |     |        | sub_ln77_24               | sub       | fabric                 | 0       |
|    tx_0_24_0_0_0_i_fu_5264_p3            |     |        | tx_0_24_0_0_0_i           | select    | auto_sel               | 0       |
|    ty_0_24_0_0_0_i_fu_5269_p3            |     |        | ty_0_24_0_0_0_i           | select    | auto_sel               | 0       |
|    tz_0_24_0_0_0_i_v_cast_fu_5529_p3     |     |        | tz_0_24_0_0_0_i_v_cast    | select    | auto_sel               | 0       |
|    sub_ln81_25_fu_5310_p2                |     |        | sub_ln81_25               | sub       | fabric                 | 0       |
|    add_ln82_25_fu_5316_p2                |     |        | add_ln82_25               | add       | fabric                 | 0       |
|    add_ln76_24_fu_5322_p2                |     |        | add_ln76_24               | add       | fabric                 | 0       |
|    sub_ln77_25_fu_5328_p2                |     |        | sub_ln77_25               | sub       | fabric                 | 0       |
|    tx_0_25_0_0_0_i_fu_5334_p3            |     |        | tx_0_25_0_0_0_i           | select    | auto_sel               | 0       |
|    ty_0_25_0_0_0_i_fu_5342_p3            |     |        | ty_0_25_0_0_0_i           | select    | auto_sel               | 0       |
|    tz_0_25_0_0_0_i_v_cast_fu_5767_p3     |     |        | tz_0_25_0_0_0_i_v_cast    | select    | auto_sel               | 0       |
|    sub_ln81_26_fu_5548_p2                |     |        | sub_ln81_26               | sub       | fabric                 | 0       |
|    add_ln82_26_fu_5553_p2                |     |        | add_ln82_26               | add       | fabric                 | 0       |
|    add_ln76_25_fu_5558_p2                |     |        | add_ln76_25               | add       | fabric                 | 0       |
|    sub_ln77_26_fu_5563_p2                |     |        | sub_ln77_26               | sub       | fabric                 | 0       |
|    tx_0_26_0_0_0_i_fu_5568_p3            |     |        | tx_0_26_0_0_0_i           | select    | auto_sel               | 0       |
|    ty_0_26_0_0_0_i_fu_5575_p3            |     |        | ty_0_26_0_0_0_i           | select    | auto_sel               | 0       |
|    tz_0_26_0_0_0_i_v_cast_fu_5779_p3     |     |        | tz_0_26_0_0_0_i_v_cast    | select    | auto_sel               | 0       |
|    sub_ln81_27_fu_5618_p2                |     |        | sub_ln81_27               | sub       | fabric                 | 0       |
|    add_ln82_27_fu_5624_p2                |     |        | add_ln82_27               | add       | fabric                 | 0       |
|    add_ln76_26_fu_5630_p2                |     |        | add_ln76_26               | add       | fabric                 | 0       |
|    sub_ln77_27_fu_5636_p2                |     |        | sub_ln77_27               | sub       | fabric                 | 0       |
|    tx_0_27_0_0_0_i_fu_5792_p3            |     |        | tx_0_27_0_0_0_i           | select    | auto_sel               | 0       |
|    ty_0_27_0_0_0_i_fu_5797_p3            |     |        | ty_0_27_0_0_0_i           | select    | auto_sel               | 0       |
|    tz_0_27_0_0_0_i_v_cast_fu_6045_p3     |     |        | tz_0_27_0_0_0_i_v_cast    | select    | auto_sel               | 0       |
|    sub_ln81_28_fu_5838_p2                |     |        | sub_ln81_28               | sub       | fabric                 | 0       |
|    add_ln82_28_fu_5844_p2                |     |        | add_ln82_28               | add       | fabric                 | 0       |
|    add_ln76_27_fu_5850_p2                |     |        | add_ln76_27               | add       | fabric                 | 0       |
|    sub_ln77_28_fu_5856_p2                |     |        | sub_ln77_28               | sub       | fabric                 | 0       |
|    tx_0_28_0_0_0_i_fu_5862_p3            |     |        | tx_0_28_0_0_0_i           | select    | auto_sel               | 0       |
|    ty_0_28_0_0_0_i_fu_5870_p3            |     |        | ty_0_28_0_0_0_i           | select    | auto_sel               | 0       |
|    tz_0_28_0_0_0_i_v_cast_fu_6057_p3     |     |        | tz_0_28_0_0_0_i_v_cast    | select    | auto_sel               | 0       |
|    sub_ln81_29_fu_6076_p2                |     |        | sub_ln81_29               | sub       | fabric                 | 0       |
|    add_ln82_29_fu_6081_p2                |     |        | add_ln82_29               | add       | fabric                 | 0       |
|    add_ln76_28_fu_6086_p2                |     |        | add_ln76_28               | add       | fabric                 | 0       |
|    sub_ln77_29_fu_6091_p2                |     |        | sub_ln77_29               | sub       | fabric                 | 0       |
|    tx_0_29_0_0_0_i_fu_6096_p3            |     |        | tx_0_29_0_0_0_i           | select    | auto_sel               | 0       |
|    ty_0_29_0_0_0_i_fu_6103_p3            |     |        | ty_0_29_0_0_0_i           | select    | auto_sel               | 0       |
|    tz_0_29_0_0_0_i_v_cast_fu_6335_p3     |     |        | tz_0_29_0_0_0_i_v_cast    | select    | auto_sel               | 0       |
|    sub_ln81_30_fu_6146_p2                |     |        | sub_ln81_30               | sub       | fabric                 | 0       |
|    add_ln82_30_fu_6152_p2                |     |        | add_ln82_30               | add       | fabric                 | 0       |
|    add_ln76_29_fu_6158_p2                |     |        | add_ln76_29               | add       | fabric                 | 0       |
|    sub_ln77_30_fu_6164_p2                |     |        | sub_ln77_30               | sub       | fabric                 | 0       |
|    ty_0_30_0_0_0_i_fu_6347_p3            |     |        | ty_0_30_0_0_0_i           | select    | auto_sel               | 0       |
|    tz_0_30_0_0_0_i_v_cast_fu_6352_p3     |     |        | tz_0_30_0_0_0_i_v_cast    | select    | auto_sel               | 0       |
|    empty_27_fu_6373_p3                   |     |        | empty_27                  | select    | auto_sel               | 0       |
|    sub_ln77_31_fu_6382_p2                |     |        | sub_ln77_31               | sub       | fabric                 | 0       |
|    add_ln82_31_fu_6388_p2                |     |        | add_ln82_31               | add       | fabric                 | 0       |
|    select_ln65_fu_6525_p3                |     |        | select_ln65               | select    | auto_sel               | 0       |
|    select_ln75_2_fu_6410_p3              |     |        | select_ln75_2             | select    | auto_sel               | 0       |
|    select_ln75_3_fu_6418_p3              |     |        | select_ln75_3             | select    | auto_sel               | 0       |
|    sub_ln652_fu_6578_p2                  |     |        | sub_ln652                 | sub       | fabric                 | 0       |
|    z_fu_6584_p3                          |     |        | z                         | select    | auto_sel               | 0       |
|    and_ln655_fu_6591_p2                  |     |        | and_ln655                 | and       | auto                   | 0       |
|    sub_ln656_fu_6595_p2                  |     |        | sub_ln656                 | sub       | fabric                 | 0       |
|    or_ln658_fu_981_p2                    |     |        | or_ln658                  | or        | auto                   | 0       |
|    icmp_ln658_fu_987_p2                  |     |        | icmp_ln658                | seteq     | auto                   | 0       |
|    add_ln659_fu_6611_p2                  |     |        | add_ln659                 | add       | fabric                 | 0       |
|    sub_ln662_fu_6627_p2                  |     |        | sub_ln662                 | sub       | fabric                 | 0       |
|    xor_ln582_fu_6970_p2                  |     |        | xor_ln582                 | xor       | auto                   | 0       |
|    and_ln586_2_fu_6975_p2                |     |        | and_ln586_2               | and       | auto                   | 0       |
|    or_ln586_fu_6653_p2                   |     |        | or_ln586                  | or        | auto                   | 0       |
|    xor_ln586_fu_6657_p2                  |     |        | xor_ln586                 | xor       | auto                   | 0       |
|    and_ln590_2_fu_6663_p2                |     |        | and_ln590_2               | and       | auto                   | 0       |
|    or_ln590_fu_6669_p2                   |     |        | or_ln590                  | or        | auto                   | 0       |
|    xor_ln590_fu_6675_p2                  |     |        | xor_ln590                 | xor       | auto                   | 0       |
|    and_ln594_2_fu_6681_p2                |     |        | and_ln594_2               | and       | auto                   | 0       |
|    or_ln594_fu_6687_p2                   |     |        | or_ln594                  | or        | auto                   | 0       |
|    xor_ln594_fu_6693_p2                  |     |        | xor_ln594                 | xor       | auto                   | 0       |
|    and_ln598_fu_6699_p2                  |     |        | and_ln598                 | and       | auto                   | 0       |
|    or_ln598_fu_6704_p2                   |     |        | or_ln598                  | or        | auto                   | 0       |
|    xor_ln598_fu_6709_p2                  |     |        | xor_ln598                 | xor       | auto                   | 0       |
|    and_ln655_2_fu_6715_p2                |     |        | and_ln655_2               | and       | auto                   | 0       |
|    or_ln655_fu_6721_p2                   |     |        | or_ln655                  | or        | auto                   | 0       |
|    xor_ln655_fu_6727_p2                  |     |        | xor_ln655                 | xor       | auto                   | 0       |
|    and_ln658_fu_6733_p2                  |     |        | and_ln658                 | and       | auto                   | 0       |
|    or_ln658_2_fu_6738_p2                 |     |        | or_ln658_2                | or        | auto                   | 0       |
|    xor_ln658_fu_6743_p2                  |     |        | xor_ln658                 | xor       | auto                   | 0       |
|    and_ln661_fu_6749_p2                  |     |        | and_ln661                 | and       | auto                   | 0       |
|    and_ln661_1_fu_6754_p2                |     |        | and_ln661_1               | and       | auto                   | 0       |
|    sparsemux_19_8_29_1_1_U7              |     |        | out                       | sparsemux | onehotencoding_realdef | 0       |
|    out0_fu_7043_p3                       |     |        | out0                      | select    | auto_sel               | 0       |
|    icmp_ln95_fu_612_p2                   |     |        | icmp_ln95                 | setlt     | auto                   | 0       |
|    mac_muladd_12ns_12ns_24ns_25_4_1_U15  | 1   |        | mul_ln27_4                | mul       | dsp_slice              | 3       |
|    mac_muladd_12ns_11ns_25ns_25_4_1_U16  | 1   |        | mul_ln28_4                | mul       | dsp_slice              | 3       |
|    mac_muladd_12ns_11ns_25ns_25_4_1_U16  | 1   |        | zext_ln26_1               | zext      | dsp_slice              | 3       |
|    mul_12ns_13ns_24_1_1_U4               | 1   |        | mul_ln27_5                | mul       | auto                   | 0       |
|    mac_muladd_12ns_12ns_24ns_25_4_1_U15  | 1   |        | zext_ln27_2               | zext      | dsp_slice              | 3       |
|    mac_muladd_13s_12ns_25s_26_4_1_U17    | 1   |        | mul_ln28_5                | mul       | dsp_slice              | 3       |
|    mac_muladd_13s_12ns_25s_26_4_1_U17    | 1   |        | sext_ln26_2               | sext      | dsp_slice              | 3       |
|    mul_12ns_13s_25_1_1_U5                | 1   |        | mul_ln27_6                | mul       | auto                   | 0       |
|    mul_12ns_13s_25_1_1_U6                | 1   |        | mul_ln28_6                | mul       | auto                   | 0       |
|    mac_muladd_13s_12ns_25s_26_4_1_U18    | 1   |        | mul_ln27_7                | mul       | dsp_slice              | 3       |
|    mac_muladd_13s_12ns_25s_26_4_1_U18    | 1   |        | sext_ln27_1               | sext      | dsp_slice              | 3       |
|    mac_muladd_13s_12ns_25s_26_4_1_U18    | 1   |        | add_ln27_3                | add       | dsp_slice              | 3       |
|    mac_muladd_12ns_12ns_24ns_25_4_1_U15  | 1   |        | add_ln27_4                | add       | dsp_slice              | 3       |
|    x_2_fu_872_p2                         |     |        | x_2                       | add       | fabric                 | 0       |
|    mac_muladd_12ns_11ns_24ns_25_4_1_U10  | 1   |        | mul_ln28_7                | mul       | dsp_slice              | 3       |
|    mac_muladd_12ns_11ns_24ns_25_4_1_U10  | 1   |        | zext_ln28_6               | zext      | dsp_slice              | 3       |
|    mac_muladd_13s_12ns_25s_26_4_1_U17    | 1   |        | add_ln28_4                | add       | dsp_slice              | 3       |
|    mac_muladd_12ns_11ns_24ns_25_4_1_U10  | 1   |        | add_ln28_5                | add       | dsp_slice              | 3       |
|    mac_muladd_12ns_11ns_25ns_25_4_1_U16  | 1   |        | add_ln28_6                | add       | dsp_slice              | 3       |
|    y_2_fu_880_p2                         |     |        | y_2                       | add       | fabric                 | 0       |
|    icmp_ln575_2_fu_993_p2                |     |        | icmp_ln575_2              | setgt     | auto                   | 0       |
|    icmp_ln575_3_fu_998_p2                |     |        | icmp_ln575_3              | seteq     | auto                   | 0       |
|    signin1_1_fu_1007_p3                  |     |        | signin1_1                 | select    | auto_sel               | 0       |
|    icmp_ln576_2_fu_1015_p2               |     |        | icmp_ln576_2              | setgt     | auto                   | 0       |
|    icmp_ln576_3_fu_1020_p2               |     |        | icmp_ln576_3              | seteq     | auto                   | 0       |
|    signin2_1_fu_1029_p3                  |     |        | signin2_1                 | select    | auto_sel               | 0       |
|    icmp_ln582_1_fu_1037_p2               |     |        | icmp_ln582_1              | seteq     | auto                   | 0       |
|    and_ln582_1_fu_6542_p2                |     |        | and_ln582_1               | and       | auto                   | 0       |
|    icmp_ln586_1_fu_1043_p2               |     |        | icmp_ln586_1              | seteq     | auto                   | 0       |
|    and_ln586_1_fu_6546_p2                |     |        | and_ln586_1               | and       | auto                   | 0       |
|    icmp_ln590_1_fu_1049_p2               |     |        | icmp_ln590_1              | seteq     | auto                   | 0       |
|    and_ln590_1_fu_6759_p2                |     |        | and_ln590_1               | and       | auto                   | 0       |
|    icmp_ln594_1_fu_1055_p2               |     |        | icmp_ln594_1              | seteq     | auto                   | 0       |
|    and_ln594_1_fu_6763_p2                |     |        | and_ln594_1               | and       | auto                   | 0       |
|    icmp_ln598_1_fu_1061_p2               |     |        | icmp_ln598_1              | seteq     | auto                   | 0       |
|    select_ln599_2_fu_7054_p3             |     |        | select_ln599_2            | select    | auto_sel               | 0       |
|    or_ln599_1_fu_7061_p2                 |     |        | or_ln599_1                | or        | auto                   | 0       |
|    out_1_fu_7096_p10                     |     |        | select_ln599_3            | select    | auto_sel               | 0       |
|    in1abs_2_fu_1065_p2                   |     |        | in1abs_2                  | sub       | fabric                 | 0       |
|    in1abs_5_fu_1070_p3                   |     |        | in1abs_5                  | select    | auto_sel               | 0       |
|    in2abs_2_fu_1077_p2                   |     |        | in2abs_2                  | sub       | fabric                 | 0       |
|    in2abs_5_fu_1082_p3                   |     |        | in2abs_5                  | select    | auto_sel               | 0       |
|    icmp_ln639_1_fu_1169_p2               |     |        | icmp_ln639_1              | setgt     | auto                   | 0       |
|    x_3_fu_1187_p3                        |     |        | x_3                       | select    | auto_sel               | 0       |
|    y_3_fu_1199_p3                        |     |        | y_3                       | select    | auto_sel               | 0       |
|    add_ln82_32_fu_1219_p2                |     |        | add_ln82_32               | add       | fabric                 | 0       |
|    sub_ln77_32_fu_1225_p2                |     |        | sub_ln77_32               | sub       | fabric                 | 0       |
|    sub_ln81_31_fu_1231_p2                |     |        | sub_ln81_31               | sub       | fabric                 | 0       |
|    select_ln75_4_fu_1351_p3              |     |        | select_ln75_4             | select    | auto_sel               | 0       |
|    select_ln75_5_fu_1360_p3              |     |        | select_ln75_5             | select    | auto_sel               | 0       |
|    sub_ln81_32_fu_1405_p2                |     |        | sub_ln81_32               | sub       | fabric                 | 0       |
|    add_ln82_33_fu_1411_p2                |     |        | add_ln82_33               | add       | fabric                 | 0       |
|    select_ln83_1_fu_2729_p3              |     |        | select_ln83_1             | select    | auto_sel               | 0       |
|    add_ln76_30_fu_1417_p2                |     |        | add_ln76_30               | add       | fabric                 | 0       |
|    sub_ln77_33_fu_1423_p2                |     |        | sub_ln77_33               | sub       | fabric                 | 0       |
|    select_ln78_1_fu_2736_p3              |     |        | select_ln78_1             | select    | auto_sel               | 0       |
|    tx_0_1_0_0_0_i103_fu_1429_p3          |     |        | tx_0_1_0_0_0_i103         | select    | auto_sel               | 0       |
|    ty_0_1_0_0_0_i104_fu_1437_p3          |     |        | ty_0_1_0_0_0_i104         | select    | auto_sel               | 0       |
|    tz_0_1_0_0_0_i105_fu_2743_p3          |     |        | tz_0_1_0_0_0_i105         | select    | auto_sel               | 0       |
|    sub_ln81_33_fu_1611_p2                |     |        | sub_ln81_33               | sub       | fabric                 | 0       |
|    add_ln82_34_fu_1616_p2                |     |        | add_ln82_34               | add       | fabric                 | 0       |
|    add_ln76_31_fu_1622_p2                |     |        | add_ln76_31               | add       | fabric                 | 0       |
|    sub_ln77_34_fu_1627_p2                |     |        | sub_ln77_34               | sub       | fabric                 | 0       |
|    tx_0_2_0_0_0_i118_fu_1633_p3          |     |        | tx_0_2_0_0_0_i118         | select    | auto_sel               | 0       |
|    ty_0_2_0_0_0_i119_fu_1645_p3          |     |        | ty_0_2_0_0_0_i119         | select    | auto_sel               | 0       |
|    tz_0_2_0_0_0_i120_v_cast_fu_2750_p3   |     |        | tz_0_2_0_0_0_i120_v_cast  | select    | auto_sel               | 0       |
|    tz_0_2_0_0_0_i120_fu_2757_p2          |     |        | tz_0_2_0_0_0_i120         | add       | fabric                 | 0       |
|    sub_ln81_34_fu_1693_p2                |     |        | sub_ln81_34               | sub       | fabric                 | 0       |
|    add_ln82_35_fu_1699_p2                |     |        | add_ln82_35               | add       | fabric                 | 0       |
|    add_ln76_32_fu_1705_p2                |     |        | add_ln76_32               | add       | fabric                 | 0       |
|    sub_ln77_35_fu_1711_p2                |     |        | sub_ln77_35               | sub       | fabric                 | 0       |
|    tx_0_3_0_0_0_i133_fu_1835_p3          |     |        | tx_0_3_0_0_0_i133         | select    | auto_sel               | 0       |
|    ty_0_3_0_0_0_i134_fu_1840_p3          |     |        | ty_0_3_0_0_0_i134         | select    | auto_sel               | 0       |
|    tz_0_3_0_0_0_i135_v_cast_fu_3002_p3   |     |        | tz_0_3_0_0_0_i135_v_cast  | select    | auto_sel               | 0       |
|    sub_ln81_35_fu_1885_p2                |     |        | sub_ln81_35               | sub       | fabric                 | 0       |
|    add_ln82_36_fu_1891_p2                |     |        | add_ln82_36               | add       | fabric                 | 0       |
|    add_ln76_33_fu_1897_p2                |     |        | add_ln76_33               | add       | fabric                 | 0       |
|    sub_ln77_36_fu_1903_p2                |     |        | sub_ln77_36               | sub       | fabric                 | 0       |
|    tx_0_4_0_0_0_i148_fu_1909_p3          |     |        | tx_0_4_0_0_0_i148         | select    | auto_sel               | 0       |
|    ty_0_4_0_0_0_i149_fu_1917_p3          |     |        | ty_0_4_0_0_0_i149         | select    | auto_sel               | 0       |
|    tz_0_4_0_0_0_i150_v_cast_fu_3014_p3   |     |        | tz_0_4_0_0_0_i150_v_cast  | select    | auto_sel               | 0       |
|    sub_ln81_36_fu_2059_p2                |     |        | sub_ln81_36               | sub       | fabric                 | 0       |
|    add_ln82_37_fu_2064_p2                |     |        | add_ln82_37               | add       | fabric                 | 0       |
|    add_ln76_34_fu_2069_p2                |     |        | add_ln76_34               | add       | fabric                 | 0       |
|    sub_ln77_37_fu_2074_p2                |     |        | sub_ln77_37               | sub       | fabric                 | 0       |
|    tx_0_5_0_0_0_i163_fu_2079_p3          |     |        | tx_0_5_0_0_0_i163         | select    | auto_sel               | 0       |
|    ty_0_5_0_0_0_i164_fu_2086_p3          |     |        | ty_0_5_0_0_0_i164         | select    | auto_sel               | 0       |
|    tz_0_5_0_0_0_i165_v_cast_fu_3266_p3   |     |        | tz_0_5_0_0_0_i165_v_cast  | select    | auto_sel               | 0       |
|    sub_ln81_37_fu_2129_p2                |     |        | sub_ln81_37               | sub       | fabric                 | 0       |
|    add_ln82_38_fu_2135_p2                |     |        | add_ln82_38               | add       | fabric                 | 0       |
|    add_ln76_35_fu_2141_p2                |     |        | add_ln76_35               | add       | fabric                 | 0       |
|    sub_ln77_38_fu_2147_p2                |     |        | sub_ln77_38               | sub       | fabric                 | 0       |
|    tx_0_6_0_0_0_i178_fu_2267_p3          |     |        | tx_0_6_0_0_0_i178         | select    | auto_sel               | 0       |
|    ty_0_6_0_0_0_i179_fu_2272_p3          |     |        | ty_0_6_0_0_0_i179         | select    | auto_sel               | 0       |
|    tz_0_6_0_0_0_i180_v_cast_fu_3278_p3   |     |        | tz_0_6_0_0_0_i180_v_cast  | select    | auto_sel               | 0       |
|    sub_ln81_38_fu_2313_p2                |     |        | sub_ln81_38               | sub       | fabric                 | 0       |
|    add_ln82_39_fu_2319_p2                |     |        | add_ln82_39               | add       | fabric                 | 0       |
|    add_ln76_36_fu_2325_p2                |     |        | add_ln76_36               | add       | fabric                 | 0       |
|    sub_ln77_39_fu_2331_p2                |     |        | sub_ln77_39               | sub       | fabric                 | 0       |
|    tx_0_7_0_0_0_i193_fu_2337_p3          |     |        | tx_0_7_0_0_0_i193         | select    | auto_sel               | 0       |
|    ty_0_7_0_0_0_i194_fu_2345_p3          |     |        | ty_0_7_0_0_0_i194         | select    | auto_sel               | 0       |
|    tz_0_7_0_0_0_i195_v_cast_fu_3530_p3   |     |        | tz_0_7_0_0_0_i195_v_cast  | select    | auto_sel               | 0       |
|    sub_ln81_39_fu_2487_p2                |     |        | sub_ln81_39               | sub       | fabric                 | 0       |
|    add_ln82_40_fu_2492_p2                |     |        | add_ln82_40               | add       | fabric                 | 0       |
|    add_ln76_37_fu_2497_p2                |     |        | add_ln76_37               | add       | fabric                 | 0       |
|    sub_ln77_40_fu_2502_p2                |     |        | sub_ln77_40               | sub       | fabric                 | 0       |
|    tx_0_8_0_0_0_i208_fu_2507_p3          |     |        | tx_0_8_0_0_0_i208         | select    | auto_sel               | 0       |
|    ty_0_8_0_0_0_i209_fu_2514_p3          |     |        | ty_0_8_0_0_0_i209         | select    | auto_sel               | 0       |
|    tz_0_8_0_0_0_i210_v_cast_fu_3542_p3   |     |        | tz_0_8_0_0_0_i210_v_cast  | select    | auto_sel               | 0       |
|    sub_ln81_40_fu_2557_p2                |     |        | sub_ln81_40               | sub       | fabric                 | 0       |
|    add_ln82_41_fu_2563_p2                |     |        | add_ln82_41               | add       | fabric                 | 0       |
|    add_ln76_38_fu_2569_p2                |     |        | add_ln76_38               | add       | fabric                 | 0       |
|    sub_ln77_41_fu_2575_p2                |     |        | sub_ln77_41               | sub       | fabric                 | 0       |
|    tx_0_9_0_0_0_i223_fu_2763_p3          |     |        | tx_0_9_0_0_0_i223         | select    | auto_sel               | 0       |
|    ty_0_9_0_0_0_i224_fu_2768_p3          |     |        | ty_0_9_0_0_0_i224         | select    | auto_sel               | 0       |
|    tz_0_9_0_0_0_i225_v_cast_fu_3794_p3   |     |        | tz_0_9_0_0_0_i225_v_cast  | select    | auto_sel               | 0       |
|    sub_ln81_41_fu_2809_p2                |     |        | sub_ln81_41               | sub       | fabric                 | 0       |
|    add_ln82_42_fu_2815_p2                |     |        | add_ln82_42               | add       | fabric                 | 0       |
|    add_ln76_39_fu_2821_p2                |     |        | add_ln76_39               | add       | fabric                 | 0       |
|    sub_ln77_42_fu_2827_p2                |     |        | sub_ln77_42               | sub       | fabric                 | 0       |
|    tx_0_10_0_0_0_i238_fu_2833_p3         |     |        | tx_0_10_0_0_0_i238        | select    | auto_sel               | 0       |
|    ty_0_10_0_0_0_i239_fu_2841_p3         |     |        | ty_0_10_0_0_0_i239        | select    | auto_sel               | 0       |
|    tz_0_10_0_0_0_i240_v_cast_fu_3806_p3  |     |        | tz_0_10_0_0_0_i240_v_cast | select    | auto_sel               | 0       |
|    sub_ln81_42_fu_3033_p2                |     |        | sub_ln81_42               | sub       | fabric                 | 0       |
|    add_ln82_43_fu_3038_p2                |     |        | add_ln82_43               | add       | fabric                 | 0       |
|    add_ln76_40_fu_3043_p2                |     |        | add_ln76_40               | add       | fabric                 | 0       |
|    sub_ln77_43_fu_3048_p2                |     |        | sub_ln77_43               | sub       | fabric                 | 0       |
|    tx_0_11_0_0_0_i253_fu_3053_p3         |     |        | tx_0_11_0_0_0_i253        | select    | auto_sel               | 0       |
|    ty_0_11_0_0_0_i254_fu_3060_p3         |     |        | ty_0_11_0_0_0_i254        | select    | auto_sel               | 0       |
|    tz_0_11_0_0_0_i255_v_cast_fu_4058_p3  |     |        | tz_0_11_0_0_0_i255_v_cast | select    | auto_sel               | 0       |
|    sub_ln81_43_fu_3103_p2                |     |        | sub_ln81_43               | sub       | fabric                 | 0       |
|    add_ln82_44_fu_3109_p2                |     |        | add_ln82_44               | add       | fabric                 | 0       |
|    add_ln76_41_fu_3115_p2                |     |        | add_ln76_41               | add       | fabric                 | 0       |
|    sub_ln77_44_fu_3121_p2                |     |        | sub_ln77_44               | sub       | fabric                 | 0       |
|    tx_0_12_0_0_0_i268_fu_3291_p3         |     |        | tx_0_12_0_0_0_i268        | select    | auto_sel               | 0       |
|    ty_0_12_0_0_0_i269_fu_3296_p3         |     |        | ty_0_12_0_0_0_i269        | select    | auto_sel               | 0       |
|    tz_0_12_0_0_0_i270_v_cast_fu_4070_p3  |     |        | tz_0_12_0_0_0_i270_v_cast | select    | auto_sel               | 0       |
|    sub_ln81_44_fu_3337_p2                |     |        | sub_ln81_44               | sub       | fabric                 | 0       |
|    add_ln82_45_fu_3343_p2                |     |        | add_ln82_45               | add       | fabric                 | 0       |
|    add_ln76_42_fu_3349_p2                |     |        | add_ln76_42               | add       | fabric                 | 0       |
|    sub_ln77_45_fu_3355_p2                |     |        | sub_ln77_45               | sub       | fabric                 | 0       |
|    tx_0_13_0_0_0_i283_fu_3361_p3         |     |        | tx_0_13_0_0_0_i283        | select    | auto_sel               | 0       |
|    ty_0_13_0_0_0_i284_fu_3369_p3         |     |        | ty_0_13_0_0_0_i284        | select    | auto_sel               | 0       |
|    tz_0_13_0_0_0_i285_v_cast_fu_4322_p3  |     |        | tz_0_13_0_0_0_i285_v_cast | select    | auto_sel               | 0       |
|    sub_ln81_45_fu_3561_p2                |     |        | sub_ln81_45               | sub       | fabric                 | 0       |
|    add_ln82_46_fu_3566_p2                |     |        | add_ln82_46               | add       | fabric                 | 0       |
|    add_ln76_43_fu_3571_p2                |     |        | add_ln76_43               | add       | fabric                 | 0       |
|    sub_ln77_46_fu_3576_p2                |     |        | sub_ln77_46               | sub       | fabric                 | 0       |
|    tx_0_14_0_0_0_i298_fu_3581_p3         |     |        | tx_0_14_0_0_0_i298        | select    | auto_sel               | 0       |
|    ty_0_14_0_0_0_i299_fu_3588_p3         |     |        | ty_0_14_0_0_0_i299        | select    | auto_sel               | 0       |
|    tz_0_14_0_0_0_i300_v_cast_fu_4334_p3  |     |        | tz_0_14_0_0_0_i300_v_cast | select    | auto_sel               | 0       |
|    sub_ln81_46_fu_3631_p2                |     |        | sub_ln81_46               | sub       | fabric                 | 0       |
|    add_ln82_47_fu_3637_p2                |     |        | add_ln82_47               | add       | fabric                 | 0       |
|    add_ln76_44_fu_3643_p2                |     |        | add_ln76_44               | add       | fabric                 | 0       |
|    sub_ln77_47_fu_3649_p2                |     |        | sub_ln77_47               | sub       | fabric                 | 0       |
|    tx_0_15_0_0_0_i313_fu_3819_p3         |     |        | tx_0_15_0_0_0_i313        | select    | auto_sel               | 0       |
|    ty_0_15_0_0_0_i314_fu_3824_p3         |     |        | ty_0_15_0_0_0_i314        | select    | auto_sel               | 0       |
|    tz_0_15_0_0_0_i315_v_cast_fu_4586_p3  |     |        | tz_0_15_0_0_0_i315_v_cast | select    | auto_sel               | 0       |
|    sub_ln81_47_fu_3865_p2                |     |        | sub_ln81_47               | sub       | fabric                 | 0       |
|    add_ln82_48_fu_3871_p2                |     |        | add_ln82_48               | add       | fabric                 | 0       |
|    add_ln76_45_fu_3877_p2                |     |        | add_ln76_45               | add       | fabric                 | 0       |
|    sub_ln77_48_fu_3883_p2                |     |        | sub_ln77_48               | sub       | fabric                 | 0       |
|    tx_0_16_0_0_0_i328_fu_3889_p3         |     |        | tx_0_16_0_0_0_i328        | select    | auto_sel               | 0       |
|    ty_0_16_0_0_0_i329_fu_3897_p3         |     |        | ty_0_16_0_0_0_i329        | select    | auto_sel               | 0       |
|    tz_0_16_0_0_0_i330_v_cast_fu_4598_p3  |     |        | tz_0_16_0_0_0_i330_v_cast | select    | auto_sel               | 0       |
|    sub_ln81_48_fu_4089_p2                |     |        | sub_ln81_48               | sub       | fabric                 | 0       |
|    add_ln82_49_fu_4094_p2                |     |        | add_ln82_49               | add       | fabric                 | 0       |
|    add_ln76_46_fu_4099_p2                |     |        | add_ln76_46               | add       | fabric                 | 0       |
|    sub_ln77_49_fu_4104_p2                |     |        | sub_ln77_49               | sub       | fabric                 | 0       |
|    tx_0_17_0_0_0_i343_fu_4109_p3         |     |        | tx_0_17_0_0_0_i343        | select    | auto_sel               | 0       |
|    ty_0_17_0_0_0_i344_fu_4116_p3         |     |        | ty_0_17_0_0_0_i344        | select    | auto_sel               | 0       |
|    tz_0_17_0_0_0_i345_v_cast_fu_4850_p3  |     |        | tz_0_17_0_0_0_i345_v_cast | select    | auto_sel               | 0       |
|    sub_ln81_49_fu_4159_p2                |     |        | sub_ln81_49               | sub       | fabric                 | 0       |
|    add_ln82_50_fu_4165_p2                |     |        | add_ln82_50               | add       | fabric                 | 0       |
|    add_ln76_47_fu_4171_p2                |     |        | add_ln76_47               | add       | fabric                 | 0       |
|    sub_ln77_50_fu_4177_p2                |     |        | sub_ln77_50               | sub       | fabric                 | 0       |
|    tx_0_18_0_0_0_i358_fu_4347_p3         |     |        | tx_0_18_0_0_0_i358        | select    | auto_sel               | 0       |
|    ty_0_18_0_0_0_i359_fu_4352_p3         |     |        | ty_0_18_0_0_0_i359        | select    | auto_sel               | 0       |
|    tz_0_18_0_0_0_i360_v_cast_fu_4862_p3  |     |        | tz_0_18_0_0_0_i360_v_cast | select    | auto_sel               | 0       |
|    sub_ln81_50_fu_4393_p2                |     |        | sub_ln81_50               | sub       | fabric                 | 0       |
|    add_ln82_51_fu_4399_p2                |     |        | add_ln82_51               | add       | fabric                 | 0       |
|    add_ln76_48_fu_4405_p2                |     |        | add_ln76_48               | add       | fabric                 | 0       |
|    sub_ln77_51_fu_4411_p2                |     |        | sub_ln77_51               | sub       | fabric                 | 0       |
|    tx_0_19_0_0_0_i373_fu_4417_p3         |     |        | tx_0_19_0_0_0_i373        | select    | auto_sel               | 0       |
|    ty_0_19_0_0_0_i374_fu_4425_p3         |     |        | ty_0_19_0_0_0_i374        | select    | auto_sel               | 0       |
|    tz_0_19_0_0_0_i375_v_cast_fu_5114_p3  |     |        | tz_0_19_0_0_0_i375_v_cast | select    | auto_sel               | 0       |
|    sub_ln81_51_fu_4617_p2                |     |        | sub_ln81_51               | sub       | fabric                 | 0       |
|    add_ln82_52_fu_4622_p2                |     |        | add_ln82_52               | add       | fabric                 | 0       |
|    add_ln76_49_fu_4627_p2                |     |        | add_ln76_49               | add       | fabric                 | 0       |
|    sub_ln77_52_fu_4632_p2                |     |        | sub_ln77_52               | sub       | fabric                 | 0       |
|    tx_0_20_0_0_0_i388_fu_4637_p3         |     |        | tx_0_20_0_0_0_i388        | select    | auto_sel               | 0       |
|    ty_0_20_0_0_0_i389_fu_4644_p3         |     |        | ty_0_20_0_0_0_i389        | select    | auto_sel               | 0       |
|    tz_0_20_0_0_0_i390_v_cast_fu_5126_p3  |     |        | tz_0_20_0_0_0_i390_v_cast | select    | auto_sel               | 0       |
|    sub_ln81_52_fu_4687_p2                |     |        | sub_ln81_52               | sub       | fabric                 | 0       |
|    add_ln82_53_fu_4693_p2                |     |        | add_ln82_53               | add       | fabric                 | 0       |
|    add_ln76_50_fu_4699_p2                |     |        | add_ln76_50               | add       | fabric                 | 0       |
|    sub_ln77_53_fu_4705_p2                |     |        | sub_ln77_53               | sub       | fabric                 | 0       |
|    tx_0_21_0_0_0_i403_fu_4875_p3         |     |        | tx_0_21_0_0_0_i403        | select    | auto_sel               | 0       |
|    ty_0_21_0_0_0_i404_fu_4880_p3         |     |        | ty_0_21_0_0_0_i404        | select    | auto_sel               | 0       |
|    tz_0_21_0_0_0_i405_v_cast_fu_5378_p3  |     |        | tz_0_21_0_0_0_i405_v_cast | select    | auto_sel               | 0       |
|    sub_ln81_53_fu_4921_p2                |     |        | sub_ln81_53               | sub       | fabric                 | 0       |
|    add_ln82_54_fu_4927_p2                |     |        | add_ln82_54               | add       | fabric                 | 0       |
|    add_ln76_51_fu_4933_p2                |     |        | add_ln76_51               | add       | fabric                 | 0       |
|    sub_ln77_54_fu_4939_p2                |     |        | sub_ln77_54               | sub       | fabric                 | 0       |
|    tx_0_22_0_0_0_i418_fu_4945_p3         |     |        | tx_0_22_0_0_0_i418        | select    | auto_sel               | 0       |
|    ty_0_22_0_0_0_i419_fu_4953_p3         |     |        | ty_0_22_0_0_0_i419        | select    | auto_sel               | 0       |
|    tz_0_22_0_0_0_i420_v_cast_fu_5390_p3  |     |        | tz_0_22_0_0_0_i420_v_cast | select    | auto_sel               | 0       |
|    sub_ln81_54_fu_5145_p2                |     |        | sub_ln81_54               | sub       | fabric                 | 0       |
|    add_ln82_55_fu_5150_p2                |     |        | add_ln82_55               | add       | fabric                 | 0       |
|    add_ln76_52_fu_5155_p2                |     |        | add_ln76_52               | add       | fabric                 | 0       |
|    sub_ln77_55_fu_5160_p2                |     |        | sub_ln77_55               | sub       | fabric                 | 0       |
|    tx_0_23_0_0_0_i433_fu_5165_p3         |     |        | tx_0_23_0_0_0_i433        | select    | auto_sel               | 0       |
|    ty_0_23_0_0_0_i434_fu_5172_p3         |     |        | ty_0_23_0_0_0_i434        | select    | auto_sel               | 0       |
|    tz_0_23_0_0_0_i435_v_cast_fu_5642_p3  |     |        | tz_0_23_0_0_0_i435_v_cast | select    | auto_sel               | 0       |
|    sub_ln81_55_fu_5215_p2                |     |        | sub_ln81_55               | sub       | fabric                 | 0       |
|    add_ln82_56_fu_5221_p2                |     |        | add_ln82_56               | add       | fabric                 | 0       |
|    add_ln76_53_fu_5227_p2                |     |        | add_ln76_53               | add       | fabric                 | 0       |
|    sub_ln77_56_fu_5233_p2                |     |        | sub_ln77_56               | sub       | fabric                 | 0       |
|    tx_0_24_0_0_0_i448_fu_5403_p3         |     |        | tx_0_24_0_0_0_i448        | select    | auto_sel               | 0       |
|    ty_0_24_0_0_0_i449_fu_5408_p3         |     |        | ty_0_24_0_0_0_i449        | select    | auto_sel               | 0       |
|    tz_0_24_0_0_0_i450_v_cast_fu_5654_p3  |     |        | tz_0_24_0_0_0_i450_v_cast | select    | auto_sel               | 0       |
|    sub_ln81_56_fu_5449_p2                |     |        | sub_ln81_56               | sub       | fabric                 | 0       |
|    add_ln82_57_fu_5455_p2                |     |        | add_ln82_57               | add       | fabric                 | 0       |
|    add_ln76_54_fu_5461_p2                |     |        | add_ln76_54               | add       | fabric                 | 0       |
|    sub_ln77_57_fu_5467_p2                |     |        | sub_ln77_57               | sub       | fabric                 | 0       |
|    tx_0_25_0_0_0_i463_fu_5473_p3         |     |        | tx_0_25_0_0_0_i463        | select    | auto_sel               | 0       |
|    ty_0_25_0_0_0_i464_fu_5481_p3         |     |        | ty_0_25_0_0_0_i464        | select    | auto_sel               | 0       |
|    tz_0_25_0_0_0_i465_v_cast_fu_5906_p3  |     |        | tz_0_25_0_0_0_i465_v_cast | select    | auto_sel               | 0       |
|    sub_ln81_57_fu_5673_p2                |     |        | sub_ln81_57               | sub       | fabric                 | 0       |
|    add_ln82_58_fu_5678_p2                |     |        | add_ln82_58               | add       | fabric                 | 0       |
|    add_ln76_55_fu_5683_p2                |     |        | add_ln76_55               | add       | fabric                 | 0       |
|    sub_ln77_58_fu_5688_p2                |     |        | sub_ln77_58               | sub       | fabric                 | 0       |
|    tx_0_26_0_0_0_i478_fu_5693_p3         |     |        | tx_0_26_0_0_0_i478        | select    | auto_sel               | 0       |
|    ty_0_26_0_0_0_i479_fu_5700_p3         |     |        | ty_0_26_0_0_0_i479        | select    | auto_sel               | 0       |
|    tz_0_26_0_0_0_i480_v_cast_fu_5918_p3  |     |        | tz_0_26_0_0_0_i480_v_cast | select    | auto_sel               | 0       |
|    sub_ln81_58_fu_5743_p2                |     |        | sub_ln81_58               | sub       | fabric                 | 0       |
|    add_ln82_59_fu_5749_p2                |     |        | add_ln82_59               | add       | fabric                 | 0       |
|    add_ln76_56_fu_5755_p2                |     |        | add_ln76_56               | add       | fabric                 | 0       |
|    sub_ln77_59_fu_5761_p2                |     |        | sub_ln77_59               | sub       | fabric                 | 0       |
|    tx_0_27_0_0_0_i493_fu_5931_p3         |     |        | tx_0_27_0_0_0_i493        | select    | auto_sel               | 0       |
|    ty_0_27_0_0_0_i494_fu_5936_p3         |     |        | ty_0_27_0_0_0_i494        | select    | auto_sel               | 0       |
|    tz_0_27_0_0_0_i495_v_cast_fu_6190_p3  |     |        | tz_0_27_0_0_0_i495_v_cast | select    | auto_sel               | 0       |
|    sub_ln81_59_fu_5977_p2                |     |        | sub_ln81_59               | sub       | fabric                 | 0       |
|    add_ln82_60_fu_5983_p2                |     |        | add_ln82_60               | add       | fabric                 | 0       |
|    add_ln76_57_fu_5989_p2                |     |        | add_ln76_57               | add       | fabric                 | 0       |
|    sub_ln77_60_fu_5995_p2                |     |        | sub_ln77_60               | sub       | fabric                 | 0       |
|    tx_0_28_0_0_0_i508_fu_6001_p3         |     |        | tx_0_28_0_0_0_i508        | select    | auto_sel               | 0       |
|    ty_0_28_0_0_0_i509_fu_6009_p3         |     |        | ty_0_28_0_0_0_i509        | select    | auto_sel               | 0       |
|    tz_0_28_0_0_0_i510_v_cast_fu_6202_p3  |     |        | tz_0_28_0_0_0_i510_v_cast | select    | auto_sel               | 0       |
|    sub_ln81_60_fu_6221_p2                |     |        | sub_ln81_60               | sub       | fabric                 | 0       |
|    add_ln82_61_fu_6226_p2                |     |        | add_ln82_61               | add       | fabric                 | 0       |
|    add_ln76_58_fu_6231_p2                |     |        | add_ln76_58               | add       | fabric                 | 0       |
|    sub_ln77_61_fu_6236_p2                |     |        | sub_ln77_61               | sub       | fabric                 | 0       |
|    tx_0_29_0_0_0_i523_fu_6241_p3         |     |        | tx_0_29_0_0_0_i523        | select    | auto_sel               | 0       |
|    ty_0_29_0_0_0_i524_fu_6248_p3         |     |        | ty_0_29_0_0_0_i524        | select    | auto_sel               | 0       |
|    tz_0_29_0_0_0_i525_v_cast_fu_6426_p3  |     |        | tz_0_29_0_0_0_i525_v_cast | select    | auto_sel               | 0       |
|    sub_ln81_61_fu_6291_p2                |     |        | sub_ln81_61               | sub       | fabric                 | 0       |
|    add_ln82_62_fu_6297_p2                |     |        | add_ln82_62               | add       | fabric                 | 0       |
|    add_ln76_59_fu_6303_p2                |     |        | add_ln76_59               | add       | fabric                 | 0       |
|    sub_ln77_62_fu_6309_p2                |     |        | sub_ln77_62               | sub       | fabric                 | 0       |
|    ty_0_30_0_0_0_i539_fu_6438_p3         |     |        | ty_0_30_0_0_0_i539        | select    | auto_sel               | 0       |
|    tz_0_30_0_0_0_i540_v_cast_fu_6443_p3  |     |        | tz_0_30_0_0_0_i540_v_cast | select    | auto_sel               | 0       |
|    empty_28_fu_6464_p3                   |     |        | empty_28                  | select    | auto_sel               | 0       |
|    sub_ln77_63_fu_6473_p2                |     |        | sub_ln77_63               | sub       | fabric                 | 0       |
|    add_ln82_63_fu_6479_p2                |     |        | add_ln82_63               | add       | fabric                 | 0       |
|    select_ln65_1_fu_6550_p3              |     |        | select_ln65_1             | select    | auto_sel               | 0       |
|    select_ln75_6_fu_6501_p3              |     |        | select_ln75_6             | select    | auto_sel               | 0       |
|    select_ln75_7_fu_6509_p3              |     |        | select_ln75_7             | select    | auto_sel               | 0       |
|    sub_ln652_1_fu_6770_p2                |     |        | sub_ln652_1               | sub       | fabric                 | 0       |
|    z_1_fu_6776_p3                        |     |        | z_1                       | select    | auto_sel               | 0       |
|    and_ln655_1_fu_6783_p2                |     |        | and_ln655_1               | and       | auto                   | 0       |
|    sub_ln656_1_fu_6787_p2                |     |        | sub_ln656_1               | sub       | fabric                 | 0       |
|    or_ln658_1_fu_1089_p2                 |     |        | or_ln658_1                | or        | auto                   | 0       |
|    icmp_ln658_1_fu_1095_p2               |     |        | icmp_ln658_1              | seteq     | auto                   | 0       |
|    add_ln659_1_fu_6803_p2                |     |        | add_ln659_1               | add       | fabric                 | 0       |
|    sub_ln662_1_fu_6819_p2                |     |        | sub_ln662_1               | sub       | fabric                 | 0       |
|    xor_ln582_1_fu_7073_p2                |     |        | xor_ln582_1               | xor       | auto                   | 0       |
|    and_ln586_3_fu_7078_p2                |     |        | and_ln586_3               | and       | auto                   | 0       |
|    or_ln586_1_fu_6845_p2                 |     |        | or_ln586_1                | or        | auto                   | 0       |
|    xor_ln586_1_fu_6849_p2                |     |        | xor_ln586_1               | xor       | auto                   | 0       |
|    and_ln590_3_fu_6855_p2                |     |        | and_ln590_3               | and       | auto                   | 0       |
|    or_ln590_1_fu_6861_p2                 |     |        | or_ln590_1                | or        | auto                   | 0       |
|    xor_ln590_1_fu_6867_p2                |     |        | xor_ln590_1               | xor       | auto                   | 0       |
|    and_ln594_3_fu_6873_p2                |     |        | and_ln594_3               | and       | auto                   | 0       |
|    or_ln594_1_fu_6879_p2                 |     |        | or_ln594_1                | or        | auto                   | 0       |
|    xor_ln594_1_fu_6885_p2                |     |        | xor_ln594_1               | xor       | auto                   | 0       |
|    and_ln598_1_fu_6891_p2                |     |        | and_ln598_1               | and       | auto                   | 0       |
|    or_ln598_1_fu_6896_p2                 |     |        | or_ln598_1                | or        | auto                   | 0       |
|    xor_ln598_1_fu_6901_p2                |     |        | xor_ln598_1               | xor       | auto                   | 0       |
|    and_ln655_3_fu_6907_p2                |     |        | and_ln655_3               | and       | auto                   | 0       |
|    or_ln655_1_fu_6913_p2                 |     |        | or_ln655_1                | or        | auto                   | 0       |
|    xor_ln655_1_fu_6919_p2                |     |        | xor_ln655_1               | xor       | auto                   | 0       |
|    and_ln658_1_fu_6925_p2                |     |        | and_ln658_1               | and       | auto                   | 0       |
|    or_ln658_3_fu_6930_p2                 |     |        | or_ln658_3                | or        | auto                   | 0       |
|    xor_ln658_1_fu_6935_p2                |     |        | xor_ln658_1               | xor       | auto                   | 0       |
|    and_ln661_2_fu_6941_p2                |     |        | and_ln661_2               | and       | auto                   | 0       |
|    and_ln661_3_fu_6946_p2                |     |        | and_ln661_3               | and       | auto                   | 0       |
|    sparsemux_19_8_29_1_1_U8              |     |        | out_1                     | sparsemux | onehotencoding_realdef | 0       |
|    out1_fu_7146_p3                       |     |        | out1                      | select    | auto_sel               | 0       |
|    icmp_ln104_fu_618_p2                  |     |        | icmp_ln104                | seteq     | auto                   | 0       |
+------------------------------------------+-----+--------+---------------------------+-----------+------------------------+---------+


================================================================
== Storage Report
================================================================
+----------------------+-----------+-----------+------+------+--------+----------+------+---------+------------------+
| Name                 | Usage     | Type      | BRAM | URAM | Pragma | Variable | Impl | Latency | Bitwidth, Depth, |
|                      |           |           |      |      |        |          |      |         | Banks            |
+----------------------+-----------+-----------+------+------+--------+----------+------+---------+------------------+
| + equalStep_baseline |           |           | 0    | 0    |        |          |      |         |                  |
|   control_s_axi_U    | interface | s_axilite |      |      |        |          |      |         |                  |
+----------------------+-----------+-----------+------+------+--------+----------+------+---------+------------------+


================================================================
== Pragma Report
================================================================
* Pragmas with Warnings
+------------+----------------------------------------------+--------------------------------------------------------+--------------------------------------------------------------+
| Type       | Options                                      | Location                                               | Messages                                                     |
+------------+----------------------------------------------+--------------------------------------------------------+--------------------------------------------------------------+
| ALLOCATION | function instances=compute_one_pixel limit=2 | ../src/equalStep_baseline.cpp:57 in equalstep_baseline | ALLOCATION pragma conflicts with inline, and will be ignored |
+------------+----------------------------------------------+--------------------------------------------------------+--------------------------------------------------------------+

* Valid Pragma Syntax
+-----------------+------------------------------------+--------------------------------------------------------------------+
| Type            | Options                            | Location                                                           |
+-----------------+------------------------------------+--------------------------------------------------------------------+
| INLINE          |                                    | ../src/equalStep_baseline.cpp:18 in compute_one_pixel              |
| UNROLL          |                                    | ../src/equalStep_baseline.cpp:24 in compute_one_pixel              |
| INTERFACE       | axis port=imStack                  | ../src/equalStep_baseline.cpp:52 in equalstep_baseline, imStack    |
| INTERFACE       | axis port=out register_mode=both   | ../src/equalStep_baseline.cpp:53 in equalstep_baseline, out        |
| INTERFACE       | s_axilite port=num_pixels          | ../src/equalStep_baseline.cpp:54 in equalstep_baseline, num_pixels |
| INTERFACE       | s_axilite port=return              | ../src/equalStep_baseline.cpp:55 in equalstep_baseline, return     |
| ARRAY_PARTITION | variable=sin_k type=complete       | ../src/equalStep_baseline.cpp:62 in equalstep_baseline, sin_k      |
| ARRAY_PARTITION | variable=cos_k type=complete       | ../src/equalStep_baseline.cpp:63 in equalstep_baseline, cos_k      |
| UNROLL          |                                    | ../src/equalStep_baseline.cpp:67 in equalstep_baseline             |
| PIPELINE        | ii=1                               | ../src/equalStep_baseline.cpp:76 in equalstep_baseline             |
| LOOP_TRIPCOUNT  | min=1 max=((0x400000 + 2 - 1) / 2) | ../src/equalStep_baseline.cpp:77 in equalstep_baseline             |
+-----------------+------------------------------------+--------------------------------------------------------------------+


