================================================================
== Vivado Place & Route Results
================================================================
+ General Information:
    * Date:            Sat May 02 15:00:49 -0700 2026
    * Version:         2025.2 (Build 6295257 on Nov 14 2025)
    * Project:         equalStep_baseline
    * Solution:        hls (Vivado IP Flow Target)
    * Product family:  zynq
    * Target device:   xc7z020-clg400-1


================================================================
== Run Constraints & Options
================================================================
+ Design Constraints & Options:
    * Place & Route target clock:  7 ns
    * C-Synthesis target clock:    9 ns
    * C-Synthesis uncertainty:     27%

+ RTL Synthesis Options:
    * config_export -vivado_synth_strategy:     default
    * config_export -vivado_synth_design_args:  -directive sdx_optimization_effort_high

+ Place & Route Options:
    * config_export -vivado_impl_strategy:  default
    * config_export -vivado_phys_opt:       auto

+ Reporting Options:
    * config_export -vivado_report_level:      2
    * config_export -vivado_max_timing_paths:  10


================================================================
== Place & Route Resource Summary
================================================================
LUT:              16917
FF:               12743
DSP:              32
BRAM:             0
URAM:             0
SRL:              126


================================================================
== Place & Route Timing Summary
================================================================
* Timing was met
+----------------+-------------+
| Timing         | Period (ns) |
+----------------+-------------+
| Target         | 7.000       |
| Post-Synthesis | 5.830       |
| Post-Route     | 6.695       |
+----------------+-------------+


================================================================
== Place & Route Resources
================================================================
+-------------------------------------------------------+-----+----+-----+------+------+-----+--------+------+---------+----------+--------+
| Name                                                  | LUT | FF | DSP | BRAM | URAM | SRL | Pragma | Impl | Latency | Variable | Source |
+-------------------------------------------------------+-----+----+-----+------+------+-----+--------+------+---------+----------+--------+
| inst                                                  |     |    |     |      |      | 126 |        |      |         |          |        |
|   control_s_axi_U                                     |     |    |     |      |      |     |        |      |         |          |        |
|   grp_equalStep_baseline_Pipeline_wrap_loop_fu_74     |     |    |     |      |      | 126 |        |      |         |          |        |
|     (grp_equalStep_baseline_Pipeline_wrap_loop_fu_74) |     |    |     |      |      | 126 |        |      |         |          |        |
|     flow_control_loop_pipe_sequential_init_U          |     |    |     |      |      |     |        |      |         |          |        |
|     mac_muladd_12ns_11ns_23ns_24_4_1_U18              |     |    |     |      |      |     |        |      |         |          |        |
|     mac_muladd_12ns_11ns_24ns_25_4_1_U19              |     |    |     |      |      |     |        |      |         |          |        |
|     mac_muladd_12ns_11ns_24ns_25_4_1_U20              |     |    |     |      |      |     |        |      |         |          |        |
|     mac_muladd_12ns_11ns_24ns_25_4_1_U21              |     |    |     |      |      |     |        |      |         |          |        |
|     mac_muladd_12ns_11ns_25s_25_4_1_U26               |     |    |     |      |      |     |        |      |         |          |        |
|     mac_muladd_12ns_11ns_25s_25_4_1_U30               |     |    |     |      |      |     |        |      |         |          |        |
|     mac_muladd_12ns_11ns_25s_25_4_1_U34               |     |    |     |      |      |     |        |      |         |          |        |
|     mac_muladd_12ns_12ns_24ns_25_4_1_U22              |     |    |     |      |      |     |        |      |         |          |        |
|     mac_muladd_12ns_12ns_24ns_25_4_1_U25              |     |    |     |      |      |     |        |      |         |          |        |
|     mac_muladd_12ns_12ns_24ns_25_4_1_U29              |     |    |     |      |      |     |        |      |         |          |        |
|     mac_muladd_12ns_12ns_24ns_25_4_1_U33              |     |    |     |      |      |     |        |      |         |          |        |
|     mac_muladd_13s_12ns_25s_26_4_1_U23                |     |    |     |      |      |     |        |      |         |          |        |
|     mac_muladd_13s_12ns_25s_26_4_1_U24                |     |    |     |      |      |     |        |      |         |          |        |
|     mac_muladd_13s_12ns_25s_26_4_1_U27                |     |    |     |      |      |     |        |      |         |          |        |
|     mac_muladd_13s_12ns_25s_26_4_1_U28                |     |    |     |      |      |     |        |      |         |          |        |
|     mac_muladd_13s_12ns_25s_26_4_1_U31                |     |    |     |      |      |     |        |      |         |          |        |
|     mac_muladd_13s_12ns_25s_26_4_1_U32                |     |    |     |      |      |     |        |      |         |          |        |
|     mac_muladd_13s_12ns_25s_26_4_1_U35                |     |    |     |      |      |     |        |      |         |          |        |
|     mac_muladd_13s_12ns_25s_26_4_1_U36                |     |    |     |      |      |     |        |      |         |          |        |
|   regslice_both_imStack_V_data_V_U                    |     |    |     |      |      |     |        |      |         |          |        |
|   regslice_both_out_r_V_data_V_U                      |     |    |     |      |      |     |        |      |         |          |        |
|   regslice_both_out_r_V_keep_V_U                      |     |    |     |      |      |     |        |      |         |          |        |
|   regslice_both_out_r_V_last_V_U                      |     |    |     |      |      |     |        |      |         |          |        |
|   regslice_both_out_r_V_strb_V_U                      |     |    |     |      |      |     |        |      |         |          |        |
+-------------------------------------------------------+-----+----+-----+------+------+-----+--------+------+---------+----------+--------+


================================================================
== Place & Route Fail Fast
================================================================
+-----------------------------------------------------------+-----------+--------+--------+
| Criteria                                                  | Guideline | Actual | Status |
+-----------------------------------------------------------+-----------+--------+--------+
| LUT                                                       | 70%       | 31.80% | OK     |
| FD                                                        | 50%       | 11.98% | OK     |
| LUTRAM+SRL                                                | 25%       | 0.72%  | OK     |
| MUXF7                                                     | 15%       | 0.00%  | OK     |
| DSP                                                       | 80%       | 14.55% | OK     |
| RAMB/FIFO                                                 | 80%       | 0.00%  | OK     |
| DSP+RAMB+URAM (Avg)                                       | 70%       | 14.55% | OK     |
| BUFGCE* + BUFGCTRL                                        | 24        | 0      | OK     |
| DONT_TOUCH (cells/nets)                                   | 0         | 0      | OK     |
| MARK_DEBUG (nets)                                         | 0         | 0      | OK     |
| Control Sets                                              | 998       | 18     | OK     |
| Average Fanout for modules > 100k cells                   | 4         | 2.33   | OK     |
| Max Average Fanout for modules > 100k cells               | 4         | 0      | OK     |
| Non-FD high fanout nets > 10k loads                       | 0         | 1      | REVIEW |
+-----------------------------------------------------------+-----------+--------+--------+
| TIMING-6 (No common primary clock between related clocks) | 0         | 0      | OK     |
| TIMING-7 (No common node between related clocks)          | 0         | 0      | OK     |
| TIMING-8 (No common period between related clocks)        | 0         | 0      | OK     |
| TIMING-14 (LUT on the clock tree)                         | 0         | 0      | OK     |
| TIMING-35 (No common node in paths with the same clock)   | 0         | 0      | OK     |
+-----------------------------------------------------------+-----------+--------+--------+
| Number of paths above max LUT budgeting (0.575ns)         | 0         | 0      | OK     |
| Number of paths above max Net budgeting (0.403ns)         | 0         | 0      | OK     |
+-----------------------------------------------------------+-----------+--------+--------+


================================================================
== Place & Route Timing Paths
================================================================
* Timing was met
+-------+-------+----------------------------------------------------------------------------------------+---------------------------------------------------------------------------------+--------------+------------+----------------+----------------+--------------+
| Path  | SLACK | STARTPOINT PIN                                                                         | ENDPOINT PIN                                                                    | LOGIC LEVELS | MAX FANOUT | DATAPATH DELAY | DATAPATH LOGIC | DATAPATH NET |
|       |       |                                                                                        |                                                                                 |              |            |                |          DELAY |        DELAY |
+-------+-------+----------------------------------------------------------------------------------------+---------------------------------------------------------------------------------+--------------+------------+----------------+----------------+--------------+
| Path1 | 0.305 | grp_equalStep_baseline_Pipeline_wrap_loop_fu_74/tx_0_28_0_0_0_i1483_reg_17333_reg[0]/C | grp_equalStep_baseline_Pipeline_wrap_loop_fu_74/sub_ln77_94_reg_17482_reg[33]/D |           19 |          8 |          6.720 |          4.154 |        2.566 |
| Path2 | 0.313 | grp_equalStep_baseline_Pipeline_wrap_loop_fu_74/tx_0_28_0_0_0_i1483_reg_17333_reg[0]/C | grp_equalStep_baseline_Pipeline_wrap_loop_fu_74/sub_ln77_94_reg_17482_reg[35]/D |           19 |          8 |          6.712 |          4.146 |        2.566 |
| Path3 | 0.386 | grp_equalStep_baseline_Pipeline_wrap_loop_fu_74/tx_0_28_0_0_0_i1483_reg_17333_reg[0]/C | grp_equalStep_baseline_Pipeline_wrap_loop_fu_74/add_ln82_94_reg_17477_reg[33]/D |           19 |          8 |          6.592 |          4.161 |        2.431 |
| Path4 | 0.389 | grp_equalStep_baseline_Pipeline_wrap_loop_fu_74/tx_0_28_0_0_0_i1483_reg_17333_reg[0]/C | grp_equalStep_baseline_Pipeline_wrap_loop_fu_74/sub_ln77_94_reg_17482_reg[34]/D |           19 |          8 |          6.636 |          4.070 |        2.566 |
| Path5 | 0.407 | grp_equalStep_baseline_Pipeline_wrap_loop_fu_74/tx_0_28_0_0_0_i1483_reg_17333_reg[0]/C | grp_equalStep_baseline_Pipeline_wrap_loop_fu_74/add_ln82_94_reg_17477_reg[35]/D |           19 |          8 |          6.571 |          4.140 |        2.431 |
+-------+-------+----------------------------------------------------------------------------------------+---------------------------------------------------------------------------------+--------------+------------+----------------+----------------+--------------+

    +--------------------------------------------------------------------------------------+----------------------+
    | Path1 Cells                                                                          | Primitive Type       |
    +--------------------------------------------------------------------------------------+----------------------+
    | grp_equalStep_baseline_Pipeline_wrap_loop_fu_74/tx_0_28_0_0_0_i1483_reg_17333_reg[0] | FLOP_LATCH.flop.FDRE |
    | grp_equalStep_baseline_Pipeline_wrap_loop_fu_74/tmp_221_reg_17492[0]_i_54            | LUT.others.LUT3      |
    | grp_equalStep_baseline_Pipeline_wrap_loop_fu_74/tmp_221_reg_17492_reg[0]_i_44        | CARRY.others.CARRY4  |
    | grp_equalStep_baseline_Pipeline_wrap_loop_fu_74/tmp_221_reg_17492_reg[0]_i_33        | CARRY.others.CARRY4  |
    | grp_equalStep_baseline_Pipeline_wrap_loop_fu_74/tmp_221_reg_17492_reg[0]_i_27        | CARRY.others.CARRY4  |
    | grp_equalStep_baseline_Pipeline_wrap_loop_fu_74/tmp_221_reg_17492_reg[0]_i_21        | CARRY.others.CARRY4  |
    | grp_equalStep_baseline_Pipeline_wrap_loop_fu_74/tmp_221_reg_17492_reg[0]_i_15        | CARRY.others.CARRY4  |
    | grp_equalStep_baseline_Pipeline_wrap_loop_fu_74/tmp_221_reg_17492_reg[0]_i_9         | CARRY.others.CARRY4  |
    | grp_equalStep_baseline_Pipeline_wrap_loop_fu_74/tmp_221_reg_17492_reg[0]_i_3         | CARRY.others.CARRY4  |
    | grp_equalStep_baseline_Pipeline_wrap_loop_fu_74/tmp_221_reg_17492_reg[2]_i_2         | CARRY.others.CARRY4  |
    | grp_equalStep_baseline_Pipeline_wrap_loop_fu_74/sub_ln77_94_reg_17482[3]_i_5         | LUT.others.LUT2      |
    | grp_equalStep_baseline_Pipeline_wrap_loop_fu_74/sub_ln77_94_reg_17482_reg[3]_i_1     | CARRY.others.CARRY4  |
    | grp_equalStep_baseline_Pipeline_wrap_loop_fu_74/sub_ln77_94_reg_17482_reg[7]_i_1     | CARRY.others.CARRY4  |
    | grp_equalStep_baseline_Pipeline_wrap_loop_fu_74/sub_ln77_94_reg_17482_reg[11]_i_1    | CARRY.others.CARRY4  |
    | grp_equalStep_baseline_Pipeline_wrap_loop_fu_74/sub_ln77_94_reg_17482_reg[15]_i_1    | CARRY.others.CARRY4  |
    | grp_equalStep_baseline_Pipeline_wrap_loop_fu_74/sub_ln77_94_reg_17482_reg[19]_i_1    | CARRY.others.CARRY4  |
    | grp_equalStep_baseline_Pipeline_wrap_loop_fu_74/sub_ln77_94_reg_17482_reg[23]_i_1    | CARRY.others.CARRY4  |
    | grp_equalStep_baseline_Pipeline_wrap_loop_fu_74/sub_ln77_94_reg_17482_reg[27]_i_1    | CARRY.others.CARRY4  |
    | grp_equalStep_baseline_Pipeline_wrap_loop_fu_74/sub_ln77_94_reg_17482_reg[31]_i_1    | CARRY.others.CARRY4  |
    | grp_equalStep_baseline_Pipeline_wrap_loop_fu_74/sub_ln77_94_reg_17482_reg[35]_i_1    | CARRY.others.CARRY4  |
    | grp_equalStep_baseline_Pipeline_wrap_loop_fu_74/sub_ln77_94_reg_17482_reg[33]        | FLOP_LATCH.flop.FDRE |
    +--------------------------------------------------------------------------------------+----------------------+

    +--------------------------------------------------------------------------------------+----------------------+
    | Path2 Cells                                                                          | Primitive Type       |
    +--------------------------------------------------------------------------------------+----------------------+
    | grp_equalStep_baseline_Pipeline_wrap_loop_fu_74/tx_0_28_0_0_0_i1483_reg_17333_reg[0] | FLOP_LATCH.flop.FDRE |
    | grp_equalStep_baseline_Pipeline_wrap_loop_fu_74/tmp_221_reg_17492[0]_i_54            | LUT.others.LUT3      |
    | grp_equalStep_baseline_Pipeline_wrap_loop_fu_74/tmp_221_reg_17492_reg[0]_i_44        | CARRY.others.CARRY4  |
    | grp_equalStep_baseline_Pipeline_wrap_loop_fu_74/tmp_221_reg_17492_reg[0]_i_33        | CARRY.others.CARRY4  |
    | grp_equalStep_baseline_Pipeline_wrap_loop_fu_74/tmp_221_reg_17492_reg[0]_i_27        | CARRY.others.CARRY4  |
    | grp_equalStep_baseline_Pipeline_wrap_loop_fu_74/tmp_221_reg_17492_reg[0]_i_21        | CARRY.others.CARRY4  |
    | grp_equalStep_baseline_Pipeline_wrap_loop_fu_74/tmp_221_reg_17492_reg[0]_i_15        | CARRY.others.CARRY4  |
    | grp_equalStep_baseline_Pipeline_wrap_loop_fu_74/tmp_221_reg_17492_reg[0]_i_9         | CARRY.others.CARRY4  |
    | grp_equalStep_baseline_Pipeline_wrap_loop_fu_74/tmp_221_reg_17492_reg[0]_i_3         | CARRY.others.CARRY4  |
    | grp_equalStep_baseline_Pipeline_wrap_loop_fu_74/tmp_221_reg_17492_reg[2]_i_2         | CARRY.others.CARRY4  |
    | grp_equalStep_baseline_Pipeline_wrap_loop_fu_74/sub_ln77_94_reg_17482[3]_i_5         | LUT.others.LUT2      |
    | grp_equalStep_baseline_Pipeline_wrap_loop_fu_74/sub_ln77_94_reg_17482_reg[3]_i_1     | CARRY.others.CARRY4  |
    | grp_equalStep_baseline_Pipeline_wrap_loop_fu_74/sub_ln77_94_reg_17482_reg[7]_i_1     | CARRY.others.CARRY4  |
    | grp_equalStep_baseline_Pipeline_wrap_loop_fu_74/sub_ln77_94_reg_17482_reg[11]_i_1    | CARRY.others.CARRY4  |
    | grp_equalStep_baseline_Pipeline_wrap_loop_fu_74/sub_ln77_94_reg_17482_reg[15]_i_1    | CARRY.others.CARRY4  |
    | grp_equalStep_baseline_Pipeline_wrap_loop_fu_74/sub_ln77_94_reg_17482_reg[19]_i_1    | CARRY.others.CARRY4  |
    | grp_equalStep_baseline_Pipeline_wrap_loop_fu_74/sub_ln77_94_reg_17482_reg[23]_i_1    | CARRY.others.CARRY4  |
    | grp_equalStep_baseline_Pipeline_wrap_loop_fu_74/sub_ln77_94_reg_17482_reg[27]_i_1    | CARRY.others.CARRY4  |
    | grp_equalStep_baseline_Pipeline_wrap_loop_fu_74/sub_ln77_94_reg_17482_reg[31]_i_1    | CARRY.others.CARRY4  |
    | grp_equalStep_baseline_Pipeline_wrap_loop_fu_74/sub_ln77_94_reg_17482_reg[35]_i_1    | CARRY.others.CARRY4  |
    | grp_equalStep_baseline_Pipeline_wrap_loop_fu_74/sub_ln77_94_reg_17482_reg[35]        | FLOP_LATCH.flop.FDRE |
    +--------------------------------------------------------------------------------------+----------------------+

    +--------------------------------------------------------------------------------------+----------------------+
    | Path3 Cells                                                                          | Primitive Type       |
    +--------------------------------------------------------------------------------------+----------------------+
    | grp_equalStep_baseline_Pipeline_wrap_loop_fu_74/tx_0_28_0_0_0_i1483_reg_17333_reg[0] | FLOP_LATCH.flop.FDRE |
    | grp_equalStep_baseline_Pipeline_wrap_loop_fu_74/tmp_221_reg_17492[0]_i_54            | LUT.others.LUT3      |
    | grp_equalStep_baseline_Pipeline_wrap_loop_fu_74/tmp_221_reg_17492_reg[0]_i_44        | CARRY.others.CARRY4  |
    | grp_equalStep_baseline_Pipeline_wrap_loop_fu_74/tmp_221_reg_17492_reg[0]_i_33        | CARRY.others.CARRY4  |
    | grp_equalStep_baseline_Pipeline_wrap_loop_fu_74/tmp_221_reg_17492_reg[0]_i_27        | CARRY.others.CARRY4  |
    | grp_equalStep_baseline_Pipeline_wrap_loop_fu_74/tmp_221_reg_17492_reg[0]_i_21        | CARRY.others.CARRY4  |
    | grp_equalStep_baseline_Pipeline_wrap_loop_fu_74/tmp_221_reg_17492_reg[0]_i_15        | CARRY.others.CARRY4  |
    | grp_equalStep_baseline_Pipeline_wrap_loop_fu_74/tmp_221_reg_17492_reg[0]_i_9         | CARRY.others.CARRY4  |
    | grp_equalStep_baseline_Pipeline_wrap_loop_fu_74/tmp_221_reg_17492_reg[0]_i_3         | CARRY.others.CARRY4  |
    | grp_equalStep_baseline_Pipeline_wrap_loop_fu_74/tmp_221_reg_17492_reg[2]_i_2         | CARRY.others.CARRY4  |
    | grp_equalStep_baseline_Pipeline_wrap_loop_fu_74/add_ln82_94_reg_17477[3]_i_4         | LUT.others.LUT2      |
    | grp_equalStep_baseline_Pipeline_wrap_loop_fu_74/add_ln82_94_reg_17477_reg[3]_i_1     | CARRY.others.CARRY4  |
    | grp_equalStep_baseline_Pipeline_wrap_loop_fu_74/add_ln82_94_reg_17477_reg[7]_i_1     | CARRY.others.CARRY4  |
    | grp_equalStep_baseline_Pipeline_wrap_loop_fu_74/add_ln82_94_reg_17477_reg[11]_i_1    | CARRY.others.CARRY4  |
    | grp_equalStep_baseline_Pipeline_wrap_loop_fu_74/add_ln82_94_reg_17477_reg[15]_i_1    | CARRY.others.CARRY4  |
    | grp_equalStep_baseline_Pipeline_wrap_loop_fu_74/add_ln82_94_reg_17477_reg[19]_i_1    | CARRY.others.CARRY4  |
    | grp_equalStep_baseline_Pipeline_wrap_loop_fu_74/add_ln82_94_reg_17477_reg[23]_i_1    | CARRY.others.CARRY4  |
    | grp_equalStep_baseline_Pipeline_wrap_loop_fu_74/add_ln82_94_reg_17477_reg[27]_i_1    | CARRY.others.CARRY4  |
    | grp_equalStep_baseline_Pipeline_wrap_loop_fu_74/add_ln82_94_reg_17477_reg[31]_i_1    | CARRY.others.CARRY4  |
    | grp_equalStep_baseline_Pipeline_wrap_loop_fu_74/add_ln82_94_reg_17477_reg[35]_i_1    | CARRY.others.CARRY4  |
    | grp_equalStep_baseline_Pipeline_wrap_loop_fu_74/add_ln82_94_reg_17477_reg[33]        | FLOP_LATCH.flop.FDRE |
    +--------------------------------------------------------------------------------------+----------------------+

    +--------------------------------------------------------------------------------------+----------------------+
    | Path4 Cells                                                                          | Primitive Type       |
    +--------------------------------------------------------------------------------------+----------------------+
    | grp_equalStep_baseline_Pipeline_wrap_loop_fu_74/tx_0_28_0_0_0_i1483_reg_17333_reg[0] | FLOP_LATCH.flop.FDRE |
    | grp_equalStep_baseline_Pipeline_wrap_loop_fu_74/tmp_221_reg_17492[0]_i_54            | LUT.others.LUT3      |
    | grp_equalStep_baseline_Pipeline_wrap_loop_fu_74/tmp_221_reg_17492_reg[0]_i_44        | CARRY.others.CARRY4  |
    | grp_equalStep_baseline_Pipeline_wrap_loop_fu_74/tmp_221_reg_17492_reg[0]_i_33        | CARRY.others.CARRY4  |
    | grp_equalStep_baseline_Pipeline_wrap_loop_fu_74/tmp_221_reg_17492_reg[0]_i_27        | CARRY.others.CARRY4  |
    | grp_equalStep_baseline_Pipeline_wrap_loop_fu_74/tmp_221_reg_17492_reg[0]_i_21        | CARRY.others.CARRY4  |
    | grp_equalStep_baseline_Pipeline_wrap_loop_fu_74/tmp_221_reg_17492_reg[0]_i_15        | CARRY.others.CARRY4  |
    | grp_equalStep_baseline_Pipeline_wrap_loop_fu_74/tmp_221_reg_17492_reg[0]_i_9         | CARRY.others.CARRY4  |
    | grp_equalStep_baseline_Pipeline_wrap_loop_fu_74/tmp_221_reg_17492_reg[0]_i_3         | CARRY.others.CARRY4  |
    | grp_equalStep_baseline_Pipeline_wrap_loop_fu_74/tmp_221_reg_17492_reg[2]_i_2         | CARRY.others.CARRY4  |
    | grp_equalStep_baseline_Pipeline_wrap_loop_fu_74/sub_ln77_94_reg_17482[3]_i_5         | LUT.others.LUT2      |
    | grp_equalStep_baseline_Pipeline_wrap_loop_fu_74/sub_ln77_94_reg_17482_reg[3]_i_1     | CARRY.others.CARRY4  |
    | grp_equalStep_baseline_Pipeline_wrap_loop_fu_74/sub_ln77_94_reg_17482_reg[7]_i_1     | CARRY.others.CARRY4  |
    | grp_equalStep_baseline_Pipeline_wrap_loop_fu_74/sub_ln77_94_reg_17482_reg[11]_i_1    | CARRY.others.CARRY4  |
    | grp_equalStep_baseline_Pipeline_wrap_loop_fu_74/sub_ln77_94_reg_17482_reg[15]_i_1    | CARRY.others.CARRY4  |
    | grp_equalStep_baseline_Pipeline_wrap_loop_fu_74/sub_ln77_94_reg_17482_reg[19]_i_1    | CARRY.others.CARRY4  |
    | grp_equalStep_baseline_Pipeline_wrap_loop_fu_74/sub_ln77_94_reg_17482_reg[23]_i_1    | CARRY.others.CARRY4  |
    | grp_equalStep_baseline_Pipeline_wrap_loop_fu_74/sub_ln77_94_reg_17482_reg[27]_i_1    | CARRY.others.CARRY4  |
    | grp_equalStep_baseline_Pipeline_wrap_loop_fu_74/sub_ln77_94_reg_17482_reg[31]_i_1    | CARRY.others.CARRY4  |
    | grp_equalStep_baseline_Pipeline_wrap_loop_fu_74/sub_ln77_94_reg_17482_reg[35]_i_1    | CARRY.others.CARRY4  |
    | grp_equalStep_baseline_Pipeline_wrap_loop_fu_74/sub_ln77_94_reg_17482_reg[34]        | FLOP_LATCH.flop.FDRE |
    +--------------------------------------------------------------------------------------+----------------------+

    +--------------------------------------------------------------------------------------+----------------------+
    | Path5 Cells                                                                          | Primitive Type       |
    +--------------------------------------------------------------------------------------+----------------------+
    | grp_equalStep_baseline_Pipeline_wrap_loop_fu_74/tx_0_28_0_0_0_i1483_reg_17333_reg[0] | FLOP_LATCH.flop.FDRE |
    | grp_equalStep_baseline_Pipeline_wrap_loop_fu_74/tmp_221_reg_17492[0]_i_54            | LUT.others.LUT3      |
    | grp_equalStep_baseline_Pipeline_wrap_loop_fu_74/tmp_221_reg_17492_reg[0]_i_44        | CARRY.others.CARRY4  |
    | grp_equalStep_baseline_Pipeline_wrap_loop_fu_74/tmp_221_reg_17492_reg[0]_i_33        | CARRY.others.CARRY4  |
    | grp_equalStep_baseline_Pipeline_wrap_loop_fu_74/tmp_221_reg_17492_reg[0]_i_27        | CARRY.others.CARRY4  |
    | grp_equalStep_baseline_Pipeline_wrap_loop_fu_74/tmp_221_reg_17492_reg[0]_i_21        | CARRY.others.CARRY4  |
    | grp_equalStep_baseline_Pipeline_wrap_loop_fu_74/tmp_221_reg_17492_reg[0]_i_15        | CARRY.others.CARRY4  |
    | grp_equalStep_baseline_Pipeline_wrap_loop_fu_74/tmp_221_reg_17492_reg[0]_i_9         | CARRY.others.CARRY4  |
    | grp_equalStep_baseline_Pipeline_wrap_loop_fu_74/tmp_221_reg_17492_reg[0]_i_3         | CARRY.others.CARRY4  |
    | grp_equalStep_baseline_Pipeline_wrap_loop_fu_74/tmp_221_reg_17492_reg[2]_i_2         | CARRY.others.CARRY4  |
    | grp_equalStep_baseline_Pipeline_wrap_loop_fu_74/add_ln82_94_reg_17477[3]_i_4         | LUT.others.LUT2      |
    | grp_equalStep_baseline_Pipeline_wrap_loop_fu_74/add_ln82_94_reg_17477_reg[3]_i_1     | CARRY.others.CARRY4  |
    | grp_equalStep_baseline_Pipeline_wrap_loop_fu_74/add_ln82_94_reg_17477_reg[7]_i_1     | CARRY.others.CARRY4  |
    | grp_equalStep_baseline_Pipeline_wrap_loop_fu_74/add_ln82_94_reg_17477_reg[11]_i_1    | CARRY.others.CARRY4  |
    | grp_equalStep_baseline_Pipeline_wrap_loop_fu_74/add_ln82_94_reg_17477_reg[15]_i_1    | CARRY.others.CARRY4  |
    | grp_equalStep_baseline_Pipeline_wrap_loop_fu_74/add_ln82_94_reg_17477_reg[19]_i_1    | CARRY.others.CARRY4  |
    | grp_equalStep_baseline_Pipeline_wrap_loop_fu_74/add_ln82_94_reg_17477_reg[23]_i_1    | CARRY.others.CARRY4  |
    | grp_equalStep_baseline_Pipeline_wrap_loop_fu_74/add_ln82_94_reg_17477_reg[27]_i_1    | CARRY.others.CARRY4  |
    | grp_equalStep_baseline_Pipeline_wrap_loop_fu_74/add_ln82_94_reg_17477_reg[31]_i_1    | CARRY.others.CARRY4  |
    | grp_equalStep_baseline_Pipeline_wrap_loop_fu_74/add_ln82_94_reg_17477_reg[35]_i_1    | CARRY.others.CARRY4  |
    | grp_equalStep_baseline_Pipeline_wrap_loop_fu_74/add_ln82_94_reg_17477_reg[35]        | FLOP_LATCH.flop.FDRE |
    +--------------------------------------------------------------------------------------+----------------------+


================================================================
== Place & Route Vivado Reports
================================================================
+--------------------------+----------------------------------------------------------------------------+
| Report Type              | Report Location                                                            |
+--------------------------+----------------------------------------------------------------------------+
| design_analysis          | impl/verilog/report/equalStep_baseline_design_analysis_routed.rpt          |
| failfast                 | impl/verilog/report/equalStep_baseline_failfast_routed.rpt                 |
| power                    | impl/verilog/report/equalStep_baseline_power_routed.rpt                    |
| status                   | impl/verilog/report/equalStep_baseline_status_routed.rpt                   |
| timing                   | impl/verilog/report/equalStep_baseline_timing_routed.rpt                   |
| timing_paths             | impl/verilog/report/equalStep_baseline_timing_paths_routed.rpt             |
| utilization              | impl/verilog/report/equalStep_baseline_utilization_routed.rpt              |
| utilization_hierarchical | impl/verilog/report/equalStep_baseline_utilization_hierarchical_routed.rpt |
+--------------------------+----------------------------------------------------------------------------+


