================================================================
== Vivado Place & Route Results
================================================================
+ General Information:
    * Date:            Thu Apr 30 13:05:43 -0700 2026
    * Version:         2025.1 (Build 6135595 on May 21 2025)
    * Project:         equalStep_baseline
    * Solution:        hls (Vivado IP Flow Target)
    * Product family:  zynq
    * Target device:   xc7z020-clg400-1


================================================================
== Run Constraints & Options
================================================================
+ Design Constraints & Options:
    * Place & Route target clock:  7 ns
    * C-Synthesis target clock:    9 ns
    * C-Synthesis uncertainty:     27%

+ RTL Synthesis Options:
    * config_export -vivado_synth_strategy:     default
    * config_export -vivado_synth_design_args:  -directive sdx_optimization_effort_high

+ Place & Route Options:
    * config_export -vivado_impl_strategy:  default
    * config_export -vivado_phys_opt:       auto

+ Reporting Options:
    * config_export -vivado_report_level:      2
    * config_export -vivado_max_timing_paths:  10


================================================================
== Place & Route Resource Summary
================================================================
LUT:              4515
FF:               3367
DSP:              8
BRAM:             0
URAM:             0
SRL:              36


================================================================
== Place & Route Timing Summary
================================================================
* Timing was met
+----------------+-------------+
| Timing         | Period (ns) |
+----------------+-------------+
| Target         | 7.000       |
| Post-Synthesis | 5.893       |
| Post-Route     | 6.316       |
+----------------+-------------+


================================================================
== Place & Route Resources
================================================================
+-------------------------------------------------------+------+------+-----+------+------+-----+--------+------+---------+----------+--------+
| Name                                                  | LUT  | FF   | DSP | BRAM | URAM | SRL | Pragma | Impl | Latency | Variable | Source |
+-------------------------------------------------------+------+------+-----+------+------+-----+--------+------+---------+----------+--------+
| inst                                                  | 4515 | 3367 | 8   |      |      |     |        |      |         |          |        |
|   (inst)                                              |      | 104  |     |      |      |     |        |      |         |          |        |
|   control_s_axi_U                                     | 95   | 84   |     |      |      |     |        |      |         |          |        |
|   grp_equalStep_baseline_Pipeline_wrap_loop_fu_64     | 4300 | 3018 | 8   |      |      |     |        |      |         |          |        |
|     (grp_equalStep_baseline_Pipeline_wrap_loop_fu_64) | 4221 | 3016 | 4   |      |      |     |        |      |         |          |        |
|     mac_muladd_12ns_11ns_23ns_24_4_1_U9               |      |      |     |      |      |     |        |      |         |          |        |
|     mac_muladd_12ns_12ns_24ns_25_4_1_U6               |      |      |     |      |      |     |        |      |         |          |        |
|     mac_muladd_13s_12ns_25s_26_4_1_U7                 |      |      |     |      |      |     |        |      |         |          |        |
|     mac_muladd_13s_12ns_25s_26_4_1_U8                 |      |      |     |      |      |     |        |      |         |          |        |
|   regslice_both_imStack_V_data_V_U                    | 68   | 77   |     |      |      |     |        |      |         |          |        |
|   regslice_both_out_r_V_data_V_U                      |      |      |     |      |      |     |        |      |         |          |        |
|   regslice_both_out_r_V_keep_V_U                      |      |      |     |      |      |     |        |      |         |          |        |
|   regslice_both_out_r_V_last_V_U                      |      |      |     |      |      |     |        |      |         |          |        |
|   regslice_both_out_r_V_strb_V_U                      |      |      |     |      |      |     |        |      |         |          |        |
+-------------------------------------------------------+------+------+-----+------+------+-----+--------+------+---------+----------+--------+


================================================================
== Place & Route Fail Fast
================================================================
+-----------------------------------------------------------+-----------+--------+--------+
| Criteria                                                  | Guideline | Actual | Status |
+-----------------------------------------------------------+-----------+--------+--------+
| LUT                                                       | 70%       | 8.49%  | OK     |
| FD                                                        | 50%       | 3.16%  | OK     |
| LUTRAM+SRL                                                | 25%       | 0.21%  | OK     |
| MUXF7                                                     | 15%       | 0.00%  | OK     |
| DSP                                                       | 80%       | 3.64%  | OK     |
| RAMB/FIFO                                                 | 80%       | 0.00%  | OK     |
| DSP+RAMB+URAM (Avg)                                       | 70%       | 3.64%  | OK     |
| BUFGCE* + BUFGCTRL                                        | 24        | 0      | OK     |
| DONT_TOUCH (cells/nets)                                   | 0         | 0      | OK     |
| MARK_DEBUG (nets)                                         | 0         | 0      | OK     |
| Control Sets                                              | 998       | 18     | OK     |
| Average Fanout for modules > 100k cells                   | 4         | 2.35   | OK     |
| Max Average Fanout for modules > 100k cells               | 4         | 0      | OK     |
| Non-FD high fanout nets > 10k loads                       | 0         | 0      | OK     |
+-----------------------------------------------------------+-----------+--------+--------+
| TIMING-6 (No common primary clock between related clocks) | 0         | 0      | OK     |
| TIMING-7 (No common node between related clocks)          | 0         | 0      | OK     |
| TIMING-8 (No common period between related clocks)        | 0         | 0      | OK     |
| TIMING-14 (LUT on the clock tree)                         | 0         | 0      | OK     |
| TIMING-35 (No common node in paths with the same clock)   | 0         | 0      | OK     |
+-----------------------------------------------------------+-----------+--------+--------+
| Number of paths above max LUT budgeting (0.575ns)         | 0         | 0      | OK     |
| Number of paths above max Net budgeting (0.403ns)         | 0         | 0      | OK     |
+-----------------------------------------------------------+-----------+--------+--------+


================================================================
== Place & Route Timing Paths
================================================================
* Timing was met
+-------+-------+------------------------------------------------------------------------------+------------------------------------------------------------------------------------+--------------+------------+----------------+----------------+--------------+
| Path  | SLACK | STARTPOINT PIN                                                               | ENDPOINT PIN                                                                       | LOGIC LEVELS | MAX FANOUT | DATAPATH DELAY | DATAPATH LOGIC | DATAPATH NET |
|       |       |                                                                              |                                                                                    |              |            |                |          DELAY |        DELAY |
+-------+-------+------------------------------------------------------------------------------+------------------------------------------------------------------------------------+--------------+------------+----------------+----------------+--------------+
| Path1 | 0.684 | grp_equalStep_baseline_Pipeline_wrap_loop_fu_64/tmp_55_reg_4623_reg[0]/C     | grp_equalStep_baseline_Pipeline_wrap_loop_fu_64/ty_0_26_0_0_0_i_reg_4666_reg[33]/D |            9 |        142 |          6.341 |          2.138 |        4.203 |
| Path2 | 0.692 | grp_equalStep_baseline_Pipeline_wrap_loop_fu_64/tmp_55_reg_4623_reg[0]/C     | grp_equalStep_baseline_Pipeline_wrap_loop_fu_64/tmp_59_reg_4672_reg[0]/D           |            9 |        142 |          6.333 |          2.130 |        4.203 |
| Path3 | 0.700 | grp_equalStep_baseline_Pipeline_wrap_loop_fu_64/tmp_47_reg_4530_reg[0]/C     | grp_equalStep_baseline_Pipeline_wrap_loop_fu_64/add_ln76_21_reg_4569_reg[33]/D     |           17 |         52 |          6.278 |          3.781 |        2.497 |
| Path4 | 0.768 | grp_equalStep_baseline_Pipeline_wrap_loop_fu_64/tmp_55_reg_4623_reg[0]/C     | grp_equalStep_baseline_Pipeline_wrap_loop_fu_64/ty_0_26_0_0_0_i_reg_4666_reg[34]/D |            9 |        142 |          6.257 |          2.054 |        4.203 |
| Path5 | 0.782 | grp_equalStep_baseline_Pipeline_wrap_loop_fu_64/icmp_ln639_reg_4063_reg[0]/C | grp_equalStep_baseline_Pipeline_wrap_loop_fu_64/add_ln82_1_reg_4094_reg[30]/D      |           10 |        190 |          6.196 |          3.000 |        3.196 |
+-------+-------+------------------------------------------------------------------------------+------------------------------------------------------------------------------------+--------------+------------+----------------+----------------+--------------+

    +--------------------------------------------------------------------------------------+----------------------+
    | Path1 Cells                                                                          | Primitive Type       |
    +--------------------------------------------------------------------------------------+----------------------+
    | grp_equalStep_baseline_Pipeline_wrap_loop_fu_64/tmp_55_reg_4623_reg[0]               | FLOP_LATCH.flop.FDRE |
    | grp_equalStep_baseline_Pipeline_wrap_loop_fu_64/ty_0_26_0_0_0_i_reg_4666[7]_i_8      | LUT.others.LUT6      |
    | grp_equalStep_baseline_Pipeline_wrap_loop_fu_64/ty_0_26_0_0_0_i_reg_4666_reg[7]_i_1  | CARRY.others.CARRY4  |
    | grp_equalStep_baseline_Pipeline_wrap_loop_fu_64/ty_0_26_0_0_0_i_reg_4666_reg[11]_i_1 | CARRY.others.CARRY4  |
    | grp_equalStep_baseline_Pipeline_wrap_loop_fu_64/ty_0_26_0_0_0_i_reg_4666_reg[15]_i_1 | CARRY.others.CARRY4  |
    | grp_equalStep_baseline_Pipeline_wrap_loop_fu_64/ty_0_26_0_0_0_i_reg_4666_reg[19]_i_1 | CARRY.others.CARRY4  |
    | grp_equalStep_baseline_Pipeline_wrap_loop_fu_64/ty_0_26_0_0_0_i_reg_4666_reg[23]_i_1 | CARRY.others.CARRY4  |
    | grp_equalStep_baseline_Pipeline_wrap_loop_fu_64/ty_0_26_0_0_0_i_reg_4666_reg[26]_i_1 | CARRY.others.CARRY4  |
    | grp_equalStep_baseline_Pipeline_wrap_loop_fu_64/ty_0_26_0_0_0_i_reg_4666_reg[28]_i_1 | CARRY.others.CARRY4  |
    | grp_equalStep_baseline_Pipeline_wrap_loop_fu_64/tmp_59_reg_4672_reg[0]_i_1           | CARRY.others.CARRY4  |
    | grp_equalStep_baseline_Pipeline_wrap_loop_fu_64/ty_0_26_0_0_0_i_reg_4666_reg[33]     | FLOP_LATCH.flop.FDRE |
    | grp_equalStep_baseline_Pipeline_wrap_loop_fu_64/tmp_55_reg_4623_reg[0]               | FLOP_LATCH.flop.FDRE |
    | grp_equalStep_baseline_Pipeline_wrap_loop_fu_64/ty_0_26_0_0_0_i_reg_4666[7]_i_8      | LUT.others.LUT6      |
    | grp_equalStep_baseline_Pipeline_wrap_loop_fu_64/ty_0_26_0_0_0_i_reg_4666_reg[7]_i_1  | CARRY.others.CARRY4  |
    | grp_equalStep_baseline_Pipeline_wrap_loop_fu_64/ty_0_26_0_0_0_i_reg_4666_reg[11]_i_1 | CARRY.others.CARRY4  |
    | grp_equalStep_baseline_Pipeline_wrap_loop_fu_64/ty_0_26_0_0_0_i_reg_4666_reg[15]_i_1 | CARRY.others.CARRY4  |
    | grp_equalStep_baseline_Pipeline_wrap_loop_fu_64/ty_0_26_0_0_0_i_reg_4666_reg[19]_i_1 | CARRY.others.CARRY4  |
    | grp_equalStep_baseline_Pipeline_wrap_loop_fu_64/ty_0_26_0_0_0_i_reg_4666_reg[23]_i_1 | CARRY.others.CARRY4  |
    | grp_equalStep_baseline_Pipeline_wrap_loop_fu_64/ty_0_26_0_0_0_i_reg_4666_reg[26]_i_1 | CARRY.others.CARRY4  |
    | grp_equalStep_baseline_Pipeline_wrap_loop_fu_64/ty_0_26_0_0_0_i_reg_4666_reg[28]_i_1 | CARRY.others.CARRY4  |
    | grp_equalStep_baseline_Pipeline_wrap_loop_fu_64/tmp_59_reg_4672_reg[0]_i_1           | CARRY.others.CARRY4  |
    | grp_equalStep_baseline_Pipeline_wrap_loop_fu_64/tmp_59_reg_4672_reg[0]               | FLOP_LATCH.flop.FDRE |
    | grp_equalStep_baseline_Pipeline_wrap_loop_fu_64/tmp_47_reg_4530_reg[0]               | FLOP_LATCH.flop.FDRE |
    | grp_equalStep_baseline_Pipeline_wrap_loop_fu_64/sub_ln77_22_reg_4574[3]_i_7          | LUT.others.LUT1      |
    | grp_equalStep_baseline_Pipeline_wrap_loop_fu_64/sub_ln77_22_reg_4574_reg[3]_i_2      | CARRY.others.CARRY4  |
    | grp_equalStep_baseline_Pipeline_wrap_loop_fu_64/sub_ln77_22_reg_4574_reg[7]_i_2      | CARRY.others.CARRY4  |
    | grp_equalStep_baseline_Pipeline_wrap_loop_fu_64/sub_ln77_22_reg_4574_reg[11]_i_2     | CARRY.others.CARRY4  |
    | grp_equalStep_baseline_Pipeline_wrap_loop_fu_64/sub_ln77_22_reg_4574_reg[19]_i_2     | CARRY.others.CARRY4  |
    | grp_equalStep_baseline_Pipeline_wrap_loop_fu_64/sub_ln77_22_reg_4574_reg[23]_i_2     | CARRY.others.CARRY4  |
    | grp_equalStep_baseline_Pipeline_wrap_loop_fu_64/sub_ln77_22_reg_4574_reg[27]_i_2     | CARRY.others.CARRY4  |
    | grp_equalStep_baseline_Pipeline_wrap_loop_fu_64/sub_ln77_22_reg_4574_reg[31]_i_2     | CARRY.others.CARRY4  |
    | grp_equalStep_baseline_Pipeline_wrap_loop_fu_64/tmp_49_reg_4552_reg[0]_i_2           | CARRY.others.CARRY4  |
    | grp_equalStep_baseline_Pipeline_wrap_loop_fu_64/tmp_49_reg_4552_reg[0]_i_1           | CARRY.others.CARRY4  |
    | grp_equalStep_baseline_Pipeline_wrap_loop_fu_64/add_ln76_21_reg_4569[15]_i_4         | LUT.others.LUT2      |
    | grp_equalStep_baseline_Pipeline_wrap_loop_fu_64/add_ln76_21_reg_4569_reg[15]_i_1     | CARRY.others.CARRY4  |
    | grp_equalStep_baseline_Pipeline_wrap_loop_fu_64/add_ln76_21_reg_4569_reg[19]_i_1     | CARRY.others.CARRY4  |
    | grp_equalStep_baseline_Pipeline_wrap_loop_fu_64/add_ln76_21_reg_4569_reg[23]_i_1     | CARRY.others.CARRY4  |
    | grp_equalStep_baseline_Pipeline_wrap_loop_fu_64/add_ln76_21_reg_4569_reg[27]_i_1     | CARRY.others.CARRY4  |
    | grp_equalStep_baseline_Pipeline_wrap_loop_fu_64/add_ln76_21_reg_4569_reg[31]_i_1     | CARRY.others.CARRY4  |
    | grp_equalStep_baseline_Pipeline_wrap_loop_fu_64/add_ln76_21_reg_4569_reg[33]_i_1     | CARRY.others.CARRY4  |
    | grp_equalStep_baseline_Pipeline_wrap_loop_fu_64/add_ln76_21_reg_4569_reg[33]         | FLOP_LATCH.flop.FDRE |
    | grp_equalStep_baseline_Pipeline_wrap_loop_fu_64/tmp_55_reg_4623_reg[0]               | FLOP_LATCH.flop.FDRE |
    | grp_equalStep_baseline_Pipeline_wrap_loop_fu_64/ty_0_26_0_0_0_i_reg_4666[7]_i_8      | LUT.others.LUT6      |
    | grp_equalStep_baseline_Pipeline_wrap_loop_fu_64/ty_0_26_0_0_0_i_reg_4666_reg[7]_i_1  | CARRY.others.CARRY4  |
    | grp_equalStep_baseline_Pipeline_wrap_loop_fu_64/ty_0_26_0_0_0_i_reg_4666_reg[11]_i_1 | CARRY.others.CARRY4  |
    | grp_equalStep_baseline_Pipeline_wrap_loop_fu_64/ty_0_26_0_0_0_i_reg_4666_reg[15]_i_1 | CARRY.others.CARRY4  |
    | grp_equalStep_baseline_Pipeline_wrap_loop_fu_64/ty_0_26_0_0_0_i_reg_4666_reg[19]_i_1 | CARRY.others.CARRY4  |
    | grp_equalStep_baseline_Pipeline_wrap_loop_fu_64/ty_0_26_0_0_0_i_reg_4666_reg[23]_i_1 | CARRY.others.CARRY4  |
    | grp_equalStep_baseline_Pipeline_wrap_loop_fu_64/ty_0_26_0_0_0_i_reg_4666_reg[26]_i_1 | CARRY.others.CARRY4  |
    | grp_equalStep_baseline_Pipeline_wrap_loop_fu_64/ty_0_26_0_0_0_i_reg_4666_reg[28]_i_1 | CARRY.others.CARRY4  |
    | grp_equalStep_baseline_Pipeline_wrap_loop_fu_64/tmp_59_reg_4672_reg[0]_i_1           | CARRY.others.CARRY4  |
    | grp_equalStep_baseline_Pipeline_wrap_loop_fu_64/ty_0_26_0_0_0_i_reg_4666_reg[34]     | FLOP_LATCH.flop.FDRE |
    | grp_equalStep_baseline_Pipeline_wrap_loop_fu_64/icmp_ln639_reg_4063_reg[0]           | FLOP_LATCH.flop.FDRE |
    | grp_equalStep_baseline_Pipeline_wrap_loop_fu_64/sub_ln77_1_reg_4104[12]_i_23         | LUT.others.LUT3      |
    | grp_equalStep_baseline_Pipeline_wrap_loop_fu_64/sub_ln77_1_reg_4104_reg[12]_i_11     | CARRY.others.CARRY4  |
    | grp_equalStep_baseline_Pipeline_wrap_loop_fu_64/sub_ln77_1_reg_4104_reg[16]_i_11     | CARRY.others.CARRY4  |
    | grp_equalStep_baseline_Pipeline_wrap_loop_fu_64/sub_ln77_1_reg_4104_reg[20]_i_11     | CARRY.others.CARRY4  |
    | grp_equalStep_baseline_Pipeline_wrap_loop_fu_64/sub_ln77_1_reg_4104_reg[24]_i_11     | CARRY.others.CARRY4  |
    | grp_equalStep_baseline_Pipeline_wrap_loop_fu_64/sub_ln77_1_reg_4104_reg[28]_i_11     | CARRY.others.CARRY4  |
    | grp_equalStep_baseline_Pipeline_wrap_loop_fu_64/sub_ln77_1_reg_4104[24]_i_2          | LUT.others.LUT5      |
    | grp_equalStep_baseline_Pipeline_wrap_loop_fu_64/add_ln82_1_reg_4094_reg[24]_i_1      | CARRY.others.CARRY4  |
    | grp_equalStep_baseline_Pipeline_wrap_loop_fu_64/add_ln82_1_reg_4094_reg[28]_i_1      | CARRY.others.CARRY4  |
    | grp_equalStep_baseline_Pipeline_wrap_loop_fu_64/add_ln82_1_reg_4094_reg[32]_i_1      | CARRY.others.CARRY4  |
    | grp_equalStep_baseline_Pipeline_wrap_loop_fu_64/add_ln82_1_reg_4094_reg[30]          | FLOP_LATCH.flop.FDRE |
    +--------------------------------------------------------------------------------------+----------------------+

    +--------------------------------------------------------------------------------------+----------------------+
    | Path2 Cells                                                                          | Primitive Type       |
    +--------------------------------------------------------------------------------------+----------------------+
    | grp_equalStep_baseline_Pipeline_wrap_loop_fu_64/tmp_55_reg_4623_reg[0]               | FLOP_LATCH.flop.FDRE |
    | grp_equalStep_baseline_Pipeline_wrap_loop_fu_64/ty_0_26_0_0_0_i_reg_4666[7]_i_8      | LUT.others.LUT6      |
    | grp_equalStep_baseline_Pipeline_wrap_loop_fu_64/ty_0_26_0_0_0_i_reg_4666_reg[7]_i_1  | CARRY.others.CARRY4  |
    | grp_equalStep_baseline_Pipeline_wrap_loop_fu_64/ty_0_26_0_0_0_i_reg_4666_reg[11]_i_1 | CARRY.others.CARRY4  |
    | grp_equalStep_baseline_Pipeline_wrap_loop_fu_64/ty_0_26_0_0_0_i_reg_4666_reg[15]_i_1 | CARRY.others.CARRY4  |
    | grp_equalStep_baseline_Pipeline_wrap_loop_fu_64/ty_0_26_0_0_0_i_reg_4666_reg[19]_i_1 | CARRY.others.CARRY4  |
    | grp_equalStep_baseline_Pipeline_wrap_loop_fu_64/ty_0_26_0_0_0_i_reg_4666_reg[23]_i_1 | CARRY.others.CARRY4  |
    | grp_equalStep_baseline_Pipeline_wrap_loop_fu_64/ty_0_26_0_0_0_i_reg_4666_reg[26]_i_1 | CARRY.others.CARRY4  |
    | grp_equalStep_baseline_Pipeline_wrap_loop_fu_64/ty_0_26_0_0_0_i_reg_4666_reg[28]_i_1 | CARRY.others.CARRY4  |
    | grp_equalStep_baseline_Pipeline_wrap_loop_fu_64/tmp_59_reg_4672_reg[0]_i_1           | CARRY.others.CARRY4  |
    | grp_equalStep_baseline_Pipeline_wrap_loop_fu_64/ty_0_26_0_0_0_i_reg_4666_reg[33]     | FLOP_LATCH.flop.FDRE |
    | grp_equalStep_baseline_Pipeline_wrap_loop_fu_64/tmp_55_reg_4623_reg[0]               | FLOP_LATCH.flop.FDRE |
    | grp_equalStep_baseline_Pipeline_wrap_loop_fu_64/ty_0_26_0_0_0_i_reg_4666[7]_i_8      | LUT.others.LUT6      |
    | grp_equalStep_baseline_Pipeline_wrap_loop_fu_64/ty_0_26_0_0_0_i_reg_4666_reg[7]_i_1  | CARRY.others.CARRY4  |
    | grp_equalStep_baseline_Pipeline_wrap_loop_fu_64/ty_0_26_0_0_0_i_reg_4666_reg[11]_i_1 | CARRY.others.CARRY4  |
    | grp_equalStep_baseline_Pipeline_wrap_loop_fu_64/ty_0_26_0_0_0_i_reg_4666_reg[15]_i_1 | CARRY.others.CARRY4  |
    | grp_equalStep_baseline_Pipeline_wrap_loop_fu_64/ty_0_26_0_0_0_i_reg_4666_reg[19]_i_1 | CARRY.others.CARRY4  |
    | grp_equalStep_baseline_Pipeline_wrap_loop_fu_64/ty_0_26_0_0_0_i_reg_4666_reg[23]_i_1 | CARRY.others.CARRY4  |
    | grp_equalStep_baseline_Pipeline_wrap_loop_fu_64/ty_0_26_0_0_0_i_reg_4666_reg[26]_i_1 | CARRY.others.CARRY4  |
    | grp_equalStep_baseline_Pipeline_wrap_loop_fu_64/ty_0_26_0_0_0_i_reg_4666_reg[28]_i_1 | CARRY.others.CARRY4  |
    | grp_equalStep_baseline_Pipeline_wrap_loop_fu_64/tmp_59_reg_4672_reg[0]_i_1           | CARRY.others.CARRY4  |
    | grp_equalStep_baseline_Pipeline_wrap_loop_fu_64/tmp_59_reg_4672_reg[0]               | FLOP_LATCH.flop.FDRE |
    | grp_equalStep_baseline_Pipeline_wrap_loop_fu_64/tmp_47_reg_4530_reg[0]               | FLOP_LATCH.flop.FDRE |
    | grp_equalStep_baseline_Pipeline_wrap_loop_fu_64/sub_ln77_22_reg_4574[3]_i_7          | LUT.others.LUT1      |
    | grp_equalStep_baseline_Pipeline_wrap_loop_fu_64/sub_ln77_22_reg_4574_reg[3]_i_2      | CARRY.others.CARRY4  |
    | grp_equalStep_baseline_Pipeline_wrap_loop_fu_64/sub_ln77_22_reg_4574_reg[7]_i_2      | CARRY.others.CARRY4  |
    | grp_equalStep_baseline_Pipeline_wrap_loop_fu_64/sub_ln77_22_reg_4574_reg[11]_i_2     | CARRY.others.CARRY4  |
    | grp_equalStep_baseline_Pipeline_wrap_loop_fu_64/sub_ln77_22_reg_4574_reg[19]_i_2     | CARRY.others.CARRY4  |
    | grp_equalStep_baseline_Pipeline_wrap_loop_fu_64/sub_ln77_22_reg_4574_reg[23]_i_2     | CARRY.others.CARRY4  |
    | grp_equalStep_baseline_Pipeline_wrap_loop_fu_64/sub_ln77_22_reg_4574_reg[27]_i_2     | CARRY.others.CARRY4  |
    | grp_equalStep_baseline_Pipeline_wrap_loop_fu_64/sub_ln77_22_reg_4574_reg[31]_i_2     | CARRY.others.CARRY4  |
    | grp_equalStep_baseline_Pipeline_wrap_loop_fu_64/tmp_49_reg_4552_reg[0]_i_2           | CARRY.others.CARRY4  |
    | grp_equalStep_baseline_Pipeline_wrap_loop_fu_64/tmp_49_reg_4552_reg[0]_i_1           | CARRY.others.CARRY4  |
    | grp_equalStep_baseline_Pipeline_wrap_loop_fu_64/add_ln76_21_reg_4569[15]_i_4         | LUT.others.LUT2      |
    | grp_equalStep_baseline_Pipeline_wrap_loop_fu_64/add_ln76_21_reg_4569_reg[15]_i_1     | CARRY.others.CARRY4  |
    | grp_equalStep_baseline_Pipeline_wrap_loop_fu_64/add_ln76_21_reg_4569_reg[19]_i_1     | CARRY.others.CARRY4  |
    | grp_equalStep_baseline_Pipeline_wrap_loop_fu_64/add_ln76_21_reg_4569_reg[23]_i_1     | CARRY.others.CARRY4  |
    | grp_equalStep_baseline_Pipeline_wrap_loop_fu_64/add_ln76_21_reg_4569_reg[27]_i_1     | CARRY.others.CARRY4  |
    | grp_equalStep_baseline_Pipeline_wrap_loop_fu_64/add_ln76_21_reg_4569_reg[31]_i_1     | CARRY.others.CARRY4  |
    | grp_equalStep_baseline_Pipeline_wrap_loop_fu_64/add_ln76_21_reg_4569_reg[33]_i_1     | CARRY.others.CARRY4  |
    | grp_equalStep_baseline_Pipeline_wrap_loop_fu_64/add_ln76_21_reg_4569_reg[33]         | FLOP_LATCH.flop.FDRE |
    | grp_equalStep_baseline_Pipeline_wrap_loop_fu_64/tmp_55_reg_4623_reg[0]               | FLOP_LATCH.flop.FDRE |
    | grp_equalStep_baseline_Pipeline_wrap_loop_fu_64/ty_0_26_0_0_0_i_reg_4666[7]_i_8      | LUT.others.LUT6      |
    | grp_equalStep_baseline_Pipeline_wrap_loop_fu_64/ty_0_26_0_0_0_i_reg_4666_reg[7]_i_1  | CARRY.others.CARRY4  |
    | grp_equalStep_baseline_Pipeline_wrap_loop_fu_64/ty_0_26_0_0_0_i_reg_4666_reg[11]_i_1 | CARRY.others.CARRY4  |
    | grp_equalStep_baseline_Pipeline_wrap_loop_fu_64/ty_0_26_0_0_0_i_reg_4666_reg[15]_i_1 | CARRY.others.CARRY4  |
    | grp_equalStep_baseline_Pipeline_wrap_loop_fu_64/ty_0_26_0_0_0_i_reg_4666_reg[19]_i_1 | CARRY.others.CARRY4  |
    | grp_equalStep_baseline_Pipeline_wrap_loop_fu_64/ty_0_26_0_0_0_i_reg_4666_reg[23]_i_1 | CARRY.others.CARRY4  |
    | grp_equalStep_baseline_Pipeline_wrap_loop_fu_64/ty_0_26_0_0_0_i_reg_4666_reg[26]_i_1 | CARRY.others.CARRY4  |
    | grp_equalStep_baseline_Pipeline_wrap_loop_fu_64/ty_0_26_0_0_0_i_reg_4666_reg[28]_i_1 | CARRY.others.CARRY4  |
    | grp_equalStep_baseline_Pipeline_wrap_loop_fu_64/tmp_59_reg_4672_reg[0]_i_1           | CARRY.others.CARRY4  |
    | grp_equalStep_baseline_Pipeline_wrap_loop_fu_64/ty_0_26_0_0_0_i_reg_4666_reg[34]     | FLOP_LATCH.flop.FDRE |
    | grp_equalStep_baseline_Pipeline_wrap_loop_fu_64/icmp_ln639_reg_4063_reg[0]           | FLOP_LATCH.flop.FDRE |
    | grp_equalStep_baseline_Pipeline_wrap_loop_fu_64/sub_ln77_1_reg_4104[12]_i_23         | LUT.others.LUT3      |
    | grp_equalStep_baseline_Pipeline_wrap_loop_fu_64/sub_ln77_1_reg_4104_reg[12]_i_11     | CARRY.others.CARRY4  |
    | grp_equalStep_baseline_Pipeline_wrap_loop_fu_64/sub_ln77_1_reg_4104_reg[16]_i_11     | CARRY.others.CARRY4  |
    | grp_equalStep_baseline_Pipeline_wrap_loop_fu_64/sub_ln77_1_reg_4104_reg[20]_i_11     | CARRY.others.CARRY4  |
    | grp_equalStep_baseline_Pipeline_wrap_loop_fu_64/sub_ln77_1_reg_4104_reg[24]_i_11     | CARRY.others.CARRY4  |
    | grp_equalStep_baseline_Pipeline_wrap_loop_fu_64/sub_ln77_1_reg_4104_reg[28]_i_11     | CARRY.others.CARRY4  |
    | grp_equalStep_baseline_Pipeline_wrap_loop_fu_64/sub_ln77_1_reg_4104[24]_i_2          | LUT.others.LUT5      |
    | grp_equalStep_baseline_Pipeline_wrap_loop_fu_64/add_ln82_1_reg_4094_reg[24]_i_1      | CARRY.others.CARRY4  |
    | grp_equalStep_baseline_Pipeline_wrap_loop_fu_64/add_ln82_1_reg_4094_reg[28]_i_1      | CARRY.others.CARRY4  |
    | grp_equalStep_baseline_Pipeline_wrap_loop_fu_64/add_ln82_1_reg_4094_reg[32]_i_1      | CARRY.others.CARRY4  |
    | grp_equalStep_baseline_Pipeline_wrap_loop_fu_64/add_ln82_1_reg_4094_reg[30]          | FLOP_LATCH.flop.FDRE |
    +--------------------------------------------------------------------------------------+----------------------+

    +--------------------------------------------------------------------------------------+----------------------+
    | Path3 Cells                                                                          | Primitive Type       |
    +--------------------------------------------------------------------------------------+----------------------+
    | grp_equalStep_baseline_Pipeline_wrap_loop_fu_64/tmp_55_reg_4623_reg[0]               | FLOP_LATCH.flop.FDRE |
    | grp_equalStep_baseline_Pipeline_wrap_loop_fu_64/ty_0_26_0_0_0_i_reg_4666[7]_i_8      | LUT.others.LUT6      |
    | grp_equalStep_baseline_Pipeline_wrap_loop_fu_64/ty_0_26_0_0_0_i_reg_4666_reg[7]_i_1  | CARRY.others.CARRY4  |
    | grp_equalStep_baseline_Pipeline_wrap_loop_fu_64/ty_0_26_0_0_0_i_reg_4666_reg[11]_i_1 | CARRY.others.CARRY4  |
    | grp_equalStep_baseline_Pipeline_wrap_loop_fu_64/ty_0_26_0_0_0_i_reg_4666_reg[15]_i_1 | CARRY.others.CARRY4  |
    | grp_equalStep_baseline_Pipeline_wrap_loop_fu_64/ty_0_26_0_0_0_i_reg_4666_reg[19]_i_1 | CARRY.others.CARRY4  |
    | grp_equalStep_baseline_Pipeline_wrap_loop_fu_64/ty_0_26_0_0_0_i_reg_4666_reg[23]_i_1 | CARRY.others.CARRY4  |
    | grp_equalStep_baseline_Pipeline_wrap_loop_fu_64/ty_0_26_0_0_0_i_reg_4666_reg[26]_i_1 | CARRY.others.CARRY4  |
    | grp_equalStep_baseline_Pipeline_wrap_loop_fu_64/ty_0_26_0_0_0_i_reg_4666_reg[28]_i_1 | CARRY.others.CARRY4  |
    | grp_equalStep_baseline_Pipeline_wrap_loop_fu_64/tmp_59_reg_4672_reg[0]_i_1           | CARRY.others.CARRY4  |
    | grp_equalStep_baseline_Pipeline_wrap_loop_fu_64/ty_0_26_0_0_0_i_reg_4666_reg[33]     | FLOP_LATCH.flop.FDRE |
    | grp_equalStep_baseline_Pipeline_wrap_loop_fu_64/tmp_55_reg_4623_reg[0]               | FLOP_LATCH.flop.FDRE |
    | grp_equalStep_baseline_Pipeline_wrap_loop_fu_64/ty_0_26_0_0_0_i_reg_4666[7]_i_8      | LUT.others.LUT6      |
    | grp_equalStep_baseline_Pipeline_wrap_loop_fu_64/ty_0_26_0_0_0_i_reg_4666_reg[7]_i_1  | CARRY.others.CARRY4  |
    | grp_equalStep_baseline_Pipeline_wrap_loop_fu_64/ty_0_26_0_0_0_i_reg_4666_reg[11]_i_1 | CARRY.others.CARRY4  |
    | grp_equalStep_baseline_Pipeline_wrap_loop_fu_64/ty_0_26_0_0_0_i_reg_4666_reg[15]_i_1 | CARRY.others.CARRY4  |
    | grp_equalStep_baseline_Pipeline_wrap_loop_fu_64/ty_0_26_0_0_0_i_reg_4666_reg[19]_i_1 | CARRY.others.CARRY4  |
    | grp_equalStep_baseline_Pipeline_wrap_loop_fu_64/ty_0_26_0_0_0_i_reg_4666_reg[23]_i_1 | CARRY.others.CARRY4  |
    | grp_equalStep_baseline_Pipeline_wrap_loop_fu_64/ty_0_26_0_0_0_i_reg_4666_reg[26]_i_1 | CARRY.others.CARRY4  |
    | grp_equalStep_baseline_Pipeline_wrap_loop_fu_64/ty_0_26_0_0_0_i_reg_4666_reg[28]_i_1 | CARRY.others.CARRY4  |
    | grp_equalStep_baseline_Pipeline_wrap_loop_fu_64/tmp_59_reg_4672_reg[0]_i_1           | CARRY.others.CARRY4  |
    | grp_equalStep_baseline_Pipeline_wrap_loop_fu_64/tmp_59_reg_4672_reg[0]               | FLOP_LATCH.flop.FDRE |
    | grp_equalStep_baseline_Pipeline_wrap_loop_fu_64/tmp_47_reg_4530_reg[0]               | FLOP_LATCH.flop.FDRE |
    | grp_equalStep_baseline_Pipeline_wrap_loop_fu_64/sub_ln77_22_reg_4574[3]_i_7          | LUT.others.LUT1      |
    | grp_equalStep_baseline_Pipeline_wrap_loop_fu_64/sub_ln77_22_reg_4574_reg[3]_i_2      | CARRY.others.CARRY4  |
    | grp_equalStep_baseline_Pipeline_wrap_loop_fu_64/sub_ln77_22_reg_4574_reg[7]_i_2      | CARRY.others.CARRY4  |
    | grp_equalStep_baseline_Pipeline_wrap_loop_fu_64/sub_ln77_22_reg_4574_reg[11]_i_2     | CARRY.others.CARRY4  |
    | grp_equalStep_baseline_Pipeline_wrap_loop_fu_64/sub_ln77_22_reg_4574_reg[19]_i_2     | CARRY.others.CARRY4  |
    | grp_equalStep_baseline_Pipeline_wrap_loop_fu_64/sub_ln77_22_reg_4574_reg[23]_i_2     | CARRY.others.CARRY4  |
    | grp_equalStep_baseline_Pipeline_wrap_loop_fu_64/sub_ln77_22_reg_4574_reg[27]_i_2     | CARRY.others.CARRY4  |
    | grp_equalStep_baseline_Pipeline_wrap_loop_fu_64/sub_ln77_22_reg_4574_reg[31]_i_2     | CARRY.others.CARRY4  |
    | grp_equalStep_baseline_Pipeline_wrap_loop_fu_64/tmp_49_reg_4552_reg[0]_i_2           | CARRY.others.CARRY4  |
    | grp_equalStep_baseline_Pipeline_wrap_loop_fu_64/tmp_49_reg_4552_reg[0]_i_1           | CARRY.others.CARRY4  |
    | grp_equalStep_baseline_Pipeline_wrap_loop_fu_64/add_ln76_21_reg_4569[15]_i_4         | LUT.others.LUT2      |
    | grp_equalStep_baseline_Pipeline_wrap_loop_fu_64/add_ln76_21_reg_4569_reg[15]_i_1     | CARRY.others.CARRY4  |
    | grp_equalStep_baseline_Pipeline_wrap_loop_fu_64/add_ln76_21_reg_4569_reg[19]_i_1     | CARRY.others.CARRY4  |
    | grp_equalStep_baseline_Pipeline_wrap_loop_fu_64/add_ln76_21_reg_4569_reg[23]_i_1     | CARRY.others.CARRY4  |
    | grp_equalStep_baseline_Pipeline_wrap_loop_fu_64/add_ln76_21_reg_4569_reg[27]_i_1     | CARRY.others.CARRY4  |
    | grp_equalStep_baseline_Pipeline_wrap_loop_fu_64/add_ln76_21_reg_4569_reg[31]_i_1     | CARRY.others.CARRY4  |
    | grp_equalStep_baseline_Pipeline_wrap_loop_fu_64/add_ln76_21_reg_4569_reg[33]_i_1     | CARRY.others.CARRY4  |
    | grp_equalStep_baseline_Pipeline_wrap_loop_fu_64/add_ln76_21_reg_4569_reg[33]         | FLOP_LATCH.flop.FDRE |
    | grp_equalStep_baseline_Pipeline_wrap_loop_fu_64/tmp_55_reg_4623_reg[0]               | FLOP_LATCH.flop.FDRE |
    | grp_equalStep_baseline_Pipeline_wrap_loop_fu_64/ty_0_26_0_0_0_i_reg_4666[7]_i_8      | LUT.others.LUT6      |
    | grp_equalStep_baseline_Pipeline_wrap_loop_fu_64/ty_0_26_0_0_0_i_reg_4666_reg[7]_i_1  | CARRY.others.CARRY4  |
    | grp_equalStep_baseline_Pipeline_wrap_loop_fu_64/ty_0_26_0_0_0_i_reg_4666_reg[11]_i_1 | CARRY.others.CARRY4  |
    | grp_equalStep_baseline_Pipeline_wrap_loop_fu_64/ty_0_26_0_0_0_i_reg_4666_reg[15]_i_1 | CARRY.others.CARRY4  |
    | grp_equalStep_baseline_Pipeline_wrap_loop_fu_64/ty_0_26_0_0_0_i_reg_4666_reg[19]_i_1 | CARRY.others.CARRY4  |
    | grp_equalStep_baseline_Pipeline_wrap_loop_fu_64/ty_0_26_0_0_0_i_reg_4666_reg[23]_i_1 | CARRY.others.CARRY4  |
    | grp_equalStep_baseline_Pipeline_wrap_loop_fu_64/ty_0_26_0_0_0_i_reg_4666_reg[26]_i_1 | CARRY.others.CARRY4  |
    | grp_equalStep_baseline_Pipeline_wrap_loop_fu_64/ty_0_26_0_0_0_i_reg_4666_reg[28]_i_1 | CARRY.others.CARRY4  |
    | grp_equalStep_baseline_Pipeline_wrap_loop_fu_64/tmp_59_reg_4672_reg[0]_i_1           | CARRY.others.CARRY4  |
    | grp_equalStep_baseline_Pipeline_wrap_loop_fu_64/ty_0_26_0_0_0_i_reg_4666_reg[34]     | FLOP_LATCH.flop.FDRE |
    | grp_equalStep_baseline_Pipeline_wrap_loop_fu_64/icmp_ln639_reg_4063_reg[0]           | FLOP_LATCH.flop.FDRE |
    | grp_equalStep_baseline_Pipeline_wrap_loop_fu_64/sub_ln77_1_reg_4104[12]_i_23         | LUT.others.LUT3      |
    | grp_equalStep_baseline_Pipeline_wrap_loop_fu_64/sub_ln77_1_reg_4104_reg[12]_i_11     | CARRY.others.CARRY4  |
    | grp_equalStep_baseline_Pipeline_wrap_loop_fu_64/sub_ln77_1_reg_4104_reg[16]_i_11     | CARRY.others.CARRY4  |
    | grp_equalStep_baseline_Pipeline_wrap_loop_fu_64/sub_ln77_1_reg_4104_reg[20]_i_11     | CARRY.others.CARRY4  |
    | grp_equalStep_baseline_Pipeline_wrap_loop_fu_64/sub_ln77_1_reg_4104_reg[24]_i_11     | CARRY.others.CARRY4  |
    | grp_equalStep_baseline_Pipeline_wrap_loop_fu_64/sub_ln77_1_reg_4104_reg[28]_i_11     | CARRY.others.CARRY4  |
    | grp_equalStep_baseline_Pipeline_wrap_loop_fu_64/sub_ln77_1_reg_4104[24]_i_2          | LUT.others.LUT5      |
    | grp_equalStep_baseline_Pipeline_wrap_loop_fu_64/add_ln82_1_reg_4094_reg[24]_i_1      | CARRY.others.CARRY4  |
    | grp_equalStep_baseline_Pipeline_wrap_loop_fu_64/add_ln82_1_reg_4094_reg[28]_i_1      | CARRY.others.CARRY4  |
    | grp_equalStep_baseline_Pipeline_wrap_loop_fu_64/add_ln82_1_reg_4094_reg[32]_i_1      | CARRY.others.CARRY4  |
    | grp_equalStep_baseline_Pipeline_wrap_loop_fu_64/add_ln82_1_reg_4094_reg[30]          | FLOP_LATCH.flop.FDRE |
    +--------------------------------------------------------------------------------------+----------------------+

    +--------------------------------------------------------------------------------------+----------------------+
    | Path4 Cells                                                                          | Primitive Type       |
    +--------------------------------------------------------------------------------------+----------------------+
    | grp_equalStep_baseline_Pipeline_wrap_loop_fu_64/tmp_55_reg_4623_reg[0]               | FLOP_LATCH.flop.FDRE |
    | grp_equalStep_baseline_Pipeline_wrap_loop_fu_64/ty_0_26_0_0_0_i_reg_4666[7]_i_8      | LUT.others.LUT6      |
    | grp_equalStep_baseline_Pipeline_wrap_loop_fu_64/ty_0_26_0_0_0_i_reg_4666_reg[7]_i_1  | CARRY.others.CARRY4  |
    | grp_equalStep_baseline_Pipeline_wrap_loop_fu_64/ty_0_26_0_0_0_i_reg_4666_reg[11]_i_1 | CARRY.others.CARRY4  |
    | grp_equalStep_baseline_Pipeline_wrap_loop_fu_64/ty_0_26_0_0_0_i_reg_4666_reg[15]_i_1 | CARRY.others.CARRY4  |
    | grp_equalStep_baseline_Pipeline_wrap_loop_fu_64/ty_0_26_0_0_0_i_reg_4666_reg[19]_i_1 | CARRY.others.CARRY4  |
    | grp_equalStep_baseline_Pipeline_wrap_loop_fu_64/ty_0_26_0_0_0_i_reg_4666_reg[23]_i_1 | CARRY.others.CARRY4  |
    | grp_equalStep_baseline_Pipeline_wrap_loop_fu_64/ty_0_26_0_0_0_i_reg_4666_reg[26]_i_1 | CARRY.others.CARRY4  |
    | grp_equalStep_baseline_Pipeline_wrap_loop_fu_64/ty_0_26_0_0_0_i_reg_4666_reg[28]_i_1 | CARRY.others.CARRY4  |
    | grp_equalStep_baseline_Pipeline_wrap_loop_fu_64/tmp_59_reg_4672_reg[0]_i_1           | CARRY.others.CARRY4  |
    | grp_equalStep_baseline_Pipeline_wrap_loop_fu_64/ty_0_26_0_0_0_i_reg_4666_reg[33]     | FLOP_LATCH.flop.FDRE |
    | grp_equalStep_baseline_Pipeline_wrap_loop_fu_64/tmp_55_reg_4623_reg[0]               | FLOP_LATCH.flop.FDRE |
    | grp_equalStep_baseline_Pipeline_wrap_loop_fu_64/ty_0_26_0_0_0_i_reg_4666[7]_i_8      | LUT.others.LUT6      |
    | grp_equalStep_baseline_Pipeline_wrap_loop_fu_64/ty_0_26_0_0_0_i_reg_4666_reg[7]_i_1  | CARRY.others.CARRY4  |
    | grp_equalStep_baseline_Pipeline_wrap_loop_fu_64/ty_0_26_0_0_0_i_reg_4666_reg[11]_i_1 | CARRY.others.CARRY4  |
    | grp_equalStep_baseline_Pipeline_wrap_loop_fu_64/ty_0_26_0_0_0_i_reg_4666_reg[15]_i_1 | CARRY.others.CARRY4  |
    | grp_equalStep_baseline_Pipeline_wrap_loop_fu_64/ty_0_26_0_0_0_i_reg_4666_reg[19]_i_1 | CARRY.others.CARRY4  |
    | grp_equalStep_baseline_Pipeline_wrap_loop_fu_64/ty_0_26_0_0_0_i_reg_4666_reg[23]_i_1 | CARRY.others.CARRY4  |
    | grp_equalStep_baseline_Pipeline_wrap_loop_fu_64/ty_0_26_0_0_0_i_reg_4666_reg[26]_i_1 | CARRY.others.CARRY4  |
    | grp_equalStep_baseline_Pipeline_wrap_loop_fu_64/ty_0_26_0_0_0_i_reg_4666_reg[28]_i_1 | CARRY.others.CARRY4  |
    | grp_equalStep_baseline_Pipeline_wrap_loop_fu_64/tmp_59_reg_4672_reg[0]_i_1           | CARRY.others.CARRY4  |
    | grp_equalStep_baseline_Pipeline_wrap_loop_fu_64/tmp_59_reg_4672_reg[0]               | FLOP_LATCH.flop.FDRE |
    | grp_equalStep_baseline_Pipeline_wrap_loop_fu_64/tmp_47_reg_4530_reg[0]               | FLOP_LATCH.flop.FDRE |
    | grp_equalStep_baseline_Pipeline_wrap_loop_fu_64/sub_ln77_22_reg_4574[3]_i_7          | LUT.others.LUT1      |
    | grp_equalStep_baseline_Pipeline_wrap_loop_fu_64/sub_ln77_22_reg_4574_reg[3]_i_2      | CARRY.others.CARRY4  |
    | grp_equalStep_baseline_Pipeline_wrap_loop_fu_64/sub_ln77_22_reg_4574_reg[7]_i_2      | CARRY.others.CARRY4  |
    | grp_equalStep_baseline_Pipeline_wrap_loop_fu_64/sub_ln77_22_reg_4574_reg[11]_i_2     | CARRY.others.CARRY4  |
    | grp_equalStep_baseline_Pipeline_wrap_loop_fu_64/sub_ln77_22_reg_4574_reg[19]_i_2     | CARRY.others.CARRY4  |
    | grp_equalStep_baseline_Pipeline_wrap_loop_fu_64/sub_ln77_22_reg_4574_reg[23]_i_2     | CARRY.others.CARRY4  |
    | grp_equalStep_baseline_Pipeline_wrap_loop_fu_64/sub_ln77_22_reg_4574_reg[27]_i_2     | CARRY.others.CARRY4  |
    | grp_equalStep_baseline_Pipeline_wrap_loop_fu_64/sub_ln77_22_reg_4574_reg[31]_i_2     | CARRY.others.CARRY4  |
    | grp_equalStep_baseline_Pipeline_wrap_loop_fu_64/tmp_49_reg_4552_reg[0]_i_2           | CARRY.others.CARRY4  |
    | grp_equalStep_baseline_Pipeline_wrap_loop_fu_64/tmp_49_reg_4552_reg[0]_i_1           | CARRY.others.CARRY4  |
    | grp_equalStep_baseline_Pipeline_wrap_loop_fu_64/add_ln76_21_reg_4569[15]_i_4         | LUT.others.LUT2      |
    | grp_equalStep_baseline_Pipeline_wrap_loop_fu_64/add_ln76_21_reg_4569_reg[15]_i_1     | CARRY.others.CARRY4  |
    | grp_equalStep_baseline_Pipeline_wrap_loop_fu_64/add_ln76_21_reg_4569_reg[19]_i_1     | CARRY.others.CARRY4  |
    | grp_equalStep_baseline_Pipeline_wrap_loop_fu_64/add_ln76_21_reg_4569_reg[23]_i_1     | CARRY.others.CARRY4  |
    | grp_equalStep_baseline_Pipeline_wrap_loop_fu_64/add_ln76_21_reg_4569_reg[27]_i_1     | CARRY.others.CARRY4  |
    | grp_equalStep_baseline_Pipeline_wrap_loop_fu_64/add_ln76_21_reg_4569_reg[31]_i_1     | CARRY.others.CARRY4  |
    | grp_equalStep_baseline_Pipeline_wrap_loop_fu_64/add_ln76_21_reg_4569_reg[33]_i_1     | CARRY.others.CARRY4  |
    | grp_equalStep_baseline_Pipeline_wrap_loop_fu_64/add_ln76_21_reg_4569_reg[33]         | FLOP_LATCH.flop.FDRE |
    | grp_equalStep_baseline_Pipeline_wrap_loop_fu_64/tmp_55_reg_4623_reg[0]               | FLOP_LATCH.flop.FDRE |
    | grp_equalStep_baseline_Pipeline_wrap_loop_fu_64/ty_0_26_0_0_0_i_reg_4666[7]_i_8      | LUT.others.LUT6      |
    | grp_equalStep_baseline_Pipeline_wrap_loop_fu_64/ty_0_26_0_0_0_i_reg_4666_reg[7]_i_1  | CARRY.others.CARRY4  |
    | grp_equalStep_baseline_Pipeline_wrap_loop_fu_64/ty_0_26_0_0_0_i_reg_4666_reg[11]_i_1 | CARRY.others.CARRY4  |
    | grp_equalStep_baseline_Pipeline_wrap_loop_fu_64/ty_0_26_0_0_0_i_reg_4666_reg[15]_i_1 | CARRY.others.CARRY4  |
    | grp_equalStep_baseline_Pipeline_wrap_loop_fu_64/ty_0_26_0_0_0_i_reg_4666_reg[19]_i_1 | CARRY.others.CARRY4  |
    | grp_equalStep_baseline_Pipeline_wrap_loop_fu_64/ty_0_26_0_0_0_i_reg_4666_reg[23]_i_1 | CARRY.others.CARRY4  |
    | grp_equalStep_baseline_Pipeline_wrap_loop_fu_64/ty_0_26_0_0_0_i_reg_4666_reg[26]_i_1 | CARRY.others.CARRY4  |
    | grp_equalStep_baseline_Pipeline_wrap_loop_fu_64/ty_0_26_0_0_0_i_reg_4666_reg[28]_i_1 | CARRY.others.CARRY4  |
    | grp_equalStep_baseline_Pipeline_wrap_loop_fu_64/tmp_59_reg_4672_reg[0]_i_1           | CARRY.others.CARRY4  |
    | grp_equalStep_baseline_Pipeline_wrap_loop_fu_64/ty_0_26_0_0_0_i_reg_4666_reg[34]     | FLOP_LATCH.flop.FDRE |
    | grp_equalStep_baseline_Pipeline_wrap_loop_fu_64/icmp_ln639_reg_4063_reg[0]           | FLOP_LATCH.flop.FDRE |
    | grp_equalStep_baseline_Pipeline_wrap_loop_fu_64/sub_ln77_1_reg_4104[12]_i_23         | LUT.others.LUT3      |
    | grp_equalStep_baseline_Pipeline_wrap_loop_fu_64/sub_ln77_1_reg_4104_reg[12]_i_11     | CARRY.others.CARRY4  |
    | grp_equalStep_baseline_Pipeline_wrap_loop_fu_64/sub_ln77_1_reg_4104_reg[16]_i_11     | CARRY.others.CARRY4  |
    | grp_equalStep_baseline_Pipeline_wrap_loop_fu_64/sub_ln77_1_reg_4104_reg[20]_i_11     | CARRY.others.CARRY4  |
    | grp_equalStep_baseline_Pipeline_wrap_loop_fu_64/sub_ln77_1_reg_4104_reg[24]_i_11     | CARRY.others.CARRY4  |
    | grp_equalStep_baseline_Pipeline_wrap_loop_fu_64/sub_ln77_1_reg_4104_reg[28]_i_11     | CARRY.others.CARRY4  |
    | grp_equalStep_baseline_Pipeline_wrap_loop_fu_64/sub_ln77_1_reg_4104[24]_i_2          | LUT.others.LUT5      |
    | grp_equalStep_baseline_Pipeline_wrap_loop_fu_64/add_ln82_1_reg_4094_reg[24]_i_1      | CARRY.others.CARRY4  |
    | grp_equalStep_baseline_Pipeline_wrap_loop_fu_64/add_ln82_1_reg_4094_reg[28]_i_1      | CARRY.others.CARRY4  |
    | grp_equalStep_baseline_Pipeline_wrap_loop_fu_64/add_ln82_1_reg_4094_reg[32]_i_1      | CARRY.others.CARRY4  |
    | grp_equalStep_baseline_Pipeline_wrap_loop_fu_64/add_ln82_1_reg_4094_reg[30]          | FLOP_LATCH.flop.FDRE |
    +--------------------------------------------------------------------------------------+----------------------+

    +--------------------------------------------------------------------------------------+----------------------+
    | Path5 Cells                                                                          | Primitive Type       |
    +--------------------------------------------------------------------------------------+----------------------+
    | grp_equalStep_baseline_Pipeline_wrap_loop_fu_64/tmp_55_reg_4623_reg[0]               | FLOP_LATCH.flop.FDRE |
    | grp_equalStep_baseline_Pipeline_wrap_loop_fu_64/ty_0_26_0_0_0_i_reg_4666[7]_i_8      | LUT.others.LUT6      |
    | grp_equalStep_baseline_Pipeline_wrap_loop_fu_64/ty_0_26_0_0_0_i_reg_4666_reg[7]_i_1  | CARRY.others.CARRY4  |
    | grp_equalStep_baseline_Pipeline_wrap_loop_fu_64/ty_0_26_0_0_0_i_reg_4666_reg[11]_i_1 | CARRY.others.CARRY4  |
    | grp_equalStep_baseline_Pipeline_wrap_loop_fu_64/ty_0_26_0_0_0_i_reg_4666_reg[15]_i_1 | CARRY.others.CARRY4  |
    | grp_equalStep_baseline_Pipeline_wrap_loop_fu_64/ty_0_26_0_0_0_i_reg_4666_reg[19]_i_1 | CARRY.others.CARRY4  |
    | grp_equalStep_baseline_Pipeline_wrap_loop_fu_64/ty_0_26_0_0_0_i_reg_4666_reg[23]_i_1 | CARRY.others.CARRY4  |
    | grp_equalStep_baseline_Pipeline_wrap_loop_fu_64/ty_0_26_0_0_0_i_reg_4666_reg[26]_i_1 | CARRY.others.CARRY4  |
    | grp_equalStep_baseline_Pipeline_wrap_loop_fu_64/ty_0_26_0_0_0_i_reg_4666_reg[28]_i_1 | CARRY.others.CARRY4  |
    | grp_equalStep_baseline_Pipeline_wrap_loop_fu_64/tmp_59_reg_4672_reg[0]_i_1           | CARRY.others.CARRY4  |
    | grp_equalStep_baseline_Pipeline_wrap_loop_fu_64/ty_0_26_0_0_0_i_reg_4666_reg[33]     | FLOP_LATCH.flop.FDRE |
    | grp_equalStep_baseline_Pipeline_wrap_loop_fu_64/tmp_55_reg_4623_reg[0]               | FLOP_LATCH.flop.FDRE |
    | grp_equalStep_baseline_Pipeline_wrap_loop_fu_64/ty_0_26_0_0_0_i_reg_4666[7]_i_8      | LUT.others.LUT6      |
    | grp_equalStep_baseline_Pipeline_wrap_loop_fu_64/ty_0_26_0_0_0_i_reg_4666_reg[7]_i_1  | CARRY.others.CARRY4  |
    | grp_equalStep_baseline_Pipeline_wrap_loop_fu_64/ty_0_26_0_0_0_i_reg_4666_reg[11]_i_1 | CARRY.others.CARRY4  |
    | grp_equalStep_baseline_Pipeline_wrap_loop_fu_64/ty_0_26_0_0_0_i_reg_4666_reg[15]_i_1 | CARRY.others.CARRY4  |
    | grp_equalStep_baseline_Pipeline_wrap_loop_fu_64/ty_0_26_0_0_0_i_reg_4666_reg[19]_i_1 | CARRY.others.CARRY4  |
    | grp_equalStep_baseline_Pipeline_wrap_loop_fu_64/ty_0_26_0_0_0_i_reg_4666_reg[23]_i_1 | CARRY.others.CARRY4  |
    | grp_equalStep_baseline_Pipeline_wrap_loop_fu_64/ty_0_26_0_0_0_i_reg_4666_reg[26]_i_1 | CARRY.others.CARRY4  |
    | grp_equalStep_baseline_Pipeline_wrap_loop_fu_64/ty_0_26_0_0_0_i_reg_4666_reg[28]_i_1 | CARRY.others.CARRY4  |
    | grp_equalStep_baseline_Pipeline_wrap_loop_fu_64/tmp_59_reg_4672_reg[0]_i_1           | CARRY.others.CARRY4  |
    | grp_equalStep_baseline_Pipeline_wrap_loop_fu_64/tmp_59_reg_4672_reg[0]               | FLOP_LATCH.flop.FDRE |
    | grp_equalStep_baseline_Pipeline_wrap_loop_fu_64/tmp_47_reg_4530_reg[0]               | FLOP_LATCH.flop.FDRE |
    | grp_equalStep_baseline_Pipeline_wrap_loop_fu_64/sub_ln77_22_reg_4574[3]_i_7          | LUT.others.LUT1      |
    | grp_equalStep_baseline_Pipeline_wrap_loop_fu_64/sub_ln77_22_reg_4574_reg[3]_i_2      | CARRY.others.CARRY4  |
    | grp_equalStep_baseline_Pipeline_wrap_loop_fu_64/sub_ln77_22_reg_4574_reg[7]_i_2      | CARRY.others.CARRY4  |
    | grp_equalStep_baseline_Pipeline_wrap_loop_fu_64/sub_ln77_22_reg_4574_reg[11]_i_2     | CARRY.others.CARRY4  |
    | grp_equalStep_baseline_Pipeline_wrap_loop_fu_64/sub_ln77_22_reg_4574_reg[19]_i_2     | CARRY.others.CARRY4  |
    | grp_equalStep_baseline_Pipeline_wrap_loop_fu_64/sub_ln77_22_reg_4574_reg[23]_i_2     | CARRY.others.CARRY4  |
    | grp_equalStep_baseline_Pipeline_wrap_loop_fu_64/sub_ln77_22_reg_4574_reg[27]_i_2     | CARRY.others.CARRY4  |
    | grp_equalStep_baseline_Pipeline_wrap_loop_fu_64/sub_ln77_22_reg_4574_reg[31]_i_2     | CARRY.others.CARRY4  |
    | grp_equalStep_baseline_Pipeline_wrap_loop_fu_64/tmp_49_reg_4552_reg[0]_i_2           | CARRY.others.CARRY4  |
    | grp_equalStep_baseline_Pipeline_wrap_loop_fu_64/tmp_49_reg_4552_reg[0]_i_1           | CARRY.others.CARRY4  |
    | grp_equalStep_baseline_Pipeline_wrap_loop_fu_64/add_ln76_21_reg_4569[15]_i_4         | LUT.others.LUT2      |
    | grp_equalStep_baseline_Pipeline_wrap_loop_fu_64/add_ln76_21_reg_4569_reg[15]_i_1     | CARRY.others.CARRY4  |
    | grp_equalStep_baseline_Pipeline_wrap_loop_fu_64/add_ln76_21_reg_4569_reg[19]_i_1     | CARRY.others.CARRY4  |
    | grp_equalStep_baseline_Pipeline_wrap_loop_fu_64/add_ln76_21_reg_4569_reg[23]_i_1     | CARRY.others.CARRY4  |
    | grp_equalStep_baseline_Pipeline_wrap_loop_fu_64/add_ln76_21_reg_4569_reg[27]_i_1     | CARRY.others.CARRY4  |
    | grp_equalStep_baseline_Pipeline_wrap_loop_fu_64/add_ln76_21_reg_4569_reg[31]_i_1     | CARRY.others.CARRY4  |
    | grp_equalStep_baseline_Pipeline_wrap_loop_fu_64/add_ln76_21_reg_4569_reg[33]_i_1     | CARRY.others.CARRY4  |
    | grp_equalStep_baseline_Pipeline_wrap_loop_fu_64/add_ln76_21_reg_4569_reg[33]         | FLOP_LATCH.flop.FDRE |
    | grp_equalStep_baseline_Pipeline_wrap_loop_fu_64/tmp_55_reg_4623_reg[0]               | FLOP_LATCH.flop.FDRE |
    | grp_equalStep_baseline_Pipeline_wrap_loop_fu_64/ty_0_26_0_0_0_i_reg_4666[7]_i_8      | LUT.others.LUT6      |
    | grp_equalStep_baseline_Pipeline_wrap_loop_fu_64/ty_0_26_0_0_0_i_reg_4666_reg[7]_i_1  | CARRY.others.CARRY4  |
    | grp_equalStep_baseline_Pipeline_wrap_loop_fu_64/ty_0_26_0_0_0_i_reg_4666_reg[11]_i_1 | CARRY.others.CARRY4  |
    | grp_equalStep_baseline_Pipeline_wrap_loop_fu_64/ty_0_26_0_0_0_i_reg_4666_reg[15]_i_1 | CARRY.others.CARRY4  |
    | grp_equalStep_baseline_Pipeline_wrap_loop_fu_64/ty_0_26_0_0_0_i_reg_4666_reg[19]_i_1 | CARRY.others.CARRY4  |
    | grp_equalStep_baseline_Pipeline_wrap_loop_fu_64/ty_0_26_0_0_0_i_reg_4666_reg[23]_i_1 | CARRY.others.CARRY4  |
    | grp_equalStep_baseline_Pipeline_wrap_loop_fu_64/ty_0_26_0_0_0_i_reg_4666_reg[26]_i_1 | CARRY.others.CARRY4  |
    | grp_equalStep_baseline_Pipeline_wrap_loop_fu_64/ty_0_26_0_0_0_i_reg_4666_reg[28]_i_1 | CARRY.others.CARRY4  |
    | grp_equalStep_baseline_Pipeline_wrap_loop_fu_64/tmp_59_reg_4672_reg[0]_i_1           | CARRY.others.CARRY4  |
    | grp_equalStep_baseline_Pipeline_wrap_loop_fu_64/ty_0_26_0_0_0_i_reg_4666_reg[34]     | FLOP_LATCH.flop.FDRE |
    | grp_equalStep_baseline_Pipeline_wrap_loop_fu_64/icmp_ln639_reg_4063_reg[0]           | FLOP_LATCH.flop.FDRE |
    | grp_equalStep_baseline_Pipeline_wrap_loop_fu_64/sub_ln77_1_reg_4104[12]_i_23         | LUT.others.LUT3      |
    | grp_equalStep_baseline_Pipeline_wrap_loop_fu_64/sub_ln77_1_reg_4104_reg[12]_i_11     | CARRY.others.CARRY4  |
    | grp_equalStep_baseline_Pipeline_wrap_loop_fu_64/sub_ln77_1_reg_4104_reg[16]_i_11     | CARRY.others.CARRY4  |
    | grp_equalStep_baseline_Pipeline_wrap_loop_fu_64/sub_ln77_1_reg_4104_reg[20]_i_11     | CARRY.others.CARRY4  |
    | grp_equalStep_baseline_Pipeline_wrap_loop_fu_64/sub_ln77_1_reg_4104_reg[24]_i_11     | CARRY.others.CARRY4  |
    | grp_equalStep_baseline_Pipeline_wrap_loop_fu_64/sub_ln77_1_reg_4104_reg[28]_i_11     | CARRY.others.CARRY4  |
    | grp_equalStep_baseline_Pipeline_wrap_loop_fu_64/sub_ln77_1_reg_4104[24]_i_2          | LUT.others.LUT5      |
    | grp_equalStep_baseline_Pipeline_wrap_loop_fu_64/add_ln82_1_reg_4094_reg[24]_i_1      | CARRY.others.CARRY4  |
    | grp_equalStep_baseline_Pipeline_wrap_loop_fu_64/add_ln82_1_reg_4094_reg[28]_i_1      | CARRY.others.CARRY4  |
    | grp_equalStep_baseline_Pipeline_wrap_loop_fu_64/add_ln82_1_reg_4094_reg[32]_i_1      | CARRY.others.CARRY4  |
    | grp_equalStep_baseline_Pipeline_wrap_loop_fu_64/add_ln82_1_reg_4094_reg[30]          | FLOP_LATCH.flop.FDRE |
    +--------------------------------------------------------------------------------------+----------------------+


================================================================
== Place & Route Vivado Reports
================================================================
+--------------------------+----------------------------------------------------------------------------+
| Report Type              | Report Location                                                            |
+--------------------------+----------------------------------------------------------------------------+
| design_analysis          | impl/verilog/report/equalStep_baseline_design_analysis_routed.rpt          |
| failfast                 | impl/verilog/report/equalStep_baseline_failfast_routed.rpt                 |
| power                    | impl/verilog/report/equalStep_baseline_power_routed.rpt                    |
| status                   | impl/verilog/report/equalStep_baseline_status_routed.rpt                   |
| timing                   | impl/verilog/report/equalStep_baseline_timing_routed.rpt                   |
| timing_paths             | impl/verilog/report/equalStep_baseline_timing_paths_routed.rpt             |
| utilization              | impl/verilog/report/equalStep_baseline_utilization_routed.rpt              |
| utilization_hierarchical | impl/verilog/report/equalStep_baseline_utilization_hierarchical_routed.rpt |
+--------------------------+----------------------------------------------------------------------------+


