  **** HLS Build v2025.2 6295257
INFO: [HLS 200-2005] Using work_dir T:/Documents/ECE574/Project/fpp_accelerator/singleStep_baseline/equalStep_baseline 
INFO: [HLS 200-2176] Writing Vitis IDE component file T:/Documents/ECE574/Project/fpp_accelerator/singleStep_baseline/equalStep_baseline/vitis-comp.json
INFO: [HLS 200-10] Creating and opening component 'T:/Documents/ECE574/Project/fpp_accelerator/singleStep_baseline/equalStep_baseline'.
INFO: [HLS 200-1505] Using default flow_target 'vivado'
Resolution: For help on HLS 200-1505 see docs.amd.com/access/sources/dita/topic?Doc_Version=2025.2%20English&url=ug1448-hls-guidance&resourceid=200-1505.html
INFO: [HLS 200-2174] Applying component config ini file hls_config.cfg
INFO: [HLS 200-1465] Applying config ini 'syn.file=../src/equalStep_baseline.cpp' from hls_config.cfg(8)
INFO: [HLS 200-10] Adding design file 'T:/Documents/ECE574/Project/fpp_accelerator/src/equalStep_baseline.cpp' to the project
INFO: [HLS 200-1465] Applying config ini 'syn.file=../include/equalStep_baseline.h' from hls_config.cfg(9)
INFO: [HLS 200-10] Adding design file 'T:/Documents/ECE574/Project/fpp_accelerator/include/equalStep_baseline.h' to the project
INFO: [HLS 200-1465] Applying config ini 'syn.file=../include/stb_image.h' from hls_config.cfg(10)
INFO: [HLS 200-10] Adding design file 'T:/Documents/ECE574/Project/fpp_accelerator/include/stb_image.h' to the project
INFO: [HLS 200-1465] Applying config ini 'tb.file=../test/tb_equalStep.cpp' from hls_config.cfg(11)
INFO: [HLS 200-10] Adding test bench file 'T:/Documents/ECE574/Project/fpp_accelerator/test/tb_equalStep.cpp' to the project
INFO: [HLS 200-1465] Applying config ini 'tb.file=../TestData' from hls_config.cfg(12)
INFO: [HLS 200-10] Adding test bench file 'T:/Documents/ECE574/Project/fpp_accelerator/TestData' to the project
INFO: [HLS 200-1465] Applying config ini 'tb.file=../TestData_small' from hls_config.cfg(13)
INFO: [HLS 200-10] Adding test bench file 'T:/Documents/ECE574/Project/fpp_accelerator/TestData_small' to the project
INFO: [HLS 200-1465] Applying config ini 'syn.top=equalStep_baseline' from hls_config.cfg(7)
INFO: [HLS 200-1465] Applying config ini 'flow_target=vivado' from hls_config.cfg(4)
INFO: [HLS 200-1505] Using flow_target 'vivado'
Resolution: For help on HLS 200-1505 see docs.amd.com/access/sources/dita/topic?Doc_Version=2025.2%20English&url=ug1448-hls-guidance&resourceid=200-1505.html
INFO: [HLS 200-1465] Applying config ini 'part=xc7z020clg400-1' from hls_config.cfg(1)
INFO: [HLS 200-1611] Setting target device to 'xc7z020-clg400-1'
INFO: [HLS 200-1465] Applying config ini 'clock=16ns' from hls_config.cfg(14)
INFO: [SYN 201-201] Setting up clock 'default' with a period of 16ns.
INFO: [HLS 200-1465] Applying config ini 'cosim.trace_level=all' from hls_config.cfg(15)
INFO: [HLS 200-1465] Applying config ini 'package.output.format=ip_catalog' from hls_config.cfg(5)
INFO: [HLS 200-2176] Writing Vitis IDE component file T:/Documents/ECE574/Project/fpp_accelerator/singleStep_baseline/equalStep_baseline/vitis-comp.json
INFO: [SIM 211-2] *************** CSIM start ***************
INFO: [HLS 200-2191] C-Simulation will use clang-16 as the compiler
INFO: [HLS 200-2036] Building debug C Simulation binaries
   Compiling ../../../../../test/tb_equalStep.cpp in debug mode
   Compiling ../../../../../src/equalStep_baseline.cpp in debug mode
   Generating csim.exe
In file included from ../../../../../test/tb_equalStep.cpp:14:
In file included from ../../../../../test/../include/equalStep_baseline.h:8:
In file included from T:/AMDDesignTools/2025.2/Vitis/include\ap_fixed.h:9:
In file included from T:/AMDDesignTools/2025.2/Vitis/include\etc/ap_common.h:668:
In file included from T:/AMDDesignTools/2025.2/Vitis/include\etc/ap_private.h:68:
In file included from T:/AMDDesignTools/2025.2/Vitis/include\hls_half.h:26:
In file included from T:/AMDDesignTools/2025.2/Vitis/include/etc/hls_half_fpo.h:19:
In file included from T:/AMDDesignTools/2025.2/Vitis/include\hls_fpo.h:140:
In file included from T:/AMDDesignTools/2025.2/Vitis/include/floating_point_v7_1_bitacc_cmodel.h:150:
T:/AMDDesignTools/2025.2/Vitis/include\gmp.h:58:9: warning: '__GMP_LIBGMP_DLL' macro redefined [-Wmacro-redefined]
#define __GMP_LIBGMP_DLL  0
        ^
T:/AMDDesignTools/2025.2/Vitis/include/floating_point_v7_1_bitacc_cmodel.h:142:9: note: previous definition is here
#define __GMP_LIBGMP_DLL 1
        ^
1 warning generated.
In file included from ../../../../../src/equalStep_baseline.cpp:1:
In file included from ../../../../../src/../include/equalStep_baseline.h:8:
In file included from T:/AMDDesignTools/2025.2/Vitis/include\ap_fixed.h:9:
In file included from T:/AMDDesignTools/2025.2/Vitis/include\etc/ap_common.h:668:
In file included from T:/AMDDesignTools/2025.2/Vitis/include\etc/ap_private.h:68:
In file included from T:/AMDDesignTools/2025.2/Vitis/include\hls_half.h:26:
In file included from T:/AMDDesignTools/2025.2/Vitis/include/etc/hls_half_fpo.h:19:
In file included from T:/AMDDesignTools/2025.2/Vitis/include\hls_fpo.h:140:
In file included from T:/AMDDesignTools/2025.2/Vitis/include/floating_point_v7_1_bitacc_cmodel.h:150:
T:/AMDDesignTools/2025.2/Vitis/include\gmp.h:58:9: warning: '__GMP_LIBGMP_DLL' macro redefined [-Wmacro-redefined]
#define __GMP_LIBGMP_DLL  0
        ^
T:/AMDDesignTools/2025.2/Vitis/include/floating_point_v7_1_bitacc_cmodel.h:142:9: note: previous definition is here
#define __GMP_LIBGMP_DLL 1
        ^
1 warning generated.

==== Dataset: 0====
Image size: 64 x 64
Dataset 0 results: 
Max phase error (rad) : 1.52588e-05
RMS phase error (rad) : 1.27949e-05
Max mod error: 1.47266
RMS mod error: 0.700547

=== Overall Results ===
Global phase max err: 1.52588e-05
Global phase RMSE:    1.27949e-05
Global mod max err:   1.47266
Global mod RMSE:      0.700547
INFO [HLS SIM]: The maximum depth reached by any hls::stream() instance in the design is 4096
INFO: [SIM 211-1] CSim done with 0 errors.
INFO: [SIM 211-3] *************** CSIM finish ***************
INFO: [HLS 200-112] Total CPU user time: 1 seconds. Total CPU system time: 2 seconds. Total elapsed time: 22.834 seconds; peak allocated memory: 163.258 MB.
INFO: [vitis-run 60-791] Total elapsed time: 0h 0m 27s
