  **** HLS Build v2025.1 6135595
INFO: [HLS 200-2005] Using work_dir C:/Users/seanr/vitis_projects/fpp_project/singleStep_baseline/equalStep_baseline 
INFO: [HLS 200-2176] Writing Vitis IDE component file C:/Users/seanr/vitis_projects/fpp_project/singleStep_baseline/equalStep_baseline/vitis-comp.json
INFO: [HLS 200-10] Creating and opening component 'C:/Users/seanr/vitis_projects/fpp_project/singleStep_baseline/equalStep_baseline'.
INFO: [HLS 200-1505] Using default flow_target 'vivado'
Resolution: For help on HLS 200-1505 see docs.xilinx.com/access/sources/dita/topic?Doc_Version=2025.1%20English&url=ug1448-hls-guidance&resourceid=200-1505.html
INFO: [HLS 200-2174] Applying component config ini file C:/Users/seanr/vitis_projects/fpp_project/singleStep_baseline/hls_config.cfg
INFO: [HLS 200-1465] Applying config ini 'syn.file=../src/equalStep_baseline.cpp' from C:/Users/seanr/vitis_projects/fpp_project/singleStep_baseline/hls_config.cfg(8)
INFO: [HLS 200-10] Adding design file 'C:/Users/seanr/vitis_projects/fpp_project/src/equalStep_baseline.cpp' to the project
INFO: [HLS 200-1465] Applying config ini 'syn.file=../include/equalStep_baseline.h' from C:/Users/seanr/vitis_projects/fpp_project/singleStep_baseline/hls_config.cfg(9)
INFO: [HLS 200-10] Adding design file 'C:/Users/seanr/vitis_projects/fpp_project/include/equalStep_baseline.h' to the project
INFO: [HLS 200-1465] Applying config ini 'syn.file=../include/stb_image.h' from C:/Users/seanr/vitis_projects/fpp_project/singleStep_baseline/hls_config.cfg(10)
INFO: [HLS 200-10] Adding design file 'C:/Users/seanr/vitis_projects/fpp_project/include/stb_image.h' to the project
INFO: [HLS 200-1465] Applying config ini 'tb.file=../test/tb_equalStep.cpp' from C:/Users/seanr/vitis_projects/fpp_project/singleStep_baseline/hls_config.cfg(11)
INFO: [HLS 200-10] Adding test bench file 'C:/Users/seanr/vitis_projects/fpp_project/test/tb_equalStep.cpp' to the project
INFO: [HLS 200-1465] Applying config ini 'tb.file=../TestData' from C:/Users/seanr/vitis_projects/fpp_project/singleStep_baseline/hls_config.cfg(12)
INFO: [HLS 200-10] Adding test bench file 'C:/Users/seanr/vitis_projects/fpp_project/TestData' to the project
INFO: [HLS 200-1465] Applying config ini 'syn.top=equalStep_baseline' from C:/Users/seanr/vitis_projects/fpp_project/singleStep_baseline/hls_config.cfg(7)
INFO: [HLS 200-1465] Applying config ini 'flow_target=vivado' from C:/Users/seanr/vitis_projects/fpp_project/singleStep_baseline/hls_config.cfg(4)
INFO: [HLS 200-1505] Using flow_target 'vivado'
Resolution: For help on HLS 200-1505 see docs.xilinx.com/access/sources/dita/topic?Doc_Version=2025.1%20English&url=ug1448-hls-guidance&resourceid=200-1505.html
INFO: [HLS 200-1465] Applying config ini 'part=xc7z020clg400-1' from C:/Users/seanr/vitis_projects/fpp_project/singleStep_baseline/hls_config.cfg(1)
INFO: [HLS 200-1611] Setting target device to 'xc7z020-clg400-1'
INFO: [HLS 200-1465] Applying config ini 'package.output.format=ip_catalog' from C:/Users/seanr/vitis_projects/fpp_project/singleStep_baseline/hls_config.cfg(5)
INFO: [HLS 200-2176] Writing Vitis IDE component file C:/Users/seanr/vitis_projects/fpp_project/singleStep_baseline/equalStep_baseline/vitis-comp.json
INFO: [SIM 211-2] *************** CSIM start ***************
INFO: [SIM 211-4] CSIM will launch CLANG as the compiler.
INFO: [HLS 200-2036] Building debug C Simulation binaries
   Compiling ../../../../../src/equalStep_baseline.cpp in debug mode
   Generating csim.exe

==== Dataset: 0====
Image size: 1080 x 1920
Dataset 0 results: 
Max phase error (rad) : 5.32907e-15
RMS phase error (rad) : 2.41585e-15
Max mod error: 6.25278e-13
RMS mod error: 3.08157e-13

==== Dataset: 1====
Image size: 1080 x 1920
Dataset 1 results: 
Max phase error (rad) : 5.32907e-15
RMS phase error (rad) : 2.44621e-15
Max mod error: 6.25278e-13
RMS mod error: 3.06858e-13

==== Dataset: 2====
Image size: 1080 x 1920
Dataset 2 results: 
Max phase error (rad) : 5.32907e-15
RMS phase error (rad) : 2.46809e-15
Max mod error: 5.68434e-13
RMS mod error: 2.73466e-13

==== Dataset: 3====
Image size: 1080 x 1920
Dataset 3 results: 
Max phase error (rad) : 5.32907e-15
RMS phase error (rad) : 2.43543e-15
Max mod error: 5.68434e-13
RMS mod error: 2.7372e-13

==== Dataset: 4====
Image size: 1080 x 1920
Dataset 4 results: 
Max phase error (rad) : 4.44089e-15
RMS phase error (rad) : 2.32938e-15
Max mod error: 2.27374e-13
RMS mod error: 1.49676e-13

==== Dataset: 5====
Image size: 1080 x 1920
Dataset 5 results: 
Max phase error (rad) : 4.44089e-15
RMS phase error (rad) : 2.32938e-15
Max mod error: 2.27374e-13
RMS mod error: 1.49676e-13

=== Overall Results ===
Global phase max err: 5.32907e-15
Global phase RMSE:    2.40469e-15
Global mod max err:   6.25278e-13
Global mod RMSE:      2.52862e-13
INFO: [SIM 211-1] CSim done with 0 errors.
INFO: [SIM 211-3] *************** CSIM finish ***************
INFO: [HLS 200-112] Total CPU user time: 1 seconds. Total CPU system time: 2 seconds. Total elapsed time: 118.43 seconds; peak allocated memory: 164.094 MB.
INFO: [vitis-run 60-791] Total elapsed time: 0h 2m 4s
