  **** HLS Build v2025.2 6295257
INFO: [HLS 200-2005] Using work_dir T:/Documents/ECE574/Project/fpp_accelerator/singleStep_baseline/equalStep_baseline 
INFO: [HLS 200-2176] Writing Vitis IDE component file T:/Documents/ECE574/Project/fpp_accelerator/singleStep_baseline/equalStep_baseline/vitis-comp.json
INFO: [HLS 200-10] Creating and opening component 'T:/Documents/ECE574/Project/fpp_accelerator/singleStep_baseline/equalStep_baseline'.
INFO: [HLS 200-1505] Using default flow_target 'vivado'
Resolution: For help on HLS 200-1505 see docs.amd.com/access/sources/dita/topic?Doc_Version=2025.2%20English&url=ug1448-hls-guidance&resourceid=200-1505.html
INFO: [HLS 200-2174] Applying component config ini file hls_config.cfg
INFO: [HLS 200-1465] Applying config ini 'syn.file=../src/equalStep_baseline.cpp' from hls_config.cfg(8)
INFO: [HLS 200-10] Adding design file 'T:/Documents/ECE574/Project/fpp_accelerator/src/equalStep_baseline.cpp' to the project
INFO: [HLS 200-1465] Applying config ini 'syn.file=../include/equalStep_baseline.h' from hls_config.cfg(9)
INFO: [HLS 200-10] Adding design file 'T:/Documents/ECE574/Project/fpp_accelerator/include/equalStep_baseline.h' to the project
INFO: [HLS 200-1465] Applying config ini 'syn.file=../include/stb_image.h' from hls_config.cfg(10)
INFO: [HLS 200-10] Adding design file 'T:/Documents/ECE574/Project/fpp_accelerator/include/stb_image.h' to the project
INFO: [HLS 200-1465] Applying config ini 'tb.file=../test/tb_equalStep.cpp' from hls_config.cfg(11)
INFO: [HLS 200-10] Adding test bench file 'T:/Documents/ECE574/Project/fpp_accelerator/test/tb_equalStep.cpp' to the project
INFO: [HLS 200-1465] Applying config ini 'tb.file=../TestData' from hls_config.cfg(12)
INFO: [HLS 200-10] Adding test bench file 'T:/Documents/ECE574/Project/fpp_accelerator/TestData' to the project
INFO: [HLS 200-1465] Applying config ini 'tb.file=../TestData_small' from hls_config.cfg(13)
INFO: [HLS 200-10] Adding test bench file 'T:/Documents/ECE574/Project/fpp_accelerator/TestData_small' to the project
INFO: [HLS 200-1465] Applying config ini 'syn.top=equalStep_baseline' from hls_config.cfg(7)
INFO: [HLS 200-1465] Applying config ini 'flow_target=vivado' from hls_config.cfg(4)
INFO: [HLS 200-1505] Using flow_target 'vivado'
Resolution: For help on HLS 200-1505 see docs.amd.com/access/sources/dita/topic?Doc_Version=2025.2%20English&url=ug1448-hls-guidance&resourceid=200-1505.html
INFO: [HLS 200-1465] Applying config ini 'part=xc7z020clg400-1' from hls_config.cfg(1)
INFO: [HLS 200-1611] Setting target device to 'xc7z020-clg400-1'
INFO: [HLS 200-1465] Applying config ini 'clock=7ns' from hls_config.cfg(14)
INFO: [SYN 201-201] Setting up clock 'default' with a period of 7ns.
INFO: [HLS 200-1465] Applying config ini 'cosim.trace_level=all' from hls_config.cfg(15)
INFO: [HLS 200-1465] Applying config ini 'package.output.file=T:\Documents\ECE574\Project\equalStep_ip' from hls_config.cfg(16)
INFO: [HLS 200-1465] Applying config ini 'package.output.format=ip_catalog' from hls_config.cfg(5)
INFO: [HLS 200-1465] Applying config ini 'vivado.clock=7ns' from hls_config.cfg(17)
INFO: [HLS 200-2176] Writing Vitis IDE component file T:/Documents/ECE574/Project/fpp_accelerator/singleStep_baseline/equalStep_baseline/vitis-comp.json
INFO: [HLS 200-111] Finished File checks and directory preparation: CPU user time: 1 seconds. CPU system time: 2 seconds. Elapsed time: 12.701 seconds; current allocated memory: 166.535 MB.
INFO: [HLS 200-2191] C-Synthesis will use clang-16 as the compiler
INFO: [HLS 200-10] Analyzing design file '../src/equalStep_baseline.cpp' ... 
WARNING: [HLS 214-113] Either use an argument of the function or declare the variable inside the dataflow loop body (../src/equalStep_baseline.cpp:93:54)
Resolution: For help on HLS 214-113 see docs.amd.com/access/sources/dita/topic?Doc_Version=2025.2%20English&url=ug1448-hls-guidance&resourceid=214-113.html
WARNING: [HLS 214-113] Either use an argument of the function or declare the variable inside the dataflow loop body (../src/equalStep_baseline.cpp:93:69)
Resolution: For help on HLS 214-113 see docs.amd.com/access/sources/dita/topic?Doc_Version=2025.2%20English&url=ug1448-hls-guidance&resourceid=214-113.html
WARNING: [HLS 214-113] Either use an argument of the function or declare the variable inside the dataflow loop body (../src/equalStep_baseline.cpp:94:54)
Resolution: For help on HLS 214-113 see docs.amd.com/access/sources/dita/topic?Doc_Version=2025.2%20English&url=ug1448-hls-guidance&resourceid=214-113.html
WARNING: [HLS 214-113] Either use an argument of the function or declare the variable inside the dataflow loop body (../src/equalStep_baseline.cpp:94:69)
Resolution: For help on HLS 214-113 see docs.amd.com/access/sources/dita/topic?Doc_Version=2025.2%20English&url=ug1448-hls-guidance&resourceid=214-113.html
WARNING: [HLS 214-113] Either use an argument of the function or declare the variable inside the dataflow loop body (../src/equalStep_baseline.cpp:95:54)
Resolution: For help on HLS 214-113 see docs.amd.com/access/sources/dita/topic?Doc_Version=2025.2%20English&url=ug1448-hls-guidance&resourceid=214-113.html
WARNING: [HLS 214-113] Either use an argument of the function or declare the variable inside the dataflow loop body (../src/equalStep_baseline.cpp:95:73)
Resolution: For help on HLS 214-113 see docs.amd.com/access/sources/dita/topic?Doc_Version=2025.2%20English&url=ug1448-hls-guidance&resourceid=214-113.html
WARNING: [HLS 214-114] Since the only kind of statements allowed in a canonical dataflow region are variable declarations and function calls, the compiler may not be able to correctly handle the region (../src/equalStep_baseline.cpp:69:9)
Resolution: For help on HLS 214-114 see docs.amd.com/access/sources/dita/topic?Doc_Version=2025.2%20English&url=ug1448-hls-guidance&resourceid=214-114.html
WARNING: [HLS 200-471] Dataflow form checks found 7 issue(s) in file ../src/equalStep_baseline.cpp
Resolution: For help on HLS 200-471 see docs.amd.com/access/sources/dita/topic?Doc_Version=2025.2%20English&url=ug1448-hls-guidance&resourceid=200-471.html
INFO: [HLS 200-111] Finished Source Code Analysis and Preprocessing: CPU user time: 1 seconds. CPU system time: 0 seconds. Elapsed time: 45.682 seconds; current allocated memory: 173.590 MB.
INFO: [HLS 200-777] Using interface defaults for 'Vivado' flow target.
INFO: [HLS 200-1995] There were 50,683 instructions in the design after the 'Compile/Link' phase of compilation. See the Design Size Report for more details (T:/Documents/ECE574/Project/fpp_accelerator/singleStep_baseline/equalStep_baseline/hls/syn/report/csynth_design_size.rpt:2)
INFO: [HLS 200-1995] There were 29,547 instructions in the design after the 'Unroll/Inline (step 1)' phase of compilation. See the Design Size Report for more details (T:/Documents/ECE574/Project/fpp_accelerator/singleStep_baseline/equalStep_baseline/hls/syn/report/csynth_design_size.rpt:2)
INFO: [HLS 200-1995] There were 7,968 instructions in the design after the 'Unroll/Inline (step 2)' phase of compilation. See the Design Size Report for more details (T:/Documents/ECE574/Project/fpp_accelerator/singleStep_baseline/equalStep_baseline/hls/syn/report/csynth_design_size.rpt:2)
INFO: [HLS 200-1995] There were 3,472 instructions in the design after the 'Unroll/Inline (step 3)' phase of compilation. See the Design Size Report for more details (T:/Documents/ECE574/Project/fpp_accelerator/singleStep_baseline/equalStep_baseline/hls/syn/report/csynth_design_size.rpt:2)
INFO: [HLS 200-1995] There were 3,288 instructions in the design after the 'Unroll/Inline (step 4)' phase of compilation. See the Design Size Report for more details (T:/Documents/ECE574/Project/fpp_accelerator/singleStep_baseline/equalStep_baseline/hls/syn/report/csynth_design_size.rpt:2)
INFO: [HLS 200-1995] There were 3,197 instructions in the design after the 'Array/Struct (step 1)' phase of compilation. See the Design Size Report for more details (T:/Documents/ECE574/Project/fpp_accelerator/singleStep_baseline/equalStep_baseline/hls/syn/report/csynth_design_size.rpt:2)
INFO: [HLS 200-1995] There were 3,197 instructions in the design after the 'Array/Struct (step 2)' phase of compilation. See the Design Size Report for more details (T:/Documents/ECE574/Project/fpp_accelerator/singleStep_baseline/equalStep_baseline/hls/syn/report/csynth_design_size.rpt:2)
INFO: [HLS 200-1995] There were 3,205 instructions in the design after the 'Array/Struct (step 3)' phase of compilation. See the Design Size Report for more details (T:/Documents/ECE574/Project/fpp_accelerator/singleStep_baseline/equalStep_baseline/hls/syn/report/csynth_design_size.rpt:2)
INFO: [HLS 200-1995] There were 3,349 instructions in the design after the 'Array/Struct (step 4)' phase of compilation. See the Design Size Report for more details (T:/Documents/ECE574/Project/fpp_accelerator/singleStep_baseline/equalStep_baseline/hls/syn/report/csynth_design_size.rpt:2)
INFO: [HLS 200-1995] There were 3,345 instructions in the design after the 'Array/Struct (step 5)' phase of compilation. See the Design Size Report for more details (T:/Documents/ECE574/Project/fpp_accelerator/singleStep_baseline/equalStep_baseline/hls/syn/report/csynth_design_size.rpt:2)
INFO: [HLS 200-1995] There were 3,341 instructions in the design after the 'Performance (step 1)' phase of compilation. See the Design Size Report for more details (T:/Documents/ECE574/Project/fpp_accelerator/singleStep_baseline/equalStep_baseline/hls/syn/report/csynth_design_size.rpt:2)
INFO: [HLS 200-1995] There were 3,289 instructions in the design after the 'Performance (step 2)' phase of compilation. See the Design Size Report for more details (T:/Documents/ECE574/Project/fpp_accelerator/singleStep_baseline/equalStep_baseline/hls/syn/report/csynth_design_size.rpt:2)
INFO: [HLS 200-1995] There were 3,053 instructions in the design after the 'Performance (step 3)' phase of compilation. See the Design Size Report for more details (T:/Documents/ECE574/Project/fpp_accelerator/singleStep_baseline/equalStep_baseline/hls/syn/report/csynth_design_size.rpt:2)
INFO: [HLS 200-1995] There were 2,985 instructions in the design after the 'Performance (step 4)' phase of compilation. See the Design Size Report for more details (T:/Documents/ECE574/Project/fpp_accelerator/singleStep_baseline/equalStep_baseline/hls/syn/report/csynth_design_size.rpt:2)
INFO: [HLS 200-1995] There were 2,985 instructions in the design after the 'HW Transforms (step 1)' phase of compilation. See the Design Size Report for more details (T:/Documents/ECE574/Project/fpp_accelerator/singleStep_baseline/equalStep_baseline/hls/syn/report/csynth_design_size.rpt:2)
INFO: [HLS 200-1995] There were 3,051 instructions in the design after the 'HW Transforms (step 2)' phase of compilation. See the Design Size Report for more details (T:/Documents/ECE574/Project/fpp_accelerator/singleStep_baseline/equalStep_baseline/hls/syn/report/csynth_design_size.rpt:2)
INFO: [HLS 214-291] Loop 'phi_loop' is marked as complete unroll implied by the pipeline pragma (../src/equalStep_baseline.cpp:26:19)
INFO: [HLS 214-291] Loop 'VITIS_LOOP_633_2' is marked as complete unroll implied by the pipeline pragma (T:/AMDDesignTools/2025.2/Vitis/common/technology/autopilot/etc/hls_cordic_apfixed.h:633:23)
INFO: [HLS 214-291] Loop 'VITIS_LOOP_629_1' is marked as complete unroll implied by the pipeline pragma (T:/AMDDesignTools/2025.2/Vitis/common/technology/autopilot/etc/hls_cordic_apfixed.h:629:23)
INFO: [HLS 214-291] Loop 'VITIS_LOOP_61_1' is marked as complete unroll implied by the pipeline pragma (T:/AMDDesignTools/2025.2/Vitis/common/technology/autopilot/etc/hls_cordic_apfixed.h:61:22)
INFO: [HLS 214-186] Unrolling loop 'phi_loop' (../src/equalStep_baseline.cpp:26:19) in function 'process_tile<1024>' completely with a factor of 5 (../src/equalStep_baseline.cpp:19:0)
INFO: [HLS 214-186] Unrolling loop 'VITIS_LOOP_633_2' (T:/AMDDesignTools/2025.2/Vitis/common/technology/autopilot/etc/hls_cordic_apfixed.h:633:23) in function 'cordic_apfixed::generic_atan2<32, 18>' completely with a factor of 33 (T:/AMDDesignTools/2025.2/Vitis/common/technology/autopilot/etc/hls_cordic_apfixed.h:568:0)
INFO: [HLS 214-186] Unrolling loop 'VITIS_LOOP_629_1' (T:/AMDDesignTools/2025.2/Vitis/common/technology/autopilot/etc/hls_cordic_apfixed.h:629:23) in function 'cordic_apfixed::generic_atan2<32, 18>' completely with a factor of 33 (T:/AMDDesignTools/2025.2/Vitis/common/technology/autopilot/etc/hls_cordic_apfixed.h:568:0)
INFO: [HLS 214-186] Unrolling loop 'VITIS_LOOP_61_1' (T:/AMDDesignTools/2025.2/Vitis/common/technology/autopilot/etc/hls_cordic_apfixed.h:61:22) in function 'cordic_apfixed::cordic_circ_apfixed<39, 3, 1>' completely with a factor of 39 (T:/AMDDesignTools/2025.2/Vitis/common/technology/autopilot/etc/hls_cordic_apfixed.h:53:0)
WARNING: [HLS 214-189] Pipeline directive for loop 'VITIS_LOOP_61_1' (T:/AMDDesignTools/2025.2/Vitis/common/technology/autopilot/etc/hls_cordic_apfixed.h:61:22) in function 'cordic_apfixed::cordic_circ_apfixed<39, 3, 1>' has been removed because the loop is unrolled completely (T:/AMDDesignTools/2025.2/Vitis/common/technology/autopilot/etc/hls_cordic_apfixed.h:62:1)
INFO: [HLS 214-178] Inlining function 'std::__array_traits<unsigned short, 5ul>::_S_ref(unsigned short const (&) [5], unsigned long)' into 'std::array<unsigned short, 5ul>::operator[](unsigned long)' (T:/AMDDesignTools/2025.2/Vitis/tps/mingw/8.3.0/win64.o/nt\lib\gcc\x86_64-w64-mingw32\8.3.0\include\c++\array:186:0)
INFO: [HLS 214-178] Inlining function 'ap_fixed<32, 3, (ap_q_mode)5, (ap_o_mode)3, 0> cordic_apfixed::generic_atan2<32, 18>(ap_fixed<32, 18, (ap_q_mode)5, (ap_o_mode)3, 0>, ap_fixed<32, 18, (ap_q_mode)5, (ap_o_mode)3, 0>)' into 'ap_fixed<32, 3, (ap_q_mode)5, (ap_o_mode)3, 0> hls::atan2<32, 18>(ap_fixed<32, 18, (ap_q_mode)5, (ap_o_mode)3, 0>, ap_fixed<32, 18, (ap_q_mode)5, (ap_o_mode)3, 0>)' (T:/AMDDesignTools/2025.2/Vitis/common/technology/autopilot\hls_math.h:1856:0)
INFO: [HLS 214-178] Inlining function 'std::array<unsigned short, 5ul>::operator[](unsigned long)' into 'void process_tile<1024>(hls::stream<hls::vector<unsigned short, 5ul>, 0>&, ap_fixed<20, 4, (ap_q_mode)5, (ap_o_mode)3, 0>*, ap_fixed<24, 18, (ap_q_mode)5, (ap_o_mode)3, 0>*, ap_fixed<18, 2, (ap_q_mode)5, (ap_o_mode)3, 0>*, ap_fixed<18, 2, (ap_q_mode)5, (ap_o_mode)3, 0>*)' (../src/equalStep_baseline.cpp:19:0)
INFO: [HLS 214-178] Inlining function 'ap_fixed<32, 3, (ap_q_mode)5, (ap_o_mode)3, 0> hls::atan2<32, 18>(ap_fixed<32, 18, (ap_q_mode)5, (ap_o_mode)3, 0>, ap_fixed<32, 18, (ap_q_mode)5, (ap_o_mode)3, 0>)' into 'void process_tile<1024>(hls::stream<hls::vector<unsigned short, 5ul>, 0>&, ap_fixed<20, 4, (ap_q_mode)5, (ap_o_mode)3, 0>*, ap_fixed<24, 18, (ap_q_mode)5, (ap_o_mode)3, 0>*, ap_fixed<18, 2, (ap_q_mode)5, (ap_o_mode)3, 0>*, ap_fixed<18, 2, (ap_q_mode)5, (ap_o_mode)3, 0>*)' (../src/equalStep_baseline.cpp:19:0)
INFO: [HLS 214-178] Inlining function 'ap_fixed<65, 37, (ap_q_mode)5, (ap_o_mode)3, 0> hls::sqrt<65, 37>(ap_fixed<65, 37, (ap_q_mode)5, (ap_o_mode)3, 0>)' into 'void process_tile<1024>(hls::stream<hls::vector<unsigned short, 5ul>, 0>&, ap_fixed<20, 4, (ap_q_mode)5, (ap_o_mode)3, 0>*, ap_fixed<24, 18, (ap_q_mode)5, (ap_o_mode)3, 0>*, ap_fixed<18, 2, (ap_q_mode)5, (ap_o_mode)3, 0>*, ap_fixed<18, 2, (ap_q_mode)5, (ap_o_mode)3, 0>*)' (../src/equalStep_baseline.cpp:19:0)
INFO: [HLS 214-248] Applying array_partition to 'cos_k': Complete partitioning on dimension 1.
INFO: [HLS 214-248] Applying array_partition to 'sin_k': Complete partitioning on dimension 1.
INFO: [HLS 214-241] Aggregating fifo (hls::stream) variable 'tile0_stream' with compact=bit mode in 80-bits (../src/equalStep_baseline.cpp:76:32)
INFO: [HLS 214-241] Aggregating fifo (hls::stream) variable 'tile1_stream' with compact=bit mode in 80-bits (../src/equalStep_baseline.cpp:76:46)
INFO: [HLS 214-241] Aggregating fifo (hls::stream) variable 'tile2_stream' with compact=bit mode in 80-bits (../src/equalStep_baseline.cpp:76:59)
INFO: [HLS 214-241] Aggregating fifo (hls::stream) variable 'tile3_stream' with compact=bit mode in 80-bits (../src/equalStep_baseline.cpp:76:72)
INFO: [HLS 214-364] Automatically inlining function 'void cordic_apfixed::cordic_circ_apfixed<39, 3, 1>(ap_fixed<39, 3, (ap_q_mode)5, (ap_o_mode)3, 0>&, ap_fixed<39, 3, (ap_q_mode)5, (ap_o_mode)3, 0>&, ap_fixed<39, 3, (ap_q_mode)5, (ap_o_mode)3, 0>&)' to improve effectiveness of pipeline pragma in function 'void process_tile<1024>(hls::stream<hls::vector<unsigned short, 5ul>, 0>&, ap_fixed<20, 4, (ap_q_mode)5, (ap_o_mode)3, 0>*, ap_fixed<24, 18, (ap_q_mode)5, (ap_o_mode)3, 0>*, ap_fixed<18, 2, (ap_q_mode)5, (ap_o_mode)3, 0>*, ap_fixed<18, 2, (ap_q_mode)5, (ap_o_mode)3, 0>*) (.83)' (T:/AMDDesignTools/2025.2/Vitis/common/technology/autopilot/etc/hls_cordic_apfixed.h:649:5)
INFO: [HLS 214-364] Automatically inlining function 'ap_fixed<65, 37, (ap_q_mode)5, (ap_o_mode)3, 0> sqrt_fixed<65, 37>(ap_fixed<65, 37, (ap_q_mode)5, (ap_o_mode)3, 0>)' to improve effectiveness of pipeline pragma in function 'void process_tile<1024>(hls::stream<hls::vector<unsigned short, 5ul>, 0>&, ap_fixed<20, 4, (ap_q_mode)5, (ap_o_mode)3, 0>*, ap_fixed<24, 18, (ap_q_mode)5, (ap_o_mode)3, 0>*, ap_fixed<18, 2, (ap_q_mode)5, (ap_o_mode)3, 0>*, ap_fixed<18, 2, (ap_q_mode)5, (ap_o_mode)3, 0>*) (.83)' (T:/AMDDesignTools/2025.2/Vitis/common/technology/autopilot\hls_math.h:1268:12)
INFO: [HLS 214-364] Automatically inlining function 'void cordic_apfixed::cordic_circ_apfixed<39, 3, 1>(ap_fixed<39, 3, (ap_q_mode)5, (ap_o_mode)3, 0>&, ap_fixed<39, 3, (ap_q_mode)5, (ap_o_mode)3, 0>&, ap_fixed<39, 3, (ap_q_mode)5, (ap_o_mode)3, 0>&)' to improve effectiveness of pipeline pragma in function 'void process_tile<1024>(hls::stream<hls::vector<unsigned short, 5ul>, 0>&, ap_fixed<20, 4, (ap_q_mode)5, (ap_o_mode)3, 0>*, ap_fixed<24, 18, (ap_q_mode)5, (ap_o_mode)3, 0>*, ap_fixed<18, 2, (ap_q_mode)5, (ap_o_mode)3, 0>*, ap_fixed<18, 2, (ap_q_mode)5, (ap_o_mode)3, 0>*) (.84)' (T:/AMDDesignTools/2025.2/Vitis/common/technology/autopilot/etc/hls_cordic_apfixed.h:649:5)
INFO: [HLS 214-364] Automatically inlining function 'ap_fixed<65, 37, (ap_q_mode)5, (ap_o_mode)3, 0> sqrt_fixed<65, 37>(ap_fixed<65, 37, (ap_q_mode)5, (ap_o_mode)3, 0>)' to improve effectiveness of pipeline pragma in function 'void process_tile<1024>(hls::stream<hls::vector<unsigned short, 5ul>, 0>&, ap_fixed<20, 4, (ap_q_mode)5, (ap_o_mode)3, 0>*, ap_fixed<24, 18, (ap_q_mode)5, (ap_o_mode)3, 0>*, ap_fixed<18, 2, (ap_q_mode)5, (ap_o_mode)3, 0>*, ap_fixed<18, 2, (ap_q_mode)5, (ap_o_mode)3, 0>*) (.84)' (T:/AMDDesignTools/2025.2/Vitis/common/technology/autopilot\hls_math.h:1268:12)
INFO: [HLS 214-364] Automatically inlining function 'void cordic_apfixed::cordic_circ_apfixed<39, 3, 1>(ap_fixed<39, 3, (ap_q_mode)5, (ap_o_mode)3, 0>&, ap_fixed<39, 3, (ap_q_mode)5, (ap_o_mode)3, 0>&, ap_fixed<39, 3, (ap_q_mode)5, (ap_o_mode)3, 0>&)' to improve effectiveness of pipeline pragma in function 'void process_tile<1024>(hls::stream<hls::vector<unsigned short, 5ul>, 0>&, ap_fixed<20, 4, (ap_q_mode)5, (ap_o_mode)3, 0>*, ap_fixed<24, 18, (ap_q_mode)5, (ap_o_mode)3, 0>*, ap_fixed<18, 2, (ap_q_mode)5, (ap_o_mode)3, 0>*, ap_fixed<18, 2, (ap_q_mode)5, (ap_o_mode)3, 0>*) (.85)' (T:/AMDDesignTools/2025.2/Vitis/common/technology/autopilot/etc/hls_cordic_apfixed.h:649:5)
INFO: [HLS 214-364] Automatically inlining function 'ap_fixed<65, 37, (ap_q_mode)5, (ap_o_mode)3, 0> sqrt_fixed<65, 37>(ap_fixed<65, 37, (ap_q_mode)5, (ap_o_mode)3, 0>)' to improve effectiveness of pipeline pragma in function 'void process_tile<1024>(hls::stream<hls::vector<unsigned short, 5ul>, 0>&, ap_fixed<20, 4, (ap_q_mode)5, (ap_o_mode)3, 0>*, ap_fixed<24, 18, (ap_q_mode)5, (ap_o_mode)3, 0>*, ap_fixed<18, 2, (ap_q_mode)5, (ap_o_mode)3, 0>*, ap_fixed<18, 2, (ap_q_mode)5, (ap_o_mode)3, 0>*) (.85)' (T:/AMDDesignTools/2025.2/Vitis/common/technology/autopilot\hls_math.h:1268:12)
INFO: [HLS 214-364] Automatically inlining function 'void cordic_apfixed::cordic_circ_apfixed<39, 3, 1>(ap_fixed<39, 3, (ap_q_mode)5, (ap_o_mode)3, 0>&, ap_fixed<39, 3, (ap_q_mode)5, (ap_o_mode)3, 0>&, ap_fixed<39, 3, (ap_q_mode)5, (ap_o_mode)3, 0>&)' to improve effectiveness of pipeline pragma in function 'void process_tile<1024>(hls::stream<hls::vector<unsigned short, 5ul>, 0>&, ap_fixed<20, 4, (ap_q_mode)5, (ap_o_mode)3, 0>*, ap_fixed<24, 18, (ap_q_mode)5, (ap_o_mode)3, 0>*, ap_fixed<18, 2, (ap_q_mode)5, (ap_o_mode)3, 0>*, ap_fixed<18, 2, (ap_q_mode)5, (ap_o_mode)3, 0>*)' (T:/AMDDesignTools/2025.2/Vitis/common/technology/autopilot/etc/hls_cordic_apfixed.h:649:5)
INFO: [HLS 214-364] Automatically inlining function 'ap_fixed<65, 37, (ap_q_mode)5, (ap_o_mode)3, 0> sqrt_fixed<65, 37>(ap_fixed<65, 37, (ap_q_mode)5, (ap_o_mode)3, 0>)' to improve effectiveness of pipeline pragma in function 'void process_tile<1024>(hls::stream<hls::vector<unsigned short, 5ul>, 0>&, ap_fixed<20, 4, (ap_q_mode)5, (ap_o_mode)3, 0>*, ap_fixed<24, 18, (ap_q_mode)5, (ap_o_mode)3, 0>*, ap_fixed<18, 2, (ap_q_mode)5, (ap_o_mode)3, 0>*, ap_fixed<18, 2, (ap_q_mode)5, (ap_o_mode)3, 0>*)' (T:/AMDDesignTools/2025.2/Vitis/common/technology/autopilot\hls_math.h:1268:12)
WARNING: [HLS 214-475] Merging processes 'process_tile<1024>', 'process_tile<1024>', 'process_tile<1024>' and 'process_tile<1024>' in function 'equalStep_baseline' due to writes on 'wrappedPhase' (../src/equalStep_baseline.cpp:68:0)
INFO: [HLS 200-111] Finished Compiling Optimization and Transform: CPU user time: 1 seconds. CPU system time: 1 seconds. Elapsed time: 14.805 seconds; current allocated memory: 175.914 MB.
INFO: [HLS 200-111] Finished Checking Pragmas: CPU user time: 0 seconds. CPU system time: 0 seconds. Elapsed time: 0.004 seconds; current allocated memory: 175.914 MB.
INFO: [HLS 200-10] Starting code transformations ...
INFO: [HLS 200-111] Finished Standard Transforms: CPU user time: 0 seconds. CPU system time: 0 seconds. Elapsed time: 0.239 seconds; current allocated memory: 185.766 MB.
INFO: [HLS 200-10] Checking synthesizability ...
INFO: [HLS 200-111] Finished Checking Synthesizability: CPU user time: 0 seconds. CPU system time: 0 seconds. Elapsed time: 0.223 seconds; current allocated memory: 193.543 MB.
INFO: [XFORM 203-712] Applying dataflow to function 'equalStep_baseline' (../src/equalStep_baseline.cpp:64:1), detected/extracted 2 process function(s): 
	 'split_stream'
	 'Block_entry_wrappedPhase_wr_proc'.
INFO: [XFORM 203-401] Performing if-conversion on hyperblock from (../src/equalStep_baseline.cpp:23:1) to (../src/equalStep_baseline.cpp:22:16) in function 'process_tile<1024>.3'... converting 113 basic blocks.
INFO: [XFORM 203-401] Performing if-conversion on hyperblock from (../src/equalStep_baseline.cpp:23:1) to (../src/equalStep_baseline.cpp:22:16) in function 'process_tile<1024>.2'... converting 113 basic blocks.
INFO: [XFORM 203-401] Performing if-conversion on hyperblock from (../src/equalStep_baseline.cpp:23:1) to (../src/equalStep_baseline.cpp:22:16) in function 'process_tile<1024>.1'... converting 113 basic blocks.
INFO: [XFORM 203-401] Performing if-conversion on hyperblock from (../src/equalStep_baseline.cpp:23:1) to (../src/equalStep_baseline.cpp:22:16) in function 'process_tile<1024>'... converting 113 basic blocks.
INFO: [HLS 200-111] Finished Loop, function and other optimizations: CPU user time: 1 seconds. CPU system time: 0 seconds. Elapsed time: 1.04 seconds; current allocated memory: 224.105 MB.
INFO: [HLS 200-111] Finished Architecture Synthesis: CPU user time: 2 seconds. CPU system time: 0 seconds. Elapsed time: 1.763 seconds; current allocated memory: 313.219 MB.
INFO: [HLS 200-10] Starting hardware synthesis ...
INFO: [HLS 200-10] Synthesizing 'equalStep_baseline' ...
WARNING: [SYN 201-103] Legalizing function name 'process_tile<1024>' to 'process_tile_1024_s'.
WARNING: [SYN 201-103] Legalizing function name 'process_tile<1024>.1' to 'process_tile_1024_1'.
WARNING: [SYN 201-103] Legalizing function name 'process_tile<1024>.2' to 'process_tile_1024_2'.
WARNING: [SYN 201-103] Legalizing function name 'process_tile<1024>.3' to 'process_tile_1024_3'.
INFO: [HLS 200-10] ----------------------------------------------------------------
INFO: [HLS 200-42] -- Implementing module 'split_stream_Pipeline_VITIS_LOOP_45_1' 
INFO: [HLS 200-10] ----------------------------------------------------------------
INFO: [SCHED 204-11] Starting scheduling ...
INFO: [SCHED 204-61] Pipelining loop 'VITIS_LOOP_45_1'.
INFO: [HLS 200-1470] Pipelining result : Target II = 1, Final II = 1, Depth = 2, loop 'VITIS_LOOP_45_1'
INFO: [SCHED 204-11] Finished scheduling.
INFO: [HLS 200-111] Finished Scheduling: CPU user time: 0 seconds. CPU system time: 0 seconds. Elapsed time: 0.334 seconds; current allocated memory: 317.918 MB.
INFO: [BIND 205-100] Starting micro-architecture generation ...
INFO: [BIND 205-101] Performing variable lifetime analysis.
INFO: [BIND 205-101] Exploring resource sharing.
INFO: [BIND 205-101] Binding ...
INFO: [BIND 205-100] Finished micro-architecture generation.
INFO: [HLS 200-111] Finished Binding: CPU user time: 0 seconds. CPU system time: 0 seconds. Elapsed time: 0.059 seconds; current allocated memory: 319.086 MB.
INFO: [HLS 200-10] ----------------------------------------------------------------
INFO: [HLS 200-42] -- Implementing module 'split_stream_Pipeline_VITIS_LOOP_50_2' 
INFO: [HLS 200-10] ----------------------------------------------------------------
INFO: [SCHED 204-11] Starting scheduling ...
INFO: [SCHED 204-61] Pipelining loop 'VITIS_LOOP_50_2'.
INFO: [HLS 200-1470] Pipelining result : Target II = 1, Final II = 1, Depth = 2, loop 'VITIS_LOOP_50_2'
INFO: [SCHED 204-11] Finished scheduling.
INFO: [HLS 200-111] Finished Scheduling: CPU user time: 0 seconds. CPU system time: 0 seconds. Elapsed time: 0.053 seconds; current allocated memory: 319.613 MB.
INFO: [BIND 205-100] Starting micro-architecture generation ...
INFO: [BIND 205-101] Performing variable lifetime analysis.
INFO: [BIND 205-101] Exploring resource sharing.
INFO: [BIND 205-101] Binding ...
INFO: [BIND 205-100] Finished micro-architecture generation.
INFO: [HLS 200-111] Finished Binding: CPU user time: 0 seconds. CPU system time: 0 seconds. Elapsed time: 0.052 seconds; current allocated memory: 319.707 MB.
INFO: [HLS 200-10] ----------------------------------------------------------------
INFO: [HLS 200-42] -- Implementing module 'split_stream_Pipeline_VITIS_LOOP_54_3' 
INFO: [HLS 200-10] ----------------------------------------------------------------
INFO: [SCHED 204-11] Starting scheduling ...
INFO: [SCHED 204-61] Pipelining loop 'VITIS_LOOP_54_3'.
INFO: [HLS 200-1470] Pipelining result : Target II = 1, Final II = 1, Depth = 2, loop 'VITIS_LOOP_54_3'
INFO: [SCHED 204-11] Finished scheduling.
INFO: [HLS 200-111] Finished Scheduling: CPU user time: 0 seconds. CPU system time: 0 seconds. Elapsed time: 0.054 seconds; current allocated memory: 319.754 MB.
INFO: [BIND 205-100] Starting micro-architecture generation ...
INFO: [BIND 205-101] Performing variable lifetime analysis.
INFO: [BIND 205-101] Exploring resource sharing.
INFO: [BIND 205-101] Binding ...
INFO: [BIND 205-100] Finished micro-architecture generation.
INFO: [HLS 200-111] Finished Binding: CPU user time: 0 seconds. CPU system time: 0 seconds. Elapsed time: 0.031 seconds; current allocated memory: 319.840 MB.
INFO: [HLS 200-10] ----------------------------------------------------------------
INFO: [HLS 200-42] -- Implementing module 'split_stream_Pipeline_VITIS_LOOP_58_4' 
INFO: [HLS 200-10] ----------------------------------------------------------------
INFO: [SCHED 204-11] Starting scheduling ...
INFO: [SCHED 204-61] Pipelining loop 'VITIS_LOOP_58_4'.
INFO: [HLS 200-1470] Pipelining result : Target II = 1, Final II = 1, Depth = 2, loop 'VITIS_LOOP_58_4'
INFO: [SCHED 204-11] Finished scheduling.
INFO: [HLS 200-111] Finished Scheduling: CPU user time: 0 seconds. CPU system time: 0 seconds. Elapsed time: 0.125 seconds; current allocated memory: 319.867 MB.
INFO: [BIND 205-100] Starting micro-architecture generation ...
INFO: [BIND 205-101] Performing variable lifetime analysis.
INFO: [BIND 205-101] Exploring resource sharing.
INFO: [BIND 205-101] Binding ...
INFO: [BIND 205-100] Finished micro-architecture generation.
INFO: [HLS 200-111] Finished Binding: CPU user time: 0 seconds. CPU system time: 0 seconds. Elapsed time: 0.028 seconds; current allocated memory: 319.895 MB.
INFO: [HLS 200-10] ----------------------------------------------------------------
INFO: [HLS 200-42] -- Implementing module 'split_stream' 
INFO: [HLS 200-10] ----------------------------------------------------------------
INFO: [SCHED 204-11] Starting scheduling ...
INFO: [SCHED 204-11] Finished scheduling.
INFO: [HLS 200-111] Finished Scheduling: CPU user time: 0 seconds. CPU system time: 0 seconds. Elapsed time: 0.035 seconds; current allocated memory: 319.949 MB.
INFO: [BIND 205-100] Starting micro-architecture generation ...
INFO: [BIND 205-101] Performing variable lifetime analysis.
INFO: [BIND 205-101] Exploring resource sharing.
INFO: [BIND 205-101] Binding ...
INFO: [BIND 205-100] Finished micro-architecture generation.
INFO: [HLS 200-111] Finished Binding: CPU user time: 0 seconds. CPU system time: 0 seconds. Elapsed time: 0.028 seconds; current allocated memory: 319.996 MB.
INFO: [HLS 200-10] ----------------------------------------------------------------
INFO: [HLS 200-42] -- Implementing module 'process_tile_1024_s' 
INFO: [HLS 200-10] ----------------------------------------------------------------
INFO: [SCHED 204-11] Starting scheduling ...
INFO: [HLS 200-486] Changing DSP latency (root=add_ln29_12) to 3 in order to utilize available DSP registers.
INFO: [HLS 200-486] Changing DSP latency (root=add_ln28_8) to 3 in order to utilize available DSP registers.
INFO: [HLS 200-486] Changing DSP latency (root=add_ln29_11) to 3 in order to utilize available DSP registers.
INFO: [HLS 200-486] Changing DSP latency (root=add_ln28_7) to 3 in order to utilize available DSP registers.
INFO: [HLS 200-486] Changing DSP latency (root=add_ln29_10) to 3 in order to utilize available DSP registers.
INFO: [HLS 200-486] Changing DSP latency (root=add_ln28) to 3 in order to utilize available DSP registers.
INFO: [HLS 200-486] Changing DSP latency (root=add_ln29) to 3 in order to utilize available DSP registers.
INFO: [SCHED 204-61] Pipelining loop 'wrap_loop'.
INFO: [HLS 200-1470] Pipelining result : Target II = 1, Final II = 1, Depth = 49, loop 'wrap_loop'
INFO: [SCHED 204-11] Finished scheduling.
INFO: [HLS 200-111] Finished Scheduling: CPU user time: 1 seconds. CPU system time: 0 seconds. Elapsed time: 0.504 seconds; current allocated memory: 335.781 MB.
INFO: [BIND 205-100] Starting micro-architecture generation ...
INFO: [BIND 205-101] Performing variable lifetime analysis.
INFO: [BIND 205-101] Exploring resource sharing.
INFO: [BIND 205-101] Binding ...
INFO: [BIND 205-100] Finished micro-architecture generation.
INFO: [HLS 200-111] Finished Binding: CPU user time: 0 seconds. CPU system time: 0 seconds. Elapsed time: 0.187 seconds; current allocated memory: 335.852 MB.
INFO: [HLS 200-10] ----------------------------------------------------------------
INFO: [HLS 200-42] -- Implementing module 'process_tile_1024_1' 
INFO: [HLS 200-10] ----------------------------------------------------------------
INFO: [SCHED 204-11] Starting scheduling ...
INFO: [HLS 200-486] Changing DSP latency (root=add_ln29_9) to 3 in order to utilize available DSP registers.
INFO: [HLS 200-486] Changing DSP latency (root=add_ln28_6) to 3 in order to utilize available DSP registers.
INFO: [HLS 200-486] Changing DSP latency (root=add_ln29_8) to 3 in order to utilize available DSP registers.
INFO: [HLS 200-486] Changing DSP latency (root=add_ln28_5) to 3 in order to utilize available DSP registers.
INFO: [HLS 200-486] Changing DSP latency (root=add_ln29_7) to 3 in order to utilize available DSP registers.
INFO: [HLS 200-486] Changing DSP latency (root=add_ln28) to 3 in order to utilize available DSP registers.
INFO: [HLS 200-486] Changing DSP latency (root=add_ln29) to 3 in order to utilize available DSP registers.
INFO: [SCHED 204-61] Pipelining loop 'wrap_loop'.
INFO: [HLS 200-1470] Pipelining result : Target II = 1, Final II = 1, Depth = 49, loop 'wrap_loop'
INFO: [SCHED 204-11] Finished scheduling.
INFO: [HLS 200-111] Finished Scheduling: CPU user time: 0 seconds. CPU system time: 0 seconds. Elapsed time: 1.571 seconds; current allocated memory: 341.293 MB.
INFO: [BIND 205-100] Starting micro-architecture generation ...
INFO: [BIND 205-101] Performing variable lifetime analysis.
INFO: [BIND 205-101] Exploring resource sharing.
INFO: [BIND 205-101] Binding ...
INFO: [BIND 205-100] Finished micro-architecture generation.
INFO: [HLS 200-111] Finished Binding: CPU user time: 1 seconds. CPU system time: 0 seconds. Elapsed time: 0.179 seconds; current allocated memory: 341.305 MB.
INFO: [HLS 200-10] ----------------------------------------------------------------
INFO: [HLS 200-42] -- Implementing module 'process_tile_1024_2' 
INFO: [HLS 200-10] ----------------------------------------------------------------
INFO: [SCHED 204-11] Starting scheduling ...
INFO: [HLS 200-486] Changing DSP latency (root=add_ln29_6) to 3 in order to utilize available DSP registers.
INFO: [HLS 200-486] Changing DSP latency (root=add_ln28_4) to 3 in order to utilize available DSP registers.
INFO: [HLS 200-486] Changing DSP latency (root=add_ln29_5) to 3 in order to utilize available DSP registers.
INFO: [HLS 200-486] Changing DSP latency (root=add_ln28_3) to 3 in order to utilize available DSP registers.
INFO: [HLS 200-486] Changing DSP latency (root=add_ln29_4) to 3 in order to utilize available DSP registers.
INFO: [HLS 200-486] Changing DSP latency (root=add_ln28) to 3 in order to utilize available DSP registers.
INFO: [HLS 200-486] Changing DSP latency (root=add_ln29) to 3 in order to utilize available DSP registers.
INFO: [SCHED 204-61] Pipelining loop 'wrap_loop'.
INFO: [HLS 200-1470] Pipelining result : Target II = 1, Final II = 1, Depth = 49, loop 'wrap_loop'
INFO: [SCHED 204-11] Finished scheduling.
INFO: [HLS 200-111] Finished Scheduling: CPU user time: 0 seconds. CPU system time: 0 seconds. Elapsed time: 0.586 seconds; current allocated memory: 347.230 MB.
INFO: [BIND 205-100] Starting micro-architecture generation ...
INFO: [BIND 205-101] Performing variable lifetime analysis.
INFO: [BIND 205-101] Exploring resource sharing.
INFO: [BIND 205-101] Binding ...
INFO: [BIND 205-100] Finished micro-architecture generation.
INFO: [HLS 200-111] Finished Binding: CPU user time: 0 seconds. CPU system time: 0 seconds. Elapsed time: 0.192 seconds; current allocated memory: 347.242 MB.
INFO: [HLS 200-10] ----------------------------------------------------------------
INFO: [HLS 200-42] -- Implementing module 'process_tile_1024_3' 
INFO: [HLS 200-10] ----------------------------------------------------------------
INFO: [SCHED 204-11] Starting scheduling ...
INFO: [HLS 200-486] Changing DSP latency (root=add_ln29_3) to 3 in order to utilize available DSP registers.
INFO: [HLS 200-486] Changing DSP latency (root=add_ln28_2) to 3 in order to utilize available DSP registers.
INFO: [HLS 200-486] Changing DSP latency (root=add_ln29_2) to 3 in order to utilize available DSP registers.
INFO: [HLS 200-486] Changing DSP latency (root=add_ln28_1) to 3 in order to utilize available DSP registers.
INFO: [HLS 200-486] Changing DSP latency (root=add_ln29_1) to 3 in order to utilize available DSP registers.
INFO: [HLS 200-486] Changing DSP latency (root=add_ln28) to 3 in order to utilize available DSP registers.
INFO: [HLS 200-486] Changing DSP latency (root=add_ln29) to 3 in order to utilize available DSP registers.
INFO: [SCHED 204-61] Pipelining loop 'wrap_loop'.
INFO: [HLS 200-1470] Pipelining result : Target II = 1, Final II = 1, Depth = 49, loop 'wrap_loop'
INFO: [SCHED 204-11] Finished scheduling.
INFO: [HLS 200-111] Finished Scheduling: CPU user time: 1 seconds. CPU system time: 0 seconds. Elapsed time: 0.55 seconds; current allocated memory: 353.758 MB.
INFO: [BIND 205-100] Starting micro-architecture generation ...
INFO: [BIND 205-101] Performing variable lifetime analysis.
INFO: [BIND 205-101] Exploring resource sharing.
INFO: [BIND 205-101] Binding ...
INFO: [BIND 205-100] Finished micro-architecture generation.
INFO: [HLS 200-111] Finished Binding: CPU user time: 0 seconds. CPU system time: 0 seconds. Elapsed time: 0.206 seconds; current allocated memory: 353.758 MB.
INFO: [HLS 200-10] ----------------------------------------------------------------
INFO: [HLS 200-42] -- Implementing module 'Block_entry_wrappedPhase_wr_proc' 
INFO: [HLS 200-10] ----------------------------------------------------------------
INFO: [SCHED 204-11] Starting scheduling ...
INFO: [SCHED 204-11] Finished scheduling.
INFO: [HLS 200-111] Finished Scheduling: CPU user time: 0 seconds. CPU system time: 0 seconds. Elapsed time: 0.185 seconds; current allocated memory: 353.758 MB.
INFO: [BIND 205-100] Starting micro-architecture generation ...
INFO: [BIND 205-101] Performing variable lifetime analysis.
INFO: [BIND 205-101] Exploring resource sharing.
INFO: [BIND 205-101] Binding ...
INFO: [BIND 205-100] Finished micro-architecture generation.
INFO: [HLS 200-111] Finished Binding: CPU user time: 0 seconds. CPU system time: 0 seconds. Elapsed time: 0.04 seconds; current allocated memory: 353.758 MB.
INFO: [HLS 200-10] ----------------------------------------------------------------
INFO: [HLS 200-42] -- Implementing module 'equalStep_baseline' 
INFO: [HLS 200-10] ----------------------------------------------------------------
INFO: [SCHED 204-11] Starting scheduling ...
INFO: [SCHED 204-11] Finished scheduling.
INFO: [HLS 200-111] Finished Scheduling: CPU user time: 0 seconds. CPU system time: 0 seconds. Elapsed time: 0.069 seconds; current allocated memory: 353.809 MB.
INFO: [BIND 205-100] Starting micro-architecture generation ...
INFO: [BIND 205-101] Performing variable lifetime analysis.
INFO: [BIND 205-101] Exploring resource sharing.
INFO: [BIND 205-101] Binding ...
INFO: [BIND 205-100] Finished micro-architecture generation.
INFO: [HLS 200-111] Finished Binding: CPU user time: 0 seconds. CPU system time: 0 seconds. Elapsed time: 0.042 seconds; current allocated memory: 353.820 MB.
INFO: [HLS 200-10] ----------------------------------------------------------------
INFO: [HLS 200-10] -- Generating RTL for module 'split_stream_Pipeline_VITIS_LOOP_45_1' 
INFO: [HLS 200-10] ----------------------------------------------------------------
INFO: [HLS 200-1030] Apply Unified Pipeline Control on module 'split_stream_Pipeline_VITIS_LOOP_45_1' pipeline 'VITIS_LOOP_45_1' pipeline type 'loop pipeline'
INFO: [RTGEN 206-100] Finished creating RTL model for 'split_stream_Pipeline_VITIS_LOOP_45_1'.
INFO: [HLS 200-111] Finished Creating RTL model: CPU user time: 0 seconds. CPU system time: 0 seconds. Elapsed time: 0.129 seconds; current allocated memory: 355.508 MB.
INFO: [HLS 200-10] ----------------------------------------------------------------
INFO: [HLS 200-10] -- Generating RTL for module 'split_stream_Pipeline_VITIS_LOOP_50_2' 
INFO: [HLS 200-10] ----------------------------------------------------------------
INFO: [HLS 200-1030] Apply Unified Pipeline Control on module 'split_stream_Pipeline_VITIS_LOOP_50_2' pipeline 'VITIS_LOOP_50_2' pipeline type 'loop pipeline'
INFO: [RTGEN 206-100] Finished creating RTL model for 'split_stream_Pipeline_VITIS_LOOP_50_2'.
INFO: [HLS 200-111] Finished Creating RTL model: CPU user time: 0 seconds. CPU system time: 0 seconds. Elapsed time: 0.161 seconds; current allocated memory: 356.336 MB.
INFO: [HLS 200-10] ----------------------------------------------------------------
INFO: [HLS 200-10] -- Generating RTL for module 'split_stream_Pipeline_VITIS_LOOP_54_3' 
INFO: [HLS 200-10] ----------------------------------------------------------------
INFO: [HLS 200-1030] Apply Unified Pipeline Control on module 'split_stream_Pipeline_VITIS_LOOP_54_3' pipeline 'VITIS_LOOP_54_3' pipeline type 'loop pipeline'
INFO: [RTGEN 206-100] Finished creating RTL model for 'split_stream_Pipeline_VITIS_LOOP_54_3'.
INFO: [HLS 200-111] Finished Creating RTL model: CPU user time: 0 seconds. CPU system time: 0 seconds. Elapsed time: 1.169 seconds; current allocated memory: 356.402 MB.
INFO: [HLS 200-10] ----------------------------------------------------------------
INFO: [HLS 200-10] -- Generating RTL for module 'split_stream_Pipeline_VITIS_LOOP_58_4' 
INFO: [HLS 200-10] ----------------------------------------------------------------
INFO: [HLS 200-1030] Apply Unified Pipeline Control on module 'split_stream_Pipeline_VITIS_LOOP_58_4' pipeline 'VITIS_LOOP_58_4' pipeline type 'loop pipeline'
INFO: [RTGEN 206-100] Finished creating RTL model for 'split_stream_Pipeline_VITIS_LOOP_58_4'.
INFO: [HLS 200-111] Finished Creating RTL model: CPU user time: 0 seconds. CPU system time: 0 seconds. Elapsed time: 0.122 seconds; current allocated memory: 356.426 MB.
INFO: [HLS 200-10] ----------------------------------------------------------------
INFO: [HLS 200-10] -- Generating RTL for module 'split_stream' 
INFO: [HLS 200-10] ----------------------------------------------------------------
INFO: [RTGEN 206-100] Finished creating RTL model for 'split_stream'.
INFO: [HLS 200-111] Finished Creating RTL model: CPU user time: 1 seconds. CPU system time: 0 seconds. Elapsed time: 0.159 seconds; current allocated memory: 357.059 MB.
INFO: [HLS 200-10] ----------------------------------------------------------------
INFO: [HLS 200-10] -- Generating RTL for module 'process_tile_1024_s' 
INFO: [HLS 200-10] ----------------------------------------------------------------
INFO: [HLS 200-1030] Apply Unified Pipeline Control on module 'process_tile_1024_s' pipeline 'wrap_loop' pipeline type 'loop pipeline'
INFO: [RTGEN 206-104] Estimated max fanout for 'process_tile_1024_s' is 6994 from HDL expression: ((1'b0 == ap_block_pp0_stage0_subdone_grp0_done_reg) & (1'b0 == ap_block_pp0_stage0_11001_grp0))
INFO: [RTGEN 206-100] Generating core module 'mac_muladd_16ns_15ns_32ns_33_4_1': 1 instance(s).
INFO: [RTGEN 206-100] Generating core module 'mac_muladd_16ns_15ns_34s_34_4_1': 1 instance(s).
INFO: [RTGEN 206-100] Generating core module 'mac_muladd_16ns_16ns_32ns_33_4_1': 1 instance(s).
INFO: [RTGEN 206-100] Generating core module 'mac_muladd_17s_16ns_33ns_34_4_1': 2 instance(s).
INFO: [RTGEN 206-100] Generating core module 'mac_muladd_17s_16ns_34s_34_4_1': 2 instance(s).
INFO: [RTGEN 206-100] Generating core module 'mul_16ns_17ns_32_2_1': 1 instance(s).
INFO: [RTGEN 206-100] Generating core module 'sparsemux_19_8_32_1_1': 1 instance(s).
INFO: [RTGEN 206-100] Finished creating RTL model for 'process_tile_1024_s'.
INFO: [HLS 200-111] Finished Creating RTL model: CPU user time: 0 seconds. CPU system time: 0 seconds. Elapsed time: 0.813 seconds; current allocated memory: 360.266 MB.
INFO: [HLS 200-10] ----------------------------------------------------------------
INFO: [HLS 200-10] -- Generating RTL for module 'process_tile_1024_1' 
INFO: [HLS 200-10] ----------------------------------------------------------------
INFO: [HLS 200-1030] Apply Unified Pipeline Control on module 'process_tile_1024_1' pipeline 'wrap_loop' pipeline type 'loop pipeline'
INFO: [RTGEN 206-104] Estimated max fanout for 'process_tile_1024_1' is 6994 from HDL expression: ((1'b0 == ap_block_pp0_stage0_subdone_grp0_done_reg) & (1'b0 == ap_block_pp0_stage0_11001_grp0))
INFO: [RTGEN 206-100] Generating core module 'mac_muladd_16ns_15ns_32ns_33_4_1': 1 instance(s).
INFO: [RTGEN 206-100] Generating core module 'mac_muladd_16ns_15ns_34s_34_4_1': 1 instance(s).
INFO: [RTGEN 206-100] Generating core module 'mac_muladd_16ns_16ns_32ns_33_4_1': 1 instance(s).
INFO: [RTGEN 206-100] Generating core module 'mac_muladd_17s_16ns_33ns_34_4_1': 2 instance(s).
INFO: [RTGEN 206-100] Generating core module 'mac_muladd_17s_16ns_34s_34_4_1': 2 instance(s).
INFO: [RTGEN 206-100] Generating core module 'mul_16ns_17ns_32_2_1': 1 instance(s).
INFO: [RTGEN 206-100] Generating core module 'sparsemux_19_8_32_1_1': 1 instance(s).
INFO: [RTGEN 206-100] Finished creating RTL model for 'process_tile_1024_1'.
INFO: [HLS 200-111] Finished Creating RTL model: CPU user time: 1 seconds. CPU system time: 0 seconds. Elapsed time: 1.278 seconds; current allocated memory: 378.074 MB.
INFO: [HLS 200-10] ----------------------------------------------------------------
INFO: [HLS 200-10] -- Generating RTL for module 'process_tile_1024_2' 
INFO: [HLS 200-10] ----------------------------------------------------------------
INFO: [HLS 200-1030] Apply Unified Pipeline Control on module 'process_tile_1024_2' pipeline 'wrap_loop' pipeline type 'loop pipeline'
INFO: [RTGEN 206-104] Estimated max fanout for 'process_tile_1024_2' is 6994 from HDL expression: ((1'b0 == ap_block_pp0_stage0_subdone_grp0_done_reg) & (1'b0 == ap_block_pp0_stage0_11001_grp0))
INFO: [RTGEN 206-100] Generating core module 'mac_muladd_16ns_15ns_32ns_33_4_1': 1 instance(s).
INFO: [RTGEN 206-100] Generating core module 'mac_muladd_16ns_15ns_34s_34_4_1': 1 instance(s).
INFO: [RTGEN 206-100] Generating core module 'mac_muladd_16ns_16ns_32ns_33_4_1': 1 instance(s).
INFO: [RTGEN 206-100] Generating core module 'mac_muladd_17s_16ns_33ns_34_4_1': 2 instance(s).
INFO: [RTGEN 206-100] Generating core module 'mac_muladd_17s_16ns_34s_34_4_1': 2 instance(s).
INFO: [RTGEN 206-100] Generating core module 'mul_16ns_17ns_32_2_1': 1 instance(s).
INFO: [RTGEN 206-100] Generating core module 'sparsemux_19_8_32_1_1': 1 instance(s).
INFO: [RTGEN 206-100] Finished creating RTL model for 'process_tile_1024_2'.
INFO: [HLS 200-111] Finished Creating RTL model: CPU user time: 1 seconds. CPU system time: 1 seconds. Elapsed time: 1.33 seconds; current allocated memory: 396.879 MB.
INFO: [HLS 200-10] ----------------------------------------------------------------
INFO: [HLS 200-10] -- Generating RTL for module 'process_tile_1024_3' 
INFO: [HLS 200-10] ----------------------------------------------------------------
INFO: [HLS 200-1030] Apply Unified Pipeline Control on module 'process_tile_1024_3' pipeline 'wrap_loop' pipeline type 'loop pipeline'
INFO: [RTGEN 206-104] Estimated max fanout for 'process_tile_1024_3' is 6994 from HDL expression: ((1'b0 == ap_block_pp0_stage0_subdone_grp0_done_reg) & (1'b0 == ap_block_pp0_stage0_11001_grp0))
INFO: [RTGEN 206-100] Generating core module 'mac_muladd_16ns_15ns_32ns_33_4_1': 1 instance(s).
INFO: [RTGEN 206-100] Generating core module 'mac_muladd_16ns_15ns_34s_34_4_1': 1 instance(s).
INFO: [RTGEN 206-100] Generating core module 'mac_muladd_16ns_16ns_32ns_33_4_1': 1 instance(s).
INFO: [RTGEN 206-100] Generating core module 'mac_muladd_17s_16ns_33ns_34_4_1': 2 instance(s).
INFO: [RTGEN 206-100] Generating core module 'mac_muladd_17s_16ns_34s_34_4_1': 2 instance(s).
INFO: [RTGEN 206-100] Generating core module 'mul_16ns_17ns_32_2_1': 1 instance(s).
INFO: [RTGEN 206-100] Generating core module 'sparsemux_19_8_32_1_1': 1 instance(s).
INFO: [RTGEN 206-100] Finished creating RTL model for 'process_tile_1024_3'.
INFO: [HLS 200-111] Finished Creating RTL model: CPU user time: 2 seconds. CPU system time: 0 seconds. Elapsed time: 1.326 seconds; current allocated memory: 415.488 MB.
INFO: [HLS 200-10] ----------------------------------------------------------------
INFO: [HLS 200-10] -- Generating RTL for module 'Block_entry_wrappedPhase_wr_proc' 
INFO: [HLS 200-10] ----------------------------------------------------------------
INFO: [RTGEN 206-100] Finished creating RTL model for 'Block_entry_wrappedPhase_wr_proc'.
INFO: [HLS 200-111] Finished Creating RTL model: CPU user time: 0 seconds. CPU system time: 0 seconds. Elapsed time: 0.734 seconds; current allocated memory: 433.992 MB.
INFO: [HLS 200-10] ----------------------------------------------------------------
INFO: [HLS 200-10] -- Generating RTL for module 'equalStep_baseline' 
INFO: [HLS 200-10] ----------------------------------------------------------------
WARNING: [RTGEN 206-101] Design contains AXI ports. Reset is fixed to synchronous and active low.
INFO: [RTGEN 206-500] Setting interface mode on port 'equalStep_baseline/imStack' to 'axis' (register, both mode).
INFO: [RTGEN 206-500] Setting interface mode on port 'equalStep_baseline/wrappedPhase' to 'bram'.
INFO: [RTGEN 206-500] Setting interface mode on port 'equalStep_baseline/mod_r' to 'bram'.
INFO: [RTGEN 206-500] Setting interface mode on function 'equalStep_baseline' to 's_axilite & ap_ctrl_hs'.
INFO: [RTGEN 206-100] Bundling port 'return' to AXI-Lite port control.
INFO: [RTGEN 206-100] Finished creating RTL model for 'equalStep_baseline'.
INFO: [RTMG 210-285] Implementing FIFO 'tile0_stream_U(equalStep_baseline_fifo_w80_d4_S)' using Shift Registers.
INFO: [RTMG 210-285] Implementing FIFO 'tile1_stream_U(equalStep_baseline_fifo_w80_d4_S)' using Shift Registers.
INFO: [RTMG 210-285] Implementing FIFO 'tile2_stream_U(equalStep_baseline_fifo_w80_d4_S)' using Shift Registers.
INFO: [RTMG 210-285] Implementing FIFO 'tile3_stream_U(equalStep_baseline_fifo_w80_d4_S)' using Shift Registers.
INFO: [RTMG 210-285] Implementing FIFO 'start_for_Block_entry_wrappedPhase_wr_proc_U0_U(equalStep_baseline_start_for_Block_entry_wrappedPhase_wr_proc_U0)' using Shift Registers.
INFO: [HLS 200-111] Finished Creating RTL model: CPU user time: 0 seconds. CPU system time: 0 seconds. Elapsed time: 0.248 seconds; current allocated memory: 436.758 MB.
INFO: [HLS 200-111] Finished Generating all RTL models: CPU user time: 1 seconds. CPU system time: 0 seconds. Elapsed time: 1.264 seconds; current allocated memory: 439.094 MB.
INFO: [HLS 200-2225] Wrote inferred directives to file T:/Documents/ECE574/Project/fpp_accelerator/singleStep_baseline/equalStep_baseline/hls/syn/inferred_directives.ini
INFO: [HLS 200-111] Finished Updating report files: CPU user time: 1 seconds. CPU system time: 1 seconds. Elapsed time: 2.675 seconds; current allocated memory: 459.574 MB.
INFO: [VHDL 208-304] Generating VHDL RTL for equalStep_baseline.
INFO: [VLOG 209-307] Generating Verilog RTL for equalStep_baseline.
INFO: [HLS 200-789] **** Estimated Fmax: 204.50 MHz
INFO: [HLS 200-112] Total CPU user time: 16 seconds. Total CPU system time: 5 seconds. Total elapsed time: 93.24 seconds; peak allocated memory: 459.574 MB.
INFO: [v++ 60-791] Total elapsed time: 0h 1m 38s
