  **** HLS Build v2025.2 6295257
INFO: [HLS 200-2005] Using work_dir T:/Documents/ECE574/Project/fpp_accelerator/singleStep_baseline/equalStep_baseline 
INFO: [HLS 200-2176] Writing Vitis IDE component file T:/Documents/ECE574/Project/fpp_accelerator/singleStep_baseline/equalStep_baseline/vitis-comp.json
INFO: [HLS 200-10] Creating and opening component 'T:/Documents/ECE574/Project/fpp_accelerator/singleStep_baseline/equalStep_baseline'.
INFO: [HLS 200-1611] Setting target device to 'xc7z020-clg400-1'
INFO: [HLS 200-1505] Using default flow_target 'vivado'
Resolution: For help on HLS 200-1505 see docs.amd.com/access/sources/dita/topic?Doc_Version=2025.2%20English&url=ug1448-hls-guidance&resourceid=200-1505.html
INFO: [HLS 200-2174] Applying component config ini file hls_config.cfg
INFO: [HLS 200-1465] Applying config ini 'syn.file=../src/equalStep_baseline.cpp' from hls_config.cfg(8)
INFO: [HLS 200-10] Adding design file 'T:/Documents/ECE574/Project/fpp_accelerator/src/equalStep_baseline.cpp' to the project
INFO: [HLS 200-1465] Applying config ini 'syn.file=../include/equalStep_baseline.h' from hls_config.cfg(9)
INFO: [HLS 200-10] Adding design file 'T:/Documents/ECE574/Project/fpp_accelerator/include/equalStep_baseline.h' to the project
INFO: [HLS 200-1465] Applying config ini 'syn.file=../include/stb_image.h' from hls_config.cfg(10)
INFO: [HLS 200-10] Adding design file 'T:/Documents/ECE574/Project/fpp_accelerator/include/stb_image.h' to the project
INFO: [HLS 200-1465] Applying config ini 'tb.file=../test/tb_equalStep.cpp' from hls_config.cfg(11)
INFO: [HLS 200-10] Adding test bench file 'T:/Documents/ECE574/Project/fpp_accelerator/test/tb_equalStep.cpp' to the project
INFO: [HLS 200-1465] Applying config ini 'tb.file=../TestData' from hls_config.cfg(12)
INFO: [HLS 200-10] Adding test bench file 'T:/Documents/ECE574/Project/fpp_accelerator/TestData' to the project
INFO: [HLS 200-1465] Applying config ini 'tb.file=../TestData_small' from hls_config.cfg(13)
INFO: [HLS 200-10] Adding test bench file 'T:/Documents/ECE574/Project/fpp_accelerator/TestData_small' to the project
INFO: [HLS 200-1465] Applying config ini 'syn.top=equalStep_baseline' from hls_config.cfg(7)
INFO: [HLS 200-1465] Applying config ini 'flow_target=vivado' from hls_config.cfg(4)
INFO: [HLS 200-1505] Using flow_target 'vivado'
Resolution: For help on HLS 200-1505 see docs.amd.com/access/sources/dita/topic?Doc_Version=2025.2%20English&url=ug1448-hls-guidance&resourceid=200-1505.html
INFO: [HLS 200-1465] Applying config ini 'part=xc7z020clg400-1' from hls_config.cfg(1)
INFO: [HLS 200-1465] Applying config ini 'clock=9ns' from hls_config.cfg(14)
INFO: [SYN 201-201] Setting up clock 'default' with a period of 9ns.
INFO: [HLS 200-1465] Applying config ini 'cosim.trace_level=all' from hls_config.cfg(15)
INFO: [HLS 200-1465] Applying config ini 'package.output.file=T:\Documents\ECE574\Project\equalStep_ip' from hls_config.cfg(16)
INFO: [HLS 200-1465] Applying config ini 'package.output.format=ip_catalog' from hls_config.cfg(5)
INFO: [HLS 200-1465] Applying config ini 'vivado.clock=7ns' from hls_config.cfg(17)
INFO: [HLS 200-2176] Writing Vitis IDE component file T:/Documents/ECE574/Project/fpp_accelerator/singleStep_baseline/equalStep_baseline/vitis-comp.json
INFO: [COSIM 212-47] Using XSIM for RTL simulation.
INFO: [COSIM 212-14] Instrumenting C test bench ...
   Build using "T:/AMDDesignTools/2025.2/Vitis/win64/tools/clang-16/bin/clang++"
   Compiling apatb_equalStep_baseline.cpp
   Compiling apatb_equalStep_baseline_util.cpp
   Compiling equalStep_baseline.cpp_pre.cpp.tb.cpp
   Compiling tb_equalStep.cpp_pre.cpp.tb.cpp
   Compiling apatb_equalStep_baseline_ir.ll
   Generating cosim.tv.exe
INFO: [COSIM 212-302] Starting C TB testing ... 

==== Dataset: 0====
Image size: 64 x 64
Dataset 0 results: 
Max phase error (rad) : 1.52588e-05
RMS phase error (rad) : 1.27949e-05
Max mod error: 1.47266
RMS mod error: 0.700547

=== Overall Results ===
Global phase max err: 1.52588e-05
Global phase RMSE:    1.27949e-05
Global mod max err:   1.47266
Global mod RMSE:      0.700547
INFO [HLS SIM]: The maximum depth reached by any hls::stream() instance in the design is 4096
INFO: [COSIM 212-333] Generating C post check test bench ...
INFO: [COSIM 212-12] Generating RTL test bench ...
INFO: [COSIM 212-1] *** C/RTL co-simulation file generation completed. ***
INFO: [COSIM 212-323] Starting verilog simulation. 
INFO: [COSIM 212-15] Starting XSIM ...

T:\Documents\ECE574\Project\fpp_accelerator\singleStep_baseline\equalStep_baseline\hls\sim\verilog>set PATH= 

T:\Documents\ECE574\Project\fpp_accelerator\singleStep_baseline\equalStep_baseline\hls\sim\verilog>call T:/AMDDesignTools/2025.2/Vivado/bin/xelab xil_defaultlib.apatb_equalStep_baseline_top xil_defaultlib.glbl -Oenable_linking_all_libraries -prj equalStep_baseline.prj -L smartconnect_v1_0 -L axi_protocol_checker_v1_1_12 -L axi_protocol_checker_v1_1_13 -L axis_protocol_checker_v1_1_11 -L axis_protocol_checker_v1_1_12 -L xil_defaultlib -L unisims_ver -L xpm  -L floating_point_v7_1_21 -L floating_point_v7_0_26 --lib "ieee_proposed=./ieee_proposed" -L uvm -relax -i ./svr -i ./axivip -i ./svtb -i ./file_agent -i ./equalStep_baseline_subsystem  -s equalStep_baseline -debug all 
Vivado Simulator v2025.2
Copyright 1986-2022 Xilinx, Inc. All Rights Reserved.
Copyright 2022-2025 Advanced Micro Devices, Inc. All Rights Reserved.
Running: T:/AMDDesignTools/2025.2/Vivado/bin/unwrapped/win64.o/xelab.exe xil_defaultlib.apatb_equalStep_baseline_top xil_defaultlib.glbl -Oenable_linking_all_libraries -prj equalStep_baseline.prj -L smartconnect_v1_0 -L axi_protocol_checker_v1_1_12 -L axi_protocol_checker_v1_1_13 -L axis_protocol_checker_v1_1_11 -L axis_protocol_checker_v1_1_12 -L xil_defaultlib -L unisims_ver -L xpm -L floating_point_v7_1_21 -L floating_point_v7_0_26 --lib ieee_proposed=./ieee_proposed -L uvm -relax -i ./svr -i ./axivip -i ./svtb -i ./file_agent -i ./equalStep_baseline_subsystem -s equalStep_baseline -debug all 
Multi-threading is on. Using 6 slave threads.
INFO: [VRFC 10-2263] Analyzing SystemVerilog file "T:/Documents/ECE574/Project/fpp_accelerator/singleStep_baseline/equalStep_baseline/hls/sim/verilog/glbl.v" into library xil_defaultlib
INFO: [VRFC 10-311] analyzing module glbl
INFO: [VRFC 10-2263] Analyzing SystemVerilog file "T:/Documents/ECE574/Project/fpp_accelerator/singleStep_baseline/equalStep_baseline/hls/sim/verilog/AESL_deadlock_idx0_monitor.v" into library xil_defaultlib
INFO: [VRFC 10-311] analyzing module AESL_deadlock_idx0_monitor
INFO: [VRFC 10-2263] Analyzing SystemVerilog file "T:/Documents/ECE574/Project/fpp_accelerator/singleStep_baseline/equalStep_baseline/hls/sim/verilog/AESL_deadlock_kernel_monitor_top.v" into library xil_defaultlib
INFO: [VRFC 10-311] analyzing module AESL_deadlock_kernel_monitor_top
INFO: [VRFC 10-2263] Analyzing SystemVerilog file "T:/Documents/ECE574/Project/fpp_accelerator/singleStep_baseline/equalStep_baseline/hls/sim/verilog/equalStep_baseline.autotb.v" into library xil_defaultlib
INFO: [VRFC 10-311] analyzing module apatb_equalStep_baseline_top
INFO: [VRFC 10-2263] Analyzing SystemVerilog file "T:/Documents/ECE574/Project/fpp_accelerator/singleStep_baseline/equalStep_baseline/hls/sim/verilog/equalStep_baseline.v" into library xil_defaultlib
INFO: [VRFC 10-311] analyzing module equalStep_baseline
INFO: [VRFC 10-2263] Analyzing SystemVerilog file "T:/Documents/ECE574/Project/fpp_accelerator/singleStep_baseline/equalStep_baseline/hls/sim/verilog/equalStep_baseline_control_s_axi.v" into library xil_defaultlib
INFO: [VRFC 10-311] analyzing module equalStep_baseline_control_s_axi
INFO: [VRFC 10-2263] Analyzing SystemVerilog file "T:/Documents/ECE574/Project/fpp_accelerator/singleStep_baseline/equalStep_baseline/hls/sim/verilog/equalStep_baseline_flow_control_loop_pipe.v" into library xil_defaultlib
INFO: [VRFC 10-311] analyzing module equalStep_baseline_flow_control_loop_pipe
INFO: [VRFC 10-2263] Analyzing SystemVerilog file "T:/Documents/ECE574/Project/fpp_accelerator/singleStep_baseline/equalStep_baseline/hls/sim/verilog/equalStep_baseline_mac_muladd_16ns_15ns_32ns_33_4_1.v" into library xil_defaultlib
INFO: [VRFC 10-311] analyzing module equalStep_baseline_mac_muladd_16ns_15ns_32ns_33_4_1_DSP48_0
INFO: [VRFC 10-311] analyzing module equalStep_baseline_mac_muladd_16ns_15ns_32ns_33_4_1
INFO: [VRFC 10-2263] Analyzing SystemVerilog file "T:/Documents/ECE574/Project/fpp_accelerator/singleStep_baseline/equalStep_baseline/hls/sim/verilog/equalStep_baseline_mac_muladd_16ns_15ns_34s_34_4_1.v" into library xil_defaultlib
INFO: [VRFC 10-311] analyzing module equalStep_baseline_mac_muladd_16ns_15ns_34s_34_4_1_DSP48_0
INFO: [VRFC 10-311] analyzing module equalStep_baseline_mac_muladd_16ns_15ns_34s_34_4_1
INFO: [VRFC 10-2263] Analyzing SystemVerilog file "T:/Documents/ECE574/Project/fpp_accelerator/singleStep_baseline/equalStep_baseline/hls/sim/verilog/equalStep_baseline_mac_muladd_16ns_16ns_32ns_33_4_1.v" into library xil_defaultlib
INFO: [VRFC 10-311] analyzing module equalStep_baseline_mac_muladd_16ns_16ns_32ns_33_4_1_DSP48_0
INFO: [VRFC 10-311] analyzing module equalStep_baseline_mac_muladd_16ns_16ns_32ns_33_4_1
INFO: [VRFC 10-2263] Analyzing SystemVerilog file "T:/Documents/ECE574/Project/fpp_accelerator/singleStep_baseline/equalStep_baseline/hls/sim/verilog/equalStep_baseline_mac_muladd_17s_16ns_33ns_34_4_1.v" into library xil_defaultlib
INFO: [VRFC 10-311] analyzing module equalStep_baseline_mac_muladd_17s_16ns_33ns_34_4_1_DSP48_0
INFO: [VRFC 10-311] analyzing module equalStep_baseline_mac_muladd_17s_16ns_33ns_34_4_1
INFO: [VRFC 10-2263] Analyzing SystemVerilog file "T:/Documents/ECE574/Project/fpp_accelerator/singleStep_baseline/equalStep_baseline/hls/sim/verilog/equalStep_baseline_mac_muladd_17s_16ns_34s_34_4_1.v" into library xil_defaultlib
INFO: [VRFC 10-311] analyzing module equalStep_baseline_mac_muladd_17s_16ns_34s_34_4_1_DSP48_0
INFO: [VRFC 10-311] analyzing module equalStep_baseline_mac_muladd_17s_16ns_34s_34_4_1
INFO: [VRFC 10-2263] Analyzing SystemVerilog file "T:/Documents/ECE574/Project/fpp_accelerator/singleStep_baseline/equalStep_baseline/hls/sim/verilog/equalStep_baseline_mul_16ns_17ns_32_1_1.v" into library xil_defaultlib
INFO: [VRFC 10-311] analyzing module equalStep_baseline_mul_16ns_17ns_32_1_1
INFO: [VRFC 10-2263] Analyzing SystemVerilog file "T:/Documents/ECE574/Project/fpp_accelerator/singleStep_baseline/equalStep_baseline/hls/sim/verilog/equalStep_baseline_regslice_both.v" into library xil_defaultlib
INFO: [VRFC 10-311] analyzing module equalStep_baseline_regslice_both
INFO: [VRFC 10-2263] Analyzing SystemVerilog file "T:/Documents/ECE574/Project/fpp_accelerator/singleStep_baseline/equalStep_baseline/hls/sim/verilog/equalStep_baseline_sparsemux_19_8_32_1_1.v" into library xil_defaultlib
INFO: [VRFC 10-311] analyzing module equalStep_baseline_sparsemux_19_8_32_1_1
INFO: [VRFC 10-2263] Analyzing SystemVerilog file "T:/Documents/ECE574/Project/fpp_accelerator/singleStep_baseline/equalStep_baseline/hls/sim/verilog/dataflow_monitor.sv" into library xil_defaultlib
INFO: [VRFC 10-311] analyzing module dataflow_monitor
INFO: [VRFC 10-2263] Analyzing SystemVerilog file "T:/Documents/ECE574/Project/fpp_accelerator/singleStep_baseline/equalStep_baseline/hls/sim/verilog/file_agent/file_agent_pkg.sv" into library xil_defaultlib
INFO: [VRFC 10-2263] Analyzing SystemVerilog file "T:/Documents/ECE574/Project/fpp_accelerator/singleStep_baseline/equalStep_baseline/hls/sim/verilog/svr/svr_pkg.sv" into library xil_defaultlib
INFO: [VRFC 10-2263] Analyzing SystemVerilog file "T:/Documents/ECE574/Project/fpp_accelerator/singleStep_baseline/equalStep_baseline/hls/sim/verilog/svr/svr_if.sv" into library xil_defaultlib
INFO: [VRFC 10-2263] Analyzing SystemVerilog file "T:/Documents/ECE574/Project/fpp_accelerator/singleStep_baseline/equalStep_baseline/hls/sim/verilog/axivip/axi_pkg.sv" into library xil_defaultlib
INFO: [VRFC 10-2263] Analyzing SystemVerilog file "T:/Documents/ECE574/Project/fpp_accelerator/singleStep_baseline/equalStep_baseline/hls/sim/verilog/axivip/axi_if.sv" into library xil_defaultlib
INFO: [VRFC 10-2263] Analyzing SystemVerilog file "T:/Documents/ECE574/Project/fpp_accelerator/singleStep_baseline/equalStep_baseline/hls/sim/verilog/equalStep_baseline_subsystem/equalStep_baseline_subsystem_pkg.sv" into library xil_defaultlib
INFO: [VRFC 10-2263] Analyzing SystemVerilog file "T:/Documents/ECE574/Project/fpp_accelerator/singleStep_baseline/equalStep_baseline/hls/sim/verilog/svtb/misc_interface.sv" into library xil_defaultlib
INFO: [VRFC 10-2263] Analyzing SystemVerilog file "T:/Documents/ECE574/Project/fpp_accelerator/singleStep_baseline/equalStep_baseline/hls/sim/verilog/svtb/sv_module_top.sv" into library xil_defaultlib
INFO: [VRFC 10-311] analyzing module sv_module_top
Starting static elaboration
Pass Through NonSizing Optimizer
Completed static elaboration
Starting simulation data flow analysis
WARNING: [XSIM 43-4099] "/proj/primebuilds/9999.0_PRIME_0428_0031/installs/data/system_verilog/uvm_1.2/xlnx_uvm_package.sv" Line 4356. Module uvm_pkg doesn't have a timescale but at least one module in design has a timescale.
Completed simulation data flow analysis
Time Resolution for simulation is 1ps
Compiling package xil_defaultlib.$unit_sv_module_top_sv
Compiling package uvm.uvm_pkg
Compiling package std.std
Compiling package xil_defaultlib.svr_pkg
Compiling package xil_defaultlib.file_agent_pkg
Compiling package xil_defaultlib.axi_pkg
Compiling package xil_defaultlib.equalStep_baseline_subsystem_pkg
Compiling package xil_defaultlib.$unit_dataflow_monitor_sv
Compiling module xil_defaultlib.equalStep_baseline_control_s_axi
Compiling module xil_defaultlib.equalStep_baseline_mul_16ns_17ns...
Compiling module xil_defaultlib.equalStep_baseline_sparsemux_19_...
Compiling module xil_defaultlib.equalStep_baseline_mac_muladd_16...
Compiling module xil_defaultlib.equalStep_baseline_mac_muladd_16...
Compiling module xil_defaultlib.equalStep_baseline_mac_muladd_16...
Compiling module xil_defaultlib.equalStep_baseline_mac_muladd_16...
Compiling module xil_defaultlib.equalStep_baseline_mac_muladd_17...
Compiling module xil_defaultlib.equalStep_baseline_mac_muladd_17...
Compiling module xil_defaultlib.equalStep_baseline_mac_muladd_17...
Compiling module xil_defaultlib.equalStep_baseline_mac_muladd_17...
Compiling module xil_defaultlib.equalStep_baseline_mac_muladd_16...
Compiling module xil_defaultlib.equalStep_baseline_mac_muladd_16...
Compiling module xil_defaultlib.equalStep_baseline_flow_control_...
Compiling module xil_defaultlib.equalStep_baseline_regslice_both...
Compiling module xil_defaultlib.equalStep_baseline_regslice_both...
Compiling module xil_defaultlib.equalStep_baseline
Compiling module xil_defaultlib.misc_interface_default
Compiling module xil_defaultlib.svr_if(DATA_WIDTH=80)
Compiling module xil_defaultlib.svr_if(DATA_WIDTH=64)
Compiling module xil_defaultlib.axi_if(ADDR_WIDTH=4,STRB_WIDTH=4...
Compiling module xil_defaultlib.sv_module_top
Compiling module xil_defaultlib.AESL_deadlock_idx0_monitor
Compiling module xil_defaultlib.AESL_deadlock_kernel_monitor_top...
Compiling module xil_defaultlib.nodf_module_intf_default
Compiling module xil_defaultlib.upc_loop_intf(FSM_WIDTH=1)
Compiling module xil_defaultlib.dataflow_monitor_1
Compiling module xil_defaultlib.apatb_equalStep_baseline_top
Compiling module xil_defaultlib.glbl
Built simulation snapshot equalStep_baseline

****** xsim v2025.2 (64-bit)
  **** SW Build 6299465 on Fri Nov 14 19:35:11 GMT 2025
  **** IP Build 6300035 on Fri Nov 14 10:48:45 MST 2025
  **** SharedData Build 6298862 on Thu Nov 13 04:50:51 MST 2025
  **** Start of session at: Tue Apr 14 20:53:44 2026
    ** Copyright 1986-2022 Xilinx, Inc. All Rights Reserved.
    ** Copyright 2022-2025 Advanced Micro Devices, Inc. All Rights Reserved.

source xsim.dir/equalStep_baseline/xsim_script.tcl
# xsim {equalStep_baseline} -testplusarg UVM_VERBOSITY=UVM_NONE -testplusarg UVM_TESTNAME=equalStep_baseline_test_lib -testplusarg UVM_TIMEOUT=20000000000000 -view {{equalStep_baseline_dataflow_ana.wcfg}} -tclbatch {equalStep_baseline.tcl} -protoinst {equalStep_baseline.protoinst}
INFO: [Wavedata 42-565] Reading protoinst file equalStep_baseline.protoinst
INFO: [Wavedata 42-564]   Found protocol instance at /apatb_equalStep_baseline_top/AESL_inst_equalStep_baseline//AESL_inst_equalStep_baseline_activity
Time resolution is 1 ps
open_wave_config equalStep_baseline_dataflow_ana.wcfg
source equalStep_baseline.tcl
## log_wave -r /
## set designtopgroup [add_wave_group "Design Top Signals"]
## set coutputgroup [add_wave_group "C Outputs" -into $designtopgroup]
## set return_group [add_wave_group return(axi_slave) -into $coutputgroup]
## add_wave /apatb_equalStep_baseline_top/AESL_inst_equalStep_baseline/out_r_TVALID -into $return_group -color #ffff00 -radix hex
## add_wave /apatb_equalStep_baseline_top/AESL_inst_equalStep_baseline/out_r_TDATA -into $return_group -radix hex
## add_wave /apatb_equalStep_baseline_top/AESL_inst_equalStep_baseline/out_r_TREADY -into $return_group -color #ffff00 -radix hex
## add_wave /apatb_equalStep_baseline_top/AESL_inst_equalStep_baseline/interrupt -into $return_group -color #ffff00 -radix hex
## add_wave /apatb_equalStep_baseline_top/AESL_inst_equalStep_baseline/s_axi_control_BRESP -into $return_group -radix hex
## add_wave /apatb_equalStep_baseline_top/AESL_inst_equalStep_baseline/s_axi_control_BREADY -into $return_group -color #ffff00 -radix hex
## add_wave /apatb_equalStep_baseline_top/AESL_inst_equalStep_baseline/s_axi_control_BVALID -into $return_group -color #ffff00 -radix hex
## add_wave /apatb_equalStep_baseline_top/AESL_inst_equalStep_baseline/s_axi_control_RRESP -into $return_group -radix hex
## add_wave /apatb_equalStep_baseline_top/AESL_inst_equalStep_baseline/s_axi_control_RDATA -into $return_group -radix hex
## add_wave /apatb_equalStep_baseline_top/AESL_inst_equalStep_baseline/s_axi_control_RREADY -into $return_group -color #ffff00 -radix hex
## add_wave /apatb_equalStep_baseline_top/AESL_inst_equalStep_baseline/s_axi_control_RVALID -into $return_group -color #ffff00 -radix hex
## add_wave /apatb_equalStep_baseline_top/AESL_inst_equalStep_baseline/s_axi_control_ARREADY -into $return_group -color #ffff00 -radix hex
## add_wave /apatb_equalStep_baseline_top/AESL_inst_equalStep_baseline/s_axi_control_ARVALID -into $return_group -color #ffff00 -radix hex
## add_wave /apatb_equalStep_baseline_top/AESL_inst_equalStep_baseline/s_axi_control_ARADDR -into $return_group -radix hex
## add_wave /apatb_equalStep_baseline_top/AESL_inst_equalStep_baseline/s_axi_control_WSTRB -into $return_group -radix hex
## add_wave /apatb_equalStep_baseline_top/AESL_inst_equalStep_baseline/s_axi_control_WDATA -into $return_group -radix hex
## add_wave /apatb_equalStep_baseline_top/AESL_inst_equalStep_baseline/s_axi_control_WREADY -into $return_group -color #ffff00 -radix hex
## add_wave /apatb_equalStep_baseline_top/AESL_inst_equalStep_baseline/s_axi_control_WVALID -into $return_group -color #ffff00 -radix hex
## add_wave /apatb_equalStep_baseline_top/AESL_inst_equalStep_baseline/s_axi_control_AWREADY -into $return_group -color #ffff00 -radix hex
## add_wave /apatb_equalStep_baseline_top/AESL_inst_equalStep_baseline/s_axi_control_AWVALID -into $return_group -color #ffff00 -radix hex
## add_wave /apatb_equalStep_baseline_top/AESL_inst_equalStep_baseline/s_axi_control_AWADDR -into $return_group -radix hex
## set cinputgroup [add_wave_group "C Inputs" -into $designtopgroup]
## set return_group [add_wave_group return(axis) -into $cinputgroup]
## add_wave /apatb_equalStep_baseline_top/AESL_inst_equalStep_baseline/imStack_TREADY -into $return_group -color #ffff00 -radix hex
## add_wave /apatb_equalStep_baseline_top/AESL_inst_equalStep_baseline/imStack_TDATA -into $return_group -radix hex
## add_wave /apatb_equalStep_baseline_top/AESL_inst_equalStep_baseline/imStack_TVALID -into $return_group -color #ffff00 -radix hex
## set blocksiggroup [add_wave_group "Block-level IO Handshake(internal)" -into $designtopgroup]
## add_wave /apatb_equalStep_baseline_top/AESL_inst_equalStep_baseline/ap_done -into $blocksiggroup
## add_wave /apatb_equalStep_baseline_top/AESL_inst_equalStep_baseline/ap_idle -into $blocksiggroup
## add_wave /apatb_equalStep_baseline_top/AESL_inst_equalStep_baseline/ap_ready -into $blocksiggroup
## add_wave /apatb_equalStep_baseline_top/AESL_inst_equalStep_baseline/ap_start -into $blocksiggroup
## set resetgroup [add_wave_group "Reset" -into $designtopgroup]
## add_wave /apatb_equalStep_baseline_top/AESL_inst_equalStep_baseline/ap_rst_n -into $resetgroup
## set clockgroup [add_wave_group "Clock" -into $designtopgroup]
## add_wave /apatb_equalStep_baseline_top/AESL_inst_equalStep_baseline/ap_clk -into $clockgroup
## set testbenchgroup [add_wave_group "Test Bench Signals"]
## set tbinternalsiggroup [add_wave_group "Internal Signals" -into $testbenchgroup]
## set tb_simstatus_group [add_wave_group "Simulation Status" -into $tbinternalsiggroup]
## set tb_portdepth_group [add_wave_group "Port Depth" -into $tbinternalsiggroup]
## add_wave /apatb_equalStep_baseline_top/AUTOTB_TRANSACTION_NUM -into $tb_simstatus_group -radix hex
## add_wave /apatb_equalStep_baseline_top/ready_cnt -into $tb_simstatus_group -radix hex
## add_wave /apatb_equalStep_baseline_top/done_cnt -into $tb_simstatus_group -radix hex
## add_wave /apatb_equalStep_baseline_top/LENGTH_imStack -into $tb_portdepth_group -radix hex
## add_wave /apatb_equalStep_baseline_top/LENGTH_out_r -into $tb_portdepth_group -radix hex
## set tbcoutputgroup [add_wave_group "C Outputs" -into $testbenchgroup]
## set tb_return_group [add_wave_group return(axi_slave) -into $tbcoutputgroup]
## add_wave /apatb_equalStep_baseline_top/out_r_TVALID -into $tb_return_group -color #ffff00 -radix hex
## add_wave /apatb_equalStep_baseline_top/out_r_TDATA -into $tb_return_group -radix hex
## add_wave /apatb_equalStep_baseline_top/out_r_TREADY -into $tb_return_group -color #ffff00 -radix hex
## add_wave /apatb_equalStep_baseline_top/control_INTERRUPT -into $tb_return_group -color #ffff00 -radix hex
## add_wave /apatb_equalStep_baseline_top/control_BRESP -into $tb_return_group -radix hex
## add_wave /apatb_equalStep_baseline_top/control_BREADY -into $tb_return_group -color #ffff00 -radix hex
## add_wave /apatb_equalStep_baseline_top/control_BVALID -into $tb_return_group -color #ffff00 -radix hex
## add_wave /apatb_equalStep_baseline_top/control_RRESP -into $tb_return_group -radix hex
## add_wave /apatb_equalStep_baseline_top/control_RDATA -into $tb_return_group -radix hex
## add_wave /apatb_equalStep_baseline_top/control_RREADY -into $tb_return_group -color #ffff00 -radix hex
## add_wave /apatb_equalStep_baseline_top/control_RVALID -into $tb_return_group -color #ffff00 -radix hex
## add_wave /apatb_equalStep_baseline_top/control_ARREADY -into $tb_return_group -color #ffff00 -radix hex
## add_wave /apatb_equalStep_baseline_top/control_ARVALID -into $tb_return_group -color #ffff00 -radix hex
## add_wave /apatb_equalStep_baseline_top/control_ARADDR -into $tb_return_group -radix hex
## add_wave /apatb_equalStep_baseline_top/control_WSTRB -into $tb_return_group -radix hex
## add_wave /apatb_equalStep_baseline_top/control_WDATA -into $tb_return_group -radix hex
## add_wave /apatb_equalStep_baseline_top/control_WREADY -into $tb_return_group -color #ffff00 -radix hex
## add_wave /apatb_equalStep_baseline_top/control_WVALID -into $tb_return_group -color #ffff00 -radix hex
## add_wave /apatb_equalStep_baseline_top/control_AWREADY -into $tb_return_group -color #ffff00 -radix hex
## add_wave /apatb_equalStep_baseline_top/control_AWVALID -into $tb_return_group -color #ffff00 -radix hex
## add_wave /apatb_equalStep_baseline_top/control_AWADDR -into $tb_return_group -radix hex
## set tbcinputgroup [add_wave_group "C Inputs" -into $testbenchgroup]
## set tb_return_group [add_wave_group return(axis) -into $tbcinputgroup]
## add_wave /apatb_equalStep_baseline_top/imStack_TREADY -into $tb_return_group -color #ffff00 -radix hex
## add_wave /apatb_equalStep_baseline_top/imStack_TDATA -into $tb_return_group -radix hex
## add_wave /apatb_equalStep_baseline_top/imStack_TVALID -into $tb_return_group -color #ffff00 -radix hex
## save_wave_config equalStep_baseline.wcfg
## run all
UVM_INFO T:/AMDDesignTools/2025.2/Vivado/data/system_verilog/uvm_1.2/xlnx_uvm_package.sv(18601) @ 0: reporter [UVM/RELNOTES] 
----------------------------------------------------------------
UVM-1.2
(C) 2007-2014 Mentor Graphics Corporation
(C) 2007-2014 Cadence Design Systems, Inc.
(C) 2006-2014 Synopsys, Inc.
(C) 2011-2013 Cypress Semiconductor Corp.
(C) 2013-2014 NVIDIA Corporation
----------------------------------------------------------------

  ***********       IMPORTANT RELEASE NOTES         ************

  You are using a version of the UVM library that has been compiled
  with `UVM_NO_DEPRECATED undefined.

  You are using a version of the UVM library that has been compiled
  with `UVM_OBJECT_DO_NOT_NEED_CONSTRUCTOR undefined.

      (Specify +UVM_NO_RELNOTES to turn off this notice)

UVM_INFO T:/AMDDesignTools/2025.2/Vivado/data/system_verilog/uvm_1.2/xlnx_uvm_package.sv(18648) @ 0: reporter [NO_DPI_TSTNAME] UVM_NO_DPI defined--getting UVM_TESTNAME directly, without DPI
UVM_INFO T:/AMDDesignTools/2025.2/Vivado/data/system_verilog/uvm_1.2/xlnx_uvm_package.sv(18752) @ 0: reporter [UVMTOP] UVM testbench topology:
--------------------------------------------------------------------------------------------------------------
Name                                               Type                                  Size  Value          
--------------------------------------------------------------------------------------------------------------
uvm_test_top                                       equalStep_baseline_test_lib           -     @373           
  top_env                                          equalStep_baseline_env                -     @384           
    axi_lite_control                               uvm_env                               -     @431           
      item_rtr_port                                uvm_analysis_port                     -     @450           
      item_wtr_port                                uvm_analysis_port                     -     @440           
      master                                       uvm_agent                             -     @843           
        ardrv                                      uvm_driver #(REQ,RSP)                 -     @1518          
          item_read_imp                            uvm_analysis_port                     -     @1547          
          rsp_port                                 uvm_analysis_port                     -     @1537          
          seq_item_port                            uvm_seq_item_pull_port                -     @1527          
          m_num_sent                               integral                              32    'h0            
        arsqr                                      axi_sequencer                         -     @1557          
          rsp_export                               uvm_analysis_export                   -     @1566          
          seq_item_export                          uvm_seq_item_pull_imp                 -     @1684          
          arbitration_queue                        array                                 0     -              
          lock_queue                               array                                 0     -              
          num_last_reqs                            integral                              32    'd1            
          num_last_rsps                            integral                              32    'd1            
        awdrv                                      uvm_driver #(REQ,RSP)                 -     @990           
          item_read_imp                            uvm_analysis_port                     -     @1019          
          rsp_port                                 uvm_analysis_port                     -     @1009          
          seq_item_port                            uvm_seq_item_pull_port                -     @999           
          m_num_sent                               integral                              32    'h0            
        awsqr                                      axi_sequencer                         -     @1029          
          rsp_export                               uvm_analysis_export                   -     @1038          
          seq_item_export                          uvm_seq_item_pull_imp                 -     @1156          
          arbitration_queue                        array                                 0     -              
          lock_queue                               array                                 0     -              
          num_last_reqs                            integral                              32    'd1            
          num_last_rsps                            integral                              32    'd1            
        bdrv                                       uvm_driver #(REQ,RSP)                 -     @1342          
          item_read_imp                            uvm_analysis_port                     -     @1371          
          rsp_port                                 uvm_analysis_port                     -     @1361          
          seq_item_port                            uvm_seq_item_pull_port                -     @1351          
          m_num_sent                               integral                              32    'h0            
        bsqr                                       axi_sequencer                         -     @1381          
          rsp_export                               uvm_analysis_export                   -     @1390          
          seq_item_export                          uvm_seq_item_pull_imp                 -     @1508          
          arbitration_queue                        array                                 0     -              
          lock_queue                               array                                 0     -              
          num_last_reqs                            integral                              32    'd1            
          num_last_rsps                            integral                              32    'd1            
        rdrv                                       uvm_driver #(REQ,RSP)                 -     @1694          
          item_read_imp                            uvm_analysis_port                     -     @1723          
          rsp_port                                 uvm_analysis_port                     -     @1713          
          seq_item_port                            uvm_seq_item_pull_port                -     @1703          
          m_num_sent                               integral                              32    'h0            
        rsqr                                       axi_sequencer                         -     @1733          
          rsp_export                               uvm_analysis_export                   -     @1742          
          seq_item_export                          uvm_seq_item_pull_imp                 -     @1860          
          arbitration_queue                        array                                 0     -              
          lock_queue                               array                                 0     -              
          num_last_reqs                            integral                              32    'd1            
          num_last_rsps                            integral                              32    'd1            
        wdrv                                       uvm_driver #(REQ,RSP)                 -     @1166          
          item_read_imp                            uvm_analysis_port                     -     @1195          
          rsp_port                                 uvm_analysis_port                     -     @1185          
          seq_item_port                            uvm_seq_item_pull_port                -     @1175          
          m_num_sent                               integral                              32    'h0            
        wsqr                                       axi_sequencer                         -     @1205          
          rsp_export                               uvm_analysis_export                   -     @1214          
          seq_item_export                          uvm_seq_item_pull_imp                 -     @1332          
          arbitration_queue                        array                                 0     -              
          lock_queue                               array                                 0     -              
          num_last_reqs                            integral                              32    'd1            
          num_last_rsps                            integral                              32    'd1            
      monitor                                      uvm_monitor                           -     @665           
        item_ar2r_port                             uvm_analysis_port                     -     @734           
        item_ar_port                               uvm_analysis_port                     -     @704           
        item_aw2b_port                             uvm_analysis_port                     -     @724           
        item_aw_port                               uvm_analysis_port                     -     @674           
        item_b_port                                uvm_analysis_port                     -     @694           
        item_r_port                                uvm_analysis_port                     -     @714           
        item_w_port                                uvm_analysis_port                     -     @684           
        checks_enable                              integral                              1     'h1            
        coverage_enable                            integral                              1     'h1            
      state                                        axi_state                             -     @744           
        ar2r_imp                                   uvm_analysis_imp_ar2r                 -     @813           
        ar_imp                                     uvm_analysis_imp_ar                   -     @783           
        aw2b_imp                                   uvm_analysis_imp_aw2b                 -     @803           
        aw_imp                                     uvm_analysis_imp_aw                   -     @753           
        b_imp                                      uvm_analysis_imp_b                    -     @773           
        item_rtr_port                              uvm_analysis_port                     -     @833           
        item_wtr_port                              uvm_analysis_port                     -     @823           
        r_imp                                      uvm_analysis_imp_r                    -     @793           
        w_imp                                      uvm_analysis_imp_w                    -     @763           
        avg_rate                                   integral                              32    'h0            
        exp_rate                                   integral                              32    'h0            
        win_size                                   integral                              32    'h0            
        bqnum_for_slaseq                           integral                              32    'h0            
        rq_from_model_num                          integral                              32    'h0            
      vsqr                                         axi_virtual_sequencer                 -     @852           
        rsp_export                                 uvm_analysis_export                   -     @861           
        seq_item_export                            uvm_seq_item_pull_imp                 -     @979           
        arbitration_queue                          array                                 0     -              
        lock_queue                                 array                                 0     -              
        num_last_reqs                              integral                              32    'd1            
        num_last_rsps                              integral                              32    'd1            
      cfg                                          axi_cfg                               -     @403           
        has_checker                                integral                              1     'h1            
        has_coverage                               integral                              1     'h1            
        id_num                                     integral                              32    'h1            
        reset_level                                reset_level_enum                      32    RESET_LEVEL_LOW
        drv_type                                   drv_type_enum                         32    MASTER         
        write_latency_mode                         latency_mode_enum                     32    CHANNEL_FIRST  
        read_latency_mode                          latency_mode_enum                     32    CHANNEL_FIRST  
        clatency                                   axi_latency                           -     @427           
          wr_latency                               integral                              32    'h0            
          rd_latency                               integral                              32    'h0            
    env_master_svr_imStack                         uvm_env                               -     @404           
      m_agt                                        uvm_agent                             -     @1938          
        drv                                        uvm_driver #(REQ,RSP)                 -     @2086          
          rsp_port                                 uvm_analysis_port                     -     @2105          
          seq_item_port                            uvm_seq_item_pull_port                -     @2095          
        mon                                        uvm_monitor                           -     @2115          
          item_collect_port                        uvm_analysis_port                     -     @2126          
        sqr                                        uvm_sequencer                         -     @1949          
          rsp_export                               uvm_analysis_export                   -     @1958          
          seq_item_export                          uvm_seq_item_pull_imp                 -     @2076          
          arbitration_queue                        array                                 0     -              
          lock_queue                               array                                 0     -              
          num_last_reqs                            integral                              32    'd1            
          num_last_rsps                            integral                              32    'd1            
    env_slave_svr_out_r                            uvm_env                               -     @417           
      s_agt                                        uvm_agent                             -     @2144          
        drv                                        uvm_driver #(REQ,RSP)                 -     @2292          
          rsp_port                                 uvm_analysis_port                     -     @2311          
          seq_item_port                            uvm_seq_item_pull_port                -     @2301          
        mon                                        uvm_monitor                           -     @2321          
          item_collect_port                        uvm_analysis_port                     -     @2332          
        sqr                                        uvm_sequencer                         -     @2155          
          rsp_export                               uvm_analysis_export                   -     @2164          
          seq_item_export                          uvm_seq_item_pull_imp                 -     @2282          
          arbitration_queue                        array                                 0     -              
          lock_queue                               array                                 0     -              
          num_last_reqs                            integral                              32    'd1            
          num_last_rsps                            integral                              32    'd1            
    equalStep_baseline_virtual_sqr                 equalStep_baseline_virtual_sequencer  -     @522           
      rsp_export                                   uvm_analysis_export                   -     @531           
      seq_item_export                              uvm_seq_item_pull_imp                 -     @649           
      arbitration_queue                            array                                 0     -              
      lock_queue                                   array                                 0     -              
      num_last_reqs                                integral                              32    'd1            
      num_last_rsps                                integral                              32    'd1            
    refm                                           equalStep_baseline_reference_model    -     @460           
      trans_num_idx                                integral                              32    'h0            
    subsys_mon                                     equalStep_baseline_subsystem_monitor  -     @473           
      control_rtr_imp                              uvm_analysis_imp_axi_rtr_control      -     @512           
      control_wtr_imp                              uvm_analysis_imp_axi_wtr_control      -     @502           
      scbd                                         equalStep_baseline_scoreboard         -     @2359          
        refm                                       equalStep_baseline_reference_model    -     @460           
          trans_num_idx                            integral                              32    'h0            
        file_rd_TVOUT_transaction_size             <unknown>                             -     @2369          
          TV_FILE                                  string                                0     ""             
          fp                                       integral                              32    'hxxxxxxxx     
          TV_FILE_num                              integral                              32    'h0            
          HEX_read                                 integral                              32    'h0            
          DEC_read                                 integral                              32    'h0            
          is_binary                                integral                              32    'h0            
          TV_FILE_COMPARE                          string                                0     ""             
          fp_compare                               integral                              32    'hxxxxxxxx     
        TVOUT_transaction_size_queue               da(integral)                          0     -              
        file_wr_port_out_r_out_r_TDATA             <unknown>                             -     @2370          
          TV_FILE                                  string                                0     ""             
          fp                                       integral                              32    'hxxxxxxxx     
          file_open                                integral                              32    'h0            
          write_file_done                          integral                              32    'h0            
          write_section_done                       integral                              32    'h0            
          TRANSACTION_NUM                          integral                              32    'h0            
          transaction_num_idx                      integral                              32    'h0            
          TRANSACTION_DEPTH                        integral                              32    'h0            
          TRANSACTION_DEPTH_queue                  da(integral)                          0     -              
          TRANSACTION_DEPTH_queue_for_depth_check  da(integral)                          0     -              
          transaction_depth_idx                    integral                              32    'h0            
          ap_done_num_idx                          integral                              32    'h0            
          is_binary                                integral                              32    'h0            
        write_file_done_out_r_out_r_TDATA          integral                              32    'h0            
        write_section_done_out_r_out_r_TDATA       integral                              32    'h0            
      svr_master_imStack_imp                       uvm_analysis_imp_svr_master_imStack   -     @482           
      svr_slave_out_r_imp                          uvm_analysis_imp_svr_slave_out_r      -     @492           
    env_master_svr_imStack                         uvm_env                               -     @404           
    env_slave_svr_out_r                            uvm_env                               -     @417           
    refm                                           equalStep_baseline_reference_model    -     @460           
    equalStep_baseline_virtual_sqr                 equalStep_baseline_virtual_sequencer  -     @522           
    equalStep_baseline_cfg                         equalStep_baseline_config             -     @398           
      port_imStack_cfg                             svr_config                            -     @399           
        svr_type                                   svr_inst_type                         32    SVR_MASTER     
        prt_type                                   svr_protocol_type                     32    AXIS           
        is_active                                  svr_active_passive_enum               1     SVR_ACTIVE     
        reset_level                                svr_reset_level_enum                  1     RESET_LEVEL_LOW
        spec_cfg                                   svr_spec_cfg_enum                     32    NORMAL         
        clatency                                   svr_latency                           -     @400           
          transfer_latency                         integral                              32    'h0            
      port_out_r_cfg                               svr_config                            -     @401           
        svr_type                                   svr_inst_type                         32    SVR_SLAVE      
        prt_type                                   svr_protocol_type                     32    AXIS           
        is_active                                  svr_active_passive_enum               1     SVR_ACTIVE     
        reset_level                                svr_reset_level_enum                  1     RESET_LEVEL_LOW
        spec_cfg                                   svr_spec_cfg_enum                     32    NORMAL         
        clatency                                   svr_latency                           -     @402           
          transfer_latency                         integral                              32    'h0            
      control_cfg                                  axi_cfg                               -     @403           
        has_checker                                integral                              1     'h1            
        has_coverage                               integral                              1     'h1            
        id_num                                     integral                              32    'h1            
        reset_level                                reset_level_enum                      32    RESET_LEVEL_LOW
        drv_type                                   drv_type_enum                         32    MASTER         
        write_latency_mode                         latency_mode_enum                     32    CHANNEL_FIRST  
        read_latency_mode                          latency_mode_enum                     32    CHANNEL_FIRST  
        clatency                                   axi_latency                           -     @427           
          wr_latency                               integral                              32    'h0            
          rd_latency                               integral                              32    'h0            
      check_ena                                    integral                              32    'h0            
      cover_ena                                    integral                              32    'h0            
--------------------------------------------------------------------------------------------------------------

UVM_INFO T:/AMDDesignTools/2025.2/Vivado/data/system_verilog/uvm_1.2/xlnx_uvm_package.sv(20867) @ 0: reporter [UVM/COMP/NAMECHECK] This implementation of the component name checks requires DPI to be enabled
////////////////////////////////////////////////////////////////////////////////////
// Inter-Transaction Progress: Completed Transaction / Total Transaction
// Intra-Transaction Progress: Measured Latency / Latency Estimation * 100%
//
// RTL Simulation : "Inter-Transaction Progress" ["Intra-Transaction Progress"] @ "Simulation Time"
////////////////////////////////////////////////////////////////////////////////////
// RTL Simulation : 0 / 1 [0.00%] @ "116000"
// RTL Simulation : 1 / 1 [100.00%] @ "29159000"
////////////////////////////////////////////////////////////////////////////////////
$finish called at time : 29207500 ps : File "T:/AMDDesignTools/2025.2/Vivado/data/system_verilog/uvm_1.2/xlnx_uvm_package.sv" Line 18699
## quit
INFO: xsimkernel Simulation Memory Usage: 142824 KB (Peak: 142824 KB), Simulation CPU Usage: 1374 ms
INFO: [Common 17-206] Exiting xsim at Tue Apr 14 20:53:52 2026...
INFO: [COSIM 212-316] Starting C post checking ...

==== Dataset: 0====
Image size: 64 x 64
Dataset 0 results: 
Max phase error (rad) : 1.52588e-05
RMS phase error (rad) : 1.27949e-05
Max mod error: 1.47266
RMS mod error: 0.700547

=== Overall Results ===
Global phase max err: 1.52588e-05
Global phase RMSE:    1.27949e-05
Global mod max err:   1.47266
Global mod RMSE:      0.700547
INFO [HLS SIM]: The maximum depth reached by any hls::stream() instance in the design is 4096
INFO: [COSIM 212-1000] *** C/RTL co-simulation finished: PASS ***
INFO: [COSIM 212-211] II is measurable only when transaction number is greater than 1 in RTL simulation. Otherwise, they will be marked as all NA. If user wants to calculate them, please make sure there are at least 2 transactions in RTL simulation.
INFO: [HLS 200-112] Total CPU user time: 2 seconds. Total CPU system time: 1 seconds. Total elapsed time: 69.442 seconds; peak allocated memory: 240.418 MB.
INFO: [vitis-run 60-791] Total elapsed time: 0h 1m 12s
