

================================================================
== Vitis HLS Report for 'atan2_cordic_double_s'
================================================================
* Date:           Wed Mar 11 18:45:56 2026

* Version:        2025.1 (Build 6135595 on May 21 2025)
* Project:        equalStep_baseline
* Solution:       hls (Vivado IP Flow Target)
* Product family: zynq
* Target device:  xc7z020-clg400-1


================================================================
== Performance Estimates
================================================================
+ Timing: 
    * Summary: 
    +--------+----------+-----------+------------+
    |  Clock |  Target  | Estimated | Uncertainty|
    +--------+----------+-----------+------------+
    |ap_clk  |  16.00 ns|  11.572 ns|     4.32 ns|
    +--------+----------+-----------+------------+

+ Latency: 
    * Summary: 
    +---------+---------+-----------+----------+-----+-----+---------+
    |  Latency (cycles) |  Latency (absolute)  |  Interval | Pipeline|
    |   min   |   max   |    min    |    max   | min | max |   Type  |
    +---------+---------+-----------+----------+-----+-----+---------+
    |        1|      135|  16.000 ns|  2.160 us|    1|  135|       no|
    +---------+---------+-----------+----------+-----+-----+---------+

    + Detail: 
        * Instance: 
        N/A

        * Loop: 
        N/A

============================================================
+ Verbose Summary: Synthesis Manager
============================================================
InlineROM: 1
ExposeGlobal: 0
============================================================
+ Verbose Summary: CDFG Model
============================================================
IsTopModel: 0
ResetActiveHigh: 1
IsCombinational: 0
IsDatapathOnly: 0
HasWiredReturn: 1
HasMFsm: 0
HasVarLatency: 1
IsPipeline: 0
IsRtlPipelined: 0
IsInstanceOverlapped: 0
IsDontTouch: 0
HasImplIP: 0
IsGatedGlobalClock: 0


============================================================
+ Verbose Summary: Schedule
============================================================
* Number of FSM states : 25
* Pipeline : 0
* Dataflow Pipeline: 0

* FSM state transitions: 
1 --> 23 20 19 2 13 18 21 22 24 25 
2 --> 3 6 
3 --> 4 
4 --> 5 
5 --> 13 
6 --> 7 
7 --> 8 
8 --> 9 
9 --> 10 
10 --> 11 
11 --> 12 
12 --> 13 
13 --> 14 
14 --> 15 
15 --> 16 
16 --> 17 
17 --> 18 
18 --> 
19 --> 18 
20 --> 18 
21 --> 18 
22 --> 18 
23 --> 18 
24 --> 18 
25 --> 18 

* FSM state operations: 

State 1 <SV = 0> <Delay = 7.20>
ST_1 : Operation 26 [1/1] (0.00ns)   --->   "%x_in_read = read i64 @_ssdm_op_Read.ap_auto.double, i64 %x_in"   --->   Operation 26 'read' 'x_in_read' <Predicate = true> <Delay = 0.00>
ST_1 : Operation 27 [1/1] (0.00ns)   --->   "%y_in_read = read i64 @_ssdm_op_Read.ap_auto.double, i64 %y_in"   --->   Operation 27 'read' 'y_in_read' <Predicate = true> <Delay = 0.00>
ST_1 : Operation 28 [1/1] (0.00ns)   --->   "%data = bitcast i64 %x_in_read" [C:\scratch\2025.1\hls_product\640\2025.1\src\shared\hls\clib/src/hls\utils/x_hls_utils.h:459]   --->   Operation 28 'bitcast' 'data' <Predicate = true> <Delay = 0.00>
ST_1 : Operation 29 [1/1] (0.00ns)   --->   "%fpsx_sign = bitselect i1 @_ssdm_op_BitSelect.i1.i64.i32, i64 %data, i32 63" [C:\scratch\2025.1\hls_product\640\2025.1\src\shared\hls\clib/src/hls\utils/x_hls_utils.h:460]   --->   Operation 29 'bitselect' 'fpsx_sign' <Predicate = true> <Delay = 0.00>
ST_1 : Operation 30 [1/1] (0.00ns)   --->   "%fpsx_exp = partselect i11 @_ssdm_op_PartSelect.i11.i64.i32, i64 %data, i32 52" [C:\scratch\2025.1\hls_product\640\2025.1\src\shared\hls\clib/src/hls\utils/x_hls_utils.h:461]   --->   Operation 30 'partselect' 'fpsx_exp' <Predicate = true> <Delay = 0.00>
ST_1 : Operation 31 [1/1] (0.00ns)   --->   "%fpsx_sig = trunc i64 %data" [C:\scratch\2025.1\hls_product\640\2025.1\src\shared\hls\clib/src/hls\utils/x_hls_utils.h:462]   --->   Operation 31 'trunc' 'fpsx_sig' <Predicate = true> <Delay = 0.00>
ST_1 : Operation 32 [1/1] (0.00ns)   --->   "%data_2 = bitcast i64 %y_in_read" [C:\scratch\2025.1\hls_product\640\2025.1\src\shared\hls\clib/src/hls\utils/x_hls_utils.h:459]   --->   Operation 32 'bitcast' 'data_2' <Predicate = true> <Delay = 0.00>
ST_1 : Operation 33 [1/1] (0.00ns)   --->   "%fpsy_sign = bitselect i1 @_ssdm_op_BitSelect.i1.i64.i32, i64 %data_2, i32 63" [C:\scratch\2025.1\hls_product\640\2025.1\src\shared\hls\clib/src/hls\utils/x_hls_utils.h:460]   --->   Operation 33 'bitselect' 'fpsy_sign' <Predicate = true> <Delay = 0.00>
ST_1 : Operation 34 [1/1] (0.00ns)   --->   "%fpsy_exp = partselect i11 @_ssdm_op_PartSelect.i11.i64.i32, i64 %data_2, i32 52" [C:\scratch\2025.1\hls_product\640\2025.1\src\shared\hls\clib/src/hls\utils/x_hls_utils.h:461]   --->   Operation 34 'partselect' 'fpsy_exp' <Predicate = true> <Delay = 0.00>
ST_1 : Operation 35 [1/1] (0.00ns)   --->   "%fpsy_sig = trunc i64 %data_2" [C:\scratch\2025.1\hls_product\640\2025.1\src\shared\hls\clib/src/hls\utils/x_hls_utils.h:462]   --->   Operation 35 'trunc' 'fpsy_sig' <Predicate = true> <Delay = 0.00>
ST_1 : Operation 36 [1/1] (1.63ns)   --->   "%icmp_ln18 = icmp_eq  i11 %fpsy_exp, i11 2047" [C:\scratch\2025.1\hls_product\640\2025.1\src\shared\hls\clib/hlsmath/include/FloatingPoint/hls_isnan.h:18]   --->   Operation 36 'icmp' 'icmp_ln18' <Predicate = true> <Delay = 1.63> <CoreInst = "Cmp">   --->   Core 9 'Cmp' <Latency = 0> <II = 1> <Delay = 1.63> <FuncUnit> <Opcode : 'seteq' 'setne' 'setle' 'setge' 'setlt' 'setgt'> <InPorts = 2> <OutPorts = 1>
ST_1 : Operation 37 [1/1] (3.21ns)   --->   "%icmp_ln18_1 = icmp_ne  i52 %fpsy_sig, i52 0" [C:\scratch\2025.1\hls_product\640\2025.1\src\shared\hls\clib/hlsmath/include/FloatingPoint/hls_isnan.h:18]   --->   Operation 37 'icmp' 'icmp_ln18_1' <Predicate = true> <Delay = 3.21> <CoreInst = "Cmp">   --->   Core 9 'Cmp' <Latency = 0> <II = 1> <Delay = 3.21> <FuncUnit> <Opcode : 'seteq' 'setne' 'setle' 'setge' 'setlt' 'setgt'> <InPorts = 2> <OutPorts = 1>
ST_1 : Operation 38 [1/1] (0.97ns)   --->   "%and_ln18 = and i1 %icmp_ln18, i1 %icmp_ln18_1" [C:\scratch\2025.1\hls_product\640\2025.1\src\shared\hls\clib/hlsmath/include/FloatingPoint/hls_isnan.h:18]   --->   Operation 38 'and' 'and_ln18' <Predicate = true> <Delay = 0.97> <CoreInst = "LogicGate">   --->   Core 74 'LogicGate' <Latency = 0> <II = 1> <Delay = 0.97> <FuncUnit> <Opcode : 'and' 'or' 'xor'> <InPorts = 2> <OutPorts = 1>
ST_1 : Operation 39 [1/1] (0.00ns)   --->   "%br_ln728 = br i1 %and_ln18, void %lor.lhs.false, void %if.then"   --->   Operation 39 'br' 'br_ln728' <Predicate = true> <Delay = 0.00>
ST_1 : Operation 40 [1/1] (1.63ns)   --->   "%icmp_ln18_2 = icmp_eq  i11 %fpsx_exp, i11 2047" [C:\scratch\2025.1\hls_product\640\2025.1\src\shared\hls\clib/hlsmath/include/FloatingPoint/hls_isnan.h:18]   --->   Operation 40 'icmp' 'icmp_ln18_2' <Predicate = (!and_ln18)> <Delay = 1.63> <CoreInst = "Cmp">   --->   Core 9 'Cmp' <Latency = 0> <II = 1> <Delay = 1.63> <FuncUnit> <Opcode : 'seteq' 'setne' 'setle' 'setge' 'setlt' 'setgt'> <InPorts = 2> <OutPorts = 1>
ST_1 : Operation 41 [1/1] (3.21ns)   --->   "%icmp_ln18_3 = icmp_ne  i52 %fpsx_sig, i52 0" [C:\scratch\2025.1\hls_product\640\2025.1\src\shared\hls\clib/hlsmath/include/FloatingPoint/hls_isnan.h:18]   --->   Operation 41 'icmp' 'icmp_ln18_3' <Predicate = (!and_ln18)> <Delay = 3.21> <CoreInst = "Cmp">   --->   Core 9 'Cmp' <Latency = 0> <II = 1> <Delay = 3.21> <FuncUnit> <Opcode : 'seteq' 'setne' 'setle' 'setge' 'setlt' 'setgt'> <InPorts = 2> <OutPorts = 1>
ST_1 : Operation 42 [1/1] (0.97ns)   --->   "%and_ln18_1 = and i1 %icmp_ln18_2, i1 %icmp_ln18_3" [C:\scratch\2025.1\hls_product\640\2025.1\src\shared\hls\clib/hlsmath/include/FloatingPoint/hls_isnan.h:18]   --->   Operation 42 'and' 'and_ln18_1' <Predicate = (!and_ln18)> <Delay = 0.97> <CoreInst = "LogicGate">   --->   Core 74 'LogicGate' <Latency = 0> <II = 1> <Delay = 0.97> <FuncUnit> <Opcode : 'and' 'or' 'xor'> <InPorts = 2> <OutPorts = 1>
ST_1 : Operation 43 [1/1] (0.00ns)   --->   "%br_ln728 = br i1 %and_ln18_1, void %if.end, void %if.then"   --->   Operation 43 'br' 'br_ln728' <Predicate = (!and_ln18)> <Delay = 0.00>
ST_1 : Operation 44 [1/1] (1.63ns)   --->   "%icmp_ln733 = icmp_eq  i11 %fpsy_exp, i11 0"   --->   Operation 44 'icmp' 'icmp_ln733' <Predicate = (!and_ln18 & !and_ln18_1)> <Delay = 1.63> <CoreInst = "Cmp">   --->   Core 9 'Cmp' <Latency = 0> <II = 1> <Delay = 1.63> <FuncUnit> <Opcode : 'seteq' 'setne' 'setle' 'setge' 'setlt' 'setgt'> <InPorts = 2> <OutPorts = 1>
ST_1 : Operation 45 [1/1] (3.21ns)   --->   "%icmp_ln733_1 = icmp_eq  i52 %fpsy_sig, i52 0"   --->   Operation 45 'icmp' 'icmp_ln733_1' <Predicate = (!and_ln18 & !and_ln18_1)> <Delay = 3.21> <CoreInst = "Cmp">   --->   Core 9 'Cmp' <Latency = 0> <II = 1> <Delay = 3.21> <FuncUnit> <Opcode : 'seteq' 'setne' 'setle' 'setge' 'setlt' 'setgt'> <InPorts = 2> <OutPorts = 1>
ST_1 : Operation 46 [1/1] (0.97ns)   --->   "%and_ln733 = and i1 %icmp_ln733, i1 %icmp_ln733_1"   --->   Operation 46 'and' 'and_ln733' <Predicate = (!and_ln18 & !and_ln18_1)> <Delay = 0.97> <CoreInst = "LogicGate">   --->   Core 74 'LogicGate' <Latency = 0> <II = 1> <Delay = 0.97> <FuncUnit> <Opcode : 'and' 'or' 'xor'> <InPorts = 2> <OutPorts = 1>
ST_1 : Operation 47 [1/1] (0.00ns)   --->   "%br_ln733 = br i1 %and_ln733, void %if.end25, void %land.lhs.true6"   --->   Operation 47 'br' 'br_ln733' <Predicate = (!and_ln18 & !and_ln18_1)> <Delay = 0.00>
ST_1 : Operation 48 [1/1] (1.63ns)   --->   "%icmp_ln737 = icmp_eq  i11 %fpsx_exp, i11 0"   --->   Operation 48 'icmp' 'icmp_ln737' <Predicate = (!and_ln18 & !and_ln18_1 & !and_ln733)> <Delay = 1.63> <CoreInst = "Cmp">   --->   Core 9 'Cmp' <Latency = 0> <II = 1> <Delay = 1.63> <FuncUnit> <Opcode : 'seteq' 'setne' 'setle' 'setge' 'setlt' 'setgt'> <InPorts = 2> <OutPorts = 1>
ST_1 : Operation 49 [1/1] (3.21ns)   --->   "%icmp_ln737_1 = icmp_eq  i52 %fpsx_sig, i52 0"   --->   Operation 49 'icmp' 'icmp_ln737_1' <Predicate = (!and_ln18 & !and_ln18_1 & !and_ln733)> <Delay = 3.21> <CoreInst = "Cmp">   --->   Core 9 'Cmp' <Latency = 0> <II = 1> <Delay = 3.21> <FuncUnit> <Opcode : 'seteq' 'setne' 'setle' 'setge' 'setlt' 'setgt'> <InPorts = 2> <OutPorts = 1>
ST_1 : Operation 50 [1/1] (0.97ns)   --->   "%and_ln737 = and i1 %icmp_ln737, i1 %icmp_ln737_1"   --->   Operation 50 'and' 'and_ln737' <Predicate = (!and_ln18 & !and_ln18_1 & !and_ln733)> <Delay = 0.97> <CoreInst = "LogicGate">   --->   Core 74 'LogicGate' <Latency = 0> <II = 1> <Delay = 0.97> <FuncUnit> <Opcode : 'and' 'or' 'xor'> <InPorts = 2> <OutPorts = 1>
ST_1 : Operation 51 [1/1] (0.00ns)   --->   "%br_ln737 = br i1 %and_ln737, void %if.end41, void %if.then31"   --->   Operation 51 'br' 'br_ln737' <Predicate = (!and_ln18 & !and_ln18_1 & !and_ln733)> <Delay = 0.00>
ST_1 : Operation 52 [1/1] (0.00ns)   --->   "%br_ln742 = br i1 %icmp_ln733, void %if.end68, void %if.then44"   --->   Operation 52 'br' 'br_ln742' <Predicate = (!and_ln18 & !and_ln18_1 & !and_ln733 & !and_ln737)> <Delay = 0.00>
ST_1 : Operation 53 [1/1] (0.00ns)   --->   "%br_ln747 = br i1 %icmp_ln737, void %if.end75, void %if.then71"   --->   Operation 53 'br' 'br_ln747' <Predicate = (!and_ln18 & !and_ln18_1 & !and_ln733 & !icmp_ln733 & !and_ln737)> <Delay = 0.00>
ST_1 : Operation 54 [1/1] (0.00ns)   --->   "%tmp_1 = bitconcatenate i2 @_ssdm_op_BitConcatenate.i2.i1.i1, i1 %fpsx_sign, i1 %fpsy_sign"   --->   Operation 54 'bitconcatenate' 'tmp_1' <Predicate = (!and_ln18 & !and_ln18_1 & !and_ln733 & !icmp_ln733 & !and_ln737 & !icmp_ln737)> <Delay = 0.00>
ST_1 : Operation 55 [1/1] (0.97ns)   --->   "%and_ln18_2 = and i1 %icmp_ln18_2, i1 %icmp_ln737_1" [C:\scratch\2025.1\hls_product\640\2025.1\src\shared\hls\clib/hlsmath/include/FloatingPoint/hls_isinf.h:18]   --->   Operation 55 'and' 'and_ln18_2' <Predicate = (!and_ln18 & !and_ln18_1 & !and_ln733 & !icmp_ln733 & !and_ln737 & !icmp_ln737)> <Delay = 0.97> <CoreInst = "LogicGate">   --->   Core 74 'LogicGate' <Latency = 0> <II = 1> <Delay = 0.97> <FuncUnit> <Opcode : 'and' 'or' 'xor'> <InPorts = 2> <OutPorts = 1>
ST_1 : Operation 56 [1/1] (0.97ns)   --->   "%and_ln18_3 = and i1 %icmp_ln18, i1 %icmp_ln733_1" [C:\scratch\2025.1\hls_product\640\2025.1\src\shared\hls\clib/hlsmath/include/FloatingPoint/hls_isinf.h:18]   --->   Operation 56 'and' 'and_ln18_3' <Predicate = (!and_ln18 & !and_ln18_1 & !and_ln733 & !icmp_ln733 & !and_ln737 & !icmp_ln737)> <Delay = 0.97> <CoreInst = "LogicGate">   --->   Core 74 'LogicGate' <Latency = 0> <II = 1> <Delay = 0.97> <FuncUnit> <Opcode : 'and' 'or' 'xor'> <InPorts = 2> <OutPorts = 1>
ST_1 : Operation 57 [1/1] (0.00ns)   --->   "%br_ln765 = br i1 %and_ln18_2, void %if.else115, void %land.lhs.true81"   --->   Operation 57 'br' 'br_ln765' <Predicate = (!and_ln18 & !and_ln18_1 & !and_ln733 & !icmp_ln733 & !and_ln737 & !icmp_ln737)> <Delay = 0.00>
ST_1 : Operation 58 [1/1] (0.00ns)   --->   "%br_ln779 = br i1 %and_ln18_3, void %if.else127, void %if.then118"   --->   Operation 58 'br' 'br_ln779' <Predicate = (!and_ln18 & !and_ln18_1 & !and_ln733 & !icmp_ln733 & !and_ln737 & !icmp_ln737 & !and_ln18_2)> <Delay = 0.00>
ST_1 : Operation 59 [1/1] (0.00ns)   --->   "%t_6 = trunc i64 %data_2" [C:\scratch\2025.1\hls_product\640\2025.1\src\shared\hls\clib/src/hls\utils/x_hls_utils.h:479->C:\scratch\2025.1\hls_product\640\2025.1\src\shared\hls\clib/src/hls\utils/x_hls_utils.h:496->C:\scratch\2025.1\hls_product\640\2025.1\src\shared\hls\clib/src/hls\utils/x_hls_utils.h:510->C:\scratch\2025.1\hls_product\640\2025.1\src\shared\hls\clib/hlsmath/include/FloatingPoint/hls_copysign.h:14->C:\scratch\2025.1\hls_product\640\2025.1\src\shared\hls\clib/hlsmath/include/FloatingPoint/hls_abs.h:14]   --->   Operation 59 'trunc' 't_6' <Predicate = (!and_ln18 & !and_ln18_1 & !and_ln733 & !icmp_ln733 & !and_ln737 & !icmp_ln737 & !and_ln18_2 & !and_ln18_3)> <Delay = 0.00>
ST_1 : Operation 60 [1/1] (0.00ns)   --->   "%zext_ln479 = zext i63 %t_6" [C:\scratch\2025.1\hls_product\640\2025.1\src\shared\hls\clib/src/hls\utils/x_hls_utils.h:479->C:\scratch\2025.1\hls_product\640\2025.1\src\shared\hls\clib/src/hls\utils/x_hls_utils.h:496->C:\scratch\2025.1\hls_product\640\2025.1\src\shared\hls\clib/src/hls\utils/x_hls_utils.h:510->C:\scratch\2025.1\hls_product\640\2025.1\src\shared\hls\clib/hlsmath/include/FloatingPoint/hls_copysign.h:14->C:\scratch\2025.1\hls_product\640\2025.1\src\shared\hls\clib/hlsmath/include/FloatingPoint/hls_abs.h:14]   --->   Operation 60 'zext' 'zext_ln479' <Predicate = (!and_ln18 & !and_ln18_1 & !and_ln733 & !icmp_ln733 & !and_ln737 & !icmp_ln737 & !and_ln18_2 & !and_ln18_3)> <Delay = 0.00>
ST_1 : Operation 61 [1/1] (0.00ns)   --->   "%a = bitcast i64 %zext_ln479" [C:\scratch\2025.1\hls_product\640\2025.1\src\shared\hls\clib/src/hls\utils/x_hls_utils.h:497->C:\scratch\2025.1\hls_product\640\2025.1\src\shared\hls\clib/src/hls\utils/x_hls_utils.h:510->C:\scratch\2025.1\hls_product\640\2025.1\src\shared\hls\clib/hlsmath/include/FloatingPoint/hls_copysign.h:14->C:\scratch\2025.1\hls_product\640\2025.1\src\shared\hls\clib/hlsmath/include/FloatingPoint/hls_abs.h:14]   --->   Operation 61 'bitcast' 'a' <Predicate = (!and_ln18 & !and_ln18_1 & !and_ln733 & !icmp_ln733 & !and_ln737 & !icmp_ln737 & !and_ln18_2 & !and_ln18_3)> <Delay = 0.00>
ST_1 : Operation 62 [1/1] (0.00ns)   --->   "%t_7 = trunc i64 %data" [C:\scratch\2025.1\hls_product\640\2025.1\src\shared\hls\clib/src/hls\utils/x_hls_utils.h:479->C:\scratch\2025.1\hls_product\640\2025.1\src\shared\hls\clib/src/hls\utils/x_hls_utils.h:496->C:\scratch\2025.1\hls_product\640\2025.1\src\shared\hls\clib/src/hls\utils/x_hls_utils.h:510->C:\scratch\2025.1\hls_product\640\2025.1\src\shared\hls\clib/hlsmath/include/FloatingPoint/hls_copysign.h:14->C:\scratch\2025.1\hls_product\640\2025.1\src\shared\hls\clib/hlsmath/include/FloatingPoint/hls_abs.h:14]   --->   Operation 62 'trunc' 't_7' <Predicate = (!and_ln18 & !and_ln18_1 & !and_ln733 & !icmp_ln733 & !and_ln737 & !icmp_ln737 & !and_ln18_2 & !and_ln18_3)> <Delay = 0.00>
ST_1 : Operation 63 [1/1] (0.00ns)   --->   "%zext_ln479_1 = zext i63 %t_7" [C:\scratch\2025.1\hls_product\640\2025.1\src\shared\hls\clib/src/hls\utils/x_hls_utils.h:479->C:\scratch\2025.1\hls_product\640\2025.1\src\shared\hls\clib/src/hls\utils/x_hls_utils.h:496->C:\scratch\2025.1\hls_product\640\2025.1\src\shared\hls\clib/src/hls\utils/x_hls_utils.h:510->C:\scratch\2025.1\hls_product\640\2025.1\src\shared\hls\clib/hlsmath/include/FloatingPoint/hls_copysign.h:14->C:\scratch\2025.1\hls_product\640\2025.1\src\shared\hls\clib/hlsmath/include/FloatingPoint/hls_abs.h:14]   --->   Operation 63 'zext' 'zext_ln479_1' <Predicate = (!and_ln18 & !and_ln18_1 & !and_ln733 & !icmp_ln733 & !and_ln737 & !icmp_ln737 & !and_ln18_2 & !and_ln18_3)> <Delay = 0.00>
ST_1 : Operation 64 [1/1] (0.00ns)   --->   "%b = bitcast i64 %zext_ln479_1" [C:\scratch\2025.1\hls_product\640\2025.1\src\shared\hls\clib/src/hls\utils/x_hls_utils.h:497->C:\scratch\2025.1\hls_product\640\2025.1\src\shared\hls\clib/src/hls\utils/x_hls_utils.h:510->C:\scratch\2025.1\hls_product\640\2025.1\src\shared\hls\clib/hlsmath/include/FloatingPoint/hls_copysign.h:14->C:\scratch\2025.1\hls_product\640\2025.1\src\shared\hls\clib/hlsmath/include/FloatingPoint/hls_abs.h:14]   --->   Operation 64 'bitcast' 'b' <Predicate = (!and_ln18 & !and_ln18_1 & !and_ln733 & !icmp_ln733 & !and_ln737 & !icmp_ln737 & !and_ln18_2 & !and_ln18_3)> <Delay = 0.00>
ST_1 : Operation 65 [1/1] (3.49ns)   --->   "%icmp_ln715 = icmp_eq  i63 %t_7, i63 %t_6"   --->   Operation 65 'icmp' 'icmp_ln715' <Predicate = (!and_ln18 & !and_ln18_1 & !and_ln733 & !icmp_ln733 & !and_ln737 & !icmp_ln737 & !and_ln18_2 & !and_ln18_3)> <Delay = 3.49> <CoreInst = "Cmp">   --->   Core 9 'Cmp' <Latency = 0> <II = 1> <Delay = 3.49> <FuncUnit> <Opcode : 'seteq' 'setne' 'setle' 'setge' 'setlt' 'setgt'> <InPorts = 2> <OutPorts = 1>
ST_1 : Operation 66 [1/1] (1.70ns)   --->   "%br_ln787 = br i1 %icmp_ln715, void %if.else.i, void %_ZN7cordic_L15atan2_cordic_Q1IdEET_S1_S1_.exit"   --->   Operation 66 'br' 'br_ln787' <Predicate = (!and_ln18 & !and_ln18_1 & !and_ln733 & !icmp_ln733 & !and_ln737 & !icmp_ln737 & !and_ln18_2 & !and_ln18_3)> <Delay = 1.70>
ST_1 : Operation 67 [1/1] (0.00ns)   --->   "%tmp = partselect i11 @_ssdm_op_PartSelect.i11.i64.i32.i32, i64 %data_2, i32 52, i32 62"   --->   Operation 67 'partselect' 'tmp' <Predicate = (!and_ln18 & !and_ln18_1 & !and_ln733 & !icmp_ln733 & !and_ln737 & !icmp_ln737 & !and_ln18_2 & !and_ln18_3 & !icmp_ln715)> <Delay = 0.00>
ST_1 : Operation 68 [1/1] (0.00ns)   --->   "%tmp_5 = partselect i11 @_ssdm_op_PartSelect.i11.i64.i32.i32, i64 %data, i32 52, i32 62"   --->   Operation 68 'partselect' 'tmp_5' <Predicate = (!and_ln18 & !and_ln18_1 & !and_ln733 & !icmp_ln733 & !and_ln737 & !icmp_ln737 & !and_ln18_2 & !and_ln18_3 & !icmp_ln715)> <Delay = 0.00>
ST_1 : Operation 69 [1/1] (1.63ns)   --->   "%icmp_ln717 = icmp_ne  i11 %tmp, i11 2047"   --->   Operation 69 'icmp' 'icmp_ln717' <Predicate = (!and_ln18 & !and_ln18_1 & !and_ln733 & !icmp_ln733 & !and_ln737 & !icmp_ln737 & !and_ln18_2 & !and_ln18_3 & !icmp_ln715)> <Delay = 1.63> <CoreInst = "Cmp">   --->   Core 9 'Cmp' <Latency = 0> <II = 1> <Delay = 1.63> <FuncUnit> <Opcode : 'seteq' 'setne' 'setle' 'setge' 'setlt' 'setgt'> <InPorts = 2> <OutPorts = 1>
ST_1 : Operation 70 [1/1] (1.63ns)   --->   "%icmp_ln717_1 = icmp_ne  i11 %tmp_5, i11 2047"   --->   Operation 70 'icmp' 'icmp_ln717_1' <Predicate = (!and_ln18 & !and_ln18_1 & !and_ln733 & !icmp_ln733 & !and_ln737 & !icmp_ln737 & !and_ln18_2 & !and_ln18_3 & !icmp_ln715)> <Delay = 1.63> <CoreInst = "Cmp">   --->   Core 9 'Cmp' <Latency = 0> <II = 1> <Delay = 1.63> <FuncUnit> <Opcode : 'seteq' 'setne' 'setle' 'setge' 'setlt' 'setgt'> <InPorts = 2> <OutPorts = 1>
ST_1 : Operation 71 [2/2] (5.46ns)   --->   "%tmp_7 = fcmp_ogt  i64 %a, i64 %b"   --->   Operation 71 'dcmp' 'tmp_7' <Predicate = (!and_ln18 & !and_ln18_1 & !and_ln733 & !icmp_ln733 & !and_ln737 & !icmp_ln737 & !and_ln18_2 & !and_ln18_3 & !icmp_ln715)> <Delay = 5.46> <CoreInst = "DCompare">   --->   Core 38 'DCompare' <Latency = 1> <II = 1> <Delay = 5.46> <FuncUnit> <Opcode : 'dcmp'> <InPorts = 2> <OutPorts = 1>
ST_1 : Operation 72 [1/1] (0.00ns)   --->   "%br_ln765 = br i1 %and_ln18_3, void %if.then99, void %if.then84"   --->   Operation 72 'br' 'br_ln765' <Predicate = (!and_ln18 & !and_ln18_1 & !and_ln733 & !icmp_ln733 & !and_ln737 & !icmp_ln737 & and_ln18_2)> <Delay = 0.00>
ST_1 : Operation 73 [1/1] (1.56ns)   --->   "%switch_ln773 = switch i2 %tmp_1, void %sw.bb110, i2 0, void %sw.bb100, i2 1, void %sw.bb103, i2 2, void %sw.bb107"   --->   Operation 73 'switch' 'switch_ln773' <Predicate = (!and_ln18 & !and_ln18_1 & !and_ln733 & !icmp_ln733 & !and_ln737 & !icmp_ln737 & and_ln18_2 & !and_ln18_3)> <Delay = 1.56>
ST_1 : Operation 74 [1/1] (3.02ns)   --->   "%br_ln776 = br void %UnifiedReturnBlock"   --->   Operation 74 'br' 'br_ln776' <Predicate = (!and_ln18 & !and_ln18_1 & !and_ln733 & !icmp_ln733 & !and_ln737 & !icmp_ln737 & and_ln18_2 & !and_ln18_3 & tmp_1 == 2)> <Delay = 3.02>
ST_1 : Operation 75 [1/1] (3.02ns)   --->   "%br_ln775 = br void %UnifiedReturnBlock"   --->   Operation 75 'br' 'br_ln775' <Predicate = (!and_ln18 & !and_ln18_1 & !and_ln733 & !icmp_ln733 & !and_ln737 & !icmp_ln737 & and_ln18_2 & !and_ln18_3 & tmp_1 == 1)> <Delay = 3.02>
ST_1 : Operation 76 [1/1] (3.02ns)   --->   "%br_ln774 = br void %UnifiedReturnBlock"   --->   Operation 76 'br' 'br_ln774' <Predicate = (!and_ln18 & !and_ln18_1 & !and_ln733 & !icmp_ln733 & !and_ln737 & !icmp_ln737 & and_ln18_2 & !and_ln18_3 & tmp_1 == 0)> <Delay = 3.02>
ST_1 : Operation 77 [1/1] (3.02ns)   --->   "%br_ln777 = br void %UnifiedReturnBlock"   --->   Operation 77 'br' 'br_ln777' <Predicate = (!and_ln18 & !and_ln18_1 & !and_ln733 & !icmp_ln733 & !and_ln737 & !icmp_ln737 & and_ln18_2 & !and_ln18_3 & tmp_1 == 3)> <Delay = 3.02>
ST_1 : Operation 78 [1/1] (1.56ns)   --->   "%switch_ln766 = switch i2 %tmp_1, void %sw.bb93, i2 0, void %sw.bb, i2 1, void %sw.bb87, i2 2, void %sw.bb90"   --->   Operation 78 'switch' 'switch_ln766' <Predicate = (!and_ln18 & !and_ln18_1 & !and_ln733 & !icmp_ln733 & !and_ln737 & !icmp_ln737 & and_ln18_2 & and_ln18_3)> <Delay = 1.56>
ST_1 : Operation 79 [1/1] (3.02ns)   --->   "%br_ln769 = br void %UnifiedReturnBlock"   --->   Operation 79 'br' 'br_ln769' <Predicate = (!and_ln18 & !and_ln18_1 & !and_ln733 & !icmp_ln733 & !and_ln737 & !icmp_ln737 & and_ln18_2 & and_ln18_3 & tmp_1 == 2)> <Delay = 3.02>
ST_1 : Operation 80 [1/1] (3.02ns)   --->   "%br_ln768 = br void %UnifiedReturnBlock"   --->   Operation 80 'br' 'br_ln768' <Predicate = (!and_ln18 & !and_ln18_1 & !and_ln733 & !icmp_ln733 & !and_ln737 & !icmp_ln737 & and_ln18_2 & and_ln18_3 & tmp_1 == 1)> <Delay = 3.02>
ST_1 : Operation 81 [1/1] (3.02ns)   --->   "%br_ln767 = br void %UnifiedReturnBlock"   --->   Operation 81 'br' 'br_ln767' <Predicate = (!and_ln18 & !and_ln18_1 & !and_ln733 & !icmp_ln733 & !and_ln737 & !icmp_ln737 & and_ln18_2 & and_ln18_3 & tmp_1 == 0)> <Delay = 3.02>
ST_1 : Operation 82 [1/1] (3.02ns)   --->   "%br_ln770 = br void %UnifiedReturnBlock"   --->   Operation 82 'br' 'br_ln770' <Predicate = (!and_ln18 & !and_ln18_1 & !and_ln733 & !icmp_ln733 & !and_ln737 & !icmp_ln737 & and_ln18_2 & and_ln18_3 & tmp_1 == 3)> <Delay = 3.02>
ST_1 : Operation 83 [1/1] (0.00ns)   --->   "%br_ln743 = br i1 %fpsx_sign, void %if.then64, void %if.then53"   --->   Operation 83 'br' 'br_ln743' <Predicate = (!and_ln18 & !and_ln18_1 & !and_ln733 & icmp_ln733 & !and_ln737)> <Delay = 0.00>
ST_1 : Operation 84 [1/1] (0.00ns)   --->   "%br_ln733 = br i1 %fpsx_sign, void %if.then21, void %if.then9"   --->   Operation 84 'br' 'br_ln733' <Predicate = (!and_ln18 & !and_ln18_1 & and_ln733)> <Delay = 0.00>
ST_1 : Operation 85 [1/1] (3.02ns)   --->   "%br_ln729 = br void %UnifiedReturnBlock"   --->   Operation 85 'br' 'br_ln729' <Predicate = (and_ln18_1) | (and_ln18)> <Delay = 3.02>

State 2 <SV = 1> <Delay = 6.43>
ST_2 : Operation 86 [1/1] (0.00ns) (grouped into LUT with out node and_ln717_1)   --->   "%or_ln717 = or i1 %icmp_ln733_1, i1 %icmp_ln717"   --->   Operation 86 'or' 'or_ln717' <Predicate = true> <Delay = 0.00> <CoreInst = "LogicGate">   --->   Core 74 'LogicGate' <Latency = 0> <II = 1> <Delay = 0.97> <FuncUnit> <Opcode : 'and' 'or' 'xor'> <InPorts = 2> <OutPorts = 1>
ST_2 : Operation 87 [1/1] (0.00ns) (grouped into LUT with out node and_ln717_1)   --->   "%or_ln717_1 = or i1 %icmp_ln737_1, i1 %icmp_ln717_1"   --->   Operation 87 'or' 'or_ln717_1' <Predicate = true> <Delay = 0.00> <CoreInst = "LogicGate">   --->   Core 74 'LogicGate' <Latency = 0> <II = 1> <Delay = 0.97> <FuncUnit> <Opcode : 'and' 'or' 'xor'> <InPorts = 2> <OutPorts = 1>
ST_2 : Operation 88 [1/1] (0.00ns) (grouped into LUT with out node and_ln717_1)   --->   "%and_ln717 = and i1 %or_ln717, i1 %or_ln717_1"   --->   Operation 88 'and' 'and_ln717' <Predicate = true> <Delay = 0.00> <CoreInst = "LogicGate">   --->   Core 74 'LogicGate' <Latency = 0> <II = 1> <Delay = 0.97> <FuncUnit> <Opcode : 'and' 'or' 'xor'> <InPorts = 2> <OutPorts = 1>
ST_2 : Operation 89 [1/2] (5.46ns)   --->   "%tmp_7 = fcmp_ogt  i64 %a, i64 %b"   --->   Operation 89 'dcmp' 'tmp_7' <Predicate = true> <Delay = 5.46> <CoreInst = "DCompare">   --->   Core 38 'DCompare' <Latency = 1> <II = 1> <Delay = 5.46> <FuncUnit> <Opcode : 'dcmp'> <InPorts = 2> <OutPorts = 1>
ST_2 : Operation 90 [1/1] (0.97ns) (out node of the LUT)   --->   "%and_ln717_1 = and i1 %and_ln717, i1 %tmp_7"   --->   Operation 90 'and' 'and_ln717_1' <Predicate = true> <Delay = 0.97> <CoreInst = "LogicGate">   --->   Core 74 'LogicGate' <Latency = 0> <II = 1> <Delay = 0.97> <FuncUnit> <Opcode : 'and' 'or' 'xor'> <InPorts = 2> <OutPorts = 1>
ST_2 : Operation 91 [1/1] (0.00ns)   --->   "%br_ln787 = br i1 %and_ln717_1, void %if.else7.i, void %if.then3.i"   --->   Operation 91 'br' 'br_ln787' <Predicate = true> <Delay = 0.00>

State 3 <SV = 2> <Delay = 11.2>
ST_3 : Operation 92 [2/2] (11.2ns)   --->   "%tmp_3 = call i64 @atan2_generic<double>, i64 %a, i64 %b, i126 %cordic_ctab_table_128"   --->   Operation 92 'call' 'tmp_3' <Predicate = true> <Delay = 11.2> <CoreType = "Generic">   --->   Generic Core

State 4 <SV = 3> <Delay = 10.3>
ST_4 : Operation 93 [1/2] (10.3ns)   --->   "%tmp_3 = call i64 @atan2_generic<double>, i64 %a, i64 %b, i126 %cordic_ctab_table_128"   --->   Operation 93 'call' 'tmp_3' <Predicate = true> <Delay = 10.3> <CoreType = "Generic">   --->   Generic Core

State 5 <SV = 4> <Delay = 1.70>
ST_5 : Operation 94 [1/1] (1.70ns)   --->   "%br_ln787 = br void %_ZN7cordic_L15atan2_cordic_Q1IdEET_S1_S1_.exit"   --->   Operation 94 'br' 'br_ln787' <Predicate = true> <Delay = 1.70>

State 6 <SV = 2> <Delay = 11.2>
ST_6 : Operation 95 [2/2] (11.2ns)   --->   "%tmp_2 = call i64 @atan2_generic<double>, i64 %b, i64 %a, i126 %cordic_ctab_table_128"   --->   Operation 95 'call' 'tmp_2' <Predicate = true> <Delay = 11.2> <CoreType = "Generic">   --->   Generic Core

State 7 <SV = 3> <Delay = 10.3>
ST_7 : Operation 96 [1/2] (10.3ns)   --->   "%tmp_2 = call i64 @atan2_generic<double>, i64 %b, i64 %a, i126 %cordic_ctab_table_128"   --->   Operation 96 'call' 'tmp_2' <Predicate = true> <Delay = 10.3> <CoreType = "Generic">   --->   Generic Core

State 8 <SV = 4> <Delay = 8.23>
ST_8 : Operation 97 [5/5] (8.23ns)   --->   "%sub_i = dsub i64 1.5708, i64 %tmp_2"   --->   Operation 97 'dsub' 'sub_i' <Predicate = true> <Delay = 8.23> <CoreInst = "DAddSub_fulldsp">   --->   Core 37 'DAddSub_fulldsp' <Latency = 4> <II = 1> <Delay = 8.23> <FuncUnit> <Opcode : 'dadd' 'dsub'> <InPorts = 2> <OutPorts = 1>

State 9 <SV = 5> <Delay = 8.23>
ST_9 : Operation 98 [4/5] (8.23ns)   --->   "%sub_i = dsub i64 1.5708, i64 %tmp_2"   --->   Operation 98 'dsub' 'sub_i' <Predicate = true> <Delay = 8.23> <CoreInst = "DAddSub_fulldsp">   --->   Core 37 'DAddSub_fulldsp' <Latency = 4> <II = 1> <Delay = 8.23> <FuncUnit> <Opcode : 'dadd' 'dsub'> <InPorts = 2> <OutPorts = 1>

State 10 <SV = 6> <Delay = 8.23>
ST_10 : Operation 99 [3/5] (8.23ns)   --->   "%sub_i = dsub i64 1.5708, i64 %tmp_2"   --->   Operation 99 'dsub' 'sub_i' <Predicate = true> <Delay = 8.23> <CoreInst = "DAddSub_fulldsp">   --->   Core 37 'DAddSub_fulldsp' <Latency = 4> <II = 1> <Delay = 8.23> <FuncUnit> <Opcode : 'dadd' 'dsub'> <InPorts = 2> <OutPorts = 1>

State 11 <SV = 7> <Delay = 8.23>
ST_11 : Operation 100 [2/5] (8.23ns)   --->   "%sub_i = dsub i64 1.5708, i64 %tmp_2"   --->   Operation 100 'dsub' 'sub_i' <Predicate = true> <Delay = 8.23> <CoreInst = "DAddSub_fulldsp">   --->   Core 37 'DAddSub_fulldsp' <Latency = 4> <II = 1> <Delay = 8.23> <FuncUnit> <Opcode : 'dadd' 'dsub'> <InPorts = 2> <OutPorts = 1>

State 12 <SV = 8> <Delay = 8.23>
ST_12 : Operation 101 [1/5] (8.23ns)   --->   "%sub_i = dsub i64 1.5708, i64 %tmp_2"   --->   Operation 101 'dsub' 'sub_i' <Predicate = true> <Delay = 8.23> <CoreInst = "DAddSub_fulldsp">   --->   Core 37 'DAddSub_fulldsp' <Latency = 4> <II = 1> <Delay = 8.23> <FuncUnit> <Opcode : 'dadd' 'dsub'> <InPorts = 2> <OutPorts = 1>
ST_12 : Operation 102 [1/1] (1.70ns)   --->   "%br_ln787 = br void %_ZN7cordic_L15atan2_cordic_Q1IdEET_S1_S1_.exit"   --->   Operation 102 'br' 'br_ln787' <Predicate = true> <Delay = 1.70>

State 13 <SV = 9> <Delay = 8.23>
ST_13 : Operation 103 [1/1] (0.00ns)   --->   "%c = phi i64 %sub_i, void %if.then3.i, i64 %tmp_3, void %if.else7.i, i64 0.785398, void %if.else127"   --->   Operation 103 'phi' 'c' <Predicate = true> <Delay = 0.00>
ST_13 : Operation 104 [5/5] (8.23ns)   --->   "%d = dsub i64 3.14159, i64 %c"   --->   Operation 104 'dsub' 'd' <Predicate = true> <Delay = 8.23> <CoreInst = "DAddSub_fulldsp">   --->   Core 37 'DAddSub_fulldsp' <Latency = 4> <II = 1> <Delay = 8.23> <FuncUnit> <Opcode : 'dadd' 'dsub'> <InPorts = 2> <OutPorts = 1>

State 14 <SV = 10> <Delay = 8.23>
ST_14 : Operation 105 [4/5] (8.23ns)   --->   "%d = dsub i64 3.14159, i64 %c"   --->   Operation 105 'dsub' 'd' <Predicate = true> <Delay = 8.23> <CoreInst = "DAddSub_fulldsp">   --->   Core 37 'DAddSub_fulldsp' <Latency = 4> <II = 1> <Delay = 8.23> <FuncUnit> <Opcode : 'dadd' 'dsub'> <InPorts = 2> <OutPorts = 1>

State 15 <SV = 11> <Delay = 8.23>
ST_15 : Operation 106 [3/5] (8.23ns)   --->   "%d = dsub i64 3.14159, i64 %c"   --->   Operation 106 'dsub' 'd' <Predicate = true> <Delay = 8.23> <CoreInst = "DAddSub_fulldsp">   --->   Core 37 'DAddSub_fulldsp' <Latency = 4> <II = 1> <Delay = 8.23> <FuncUnit> <Opcode : 'dadd' 'dsub'> <InPorts = 2> <OutPorts = 1>

State 16 <SV = 12> <Delay = 8.23>
ST_16 : Operation 107 [2/5] (8.23ns)   --->   "%d = dsub i64 3.14159, i64 %c"   --->   Operation 107 'dsub' 'd' <Predicate = true> <Delay = 8.23> <CoreInst = "DAddSub_fulldsp">   --->   Core 37 'DAddSub_fulldsp' <Latency = 4> <II = 1> <Delay = 8.23> <FuncUnit> <Opcode : 'dadd' 'dsub'> <InPorts = 2> <OutPorts = 1>

State 17 <SV = 13> <Delay = 8.23>
ST_17 : Operation 108 [1/5] (8.23ns)   --->   "%d = dsub i64 3.14159, i64 %c"   --->   Operation 108 'dsub' 'd' <Predicate = true> <Delay = 8.23> <CoreInst = "DAddSub_fulldsp">   --->   Core 37 'DAddSub_fulldsp' <Latency = 4> <II = 1> <Delay = 8.23> <FuncUnit> <Opcode : 'dadd' 'dsub'> <InPorts = 2> <OutPorts = 1>
ST_17 : Operation 109 [1/1] (3.02ns)   --->   "%switch_ln789 = switch i2 %tmp_1, void %sw.bb138, i2 0, void %sw.bb134, i2 1, void %sw.bb135, i2 2, void %UnifiedReturnBlock"   --->   Operation 109 'switch' 'switch_ln789' <Predicate = true> <Delay = 3.02>
ST_17 : Operation 110 [1/1] (0.00ns)   --->   "%bitcast_ln793 = bitcast i64 %c"   --->   Operation 110 'bitcast' 'bitcast_ln793' <Predicate = (tmp_1 == 1)> <Delay = 0.00>
ST_17 : Operation 111 [1/1] (0.00ns)   --->   "%bit_sel = bitselect i1 @_ssdm_op_BitSelect.i1.i64.i64, i64 %bitcast_ln793, i64 63"   --->   Operation 111 'bitselect' 'bit_sel' <Predicate = (tmp_1 == 1)> <Delay = 0.00>
ST_17 : Operation 112 [1/1] (0.97ns)   --->   "%xor_ln793 = xor i1 %bit_sel, i1 1"   --->   Operation 112 'xor' 'xor_ln793' <Predicate = (tmp_1 == 1)> <Delay = 0.97> <CoreInst = "LogicGate">   --->   Core 74 'LogicGate' <Latency = 0> <II = 1> <Delay = 0.97> <FuncUnit> <Opcode : 'and' 'or' 'xor'> <InPorts = 2> <OutPorts = 1>
ST_17 : Operation 113 [1/1] (0.00ns)   --->   "%trunc_ln793 = trunc i64 %bitcast_ln793"   --->   Operation 113 'trunc' 'trunc_ln793' <Predicate = (tmp_1 == 1)> <Delay = 0.00>
ST_17 : Operation 114 [1/1] (0.00ns)   --->   "%xor_ln1 = bitconcatenate i64 @_ssdm_op_BitConcatenate.i64.i1.i63, i1 %xor_ln793, i63 %trunc_ln793"   --->   Operation 114 'bitconcatenate' 'xor_ln1' <Predicate = (tmp_1 == 1)> <Delay = 0.00>
ST_17 : Operation 115 [1/1] (0.00ns)   --->   "%bitcast_ln793_1 = bitcast i64 %xor_ln1"   --->   Operation 115 'bitcast' 'bitcast_ln793_1' <Predicate = (tmp_1 == 1)> <Delay = 0.00>
ST_17 : Operation 116 [1/1] (3.02ns)   --->   "%br_ln793 = br void %UnifiedReturnBlock"   --->   Operation 116 'br' 'br_ln793' <Predicate = (tmp_1 == 1)> <Delay = 3.02>
ST_17 : Operation 117 [1/1] (3.02ns)   --->   "%br_ln791 = br void %UnifiedReturnBlock"   --->   Operation 117 'br' 'br_ln791' <Predicate = (tmp_1 == 0)> <Delay = 3.02>

State 18 <SV = 14> <Delay = 3.99>
ST_18 : Operation 118 [1/1] (0.00ns)   --->   "%bitcast_ln797 = bitcast i64 %d"   --->   Operation 118 'bitcast' 'bitcast_ln797' <Predicate = (!and_ln18 & !and_ln18_1 & !and_ln733 & !icmp_ln733 & !and_ln737 & !icmp_ln737 & !and_ln18_2 & !and_ln18_3 & tmp_1 == 3)> <Delay = 0.00>
ST_18 : Operation 119 [1/1] (0.00ns)   --->   "%bit_sel1 = bitselect i1 @_ssdm_op_BitSelect.i1.i64.i64, i64 %bitcast_ln797, i64 63"   --->   Operation 119 'bitselect' 'bit_sel1' <Predicate = (!and_ln18 & !and_ln18_1 & !and_ln733 & !icmp_ln733 & !and_ln737 & !icmp_ln737 & !and_ln18_2 & !and_ln18_3 & tmp_1 == 3)> <Delay = 0.00>
ST_18 : Operation 120 [1/1] (0.97ns)   --->   "%xor_ln797 = xor i1 %bit_sel1, i1 1"   --->   Operation 120 'xor' 'xor_ln797' <Predicate = (!and_ln18 & !and_ln18_1 & !and_ln733 & !icmp_ln733 & !and_ln737 & !icmp_ln737 & !and_ln18_2 & !and_ln18_3 & tmp_1 == 3)> <Delay = 0.97> <CoreInst = "LogicGate">   --->   Core 74 'LogicGate' <Latency = 0> <II = 1> <Delay = 0.97> <FuncUnit> <Opcode : 'and' 'or' 'xor'> <InPorts = 2> <OutPorts = 1>
ST_18 : Operation 121 [1/1] (0.00ns)   --->   "%trunc_ln797 = trunc i64 %bitcast_ln797"   --->   Operation 121 'trunc' 'trunc_ln797' <Predicate = (!and_ln18 & !and_ln18_1 & !and_ln733 & !icmp_ln733 & !and_ln737 & !icmp_ln737 & !and_ln18_2 & !and_ln18_3 & tmp_1 == 3)> <Delay = 0.00>
ST_18 : Operation 122 [1/1] (0.00ns)   --->   "%xor_ln = bitconcatenate i64 @_ssdm_op_BitConcatenate.i64.i1.i63, i1 %xor_ln797, i63 %trunc_ln797"   --->   Operation 122 'bitconcatenate' 'xor_ln' <Predicate = (!and_ln18 & !and_ln18_1 & !and_ln733 & !icmp_ln733 & !and_ln737 & !icmp_ln737 & !and_ln18_2 & !and_ln18_3 & tmp_1 == 3)> <Delay = 0.00>
ST_18 : Operation 123 [1/1] (0.00ns)   --->   "%bitcast_ln797_1 = bitcast i64 %xor_ln"   --->   Operation 123 'bitcast' 'bitcast_ln797_1' <Predicate = (!and_ln18 & !and_ln18_1 & !and_ln733 & !icmp_ln733 & !and_ln737 & !icmp_ln737 & !and_ln18_2 & !and_ln18_3 & tmp_1 == 3)> <Delay = 0.00>
ST_18 : Operation 124 [1/1] (3.02ns)   --->   "%br_ln797 = br void %UnifiedReturnBlock"   --->   Operation 124 'br' 'br_ln797' <Predicate = (!and_ln18 & !and_ln18_1 & !and_ln733 & !icmp_ln733 & !and_ln737 & !icmp_ln737 & !and_ln18_2 & !and_ln18_3 & tmp_1 == 3)> <Delay = 3.02>
ST_18 : Operation 125 [1/1] (0.00ns)   --->   "%UnifiedRetVal = phi i64 %select_ln780, void %if.then118, i64 nan, void %if.then, i64 %bitcast_ln497, void %if.then9, i64 %bitcast_ln497_1, void %if.then21, i64 %bitcast_ln497_2, void %if.then31, i64 %bitcast_ln497_3, void %if.then53, i64 %bitcast_ln497_4, void %if.then64, i64 %bitcast_ln497_5, void %if.then71, i64 -2.35619, void %sw.bb93, i64 2.35619, void %sw.bb90, i64 -0.785398, void %sw.bb87, i64 0.785398, void %sw.bb, i64 -3.14159, void %sw.bb110, i64 3.14159, void %sw.bb107, i64 -0, void %sw.bb103, i64 0, void %sw.bb100, i64 %bitcast_ln797_1, void %sw.bb138, i64 %bitcast_ln793_1, void %sw.bb135, i64 %c, void %sw.bb134, i64 %d, void %_ZN7cordic_L15atan2_cordic_Q1IdEET_S1_S1_.exit"   --->   Operation 125 'phi' 'UnifiedRetVal' <Predicate = true> <Delay = 0.00>
ST_18 : Operation 126 [1/1] (0.00ns)   --->   "%ret_ln801 = ret i64 %UnifiedRetVal"   --->   Operation 126 'ret' 'ret_ln801' <Predicate = true> <Delay = 0.00>

State 19 <SV = 13> <Delay = 3.02>
ST_19 : Operation 127 [1/1] (1.48ns)   --->   "%select_ln780 = select i1 %fpsy_sign, i64 -1.5708, i64 1.5708"   --->   Operation 127 'select' 'select_ln780' <Predicate = true> <Delay = 1.48> <CoreInst = "Sel">   --->   Core 73 'Sel' <Latency = 0> <II = 1> <Delay = 1.48> <FuncUnit> <Opcode : 'select'> <InPorts = 3> <OutPorts = 1>
ST_19 : Operation 128 [1/1] (3.02ns)   --->   "%br_ln801 = br void %UnifiedReturnBlock"   --->   Operation 128 'br' 'br_ln801' <Predicate = true> <Delay = 3.02>

State 20 <SV = 13> <Delay = 3.02>
ST_20 : Operation 129 [1/1] (0.00ns)   --->   "%t_5 = bitconcatenate i64 @_ssdm_op_BitConcatenate.i64.i1.i63, i1 %fpsy_sign, i63 4609753056924675352" [C:\scratch\2025.1\hls_product\640\2025.1\src\shared\hls\clib/src/hls\utils/x_hls_utils.h:479->C:\scratch\2025.1\hls_product\640\2025.1\src\shared\hls\clib/src/hls\utils/x_hls_utils.h:496->C:\scratch\2025.1\hls_product\640\2025.1\src\shared\hls\clib/src/hls\utils/x_hls_utils.h:510->C:\scratch\2025.1\hls_product\640\2025.1\src\shared\hls\clib/hlsmath/include/FloatingPoint/hls_copysign.h:14]   --->   Operation 129 'bitconcatenate' 't_5' <Predicate = true> <Delay = 0.00>
ST_20 : Operation 130 [1/1] (0.00ns)   --->   "%bitcast_ln497_5 = bitcast i64 %t_5" [C:\scratch\2025.1\hls_product\640\2025.1\src\shared\hls\clib/src/hls\utils/x_hls_utils.h:497->C:\scratch\2025.1\hls_product\640\2025.1\src\shared\hls\clib/src/hls\utils/x_hls_utils.h:510->C:\scratch\2025.1\hls_product\640\2025.1\src\shared\hls\clib/hlsmath/include/FloatingPoint/hls_copysign.h:14]   --->   Operation 130 'bitcast' 'bitcast_ln497_5' <Predicate = true> <Delay = 0.00>
ST_20 : Operation 131 [1/1] (3.02ns)   --->   "%br_ln748 = br void %UnifiedReturnBlock"   --->   Operation 131 'br' 'br_ln748' <Predicate = true> <Delay = 3.02>

State 21 <SV = 13> <Delay = 3.02>
ST_21 : Operation 132 [1/1] (0.00ns)   --->   "%t_4 = bitconcatenate i64 @_ssdm_op_BitConcatenate.i64.i1.i63, i1 %fpsy_sign, i63 0" [C:\scratch\2025.1\hls_product\640\2025.1\src\shared\hls\clib/src/hls\utils/x_hls_utils.h:479->C:\scratch\2025.1\hls_product\640\2025.1\src\shared\hls\clib/src/hls\utils/x_hls_utils.h:496->C:\scratch\2025.1\hls_product\640\2025.1\src\shared\hls\clib/src/hls\utils/x_hls_utils.h:510->C:\scratch\2025.1\hls_product\640\2025.1\src\shared\hls\clib/hlsmath/include/FloatingPoint/hls_copysign.h:14]   --->   Operation 132 'bitconcatenate' 't_4' <Predicate = true> <Delay = 0.00>
ST_21 : Operation 133 [1/1] (0.00ns)   --->   "%bitcast_ln497_4 = bitcast i64 %t_4" [C:\scratch\2025.1\hls_product\640\2025.1\src\shared\hls\clib/src/hls\utils/x_hls_utils.h:497->C:\scratch\2025.1\hls_product\640\2025.1\src\shared\hls\clib/src/hls\utils/x_hls_utils.h:510->C:\scratch\2025.1\hls_product\640\2025.1\src\shared\hls\clib/hlsmath/include/FloatingPoint/hls_copysign.h:14]   --->   Operation 133 'bitcast' 'bitcast_ln497_4' <Predicate = true> <Delay = 0.00>
ST_21 : Operation 134 [1/1] (3.02ns)   --->   "%br_ln746 = br void %UnifiedReturnBlock"   --->   Operation 134 'br' 'br_ln746' <Predicate = true> <Delay = 3.02>

State 22 <SV = 13> <Delay = 3.02>
ST_22 : Operation 135 [1/1] (0.00ns)   --->   "%t_3 = bitconcatenate i64 @_ssdm_op_BitConcatenate.i64.i1.i63, i1 %fpsy_sign, i63 4614256656552045848" [C:\scratch\2025.1\hls_product\640\2025.1\src\shared\hls\clib/src/hls\utils/x_hls_utils.h:479->C:\scratch\2025.1\hls_product\640\2025.1\src\shared\hls\clib/src/hls\utils/x_hls_utils.h:496->C:\scratch\2025.1\hls_product\640\2025.1\src\shared\hls\clib/src/hls\utils/x_hls_utils.h:510->C:\scratch\2025.1\hls_product\640\2025.1\src\shared\hls\clib/hlsmath/include/FloatingPoint/hls_copysign.h:14]   --->   Operation 135 'bitconcatenate' 't_3' <Predicate = true> <Delay = 0.00>
ST_22 : Operation 136 [1/1] (0.00ns)   --->   "%bitcast_ln497_3 = bitcast i64 %t_3" [C:\scratch\2025.1\hls_product\640\2025.1\src\shared\hls\clib/src/hls\utils/x_hls_utils.h:497->C:\scratch\2025.1\hls_product\640\2025.1\src\shared\hls\clib/src/hls\utils/x_hls_utils.h:510->C:\scratch\2025.1\hls_product\640\2025.1\src\shared\hls\clib/hlsmath/include/FloatingPoint/hls_copysign.h:14]   --->   Operation 136 'bitcast' 'bitcast_ln497_3' <Predicate = true> <Delay = 0.00>
ST_22 : Operation 137 [1/1] (3.02ns)   --->   "%br_ln744 = br void %UnifiedReturnBlock"   --->   Operation 137 'br' 'br_ln744' <Predicate = true> <Delay = 3.02>

State 23 <SV = 13> <Delay = 3.02>
ST_23 : Operation 138 [1/1] (0.00ns)   --->   "%t_2 = bitconcatenate i64 @_ssdm_op_BitConcatenate.i64.i1.i63, i1 %fpsy_sign, i63 4609753056924675352" [C:\scratch\2025.1\hls_product\640\2025.1\src\shared\hls\clib/src/hls\utils/x_hls_utils.h:479->C:\scratch\2025.1\hls_product\640\2025.1\src\shared\hls\clib/src/hls\utils/x_hls_utils.h:496->C:\scratch\2025.1\hls_product\640\2025.1\src\shared\hls\clib/src/hls\utils/x_hls_utils.h:510->C:\scratch\2025.1\hls_product\640\2025.1\src\shared\hls\clib/hlsmath/include/FloatingPoint/hls_copysign.h:14]   --->   Operation 138 'bitconcatenate' 't_2' <Predicate = true> <Delay = 0.00>
ST_23 : Operation 139 [1/1] (0.00ns)   --->   "%bitcast_ln497_2 = bitcast i64 %t_2" [C:\scratch\2025.1\hls_product\640\2025.1\src\shared\hls\clib/src/hls\utils/x_hls_utils.h:497->C:\scratch\2025.1\hls_product\640\2025.1\src\shared\hls\clib/src/hls\utils/x_hls_utils.h:510->C:\scratch\2025.1\hls_product\640\2025.1\src\shared\hls\clib/hlsmath/include/FloatingPoint/hls_copysign.h:14]   --->   Operation 139 'bitcast' 'bitcast_ln497_2' <Predicate = true> <Delay = 0.00>
ST_23 : Operation 140 [1/1] (3.02ns)   --->   "%br_ln738 = br void %UnifiedReturnBlock"   --->   Operation 140 'br' 'br_ln738' <Predicate = true> <Delay = 3.02>

State 24 <SV = 13> <Delay = 3.02>
ST_24 : Operation 141 [1/1] (0.00ns)   --->   "%t_1 = bitconcatenate i64 @_ssdm_op_BitConcatenate.i64.i1.i63, i1 %fpsy_sign, i63 0" [C:\scratch\2025.1\hls_product\640\2025.1\src\shared\hls\clib/src/hls\utils/x_hls_utils.h:479->C:\scratch\2025.1\hls_product\640\2025.1\src\shared\hls\clib/src/hls\utils/x_hls_utils.h:496->C:\scratch\2025.1\hls_product\640\2025.1\src\shared\hls\clib/src/hls\utils/x_hls_utils.h:510->C:\scratch\2025.1\hls_product\640\2025.1\src\shared\hls\clib/hlsmath/include/FloatingPoint/hls_copysign.h:14]   --->   Operation 141 'bitconcatenate' 't_1' <Predicate = true> <Delay = 0.00>
ST_24 : Operation 142 [1/1] (0.00ns)   --->   "%bitcast_ln497_1 = bitcast i64 %t_1" [C:\scratch\2025.1\hls_product\640\2025.1\src\shared\hls\clib/src/hls\utils/x_hls_utils.h:497->C:\scratch\2025.1\hls_product\640\2025.1\src\shared\hls\clib/src/hls\utils/x_hls_utils.h:510->C:\scratch\2025.1\hls_product\640\2025.1\src\shared\hls\clib/hlsmath/include/FloatingPoint/hls_copysign.h:14]   --->   Operation 142 'bitcast' 'bitcast_ln497_1' <Predicate = true> <Delay = 0.00>
ST_24 : Operation 143 [1/1] (3.02ns)   --->   "%br_ln736 = br void %UnifiedReturnBlock"   --->   Operation 143 'br' 'br_ln736' <Predicate = true> <Delay = 3.02>

State 25 <SV = 13> <Delay = 3.02>
ST_25 : Operation 144 [1/1] (0.00ns)   --->   "%t = bitconcatenate i64 @_ssdm_op_BitConcatenate.i64.i1.i63, i1 %fpsy_sign, i63 4614256656552045848" [C:\scratch\2025.1\hls_product\640\2025.1\src\shared\hls\clib/src/hls\utils/x_hls_utils.h:479->C:\scratch\2025.1\hls_product\640\2025.1\src\shared\hls\clib/src/hls\utils/x_hls_utils.h:496->C:\scratch\2025.1\hls_product\640\2025.1\src\shared\hls\clib/src/hls\utils/x_hls_utils.h:510->C:\scratch\2025.1\hls_product\640\2025.1\src\shared\hls\clib/hlsmath/include/FloatingPoint/hls_copysign.h:14]   --->   Operation 144 'bitconcatenate' 't' <Predicate = true> <Delay = 0.00>
ST_25 : Operation 145 [1/1] (0.00ns)   --->   "%bitcast_ln497 = bitcast i64 %t" [C:\scratch\2025.1\hls_product\640\2025.1\src\shared\hls\clib/src/hls\utils/x_hls_utils.h:497->C:\scratch\2025.1\hls_product\640\2025.1\src\shared\hls\clib/src/hls\utils/x_hls_utils.h:510->C:\scratch\2025.1\hls_product\640\2025.1\src\shared\hls\clib/hlsmath/include/FloatingPoint/hls_copysign.h:14]   --->   Operation 145 'bitcast' 'bitcast_ln497' <Predicate = true> <Delay = 0.00>
ST_25 : Operation 146 [1/1] (3.02ns)   --->   "%br_ln734 = br void %UnifiedReturnBlock"   --->   Operation 146 'br' 'br_ln734' <Predicate = true> <Delay = 3.02>


============================================================
+ Verbose Summary: Timing violations
============================================================
Target clock period: 16.000ns, clock uncertainty: 4.320ns.

 <State 1>: 7.209ns
The critical path consists of the following:
	wire read operation ('x_in') on port 'x_in' [4]  (0.000 ns)
	'icmp' operation 1 bit ('icmp_ln737_1') [30]  (3.211 ns)
	'and' operation 1 bit ('and_ln737') [31]  (0.978 ns)
	multiplexor before 'phi' operation 64 bit ('c') with incoming values : ('tmp_3') ('sub_i') [72]  (1.707 ns)
	blocking operation 1.3129 ns on control path)

 <State 2>: 6.438ns
The critical path consists of the following:
	'dcmp' operation 1 bit ('tmp_7') [61]  (5.460 ns)
	'and' operation 1 bit ('and_ln717_1') [62]  (0.978 ns)

 <State 3>: 11.295ns
The critical path consists of the following:
	'call' operation 64 bit ('tmp_3') to 'atan2_generic<double>' [65]  (11.295 ns)

 <State 4>: 10.328ns
The critical path consists of the following:
	'call' operation 64 bit ('tmp_3') to 'atan2_generic<double>' [65]  (10.328 ns)

 <State 5>: 1.707ns
The critical path consists of the following:
	multiplexor before 'phi' operation 64 bit ('c') with incoming values : ('tmp_3') ('sub_i') [72]  (1.707 ns)

 <State 6>: 11.295ns
The critical path consists of the following:
	'call' operation 64 bit ('tmp_2') to 'atan2_generic<double>' [68]  (11.295 ns)

 <State 7>: 10.328ns
The critical path consists of the following:
	'call' operation 64 bit ('tmp_2') to 'atan2_generic<double>' [68]  (10.328 ns)

 <State 8>: 8.232ns
The critical path consists of the following:
	'dsub' operation 64 bit ('sub_i') [69]  (8.232 ns)

 <State 9>: 8.232ns
The critical path consists of the following:
	'dsub' operation 64 bit ('sub_i') [69]  (8.232 ns)

 <State 10>: 8.232ns
The critical path consists of the following:
	'dsub' operation 64 bit ('sub_i') [69]  (8.232 ns)

 <State 11>: 8.232ns
The critical path consists of the following:
	'dsub' operation 64 bit ('sub_i') [69]  (8.232 ns)

 <State 12>: 8.232ns
The critical path consists of the following:
	'dsub' operation 64 bit ('sub_i') [69]  (8.232 ns)

 <State 13>: 8.232ns
The critical path consists of the following:
	'phi' operation 64 bit ('c') with incoming values : ('tmp_3') ('sub_i') [72]  (0.000 ns)
	'dsub' operation 64 bit ('d') [73]  (8.232 ns)

 <State 14>: 8.232ns
The critical path consists of the following:
	'dsub' operation 64 bit ('d') [73]  (8.232 ns)

 <State 15>: 8.232ns
The critical path consists of the following:
	'dsub' operation 64 bit ('d') [73]  (8.232 ns)

 <State 16>: 8.232ns
The critical path consists of the following:
	'dsub' operation 64 bit ('d') [73]  (8.232 ns)

 <State 17>: 8.232ns
The critical path consists of the following:
	'dsub' operation 64 bit ('d') [73]  (8.232 ns)

 <State 18>: 3.998ns
The critical path consists of the following:
	'xor' operation 1 bit ('xor_ln797') [88]  (0.978 ns)
	multiplexor before 'phi' operation 64 bit ('d') with incoming values : ('tmp_3') ('sub_i') ('d') ('bitcast_ln793_1') ('bitcast_ln797_1') ('select_ln780') ('bitcast_ln497_5', C:\scratch\2025.1\hls_product\640\2025.1\src\shared\hls\clib/src/hls\utils/x_hls_utils.h:497->C:\scratch\2025.1\hls_product\640\2025.1\src\shared\hls\clib/src/hls\utils/x_hls_utils.h:510->C:\scratch\2025.1\hls_product\640\2025.1\src\shared\hls\clib/hlsmath/include/FloatingPoint/hls_copysign.h:14) ('bitcast_ln497_4', C:\scratch\2025.1\hls_product\640\2025.1\src\shared\hls\clib/src/hls\utils/x_hls_utils.h:497->C:\scratch\2025.1\hls_product\640\2025.1\src\shared\hls\clib/src/hls\utils/x_hls_utils.h:510->C:\scratch\2025.1\hls_product\640\2025.1\src\shared\hls\clib/hlsmath/include/FloatingPoint/hls_copysign.h:14) ('bitcast_ln497_3', C:\scratch\2025.1\hls_product\640\2025.1\src\shared\hls\clib/src/hls\utils/x_hls_utils.h:497->C:\scratch\2025.1\hls_product\640\2025.1\src\shared\hls\clib/src/hls\utils/x_hls_utils.h:510->C:\scratch\2025.1\hls_product\640\2025.1\src\shared\hls\clib/hlsmath/include/FloatingPoint/hls_copysign.h:14) ('bitcast_ln497_2', C:\scratch\2025.1\hls_product\640\2025.1\src\shared\hls\clib/src/hls\utils/x_hls_utils.h:497->C:\scratch\2025.1\hls_product\640\2025.1\src\shared\hls\clib/src/hls\utils/x_hls_utils.h:510->C:\scratch\2025.1\hls_product\640\2025.1\src\shared\hls\clib/hlsmath/include/FloatingPoint/hls_copysign.h:14) ('bitcast_ln497_1', C:\scratch\2025.1\hls_product\640\2025.1\src\shared\hls\clib/src/hls\utils/x_hls_utils.h:497->C:\scratch\2025.1\hls_product\640\2025.1\src\shared\hls\clib/src/hls\utils/x_hls_utils.h:510->C:\scratch\2025.1\hls_product\640\2025.1\src\shared\hls\clib/hlsmath/include/FloatingPoint/hls_copysign.h:14) ('bitcast_ln497', C:\scratch\2025.1\hls_product\640\2025.1\src\shared\hls\clib/src/hls\utils/x_hls_utils.h:497->C:\scratch\2025.1\hls_product\640\2025.1\src\shared\hls\clib/src/hls\utils/x_hls_utils.h:510->C:\scratch\2025.1\hls_product\640\2025.1\src\shared\hls\clib/hlsmath/include/FloatingPoint/hls_copysign.h:14) [149]  (3.020 ns)
	'phi' operation 64 bit ('d') with incoming values : ('tmp_3') ('sub_i') ('d') ('bitcast_ln793_1') ('bitcast_ln797_1') ('select_ln780') ('bitcast_ln497_5', C:\scratch\2025.1\hls_product\640\2025.1\src\shared\hls\clib/src/hls\utils/x_hls_utils.h:497->C:\scratch\2025.1\hls_product\640\2025.1\src\shared\hls\clib/src/hls\utils/x_hls_utils.h:510->C:\scratch\2025.1\hls_product\640\2025.1\src\shared\hls\clib/hlsmath/include/FloatingPoint/hls_copysign.h:14) ('bitcast_ln497_4', C:\scratch\2025.1\hls_product\640\2025.1\src\shared\hls\clib/src/hls\utils/x_hls_utils.h:497->C:\scratch\2025.1\hls_product\640\2025.1\src\shared\hls\clib/src/hls\utils/x_hls_utils.h:510->C:\scratch\2025.1\hls_product\640\2025.1\src\shared\hls\clib/hlsmath/include/FloatingPoint/hls_copysign.h:14) ('bitcast_ln497_3', C:\scratch\2025.1\hls_product\640\2025.1\src\shared\hls\clib/src/hls\utils/x_hls_utils.h:497->C:\scratch\2025.1\hls_product\640\2025.1\src\shared\hls\clib/src/hls\utils/x_hls_utils.h:510->C:\scratch\2025.1\hls_product\640\2025.1\src\shared\hls\clib/hlsmath/include/FloatingPoint/hls_copysign.h:14) ('bitcast_ln497_2', C:\scratch\2025.1\hls_product\640\2025.1\src\shared\hls\clib/src/hls\utils/x_hls_utils.h:497->C:\scratch\2025.1\hls_product\640\2025.1\src\shared\hls\clib/src/hls\utils/x_hls_utils.h:510->C:\scratch\2025.1\hls_product\640\2025.1\src\shared\hls\clib/hlsmath/include/FloatingPoint/hls_copysign.h:14) ('bitcast_ln497_1', C:\scratch\2025.1\hls_product\640\2025.1\src\shared\hls\clib/src/hls\utils/x_hls_utils.h:497->C:\scratch\2025.1\hls_product\640\2025.1\src\shared\hls\clib/src/hls\utils/x_hls_utils.h:510->C:\scratch\2025.1\hls_product\640\2025.1\src\shared\hls\clib/hlsmath/include/FloatingPoint/hls_copysign.h:14) ('bitcast_ln497', C:\scratch\2025.1\hls_product\640\2025.1\src\shared\hls\clib/src/hls\utils/x_hls_utils.h:497->C:\scratch\2025.1\hls_product\640\2025.1\src\shared\hls\clib/src/hls\utils/x_hls_utils.h:510->C:\scratch\2025.1\hls_product\640\2025.1\src\shared\hls\clib/hlsmath/include/FloatingPoint/hls_copysign.h:14) [149]  (0.000 ns)

 <State 19>: 3.020ns
The critical path consists of the following:
	multiplexor before 'phi' operation 64 bit ('d') with incoming values : ('tmp_3') ('sub_i') ('d') ('bitcast_ln793_1') ('bitcast_ln797_1') ('select_ln780') ('bitcast_ln497_5', C:\scratch\2025.1\hls_product\640\2025.1\src\shared\hls\clib/src/hls\utils/x_hls_utils.h:497->C:\scratch\2025.1\hls_product\640\2025.1\src\shared\hls\clib/src/hls\utils/x_hls_utils.h:510->C:\scratch\2025.1\hls_product\640\2025.1\src\shared\hls\clib/hlsmath/include/FloatingPoint/hls_copysign.h:14) ('bitcast_ln497_4', C:\scratch\2025.1\hls_product\640\2025.1\src\shared\hls\clib/src/hls\utils/x_hls_utils.h:497->C:\scratch\2025.1\hls_product\640\2025.1\src\shared\hls\clib/src/hls\utils/x_hls_utils.h:510->C:\scratch\2025.1\hls_product\640\2025.1\src\shared\hls\clib/hlsmath/include/FloatingPoint/hls_copysign.h:14) ('bitcast_ln497_3', C:\scratch\2025.1\hls_product\640\2025.1\src\shared\hls\clib/src/hls\utils/x_hls_utils.h:497->C:\scratch\2025.1\hls_product\640\2025.1\src\shared\hls\clib/src/hls\utils/x_hls_utils.h:510->C:\scratch\2025.1\hls_product\640\2025.1\src\shared\hls\clib/hlsmath/include/FloatingPoint/hls_copysign.h:14) ('bitcast_ln497_2', C:\scratch\2025.1\hls_product\640\2025.1\src\shared\hls\clib/src/hls\utils/x_hls_utils.h:497->C:\scratch\2025.1\hls_product\640\2025.1\src\shared\hls\clib/src/hls\utils/x_hls_utils.h:510->C:\scratch\2025.1\hls_product\640\2025.1\src\shared\hls\clib/hlsmath/include/FloatingPoint/hls_copysign.h:14) ('bitcast_ln497_1', C:\scratch\2025.1\hls_product\640\2025.1\src\shared\hls\clib/src/hls\utils/x_hls_utils.h:497->C:\scratch\2025.1\hls_product\640\2025.1\src\shared\hls\clib/src/hls\utils/x_hls_utils.h:510->C:\scratch\2025.1\hls_product\640\2025.1\src\shared\hls\clib/hlsmath/include/FloatingPoint/hls_copysign.h:14) ('bitcast_ln497', C:\scratch\2025.1\hls_product\640\2025.1\src\shared\hls\clib/src/hls\utils/x_hls_utils.h:497->C:\scratch\2025.1\hls_product\640\2025.1\src\shared\hls\clib/src/hls\utils/x_hls_utils.h:510->C:\scratch\2025.1\hls_product\640\2025.1\src\shared\hls\clib/hlsmath/include/FloatingPoint/hls_copysign.h:14) [149]  (3.020 ns)

 <State 20>: 3.020ns
The critical path consists of the following:
	multiplexor before 'phi' operation 64 bit ('d') with incoming values : ('tmp_3') ('sub_i') ('d') ('bitcast_ln793_1') ('bitcast_ln797_1') ('select_ln780') ('bitcast_ln497_5', C:\scratch\2025.1\hls_product\640\2025.1\src\shared\hls\clib/src/hls\utils/x_hls_utils.h:497->C:\scratch\2025.1\hls_product\640\2025.1\src\shared\hls\clib/src/hls\utils/x_hls_utils.h:510->C:\scratch\2025.1\hls_product\640\2025.1\src\shared\hls\clib/hlsmath/include/FloatingPoint/hls_copysign.h:14) ('bitcast_ln497_4', C:\scratch\2025.1\hls_product\640\2025.1\src\shared\hls\clib/src/hls\utils/x_hls_utils.h:497->C:\scratch\2025.1\hls_product\640\2025.1\src\shared\hls\clib/src/hls\utils/x_hls_utils.h:510->C:\scratch\2025.1\hls_product\640\2025.1\src\shared\hls\clib/hlsmath/include/FloatingPoint/hls_copysign.h:14) ('bitcast_ln497_3', C:\scratch\2025.1\hls_product\640\2025.1\src\shared\hls\clib/src/hls\utils/x_hls_utils.h:497->C:\scratch\2025.1\hls_product\640\2025.1\src\shared\hls\clib/src/hls\utils/x_hls_utils.h:510->C:\scratch\2025.1\hls_product\640\2025.1\src\shared\hls\clib/hlsmath/include/FloatingPoint/hls_copysign.h:14) ('bitcast_ln497_2', C:\scratch\2025.1\hls_product\640\2025.1\src\shared\hls\clib/src/hls\utils/x_hls_utils.h:497->C:\scratch\2025.1\hls_product\640\2025.1\src\shared\hls\clib/src/hls\utils/x_hls_utils.h:510->C:\scratch\2025.1\hls_product\640\2025.1\src\shared\hls\clib/hlsmath/include/FloatingPoint/hls_copysign.h:14) ('bitcast_ln497_1', C:\scratch\2025.1\hls_product\640\2025.1\src\shared\hls\clib/src/hls\utils/x_hls_utils.h:497->C:\scratch\2025.1\hls_product\640\2025.1\src\shared\hls\clib/src/hls\utils/x_hls_utils.h:510->C:\scratch\2025.1\hls_product\640\2025.1\src\shared\hls\clib/hlsmath/include/FloatingPoint/hls_copysign.h:14) ('bitcast_ln497', C:\scratch\2025.1\hls_product\640\2025.1\src\shared\hls\clib/src/hls\utils/x_hls_utils.h:497->C:\scratch\2025.1\hls_product\640\2025.1\src\shared\hls\clib/src/hls\utils/x_hls_utils.h:510->C:\scratch\2025.1\hls_product\640\2025.1\src\shared\hls\clib/hlsmath/include/FloatingPoint/hls_copysign.h:14) [149]  (3.020 ns)

 <State 21>: 3.020ns
The critical path consists of the following:
	multiplexor before 'phi' operation 64 bit ('d') with incoming values : ('tmp_3') ('sub_i') ('d') ('bitcast_ln793_1') ('bitcast_ln797_1') ('select_ln780') ('bitcast_ln497_5', C:\scratch\2025.1\hls_product\640\2025.1\src\shared\hls\clib/src/hls\utils/x_hls_utils.h:497->C:\scratch\2025.1\hls_product\640\2025.1\src\shared\hls\clib/src/hls\utils/x_hls_utils.h:510->C:\scratch\2025.1\hls_product\640\2025.1\src\shared\hls\clib/hlsmath/include/FloatingPoint/hls_copysign.h:14) ('bitcast_ln497_4', C:\scratch\2025.1\hls_product\640\2025.1\src\shared\hls\clib/src/hls\utils/x_hls_utils.h:497->C:\scratch\2025.1\hls_product\640\2025.1\src\shared\hls\clib/src/hls\utils/x_hls_utils.h:510->C:\scratch\2025.1\hls_product\640\2025.1\src\shared\hls\clib/hlsmath/include/FloatingPoint/hls_copysign.h:14) ('bitcast_ln497_3', C:\scratch\2025.1\hls_product\640\2025.1\src\shared\hls\clib/src/hls\utils/x_hls_utils.h:497->C:\scratch\2025.1\hls_product\640\2025.1\src\shared\hls\clib/src/hls\utils/x_hls_utils.h:510->C:\scratch\2025.1\hls_product\640\2025.1\src\shared\hls\clib/hlsmath/include/FloatingPoint/hls_copysign.h:14) ('bitcast_ln497_2', C:\scratch\2025.1\hls_product\640\2025.1\src\shared\hls\clib/src/hls\utils/x_hls_utils.h:497->C:\scratch\2025.1\hls_product\640\2025.1\src\shared\hls\clib/src/hls\utils/x_hls_utils.h:510->C:\scratch\2025.1\hls_product\640\2025.1\src\shared\hls\clib/hlsmath/include/FloatingPoint/hls_copysign.h:14) ('bitcast_ln497_1', C:\scratch\2025.1\hls_product\640\2025.1\src\shared\hls\clib/src/hls\utils/x_hls_utils.h:497->C:\scratch\2025.1\hls_product\640\2025.1\src\shared\hls\clib/src/hls\utils/x_hls_utils.h:510->C:\scratch\2025.1\hls_product\640\2025.1\src\shared\hls\clib/hlsmath/include/FloatingPoint/hls_copysign.h:14) ('bitcast_ln497', C:\scratch\2025.1\hls_product\640\2025.1\src\shared\hls\clib/src/hls\utils/x_hls_utils.h:497->C:\scratch\2025.1\hls_product\640\2025.1\src\shared\hls\clib/src/hls\utils/x_hls_utils.h:510->C:\scratch\2025.1\hls_product\640\2025.1\src\shared\hls\clib/hlsmath/include/FloatingPoint/hls_copysign.h:14) [149]  (3.020 ns)

 <State 22>: 3.020ns
The critical path consists of the following:
	multiplexor before 'phi' operation 64 bit ('d') with incoming values : ('tmp_3') ('sub_i') ('d') ('bitcast_ln793_1') ('bitcast_ln797_1') ('select_ln780') ('bitcast_ln497_5', C:\scratch\2025.1\hls_product\640\2025.1\src\shared\hls\clib/src/hls\utils/x_hls_utils.h:497->C:\scratch\2025.1\hls_product\640\2025.1\src\shared\hls\clib/src/hls\utils/x_hls_utils.h:510->C:\scratch\2025.1\hls_product\640\2025.1\src\shared\hls\clib/hlsmath/include/FloatingPoint/hls_copysign.h:14) ('bitcast_ln497_4', C:\scratch\2025.1\hls_product\640\2025.1\src\shared\hls\clib/src/hls\utils/x_hls_utils.h:497->C:\scratch\2025.1\hls_product\640\2025.1\src\shared\hls\clib/src/hls\utils/x_hls_utils.h:510->C:\scratch\2025.1\hls_product\640\2025.1\src\shared\hls\clib/hlsmath/include/FloatingPoint/hls_copysign.h:14) ('bitcast_ln497_3', C:\scratch\2025.1\hls_product\640\2025.1\src\shared\hls\clib/src/hls\utils/x_hls_utils.h:497->C:\scratch\2025.1\hls_product\640\2025.1\src\shared\hls\clib/src/hls\utils/x_hls_utils.h:510->C:\scratch\2025.1\hls_product\640\2025.1\src\shared\hls\clib/hlsmath/include/FloatingPoint/hls_copysign.h:14) ('bitcast_ln497_2', C:\scratch\2025.1\hls_product\640\2025.1\src\shared\hls\clib/src/hls\utils/x_hls_utils.h:497->C:\scratch\2025.1\hls_product\640\2025.1\src\shared\hls\clib/src/hls\utils/x_hls_utils.h:510->C:\scratch\2025.1\hls_product\640\2025.1\src\shared\hls\clib/hlsmath/include/FloatingPoint/hls_copysign.h:14) ('bitcast_ln497_1', C:\scratch\2025.1\hls_product\640\2025.1\src\shared\hls\clib/src/hls\utils/x_hls_utils.h:497->C:\scratch\2025.1\hls_product\640\2025.1\src\shared\hls\clib/src/hls\utils/x_hls_utils.h:510->C:\scratch\2025.1\hls_product\640\2025.1\src\shared\hls\clib/hlsmath/include/FloatingPoint/hls_copysign.h:14) ('bitcast_ln497', C:\scratch\2025.1\hls_product\640\2025.1\src\shared\hls\clib/src/hls\utils/x_hls_utils.h:497->C:\scratch\2025.1\hls_product\640\2025.1\src\shared\hls\clib/src/hls\utils/x_hls_utils.h:510->C:\scratch\2025.1\hls_product\640\2025.1\src\shared\hls\clib/hlsmath/include/FloatingPoint/hls_copysign.h:14) [149]  (3.020 ns)

 <State 23>: 3.020ns
The critical path consists of the following:
	multiplexor before 'phi' operation 64 bit ('d') with incoming values : ('tmp_3') ('sub_i') ('d') ('bitcast_ln793_1') ('bitcast_ln797_1') ('select_ln780') ('bitcast_ln497_5', C:\scratch\2025.1\hls_product\640\2025.1\src\shared\hls\clib/src/hls\utils/x_hls_utils.h:497->C:\scratch\2025.1\hls_product\640\2025.1\src\shared\hls\clib/src/hls\utils/x_hls_utils.h:510->C:\scratch\2025.1\hls_product\640\2025.1\src\shared\hls\clib/hlsmath/include/FloatingPoint/hls_copysign.h:14) ('bitcast_ln497_4', C:\scratch\2025.1\hls_product\640\2025.1\src\shared\hls\clib/src/hls\utils/x_hls_utils.h:497->C:\scratch\2025.1\hls_product\640\2025.1\src\shared\hls\clib/src/hls\utils/x_hls_utils.h:510->C:\scratch\2025.1\hls_product\640\2025.1\src\shared\hls\clib/hlsmath/include/FloatingPoint/hls_copysign.h:14) ('bitcast_ln497_3', C:\scratch\2025.1\hls_product\640\2025.1\src\shared\hls\clib/src/hls\utils/x_hls_utils.h:497->C:\scratch\2025.1\hls_product\640\2025.1\src\shared\hls\clib/src/hls\utils/x_hls_utils.h:510->C:\scratch\2025.1\hls_product\640\2025.1\src\shared\hls\clib/hlsmath/include/FloatingPoint/hls_copysign.h:14) ('bitcast_ln497_2', C:\scratch\2025.1\hls_product\640\2025.1\src\shared\hls\clib/src/hls\utils/x_hls_utils.h:497->C:\scratch\2025.1\hls_product\640\2025.1\src\shared\hls\clib/src/hls\utils/x_hls_utils.h:510->C:\scratch\2025.1\hls_product\640\2025.1\src\shared\hls\clib/hlsmath/include/FloatingPoint/hls_copysign.h:14) ('bitcast_ln497_1', C:\scratch\2025.1\hls_product\640\2025.1\src\shared\hls\clib/src/hls\utils/x_hls_utils.h:497->C:\scratch\2025.1\hls_product\640\2025.1\src\shared\hls\clib/src/hls\utils/x_hls_utils.h:510->C:\scratch\2025.1\hls_product\640\2025.1\src\shared\hls\clib/hlsmath/include/FloatingPoint/hls_copysign.h:14) ('bitcast_ln497', C:\scratch\2025.1\hls_product\640\2025.1\src\shared\hls\clib/src/hls\utils/x_hls_utils.h:497->C:\scratch\2025.1\hls_product\640\2025.1\src\shared\hls\clib/src/hls\utils/x_hls_utils.h:510->C:\scratch\2025.1\hls_product\640\2025.1\src\shared\hls\clib/hlsmath/include/FloatingPoint/hls_copysign.h:14) [149]  (3.020 ns)

 <State 24>: 3.020ns
The critical path consists of the following:
	multiplexor before 'phi' operation 64 bit ('d') with incoming values : ('tmp_3') ('sub_i') ('d') ('bitcast_ln793_1') ('bitcast_ln797_1') ('select_ln780') ('bitcast_ln497_5', C:\scratch\2025.1\hls_product\640\2025.1\src\shared\hls\clib/src/hls\utils/x_hls_utils.h:497->C:\scratch\2025.1\hls_product\640\2025.1\src\shared\hls\clib/src/hls\utils/x_hls_utils.h:510->C:\scratch\2025.1\hls_product\640\2025.1\src\shared\hls\clib/hlsmath/include/FloatingPoint/hls_copysign.h:14) ('bitcast_ln497_4', C:\scratch\2025.1\hls_product\640\2025.1\src\shared\hls\clib/src/hls\utils/x_hls_utils.h:497->C:\scratch\2025.1\hls_product\640\2025.1\src\shared\hls\clib/src/hls\utils/x_hls_utils.h:510->C:\scratch\2025.1\hls_product\640\2025.1\src\shared\hls\clib/hlsmath/include/FloatingPoint/hls_copysign.h:14) ('bitcast_ln497_3', C:\scratch\2025.1\hls_product\640\2025.1\src\shared\hls\clib/src/hls\utils/x_hls_utils.h:497->C:\scratch\2025.1\hls_product\640\2025.1\src\shared\hls\clib/src/hls\utils/x_hls_utils.h:510->C:\scratch\2025.1\hls_product\640\2025.1\src\shared\hls\clib/hlsmath/include/FloatingPoint/hls_copysign.h:14) ('bitcast_ln497_2', C:\scratch\2025.1\hls_product\640\2025.1\src\shared\hls\clib/src/hls\utils/x_hls_utils.h:497->C:\scratch\2025.1\hls_product\640\2025.1\src\shared\hls\clib/src/hls\utils/x_hls_utils.h:510->C:\scratch\2025.1\hls_product\640\2025.1\src\shared\hls\clib/hlsmath/include/FloatingPoint/hls_copysign.h:14) ('bitcast_ln497_1', C:\scratch\2025.1\hls_product\640\2025.1\src\shared\hls\clib/src/hls\utils/x_hls_utils.h:497->C:\scratch\2025.1\hls_product\640\2025.1\src\shared\hls\clib/src/hls\utils/x_hls_utils.h:510->C:\scratch\2025.1\hls_product\640\2025.1\src\shared\hls\clib/hlsmath/include/FloatingPoint/hls_copysign.h:14) ('bitcast_ln497', C:\scratch\2025.1\hls_product\640\2025.1\src\shared\hls\clib/src/hls\utils/x_hls_utils.h:497->C:\scratch\2025.1\hls_product\640\2025.1\src\shared\hls\clib/src/hls\utils/x_hls_utils.h:510->C:\scratch\2025.1\hls_product\640\2025.1\src\shared\hls\clib/hlsmath/include/FloatingPoint/hls_copysign.h:14) [149]  (3.020 ns)

 <State 25>: 3.020ns
The critical path consists of the following:
	multiplexor before 'phi' operation 64 bit ('d') with incoming values : ('tmp_3') ('sub_i') ('d') ('bitcast_ln793_1') ('bitcast_ln797_1') ('select_ln780') ('bitcast_ln497_5', C:\scratch\2025.1\hls_product\640\2025.1\src\shared\hls\clib/src/hls\utils/x_hls_utils.h:497->C:\scratch\2025.1\hls_product\640\2025.1\src\shared\hls\clib/src/hls\utils/x_hls_utils.h:510->C:\scratch\2025.1\hls_product\640\2025.1\src\shared\hls\clib/hlsmath/include/FloatingPoint/hls_copysign.h:14) ('bitcast_ln497_4', C:\scratch\2025.1\hls_product\640\2025.1\src\shared\hls\clib/src/hls\utils/x_hls_utils.h:497->C:\scratch\2025.1\hls_product\640\2025.1\src\shared\hls\clib/src/hls\utils/x_hls_utils.h:510->C:\scratch\2025.1\hls_product\640\2025.1\src\shared\hls\clib/hlsmath/include/FloatingPoint/hls_copysign.h:14) ('bitcast_ln497_3', C:\scratch\2025.1\hls_product\640\2025.1\src\shared\hls\clib/src/hls\utils/x_hls_utils.h:497->C:\scratch\2025.1\hls_product\640\2025.1\src\shared\hls\clib/src/hls\utils/x_hls_utils.h:510->C:\scratch\2025.1\hls_product\640\2025.1\src\shared\hls\clib/hlsmath/include/FloatingPoint/hls_copysign.h:14) ('bitcast_ln497_2', C:\scratch\2025.1\hls_product\640\2025.1\src\shared\hls\clib/src/hls\utils/x_hls_utils.h:497->C:\scratch\2025.1\hls_product\640\2025.1\src\shared\hls\clib/src/hls\utils/x_hls_utils.h:510->C:\scratch\2025.1\hls_product\640\2025.1\src\shared\hls\clib/hlsmath/include/FloatingPoint/hls_copysign.h:14) ('bitcast_ln497_1', C:\scratch\2025.1\hls_product\640\2025.1\src\shared\hls\clib/src/hls\utils/x_hls_utils.h:497->C:\scratch\2025.1\hls_product\640\2025.1\src\shared\hls\clib/src/hls\utils/x_hls_utils.h:510->C:\scratch\2025.1\hls_product\640\2025.1\src\shared\hls\clib/hlsmath/include/FloatingPoint/hls_copysign.h:14) ('bitcast_ln497', C:\scratch\2025.1\hls_product\640\2025.1\src\shared\hls\clib/src/hls\utils/x_hls_utils.h:497->C:\scratch\2025.1\hls_product\640\2025.1\src\shared\hls\clib/src/hls\utils/x_hls_utils.h:510->C:\scratch\2025.1\hls_product\640\2025.1\src\shared\hls\clib/hlsmath/include/FloatingPoint/hls_copysign.h:14) [149]  (3.020 ns)


============================================================
+ Verbose Summary: Binding
============================================================
N/A
* FSMD analyzer results:
  - Output states:
 - Input state : 
  - Chain level:
	State 1
	State 2
	State 3
	State 4
	State 5
	State 6
	State 7
	State 8
	State 9
	State 10
	State 11
	State 12
	State 13
	State 14
	State 15
	State 16
	State 17
	State 18
	State 19
	State 20
	State 21
	State 22
	State 23
	State 24
	State 25


============================================================
+ Verbose Summary: Datapath Resource usage 
============================================================
N/A
