

================================================================
== Vitis HLS Report for 'atan2_generic_double_s'
================================================================
* Date:           Wed Mar 11 18:45:56 2026

* Version:        2025.1 (Build 6135595 on May 21 2025)
* Project:        equalStep_baseline
* Solution:       hls (Vivado IP Flow Target)
* Product family: zynq
* Target device:  xc7z020-clg400-1


================================================================
== Performance Estimates
================================================================
+ Timing: 
    * Summary: 
    +--------+----------+-----------+------------+
    |  Clock |  Target  | Estimated | Uncertainty|
    +--------+----------+-----------+------------+
    |ap_clk  |  16.00 ns|  11.572 ns|     4.32 ns|
    +--------+----------+-----------+------------+

+ Latency: 
    * Summary: 
    +---------+---------+-----------+----------+-----+-----+---------+
    |  Latency (cycles) |  Latency (absolute)  |  Interval | Pipeline|
    |   min   |   max   |    min    |    max   | min | max |   Type  |
    +---------+---------+-----------+----------+-----+-----+---------+
    |        1|      121|  16.000 ns|  1.936 us|    1|  121|       no|
    +---------+---------+-----------+----------+-----+-----+---------+

    + Detail: 
        * Instance: 
        N/A

        * Loop: 
        N/A

============================================================
+ Verbose Summary: Synthesis Manager
============================================================
InlineROM: 1
ExposeGlobal: 0
============================================================
+ Verbose Summary: CDFG Model
============================================================
IsTopModel: 0
ResetActiveHigh: 1
IsCombinational: 0
IsDatapathOnly: 0
HasWiredReturn: 1
HasMFsm: 0
HasVarLatency: 1
IsPipeline: 0
IsRtlPipelined: 0
IsInstanceOverlapped: 0
IsDontTouch: 0
HasImplIP: 0
IsGatedGlobalClock: 0


============================================================
+ Verbose Summary: Schedule
============================================================
* Number of FSM states : 60
* Pipeline : 0
* Dataflow Pipeline: 0

* FSM state transitions: 
1 --> 31 2 60 
2 --> 3 
3 --> 4 
4 --> 5 
5 --> 6 
6 --> 7 
7 --> 8 
8 --> 9 
9 --> 10 
10 --> 11 
11 --> 12 
12 --> 13 
13 --> 14 
14 --> 15 
15 --> 16 
16 --> 17 
17 --> 18 
18 --> 19 
19 --> 20 
20 --> 21 
21 --> 22 
22 --> 23 
23 --> 24 
24 --> 25 
25 --> 26 
26 --> 27 
27 --> 28 
28 --> 29 60 
29 --> 30 
30 --> 60 
31 --> 32 
32 --> 33 
33 --> 34 
34 --> 35 
35 --> 36 
36 --> 37 
37 --> 38 
38 --> 39 
39 --> 40 
40 --> 41 
41 --> 42 
42 --> 43 
43 --> 44 
44 --> 45 
45 --> 46 
46 --> 47 
47 --> 48 
48 --> 49 
49 --> 50 
50 --> 51 
51 --> 52 
52 --> 53 
53 --> 54 
54 --> 55 
55 --> 56 
56 --> 57 
57 --> 58 
58 --> 59 
59 --> 60 
60 --> 

* FSM state operations: 

State 1 <SV = 0> <Delay = 11.2>
ST_1 : Operation 61 [1/1] (0.00ns)   --->   "%x_in_read = read i64 @_ssdm_op_Read.ap_auto.double, i64 %x_in"   --->   Operation 61 'read' 'x_in_read' <Predicate = true> <Delay = 0.00>
ST_1 : Operation 62 [1/1] (0.00ns)   --->   "%y_in_read = read i64 @_ssdm_op_Read.ap_auto.double, i64 %y_in"   --->   Operation 62 'read' 'y_in_read' <Predicate = true> <Delay = 0.00>
ST_1 : Operation 63 [1/1] (0.00ns)   --->   "%z_2_loc = alloca i64 1"   --->   Operation 63 'alloca' 'z_2_loc' <Predicate = true> <Delay = 0.00>
ST_1 : Operation 64 [1/1] (0.00ns)   --->   "%data = bitcast i64 %x_in_read" [C:\scratch\2025.1\hls_product\640\2025.1\src\shared\hls\clib/src/hls\utils/x_hls_utils.h:459]   --->   Operation 64 'bitcast' 'data' <Predicate = true> <Delay = 0.00>
ST_1 : Operation 65 [1/1] (0.00ns)   --->   "%fps_x_exp = partselect i11 @_ssdm_op_PartSelect.i11.i64.i32, i64 %data, i32 52" [C:\scratch\2025.1\hls_product\640\2025.1\src\shared\hls\clib/src/hls\utils/x_hls_utils.h:461]   --->   Operation 65 'partselect' 'fps_x_exp' <Predicate = true> <Delay = 0.00>
ST_1 : Operation 66 [1/1] (0.00ns)   --->   "%data_1 = bitcast i64 %y_in_read" [C:\scratch\2025.1\hls_product\640\2025.1\src\shared\hls\clib/src/hls\utils/x_hls_utils.h:459]   --->   Operation 66 'bitcast' 'data_1' <Predicate = true> <Delay = 0.00>
ST_1 : Operation 67 [1/1] (0.00ns)   --->   "%fps_y_exp = partselect i11 @_ssdm_op_PartSelect.i11.i64.i32, i64 %data_1, i32 52" [C:\scratch\2025.1\hls_product\640\2025.1\src\shared\hls\clib/src/hls\utils/x_hls_utils.h:461]   --->   Operation 67 'partselect' 'fps_y_exp' <Predicate = true> <Delay = 0.00>
ST_1 : Operation 68 [1/1] (0.00ns)   --->   "%zext_ln655 = zext i11 %fps_y_exp"   --->   Operation 68 'zext' 'zext_ln655' <Predicate = true> <Delay = 0.00>
ST_1 : Operation 69 [1/1] (1.63ns)   --->   "%add_ln655 = add i12 %zext_ln655, i12 27"   --->   Operation 69 'add' 'add_ln655' <Predicate = true> <Delay = 1.63> <CoreInst = "Adder">   --->   Core 1 'Adder' <Latency = 0> <II = 1> <Delay = 1.63> <FuncUnit> <Opcode : 'add' 'sub'> <InPorts = 2> <OutPorts = 1>
ST_1 : Operation 70 [1/1] (0.00ns)   --->   "%zext_ln655_1 = zext i11 %fps_x_exp"   --->   Operation 70 'zext' 'zext_ln655_1' <Predicate = true> <Delay = 0.00>
ST_1 : Operation 71 [1/1] (1.54ns)   --->   "%icmp_ln655 = icmp_ult  i12 %add_ln655, i12 %zext_ln655_1"   --->   Operation 71 'icmp' 'icmp_ln655' <Predicate = true> <Delay = 1.54> <CoreInst = "Cmp">   --->   Core 9 'Cmp' <Latency = 0> <II = 1> <Delay = 1.54> <FuncUnit> <Opcode : 'seteq' 'setne' 'setle' 'setge' 'setlt' 'setgt'> <InPorts = 2> <OutPorts = 1>
ST_1 : Operation 72 [1/1] (0.00ns)   --->   "%br_ln655 = br i1 %icmp_ln655, void %if.end, void %if.then"   --->   Operation 72 'br' 'br_ln655' <Predicate = true> <Delay = 0.00>
ST_1 : Operation 73 [1/1] (1.63ns)   --->   "%icmp_ln662 = icmp_eq  i11 %fps_y_exp, i11 0"   --->   Operation 73 'icmp' 'icmp_ln662' <Predicate = (!icmp_ln655)> <Delay = 1.63> <CoreInst = "Cmp">   --->   Core 9 'Cmp' <Latency = 0> <II = 1> <Delay = 1.63> <FuncUnit> <Opcode : 'seteq' 'setne' 'setle' 'setge' 'setlt' 'setgt'> <InPorts = 2> <OutPorts = 1>
ST_1 : Operation 74 [1/1] (1.70ns)   --->   "%br_ln662 = br i1 %icmp_ln662, void %if.end6, void %cleanup"   --->   Operation 74 'br' 'br_ln662' <Predicate = (!icmp_ln655)> <Delay = 1.70>
ST_1 : Operation 75 [1/1] (1.63ns)   --->   "%d_exp = sub i12 %zext_ln655_1, i12 %zext_ln655"   --->   Operation 75 'sub' 'd_exp' <Predicate = (!icmp_ln655 & !icmp_ln662)> <Delay = 1.63> <CoreInst = "Adder">   --->   Core 1 'Adder' <Latency = 0> <II = 1> <Delay = 1.63> <FuncUnit> <Opcode : 'add' 'sub'> <InPorts = 2> <OutPorts = 1>
ST_1 : Operation 76 [1/1] (0.00ns)   --->   "%trunc_ln688 = trunc i12 %d_exp"   --->   Operation 76 'trunc' 'trunc_ln688' <Predicate = (!icmp_ln655 & !icmp_ln662)> <Delay = 0.00>
ST_1 : Operation 77 [1/1] (0.00ns)   --->   "%trunc_ln505 = trunc i64 %data" [C:\scratch\2025.1\hls_product\640\2025.1\src\shared\hls\clib/src/hls\utils/x_hls_utils.h:505]   --->   Operation 77 'trunc' 'trunc_ln505' <Predicate = (!icmp_ln655 & !icmp_ln662)> <Delay = 0.00>
ST_1 : Operation 78 [1/1] (0.00ns)   --->   "%x = bitconcatenate i86 @_ssdm_op_BitConcatenate.i86.i1.i52.i33, i1 1, i52 %trunc_ln505, i33 0"   --->   Operation 78 'bitconcatenate' 'x' <Predicate = (!icmp_ln655 & !icmp_ln662)> <Delay = 0.00>
ST_1 : Operation 79 [1/1] (0.00ns)   --->   "%trunc_ln505_1 = trunc i64 %data_1" [C:\scratch\2025.1\hls_product\640\2025.1\src\shared\hls\clib/src/hls\utils/x_hls_utils.h:505]   --->   Operation 79 'trunc' 'trunc_ln505_1' <Predicate = (!icmp_ln655 & !icmp_ln662)> <Delay = 0.00>
ST_1 : Operation 80 [1/1] (0.00ns)   --->   "%y = bitconcatenate i86 @_ssdm_op_BitConcatenate.i86.i1.i52.i33, i1 1, i52 %trunc_ln505_1, i33 0"   --->   Operation 80 'bitconcatenate' 'y' <Predicate = (!icmp_ln655 & !icmp_ln662)> <Delay = 0.00>
ST_1 : Operation 81 [1/1] (0.00ns)   --->   "%zext_ln681 = zext i86 %y"   --->   Operation 81 'zext' 'zext_ln681' <Predicate = (!icmp_ln655 & !icmp_ln662)> <Delay = 0.00>
ST_1 : Operation 82 [1/1] (0.00ns)   --->   "%tmp = bitselect i1 @_ssdm_op_BitSelect.i1.i12.i32, i12 %d_exp, i32 11"   --->   Operation 82 'bitselect' 'tmp' <Predicate = (!icmp_ln655 & !icmp_ln662)> <Delay = 0.00>
ST_1 : Operation 83 [1/1] (1.63ns)   --->   "%sub_ln695 = sub i11 0, i11 %trunc_ln688"   --->   Operation 83 'sub' 'sub_ln695' <Predicate = (!icmp_ln655 & !icmp_ln662)> <Delay = 1.63> <CoreInst = "Adder">   --->   Core 1 'Adder' <Latency = 0> <II = 1> <Delay = 1.63> <FuncUnit> <Opcode : 'add' 'sub'> <InPorts = 2> <OutPorts = 1>
ST_1 : Operation 84 [1/1] (0.69ns)   --->   "%select_ln695 = select i1 %tmp, i11 %sub_ln695, i11 %trunc_ln688"   --->   Operation 84 'select' 'select_ln695' <Predicate = (!icmp_ln655 & !icmp_ln662)> <Delay = 0.69> <CoreInst = "Sel">   --->   Core 73 'Sel' <Latency = 0> <II = 1> <Delay = 0.69> <FuncUnit> <Opcode : 'select'> <InPorts = 3> <OutPorts = 1>
ST_1 : Operation 85 [1/1] (0.00ns)   --->   "%zext_ln695 = zext i11 %select_ln695"   --->   Operation 85 'zext' 'zext_ln695' <Predicate = (!icmp_ln655 & !icmp_ln662)> <Delay = 0.00>
ST_1 : Operation 86 [1/1] (4.67ns)   --->   "%shl_ln695 = shl i89 %zext_ln681, i89 %zext_ln695"   --->   Operation 86 'shl' 'shl_ln695' <Predicate = (!icmp_ln655 & !icmp_ln662)> <Delay = 4.67> <CoreInst = "Shifter">   --->   Core 75 'Shifter' <Latency = 0> <II = 1> <Delay = 4.67> <FuncUnit> <Opcode : 'shl' 'lshr' 'ashr'> <InPorts = 2> <OutPorts = 1>
ST_1 : Operation 87 [1/1] (4.67ns)   --->   "%lshr_ln695 = lshr i89 %zext_ln681, i89 %zext_ln695"   --->   Operation 87 'lshr' 'lshr_ln695' <Predicate = (!icmp_ln655 & !icmp_ln662)> <Delay = 4.67> <CoreInst = "Shifter">   --->   Core 75 'Shifter' <Latency = 0> <II = 1> <Delay = 4.67> <FuncUnit> <Opcode : 'shl' 'lshr' 'ashr'> <InPorts = 2> <OutPorts = 1>
ST_1 : Operation 88 [1/1] (1.05ns)   --->   "%y_1 = select i1 %tmp, i89 %shl_ln695, i89 %lshr_ln695"   --->   Operation 88 'select' 'y_1' <Predicate = (!icmp_ln655 & !icmp_ln662)> <Delay = 1.05> <CoreInst = "Sel">   --->   Core 73 'Sel' <Latency = 0> <II = 1> <Delay = 1.05> <FuncUnit> <Opcode : 'select'> <InPorts = 3> <OutPorts = 1>
ST_1 : Operation 89 [2/2] (1.58ns)   --->   "%call_ln695 = call void @atan2_generic<double>_Pipeline_1, i89 %y_1, i86 %x, i86 %z_2_loc, i126 %cordic_ctab_table_128"   --->   Operation 89 'call' 'call_ln695' <Predicate = (!icmp_ln655 & !icmp_ln662)> <Delay = 1.58> <CoreType = "Generic">   --->   Generic Core
ST_1 : Operation 90 [31/31] (8.62ns)   --->   "%div_i = ddiv i64 %y_in_read, i64 %x_in_read"   --->   Operation 90 'ddiv' 'div_i' <Predicate = (icmp_ln655)> <Delay = 8.62> <CoreInst = "DDiv">   --->   Core 39 'DDiv' <Latency = 30> <II = 1> <Delay = 8.62> <FuncUnit> <Opcode : 'ddiv' 'drem'> <InPorts = 2> <OutPorts = 1>

State 2 <SV = 1> <Delay = 0.00>
ST_2 : Operation 91 [1/2] (0.00ns)   --->   "%call_ln695 = call void @atan2_generic<double>_Pipeline_1, i89 %y_1, i86 %x, i86 %z_2_loc, i126 %cordic_ctab_table_128"   --->   Operation 91 'call' 'call_ln695' <Predicate = true> <Delay = 0.00> <CoreType = "Generic">   --->   Generic Core

State 3 <SV = 2> <Delay = 0.00>

State 4 <SV = 3> <Delay = 0.00>

State 5 <SV = 4> <Delay = 0.00>

State 6 <SV = 5> <Delay = 0.00>

State 7 <SV = 6> <Delay = 0.00>

State 8 <SV = 7> <Delay = 0.00>

State 9 <SV = 8> <Delay = 0.00>

State 10 <SV = 9> <Delay = 0.00>

State 11 <SV = 10> <Delay = 0.00>

State 12 <SV = 11> <Delay = 0.00>

State 13 <SV = 12> <Delay = 0.00>

State 14 <SV = 13> <Delay = 0.00>

State 15 <SV = 14> <Delay = 0.00>

State 16 <SV = 15> <Delay = 0.00>

State 17 <SV = 16> <Delay = 0.00>

State 18 <SV = 17> <Delay = 0.00>

State 19 <SV = 18> <Delay = 0.00>

State 20 <SV = 19> <Delay = 0.00>

State 21 <SV = 20> <Delay = 0.00>

State 22 <SV = 21> <Delay = 0.00>

State 23 <SV = 22> <Delay = 0.00>

State 24 <SV = 23> <Delay = 0.00>

State 25 <SV = 24> <Delay = 0.00>

State 26 <SV = 25> <Delay = 0.00>

State 27 <SV = 26> <Delay = 0.00>

State 28 <SV = 27> <Delay = 9.93>
ST_28 : Operation 92 [1/1] (0.00ns)   --->   "%z_2_loc_load = load i86 %z_2_loc"   --->   Operation 92 'load' 'z_2_loc_load' <Predicate = true> <Delay = 0.00>
ST_28 : Operation 93 [1/1] (4.14ns)   --->   "%icmp_ln702 = icmp_eq  i86 %z_2_loc_load, i86 0"   --->   Operation 93 'icmp' 'icmp_ln702' <Predicate = true> <Delay = 4.14> <CoreInst = "Cmp">   --->   Core 9 'Cmp' <Latency = 0> <II = 1> <Delay = 4.14> <FuncUnit> <Opcode : 'seteq' 'setne' 'setle' 'setge' 'setlt' 'setgt'> <InPorts = 2> <OutPorts = 1>
ST_28 : Operation 94 [1/1] (1.70ns)   --->   "%br_ln702 = br i1 %icmp_ln702, void %if.end.i.i_ifconv, void %cleanup"   --->   Operation 94 'br' 'br_ln702' <Predicate = true> <Delay = 1.70>
ST_28 : Operation 95 [1/1] (0.00ns)   --->   "%tmp_1 = bitselect i1 @_ssdm_op_BitSelect.i1.i86.i32, i86 %z_2_loc_load, i32 85"   --->   Operation 95 'bitselect' 'tmp_1' <Predicate = (!icmp_ln702)> <Delay = 0.00>
ST_28 : Operation 96 [1/1] (4.14ns)   --->   "%sub_ln702 = sub i86 0, i86 %z_2_loc_load"   --->   Operation 96 'sub' 'sub_ln702' <Predicate = (!icmp_ln702)> <Delay = 4.14> <CoreInst = "Adder">   --->   Core 1 'Adder' <Latency = 0> <II = 1> <Delay = 4.14> <FuncUnit> <Opcode : 'add' 'sub'> <InPorts = 2> <OutPorts = 1>
ST_28 : Operation 97 [1/1] (1.05ns)   --->   "%select_ln702 = select i1 %tmp_1, i86 %sub_ln702, i86 %z_2_loc_load"   --->   Operation 97 'select' 'select_ln702' <Predicate = (!icmp_ln702)> <Delay = 1.05> <CoreInst = "Sel">   --->   Core 73 'Sel' <Latency = 0> <II = 1> <Delay = 1.05> <FuncUnit> <Opcode : 'select'> <InPorts = 3> <OutPorts = 1>
ST_28 : Operation 98 [1/1] (2.85ns)   --->   "%tmp_3 = ctlz i86 @llvm.ctlz.i86, i86 %select_ln702, i1 0"   --->   Operation 98 'ctlz' 'tmp_3' <Predicate = (!icmp_ln702)> <Delay = 2.85> <CoreInst = "ctlz">   --->   Core 133 'ctlz' <Latency = 0> <II = 1> <Delay = 2.85> <FuncUnit> <Opcode : 'ctlz'> <InPorts = 1> <OutPorts = 1>
ST_28 : Operation 99 [1/1] (0.00ns)   --->   "%trunc_ln702 = trunc i86 %tmp_3"   --->   Operation 99 'trunc' 'trunc_ln702' <Predicate = (!icmp_ln702)> <Delay = 0.00>
ST_28 : Operation 100 [1/1] (0.00ns)   --->   "%trunc_ln702_1 = trunc i86 %tmp_3"   --->   Operation 100 'trunc' 'trunc_ln702_1' <Predicate = (!icmp_ln702)> <Delay = 0.00>
ST_28 : Operation 101 [1/1] (1.87ns)   --->   "%sub_ln702_1 = sub i7 86, i7 %trunc_ln702"   --->   Operation 101 'sub' 'sub_ln702_1' <Predicate = (!icmp_ln702)> <Delay = 1.87> <CoreInst = "Adder">   --->   Core 1 'Adder' <Latency = 0> <II = 1> <Delay = 1.87> <FuncUnit> <Opcode : 'add' 'sub'> <InPorts = 2> <OutPorts = 1>

State 29 <SV = 28> <Delay = 10.0>
ST_29 : Operation 102 [1/1] (1.87ns)   --->   "%add_ln702 = add i7 %sub_ln702_1, i7 75"   --->   Operation 102 'add' 'add_ln702' <Predicate = true> <Delay = 1.87> <CoreInst = "Adder">   --->   Core 1 'Adder' <Latency = 0> <II = 1> <Delay = 1.87> <FuncUnit> <Opcode : 'add' 'sub'> <InPorts = 2> <OutPorts = 1>
ST_29 : Operation 103 [1/1] (0.00ns)   --->   "%tmp_2 = partselect i6 @_ssdm_op_PartSelect.i6.i7.i32.i32, i7 %add_ln702, i32 1, i32 6"   --->   Operation 103 'partselect' 'tmp_2' <Predicate = true> <Delay = 0.00>
ST_29 : Operation 104 [1/1] (1.82ns)   --->   "%icmp_ln702_1 = icmp_sgt  i6 %tmp_2, i6 0"   --->   Operation 104 'icmp' 'icmp_ln702_1' <Predicate = true> <Delay = 1.82> <CoreInst = "Cmp">   --->   Core 9 'Cmp' <Latency = 0> <II = 1> <Delay = 1.82> <FuncUnit> <Opcode : 'seteq' 'setne' 'setle' 'setge' 'setlt' 'setgt'> <InPorts = 2> <OutPorts = 1>
ST_29 : Operation 105 [1/1] (1.87ns)   --->   "%sub_ln702_4 = sub i7 12, i7 %sub_ln702_1"   --->   Operation 105 'sub' 'sub_ln702_4' <Predicate = true> <Delay = 1.87> <CoreInst = "Adder">   --->   Core 1 'Adder' <Latency = 0> <II = 1> <Delay = 1.87> <FuncUnit> <Opcode : 'add' 'sub'> <InPorts = 2> <OutPorts = 1>
ST_29 : Operation 106 [1/1] (0.00ns)   --->   "%zext_ln702 = zext i7 %sub_ln702_4"   --->   Operation 106 'zext' 'zext_ln702' <Predicate = true> <Delay = 0.00>
ST_29 : Operation 107 [1/1] (3.04ns)   --->   "%lshr_ln702_2 = lshr i86 77371252455336267181195263, i86 %zext_ln702"   --->   Operation 107 'lshr' 'lshr_ln702_2' <Predicate = true> <Delay = 3.04> <CoreInst = "Shifter">   --->   Core 75 'Shifter' <Latency = 0> <II = 1> <Delay = 3.04> <FuncUnit> <Opcode : 'shl' 'lshr' 'ashr'> <InPorts = 2> <OutPorts = 1>
ST_29 : Operation 108 [1/1] (0.00ns) (grouped into LUT with out node icmp_ln702_2)   --->   "%and_ln702_1 = and i86 %select_ln702, i86 %lshr_ln702_2"   --->   Operation 108 'and' 'and_ln702_1' <Predicate = true> <Delay = 0.00> <CoreInst = "LogicGate">   --->   Core 74 'LogicGate' <Latency = 0> <II = 1> <Delay = 1.00> <FuncUnit> <Opcode : 'and' 'or' 'xor'> <InPorts = 2> <OutPorts = 1>
ST_29 : Operation 109 [1/1] (4.14ns) (out node of the LUT)   --->   "%icmp_ln702_2 = icmp_ne  i86 %and_ln702_1, i86 0"   --->   Operation 109 'icmp' 'icmp_ln702_2' <Predicate = true> <Delay = 4.14> <CoreInst = "Cmp">   --->   Core 9 'Cmp' <Latency = 0> <II = 1> <Delay = 4.14> <FuncUnit> <Opcode : 'seteq' 'setne' 'setle' 'setge' 'setlt' 'setgt'> <InPorts = 2> <OutPorts = 1>
ST_29 : Operation 110 [1/1] (0.00ns) (grouped into LUT with out node or_ln702)   --->   "%phi_ln702 = and i1 %icmp_ln702_1, i1 %icmp_ln702_2"   --->   Operation 110 'and' 'phi_ln702' <Predicate = true> <Delay = 0.00> <CoreInst = "LogicGate">   --->   Core 74 'LogicGate' <Latency = 0> <II = 1> <Delay = 0.97> <FuncUnit> <Opcode : 'and' 'or' 'xor'> <InPorts = 2> <OutPorts = 1>
ST_29 : Operation 111 [1/1] (0.00ns) (grouped into LUT with out node or_ln702)   --->   "%tmp_4 = bitselect i1 @_ssdm_op_BitSelect.i1.i7.i32, i7 %add_ln702, i32 6"   --->   Operation 111 'bitselect' 'tmp_4' <Predicate = true> <Delay = 0.00>
ST_29 : Operation 112 [1/1] (0.00ns) (grouped into LUT with out node or_ln702)   --->   "%xor_ln702 = xor i1 %tmp_4, i1 1"   --->   Operation 112 'xor' 'xor_ln702' <Predicate = true> <Delay = 0.00> <CoreInst = "LogicGate">   --->   Core 74 'LogicGate' <Latency = 0> <II = 1> <Delay = 0.97> <FuncUnit> <Opcode : 'and' 'or' 'xor'> <InPorts = 2> <OutPorts = 1>
ST_29 : Operation 113 [1/1] (2.58ns)   --->   "%tmp_5 = bitselect i1 @_ssdm_op_BitSelect.i1.i86.i7, i86 %select_ln702, i7 %add_ln702"   --->   Operation 113 'bitselect' 'tmp_5' <Predicate = true> <Delay = 2.58> <CoreInst = "BitSelector">   --->   Core 141 'BitSelector' <Latency = 0> <II = 1> <Delay = 2.58> <FuncUnit> <Opcode : 'bitselect'> <InPorts = 2> <OutPorts = 1>
ST_29 : Operation 114 [1/1] (0.00ns) (grouped into LUT with out node or_ln702)   --->   "%and_ln702 = and i1 %tmp_5, i1 %xor_ln702"   --->   Operation 114 'and' 'and_ln702' <Predicate = true> <Delay = 0.00> <CoreInst = "LogicGate">   --->   Core 74 'LogicGate' <Latency = 0> <II = 1> <Delay = 0.97> <FuncUnit> <Opcode : 'and' 'or' 'xor'> <InPorts = 2> <OutPorts = 1>
ST_29 : Operation 115 [1/1] (0.97ns) (out node of the LUT)   --->   "%or_ln702 = or i1 %and_ln702, i1 %phi_ln702"   --->   Operation 115 'or' 'or_ln702' <Predicate = true> <Delay = 0.97> <CoreInst = "LogicGate">   --->   Core 74 'LogicGate' <Latency = 0> <II = 1> <Delay = 0.97> <FuncUnit> <Opcode : 'and' 'or' 'xor'> <InPorts = 2> <OutPorts = 1>
ST_29 : Operation 116 [1/1] (1.87ns)   --->   "%icmp_ln702_3 = icmp_sgt  i7 %add_ln702, i7 0"   --->   Operation 116 'icmp' 'icmp_ln702_3' <Predicate = true> <Delay = 1.87> <CoreInst = "Cmp">   --->   Core 9 'Cmp' <Latency = 0> <II = 1> <Delay = 1.87> <FuncUnit> <Opcode : 'seteq' 'setne' 'setle' 'setge' 'setlt' 'setgt'> <InPorts = 2> <OutPorts = 1>
ST_29 : Operation 117 [1/1] (1.87ns)   --->   "%add_ln702_1 = add i7 %sub_ln702_1, i7 74"   --->   Operation 117 'add' 'add_ln702_1' <Predicate = true> <Delay = 1.87> <CoreInst = "Adder">   --->   Core 1 'Adder' <Latency = 0> <II = 1> <Delay = 1.87> <FuncUnit> <Opcode : 'add' 'sub'> <InPorts = 2> <OutPorts = 1>
ST_29 : Operation 118 [1/1] (1.87ns)   --->   "%sub_ln702_2 = sub i7 54, i7 %sub_ln702_1"   --->   Operation 118 'sub' 'sub_ln702_2' <Predicate = true> <Delay = 1.87> <CoreInst = "Adder">   --->   Core 1 'Adder' <Latency = 0> <II = 1> <Delay = 1.87> <FuncUnit> <Opcode : 'add' 'sub'> <InPorts = 2> <OutPorts = 1>

State 30 <SV = 29> <Delay = 9.83>
ST_30 : Operation 119 [1/1] (0.00ns)   --->   "%sext_ln702 = sext i7 %add_ln702_1"   --->   Operation 119 'sext' 'sext_ln702' <Predicate = (icmp_ln702_3)> <Delay = 0.00>
ST_30 : Operation 120 [1/1] (0.00ns)   --->   "%zext_ln702_1 = zext i32 %sext_ln702"   --->   Operation 120 'zext' 'zext_ln702_1' <Predicate = (icmp_ln702_3)> <Delay = 0.00>
ST_30 : Operation 121 [1/1] (4.67ns)   --->   "%lshr_ln702 = lshr i86 %select_ln702, i86 %zext_ln702_1"   --->   Operation 121 'lshr' 'lshr_ln702' <Predicate = (icmp_ln702_3)> <Delay = 4.67> <CoreInst = "Shifter">   --->   Core 75 'Shifter' <Latency = 0> <II = 1> <Delay = 4.67> <FuncUnit> <Opcode : 'shl' 'lshr' 'ashr'> <InPorts = 2> <OutPorts = 1>
ST_30 : Operation 122 [1/1] (0.00ns)   --->   "%sext_ln702_1 = sext i7 %sub_ln702_2"   --->   Operation 122 'sext' 'sext_ln702_1' <Predicate = (!icmp_ln702_3)> <Delay = 0.00>
ST_30 : Operation 123 [1/1] (0.00ns)   --->   "%zext_ln702_4 = zext i32 %sext_ln702_1"   --->   Operation 123 'zext' 'zext_ln702_4' <Predicate = (!icmp_ln702_3)> <Delay = 0.00>
ST_30 : Operation 124 [1/1] (4.67ns)   --->   "%shl_ln702 = shl i86 %select_ln702, i86 %zext_ln702_4"   --->   Operation 124 'shl' 'shl_ln702' <Predicate = (!icmp_ln702_3)> <Delay = 4.67> <CoreInst = "Shifter">   --->   Core 75 'Shifter' <Latency = 0> <II = 1> <Delay = 4.67> <FuncUnit> <Opcode : 'shl' 'lshr' 'ashr'> <InPorts = 2> <OutPorts = 1>
ST_30 : Operation 125 [1/1] (0.00ns) (grouped into LUT with out node add_ln702_2)   --->   "%trunc_ln702_2 = trunc i86 %lshr_ln702"   --->   Operation 125 'trunc' 'trunc_ln702_2' <Predicate = (icmp_ln702_3)> <Delay = 0.00>
ST_30 : Operation 126 [1/1] (0.00ns) (grouped into LUT with out node add_ln702_2)   --->   "%trunc_ln702_3 = trunc i86 %shl_ln702"   --->   Operation 126 'trunc' 'trunc_ln702_3' <Predicate = (!icmp_ln702_3)> <Delay = 0.00>
ST_30 : Operation 127 [1/1] (0.00ns) (grouped into LUT with out node add_ln702_2)   --->   "%select_ln702_1 = select i1 %icmp_ln702_3, i64 %trunc_ln702_2, i64 %trunc_ln702_3"   --->   Operation 127 'select' 'select_ln702_1' <Predicate = true> <Delay = 0.00> <CoreInst = "Sel">   --->   Core 73 'Sel' <Latency = 0> <II = 1> <Delay = 1.48> <FuncUnit> <Opcode : 'select'> <InPorts = 3> <OutPorts = 1>
ST_30 : Operation 128 [1/1] (0.00ns) (grouped into LUT with out node add_ln702_2)   --->   "%zext_ln702_2 = zext i1 %or_ln702"   --->   Operation 128 'zext' 'zext_ln702_2' <Predicate = true> <Delay = 0.00>
ST_30 : Operation 129 [1/1] (3.52ns) (out node of the LUT)   --->   "%add_ln702_2 = add i64 %select_ln702_1, i64 %zext_ln702_2"   --->   Operation 129 'add' 'add_ln702_2' <Predicate = true> <Delay = 3.52> <CoreInst = "Adder">   --->   Core 1 'Adder' <Latency = 0> <II = 1> <Delay = 3.52> <FuncUnit> <Opcode : 'add' 'sub'> <InPorts = 2> <OutPorts = 1>
ST_30 : Operation 130 [1/1] (0.00ns)   --->   "%lshr_ln702_1 = partselect i63 @_ssdm_op_PartSelect.i63.i64.i32.i32, i64 %add_ln702_2, i32 1, i32 63"   --->   Operation 130 'partselect' 'lshr_ln702_1' <Predicate = true> <Delay = 0.00>
ST_30 : Operation 131 [1/1] (0.00ns)   --->   "%zext_ln702_3 = zext i63 %lshr_ln702_1"   --->   Operation 131 'zext' 'zext_ln702_3' <Predicate = true> <Delay = 0.00>
ST_30 : Operation 132 [1/1] (0.00ns) (grouped into LUT with out node add_ln702_3)   --->   "%tmp_6 = bitselect i1 @_ssdm_op_BitSelect.i1.i64.i32, i64 %add_ln702_2, i32 54"   --->   Operation 132 'bitselect' 'tmp_6' <Predicate = true> <Delay = 0.00>
ST_30 : Operation 133 [1/1] (0.00ns) (grouped into LUT with out node add_ln702_3)   --->   "%select_ln702_2 = select i1 %tmp_6, i11 1023, i11 1022"   --->   Operation 133 'select' 'select_ln702_2' <Predicate = true> <Delay = 0.00> <CoreInst = "Sel">   --->   Core 73 'Sel' <Latency = 0> <II = 1> <Delay = 0.69> <FuncUnit> <Opcode : 'select'> <InPorts = 3> <OutPorts = 1>
ST_30 : Operation 134 [1/1] (1.91ns)   --->   "%sub_ln702_3 = sub i8 1, i8 %trunc_ln702_1"   --->   Operation 134 'sub' 'sub_ln702_3' <Predicate = true> <Delay = 1.91> <CoreInst = "Adder">   --->   Core 1 'Adder' <Latency = 0> <II = 1> <Delay = 1.91> <FuncUnit> <Opcode : 'add' 'sub'> <InPorts = 2> <OutPorts = 1>
ST_30 : Operation 135 [1/1] (0.00ns) (grouped into LUT with out node add_ln702_3)   --->   "%sext_ln702_2 = sext i8 %sub_ln702_3"   --->   Operation 135 'sext' 'sext_ln702_2' <Predicate = true> <Delay = 0.00>
ST_30 : Operation 136 [1/1] (1.63ns) (out node of the LUT)   --->   "%add_ln702_3 = add i11 %sext_ln702_2, i11 %select_ln702_2"   --->   Operation 136 'add' 'add_ln702_3' <Predicate = true> <Delay = 1.63> <CoreInst = "Adder">   --->   Core 1 'Adder' <Latency = 0> <II = 1> <Delay = 1.63> <FuncUnit> <Opcode : 'add' 'sub'> <InPorts = 2> <OutPorts = 1>
ST_30 : Operation 137 [1/1] (0.00ns)   --->   "%tmp_9 = bitconcatenate i12 @_ssdm_op_BitConcatenate.i12.i1.i11, i1 %tmp_1, i11 %add_ln702_3"   --->   Operation 137 'bitconcatenate' 'tmp_9' <Predicate = true> <Delay = 0.00>
ST_30 : Operation 138 [1/1] (0.00ns)   --->   "%LD = partset i64 @_ssdm_op_PartSet.i64.i64.i12.i32.i32, i64 %zext_ln702_3, i12 %tmp_9, i32 52, i32 63"   --->   Operation 138 'partset' 'LD' <Predicate = true> <Delay = 0.00>
ST_30 : Operation 139 [1/1] (0.00ns)   --->   "%bitcast_ln764 = bitcast i64 %LD"   --->   Operation 139 'bitcast' 'bitcast_ln764' <Predicate = true> <Delay = 0.00>
ST_30 : Operation 140 [1/1] (1.70ns)   --->   "%br_ln702 = br void %cleanup"   --->   Operation 140 'br' 'br_ln702' <Predicate = true> <Delay = 1.70>

State 31 <SV = 1> <Delay = 8.62>
ST_31 : Operation 141 [30/31] (8.62ns)   --->   "%div_i = ddiv i64 %y_in_read, i64 %x_in_read"   --->   Operation 141 'ddiv' 'div_i' <Predicate = true> <Delay = 8.62> <CoreInst = "DDiv">   --->   Core 39 'DDiv' <Latency = 30> <II = 1> <Delay = 8.62> <FuncUnit> <Opcode : 'ddiv' 'drem'> <InPorts = 2> <OutPorts = 1>

State 32 <SV = 2> <Delay = 8.62>
ST_32 : Operation 142 [29/31] (8.62ns)   --->   "%div_i = ddiv i64 %y_in_read, i64 %x_in_read"   --->   Operation 142 'ddiv' 'div_i' <Predicate = true> <Delay = 8.62> <CoreInst = "DDiv">   --->   Core 39 'DDiv' <Latency = 30> <II = 1> <Delay = 8.62> <FuncUnit> <Opcode : 'ddiv' 'drem'> <InPorts = 2> <OutPorts = 1>

State 33 <SV = 3> <Delay = 8.62>
ST_33 : Operation 143 [28/31] (8.62ns)   --->   "%div_i = ddiv i64 %y_in_read, i64 %x_in_read"   --->   Operation 143 'ddiv' 'div_i' <Predicate = true> <Delay = 8.62> <CoreInst = "DDiv">   --->   Core 39 'DDiv' <Latency = 30> <II = 1> <Delay = 8.62> <FuncUnit> <Opcode : 'ddiv' 'drem'> <InPorts = 2> <OutPorts = 1>

State 34 <SV = 4> <Delay = 8.62>
ST_34 : Operation 144 [27/31] (8.62ns)   --->   "%div_i = ddiv i64 %y_in_read, i64 %x_in_read"   --->   Operation 144 'ddiv' 'div_i' <Predicate = true> <Delay = 8.62> <CoreInst = "DDiv">   --->   Core 39 'DDiv' <Latency = 30> <II = 1> <Delay = 8.62> <FuncUnit> <Opcode : 'ddiv' 'drem'> <InPorts = 2> <OutPorts = 1>

State 35 <SV = 5> <Delay = 8.62>
ST_35 : Operation 145 [26/31] (8.62ns)   --->   "%div_i = ddiv i64 %y_in_read, i64 %x_in_read"   --->   Operation 145 'ddiv' 'div_i' <Predicate = true> <Delay = 8.62> <CoreInst = "DDiv">   --->   Core 39 'DDiv' <Latency = 30> <II = 1> <Delay = 8.62> <FuncUnit> <Opcode : 'ddiv' 'drem'> <InPorts = 2> <OutPorts = 1>

State 36 <SV = 6> <Delay = 8.62>
ST_36 : Operation 146 [25/31] (8.62ns)   --->   "%div_i = ddiv i64 %y_in_read, i64 %x_in_read"   --->   Operation 146 'ddiv' 'div_i' <Predicate = true> <Delay = 8.62> <CoreInst = "DDiv">   --->   Core 39 'DDiv' <Latency = 30> <II = 1> <Delay = 8.62> <FuncUnit> <Opcode : 'ddiv' 'drem'> <InPorts = 2> <OutPorts = 1>

State 37 <SV = 7> <Delay = 8.62>
ST_37 : Operation 147 [24/31] (8.62ns)   --->   "%div_i = ddiv i64 %y_in_read, i64 %x_in_read"   --->   Operation 147 'ddiv' 'div_i' <Predicate = true> <Delay = 8.62> <CoreInst = "DDiv">   --->   Core 39 'DDiv' <Latency = 30> <II = 1> <Delay = 8.62> <FuncUnit> <Opcode : 'ddiv' 'drem'> <InPorts = 2> <OutPorts = 1>

State 38 <SV = 8> <Delay = 8.62>
ST_38 : Operation 148 [23/31] (8.62ns)   --->   "%div_i = ddiv i64 %y_in_read, i64 %x_in_read"   --->   Operation 148 'ddiv' 'div_i' <Predicate = true> <Delay = 8.62> <CoreInst = "DDiv">   --->   Core 39 'DDiv' <Latency = 30> <II = 1> <Delay = 8.62> <FuncUnit> <Opcode : 'ddiv' 'drem'> <InPorts = 2> <OutPorts = 1>

State 39 <SV = 9> <Delay = 8.62>
ST_39 : Operation 149 [22/31] (8.62ns)   --->   "%div_i = ddiv i64 %y_in_read, i64 %x_in_read"   --->   Operation 149 'ddiv' 'div_i' <Predicate = true> <Delay = 8.62> <CoreInst = "DDiv">   --->   Core 39 'DDiv' <Latency = 30> <II = 1> <Delay = 8.62> <FuncUnit> <Opcode : 'ddiv' 'drem'> <InPorts = 2> <OutPorts = 1>

State 40 <SV = 10> <Delay = 8.62>
ST_40 : Operation 150 [21/31] (8.62ns)   --->   "%div_i = ddiv i64 %y_in_read, i64 %x_in_read"   --->   Operation 150 'ddiv' 'div_i' <Predicate = true> <Delay = 8.62> <CoreInst = "DDiv">   --->   Core 39 'DDiv' <Latency = 30> <II = 1> <Delay = 8.62> <FuncUnit> <Opcode : 'ddiv' 'drem'> <InPorts = 2> <OutPorts = 1>

State 41 <SV = 11> <Delay = 8.62>
ST_41 : Operation 151 [20/31] (8.62ns)   --->   "%div_i = ddiv i64 %y_in_read, i64 %x_in_read"   --->   Operation 151 'ddiv' 'div_i' <Predicate = true> <Delay = 8.62> <CoreInst = "DDiv">   --->   Core 39 'DDiv' <Latency = 30> <II = 1> <Delay = 8.62> <FuncUnit> <Opcode : 'ddiv' 'drem'> <InPorts = 2> <OutPorts = 1>

State 42 <SV = 12> <Delay = 8.62>
ST_42 : Operation 152 [19/31] (8.62ns)   --->   "%div_i = ddiv i64 %y_in_read, i64 %x_in_read"   --->   Operation 152 'ddiv' 'div_i' <Predicate = true> <Delay = 8.62> <CoreInst = "DDiv">   --->   Core 39 'DDiv' <Latency = 30> <II = 1> <Delay = 8.62> <FuncUnit> <Opcode : 'ddiv' 'drem'> <InPorts = 2> <OutPorts = 1>

State 43 <SV = 13> <Delay = 8.62>
ST_43 : Operation 153 [18/31] (8.62ns)   --->   "%div_i = ddiv i64 %y_in_read, i64 %x_in_read"   --->   Operation 153 'ddiv' 'div_i' <Predicate = true> <Delay = 8.62> <CoreInst = "DDiv">   --->   Core 39 'DDiv' <Latency = 30> <II = 1> <Delay = 8.62> <FuncUnit> <Opcode : 'ddiv' 'drem'> <InPorts = 2> <OutPorts = 1>

State 44 <SV = 14> <Delay = 8.62>
ST_44 : Operation 154 [17/31] (8.62ns)   --->   "%div_i = ddiv i64 %y_in_read, i64 %x_in_read"   --->   Operation 154 'ddiv' 'div_i' <Predicate = true> <Delay = 8.62> <CoreInst = "DDiv">   --->   Core 39 'DDiv' <Latency = 30> <II = 1> <Delay = 8.62> <FuncUnit> <Opcode : 'ddiv' 'drem'> <InPorts = 2> <OutPorts = 1>

State 45 <SV = 15> <Delay = 8.62>
ST_45 : Operation 155 [16/31] (8.62ns)   --->   "%div_i = ddiv i64 %y_in_read, i64 %x_in_read"   --->   Operation 155 'ddiv' 'div_i' <Predicate = true> <Delay = 8.62> <CoreInst = "DDiv">   --->   Core 39 'DDiv' <Latency = 30> <II = 1> <Delay = 8.62> <FuncUnit> <Opcode : 'ddiv' 'drem'> <InPorts = 2> <OutPorts = 1>

State 46 <SV = 16> <Delay = 8.62>
ST_46 : Operation 156 [15/31] (8.62ns)   --->   "%div_i = ddiv i64 %y_in_read, i64 %x_in_read"   --->   Operation 156 'ddiv' 'div_i' <Predicate = true> <Delay = 8.62> <CoreInst = "DDiv">   --->   Core 39 'DDiv' <Latency = 30> <II = 1> <Delay = 8.62> <FuncUnit> <Opcode : 'ddiv' 'drem'> <InPorts = 2> <OutPorts = 1>

State 47 <SV = 17> <Delay = 8.62>
ST_47 : Operation 157 [14/31] (8.62ns)   --->   "%div_i = ddiv i64 %y_in_read, i64 %x_in_read"   --->   Operation 157 'ddiv' 'div_i' <Predicate = true> <Delay = 8.62> <CoreInst = "DDiv">   --->   Core 39 'DDiv' <Latency = 30> <II = 1> <Delay = 8.62> <FuncUnit> <Opcode : 'ddiv' 'drem'> <InPorts = 2> <OutPorts = 1>

State 48 <SV = 18> <Delay = 8.62>
ST_48 : Operation 158 [13/31] (8.62ns)   --->   "%div_i = ddiv i64 %y_in_read, i64 %x_in_read"   --->   Operation 158 'ddiv' 'div_i' <Predicate = true> <Delay = 8.62> <CoreInst = "DDiv">   --->   Core 39 'DDiv' <Latency = 30> <II = 1> <Delay = 8.62> <FuncUnit> <Opcode : 'ddiv' 'drem'> <InPorts = 2> <OutPorts = 1>

State 49 <SV = 19> <Delay = 8.62>
ST_49 : Operation 159 [12/31] (8.62ns)   --->   "%div_i = ddiv i64 %y_in_read, i64 %x_in_read"   --->   Operation 159 'ddiv' 'div_i' <Predicate = true> <Delay = 8.62> <CoreInst = "DDiv">   --->   Core 39 'DDiv' <Latency = 30> <II = 1> <Delay = 8.62> <FuncUnit> <Opcode : 'ddiv' 'drem'> <InPorts = 2> <OutPorts = 1>

State 50 <SV = 20> <Delay = 8.62>
ST_50 : Operation 160 [11/31] (8.62ns)   --->   "%div_i = ddiv i64 %y_in_read, i64 %x_in_read"   --->   Operation 160 'ddiv' 'div_i' <Predicate = true> <Delay = 8.62> <CoreInst = "DDiv">   --->   Core 39 'DDiv' <Latency = 30> <II = 1> <Delay = 8.62> <FuncUnit> <Opcode : 'ddiv' 'drem'> <InPorts = 2> <OutPorts = 1>

State 51 <SV = 21> <Delay = 8.62>
ST_51 : Operation 161 [10/31] (8.62ns)   --->   "%div_i = ddiv i64 %y_in_read, i64 %x_in_read"   --->   Operation 161 'ddiv' 'div_i' <Predicate = true> <Delay = 8.62> <CoreInst = "DDiv">   --->   Core 39 'DDiv' <Latency = 30> <II = 1> <Delay = 8.62> <FuncUnit> <Opcode : 'ddiv' 'drem'> <InPorts = 2> <OutPorts = 1>

State 52 <SV = 22> <Delay = 8.62>
ST_52 : Operation 162 [9/31] (8.62ns)   --->   "%div_i = ddiv i64 %y_in_read, i64 %x_in_read"   --->   Operation 162 'ddiv' 'div_i' <Predicate = true> <Delay = 8.62> <CoreInst = "DDiv">   --->   Core 39 'DDiv' <Latency = 30> <II = 1> <Delay = 8.62> <FuncUnit> <Opcode : 'ddiv' 'drem'> <InPorts = 2> <OutPorts = 1>

State 53 <SV = 23> <Delay = 8.62>
ST_53 : Operation 163 [8/31] (8.62ns)   --->   "%div_i = ddiv i64 %y_in_read, i64 %x_in_read"   --->   Operation 163 'ddiv' 'div_i' <Predicate = true> <Delay = 8.62> <CoreInst = "DDiv">   --->   Core 39 'DDiv' <Latency = 30> <II = 1> <Delay = 8.62> <FuncUnit> <Opcode : 'ddiv' 'drem'> <InPorts = 2> <OutPorts = 1>

State 54 <SV = 24> <Delay = 8.62>
ST_54 : Operation 164 [7/31] (8.62ns)   --->   "%div_i = ddiv i64 %y_in_read, i64 %x_in_read"   --->   Operation 164 'ddiv' 'div_i' <Predicate = true> <Delay = 8.62> <CoreInst = "DDiv">   --->   Core 39 'DDiv' <Latency = 30> <II = 1> <Delay = 8.62> <FuncUnit> <Opcode : 'ddiv' 'drem'> <InPorts = 2> <OutPorts = 1>

State 55 <SV = 25> <Delay = 8.62>
ST_55 : Operation 165 [6/31] (8.62ns)   --->   "%div_i = ddiv i64 %y_in_read, i64 %x_in_read"   --->   Operation 165 'ddiv' 'div_i' <Predicate = true> <Delay = 8.62> <CoreInst = "DDiv">   --->   Core 39 'DDiv' <Latency = 30> <II = 1> <Delay = 8.62> <FuncUnit> <Opcode : 'ddiv' 'drem'> <InPorts = 2> <OutPorts = 1>

State 56 <SV = 26> <Delay = 8.62>
ST_56 : Operation 166 [5/31] (8.62ns)   --->   "%div_i = ddiv i64 %y_in_read, i64 %x_in_read"   --->   Operation 166 'ddiv' 'div_i' <Predicate = true> <Delay = 8.62> <CoreInst = "DDiv">   --->   Core 39 'DDiv' <Latency = 30> <II = 1> <Delay = 8.62> <FuncUnit> <Opcode : 'ddiv' 'drem'> <InPorts = 2> <OutPorts = 1>

State 57 <SV = 27> <Delay = 8.62>
ST_57 : Operation 167 [4/31] (8.62ns)   --->   "%div_i = ddiv i64 %y_in_read, i64 %x_in_read"   --->   Operation 167 'ddiv' 'div_i' <Predicate = true> <Delay = 8.62> <CoreInst = "DDiv">   --->   Core 39 'DDiv' <Latency = 30> <II = 1> <Delay = 8.62> <FuncUnit> <Opcode : 'ddiv' 'drem'> <InPorts = 2> <OutPorts = 1>

State 58 <SV = 28> <Delay = 8.62>
ST_58 : Operation 168 [3/31] (8.62ns)   --->   "%div_i = ddiv i64 %y_in_read, i64 %x_in_read"   --->   Operation 168 'ddiv' 'div_i' <Predicate = true> <Delay = 8.62> <CoreInst = "DDiv">   --->   Core 39 'DDiv' <Latency = 30> <II = 1> <Delay = 8.62> <FuncUnit> <Opcode : 'ddiv' 'drem'> <InPorts = 2> <OutPorts = 1>

State 59 <SV = 29> <Delay = 8.62>
ST_59 : Operation 169 [2/31] (8.62ns)   --->   "%div_i = ddiv i64 %y_in_read, i64 %x_in_read"   --->   Operation 169 'ddiv' 'div_i' <Predicate = true> <Delay = 8.62> <CoreInst = "DDiv">   --->   Core 39 'DDiv' <Latency = 30> <II = 1> <Delay = 8.62> <FuncUnit> <Opcode : 'ddiv' 'drem'> <InPorts = 2> <OutPorts = 1>

State 60 <SV = 30> <Delay = 10.3>
ST_60 : Operation 170 [1/31] (8.62ns)   --->   "%div_i = ddiv i64 %y_in_read, i64 %x_in_read"   --->   Operation 170 'ddiv' 'div_i' <Predicate = (icmp_ln655)> <Delay = 8.62> <CoreInst = "DDiv">   --->   Core 39 'DDiv' <Latency = 30> <II = 1> <Delay = 8.62> <FuncUnit> <Opcode : 'ddiv' 'drem'> <InPorts = 2> <OutPorts = 1>
ST_60 : Operation 171 [1/1] (1.70ns)   --->   "%br_ln660 = br void %cleanup"   --->   Operation 171 'br' 'br_ln660' <Predicate = (icmp_ln655)> <Delay = 1.70>
ST_60 : Operation 172 [1/1] (0.00ns)   --->   "%retval_0 = phi i64 %div_i, void %if.then, i64 %bitcast_ln764, void %if.end.i.i_ifconv, i64 0, void %if.end, i64 0, void %if.end6"   --->   Operation 172 'phi' 'retval_0' <Predicate = true> <Delay = 0.00>
ST_60 : Operation 173 [1/1] (0.00ns)   --->   "%ret_ln703 = ret i64 %retval_0"   --->   Operation 173 'ret' 'ret_ln703' <Predicate = true> <Delay = 0.00>


============================================================
+ Verbose Summary: Timing violations
============================================================
Target clock period: 16.000ns, clock uncertainty: 4.320ns.

 <State 1>: 11.295ns
The critical path consists of the following:
	wire read operation ('x_in') on port 'x_in' [4]  (0.000 ns)
	'sub' operation 12 bit ('d_exp') [20]  (1.639 ns)
	'sub' operation 11 bit ('sub_ln695') [28]  (1.639 ns)
	'select' operation 11 bit ('select_ln695') [29]  (0.692 ns)
	'lshr' operation 89 bit ('lshr_ln695') [32]  (4.680 ns)
	'select' operation 89 bit ('y') [33]  (1.058 ns)
	'call' operation 0 bit ('call_ln695') to 'atan2_generic<double>_Pipeline_1' [34]  (1.588 ns)

 <State 2>: 0.000ns
The critical path consists of the following:

 <State 3>: 0.000ns
The critical path consists of the following:

 <State 4>: 0.000ns
The critical path consists of the following:

 <State 5>: 0.000ns
The critical path consists of the following:

 <State 6>: 0.000ns
The critical path consists of the following:

 <State 7>: 0.000ns
The critical path consists of the following:

 <State 8>: 0.000ns
The critical path consists of the following:

 <State 9>: 0.000ns
The critical path consists of the following:

 <State 10>: 0.000ns
The critical path consists of the following:

 <State 11>: 0.000ns
The critical path consists of the following:

 <State 12>: 0.000ns
The critical path consists of the following:

 <State 13>: 0.000ns
The critical path consists of the following:

 <State 14>: 0.000ns
The critical path consists of the following:

 <State 15>: 0.000ns
The critical path consists of the following:

 <State 16>: 0.000ns
The critical path consists of the following:

 <State 17>: 0.000ns
The critical path consists of the following:

 <State 18>: 0.000ns
The critical path consists of the following:

 <State 19>: 0.000ns
The critical path consists of the following:

 <State 20>: 0.000ns
The critical path consists of the following:

 <State 21>: 0.000ns
The critical path consists of the following:

 <State 22>: 0.000ns
The critical path consists of the following:

 <State 23>: 0.000ns
The critical path consists of the following:

 <State 24>: 0.000ns
The critical path consists of the following:

 <State 25>: 0.000ns
The critical path consists of the following:

 <State 26>: 0.000ns
The critical path consists of the following:

 <State 27>: 0.000ns
The critical path consists of the following:

 <State 28>: 9.930ns
The critical path consists of the following:
	'load' operation 86 bit ('z_2_loc_load') on local variable 'z_2_loc' [35]  (0.000 ns)
	'sub' operation 86 bit ('sub_ln702') [40]  (4.150 ns)
	'select' operation 86 bit ('select_ln702') [41]  (1.053 ns)
	'ctlz' operation 86 bit ('tmp_3') [42]  (2.857 ns)
	'sub' operation 7 bit ('sub_ln702_1') [45]  (1.870 ns)

 <State 29>: 10.043ns
The critical path consists of the following:
	'sub' operation 7 bit ('sub_ln702_4') [49]  (1.870 ns)
	'lshr' operation 86 bit ('lshr_ln702_2') [51]  (3.045 ns)
	'and' operation 86 bit ('and_ln702_1') [52]  (0.000 ns)
	'icmp' operation 1 bit ('icmp_ln702_2') [53]  (4.150 ns)
	'and' operation 1 bit ('phi_ln702') [54]  (0.000 ns)
	'or' operation 1 bit ('or_ln702') [59]  (0.978 ns)

 <State 30>: 9.839ns
The critical path consists of the following:
	'lshr' operation 86 bit ('lshr_ln702') [64]  (4.680 ns)
	'select' operation 64 bit ('select_ln702_1') [71]  (0.000 ns)
	'add' operation 64 bit ('add_ln702_2') [73]  (3.520 ns)
	'select' operation 11 bit ('select_ln702_2') [77]  (0.000 ns)
	'add' operation 11 bit ('add_ln702_3') [80]  (1.639 ns)

 <State 31>: 8.621ns
The critical path consists of the following:
	'ddiv' operation 64 bit ('div_i') [86]  (8.621 ns)

 <State 32>: 8.621ns
The critical path consists of the following:
	'ddiv' operation 64 bit ('div_i') [86]  (8.621 ns)

 <State 33>: 8.621ns
The critical path consists of the following:
	'ddiv' operation 64 bit ('div_i') [86]  (8.621 ns)

 <State 34>: 8.621ns
The critical path consists of the following:
	'ddiv' operation 64 bit ('div_i') [86]  (8.621 ns)

 <State 35>: 8.621ns
The critical path consists of the following:
	'ddiv' operation 64 bit ('div_i') [86]  (8.621 ns)

 <State 36>: 8.621ns
The critical path consists of the following:
	'ddiv' operation 64 bit ('div_i') [86]  (8.621 ns)

 <State 37>: 8.621ns
The critical path consists of the following:
	'ddiv' operation 64 bit ('div_i') [86]  (8.621 ns)

 <State 38>: 8.621ns
The critical path consists of the following:
	'ddiv' operation 64 bit ('div_i') [86]  (8.621 ns)

 <State 39>: 8.621ns
The critical path consists of the following:
	'ddiv' operation 64 bit ('div_i') [86]  (8.621 ns)

 <State 40>: 8.621ns
The critical path consists of the following:
	'ddiv' operation 64 bit ('div_i') [86]  (8.621 ns)

 <State 41>: 8.621ns
The critical path consists of the following:
	'ddiv' operation 64 bit ('div_i') [86]  (8.621 ns)

 <State 42>: 8.621ns
The critical path consists of the following:
	'ddiv' operation 64 bit ('div_i') [86]  (8.621 ns)

 <State 43>: 8.621ns
The critical path consists of the following:
	'ddiv' operation 64 bit ('div_i') [86]  (8.621 ns)

 <State 44>: 8.621ns
The critical path consists of the following:
	'ddiv' operation 64 bit ('div_i') [86]  (8.621 ns)

 <State 45>: 8.621ns
The critical path consists of the following:
	'ddiv' operation 64 bit ('div_i') [86]  (8.621 ns)

 <State 46>: 8.621ns
The critical path consists of the following:
	'ddiv' operation 64 bit ('div_i') [86]  (8.621 ns)

 <State 47>: 8.621ns
The critical path consists of the following:
	'ddiv' operation 64 bit ('div_i') [86]  (8.621 ns)

 <State 48>: 8.621ns
The critical path consists of the following:
	'ddiv' operation 64 bit ('div_i') [86]  (8.621 ns)

 <State 49>: 8.621ns
The critical path consists of the following:
	'ddiv' operation 64 bit ('div_i') [86]  (8.621 ns)

 <State 50>: 8.621ns
The critical path consists of the following:
	'ddiv' operation 64 bit ('div_i') [86]  (8.621 ns)

 <State 51>: 8.621ns
The critical path consists of the following:
	'ddiv' operation 64 bit ('div_i') [86]  (8.621 ns)

 <State 52>: 8.621ns
The critical path consists of the following:
	'ddiv' operation 64 bit ('div_i') [86]  (8.621 ns)

 <State 53>: 8.621ns
The critical path consists of the following:
	'ddiv' operation 64 bit ('div_i') [86]  (8.621 ns)

 <State 54>: 8.621ns
The critical path consists of the following:
	'ddiv' operation 64 bit ('div_i') [86]  (8.621 ns)

 <State 55>: 8.621ns
The critical path consists of the following:
	'ddiv' operation 64 bit ('div_i') [86]  (8.621 ns)

 <State 56>: 8.621ns
The critical path consists of the following:
	'ddiv' operation 64 bit ('div_i') [86]  (8.621 ns)

 <State 57>: 8.621ns
The critical path consists of the following:
	'ddiv' operation 64 bit ('div_i') [86]  (8.621 ns)

 <State 58>: 8.621ns
The critical path consists of the following:
	'ddiv' operation 64 bit ('div_i') [86]  (8.621 ns)

 <State 59>: 8.621ns
The critical path consists of the following:
	'ddiv' operation 64 bit ('div_i') [86]  (8.621 ns)

 <State 60>: 10.328ns
The critical path consists of the following:
	'ddiv' operation 64 bit ('div_i') [86]  (8.621 ns)
	multiplexor before 'phi' operation 64 bit ('retval_0') with incoming values : ('bitcast_ln764') ('div_i') [89]  (1.707 ns)
	'phi' operation 64 bit ('retval_0') with incoming values : ('bitcast_ln764') ('div_i') [89]  (0.000 ns)


============================================================
+ Verbose Summary: Binding
============================================================
N/A
* FSMD analyzer results:
  - Output states:
 - Input state : 
  - Chain level:
	State 1
	State 2
	State 3
	State 4
	State 5
	State 6
	State 7
	State 8
	State 9
	State 10
	State 11
	State 12
	State 13
	State 14
	State 15
	State 16
	State 17
	State 18
	State 19
	State 20
	State 21
	State 22
	State 23
	State 24
	State 25
	State 26
	State 27
	State 28
	State 29
	State 30
	State 31
	State 32
	State 33
	State 34
	State 35
	State 36
	State 37
	State 38
	State 39
	State 40
	State 41
	State 42
	State 43
	State 44
	State 45
	State 46
	State 47
	State 48
	State 49
	State 50
	State 51
	State 52
	State 53
	State 54
	State 55
	State 56
	State 57
	State 58
	State 59
	State 60


============================================================
+ Verbose Summary: Datapath Resource usage 
============================================================
N/A
