

================================================================
== Vitis HLS Report for 'atan2_generic_double_Pipeline_1'
================================================================
* Date:           Wed Mar 11 18:45:56 2026

* Version:        2025.1 (Build 6135595 on May 21 2025)
* Project:        equalStep_baseline
* Solution:       hls (Vivado IP Flow Target)
* Product family: zynq
* Target device:  xc7z020-clg400-1


================================================================
== Performance Estimates
================================================================
+ Timing: 
    * Summary: 
    +--------+----------+-----------+------------+
    |  Clock |  Target  | Estimated | Uncertainty|
    +--------+----------+-----------+------------+
    |ap_clk  |  16.00 ns|  11.572 ns|     4.32 ns|
    +--------+----------+-----------+------------+

+ Latency: 
    * Summary: 
    +---------+---------+----------+----------+-----+-----+------------------------------------------------+
    |  Latency (cycles) |  Latency (absolute) |  Interval |                    Pipeline                    |
    |   min   |   max   |    min   |    max   | min | max |                      Type                      |
    +---------+---------+----------+----------+-----+-----+------------------------------------------------+
    |       91|       91|  1.456 us|  1.456 us|   89|   89|  loop auto-rewind stp (delay=0 clock cycles(s))|
    +---------+---------+----------+----------+-----+-----+------------------------------------------------+

    + Detail: 
        * Instance: 
        N/A

        * Loop: 
        +----------+---------+---------+----------+-----------+-----------+------+----------+
        |          |  Latency (cycles) | Iteration|  Initiation Interval  | Trip |          |
        | Loop Name|   min   |   max   |  Latency |  achieved |   target  | Count| Pipelined|
        +----------+---------+---------+----------+-----------+-----------+------+----------+
        |- Loop 1  |       89|       89|         3|          1|          1|    88|       yes|
        +----------+---------+---------+----------+-----------+-----------+------+----------+

============================================================
+ Verbose Summary: Synthesis Manager
============================================================
InlineROM: 1
ExposeGlobal: 0
============================================================
+ Verbose Summary: CDFG Model
============================================================
IsTopModel: 0
ResetActiveHigh: 1
IsCombinational: 0
IsDatapathOnly: 0
HasWiredReturn: 1
HasMFsm: 2
HasVarLatency: 1
IsPipeline: 0
IsRtlPipelined: 0
IsInstanceOverlapped: 0
IsDontTouch: 0
HasImplIP: 0
IsGatedGlobalClock: 0

+ Individual pipeline summary: 
  * Pipeline-0: initiation interval (II) = 1, depth = 3


============================================================
+ Verbose Summary: Schedule
============================================================
* Number of FSM states : 3
* Pipeline : 1
  Pipeline-0 : II = 1, D = 3, States = { 1 2 3 }
* Dataflow Pipeline: 0

* FSM state transitions: 
1 --> 2 
2 --> 3 
3 --> 

* FSM state operations: 

State 1 <SV = 0> <Delay = 5.04>
ST_1 : Operation 6 [1/1] (0.00ns)   --->   "%a = alloca i32 1"   --->   Operation 6 'alloca' 'a' <Predicate = true> <Delay = 0.00>
ST_1 : Operation 7 [1/1] (0.00ns)   --->   "%a_1 = alloca i32 1"   --->   Operation 7 'alloca' 'a_1' <Predicate = true> <Delay = 0.00>
ST_1 : Operation 8 [1/1] (0.00ns)   --->   "%a_2 = alloca i32 1"   --->   Operation 8 'alloca' 'a_2' <Predicate = true> <Delay = 0.00>
ST_1 : Operation 9 [1/1] (0.00ns)   --->   "%k = alloca i32 1"   --->   Operation 9 'alloca' 'k' <Predicate = true> <Delay = 0.00>
ST_1 : Operation 10 [1/1] (0.00ns)   --->   "%zext_ln681_read = read i86 @_ssdm_op_Read.ap_auto.i86, i86 %zext_ln681"   --->   Operation 10 'read' 'zext_ln681_read' <Predicate = true> <Delay = 0.00>
ST_1 : Operation 11 [1/1] (0.00ns)   --->   "%y_1_read = read i89 @_ssdm_op_Read.ap_auto.i89, i89 %y_1"   --->   Operation 11 'read' 'y_1_read' <Predicate = true> <Delay = 0.00>
ST_1 : Operation 12 [1/1] (0.00ns)   --->   "%zext_ln681_cast = zext i86 %zext_ln681_read"   --->   Operation 12 'zext' 'zext_ln681_cast' <Predicate = true> <Delay = 0.00>
ST_1 : Operation 13 [1/1] (1.58ns)   --->   "%store_ln700 = store i7 0, i7 %k"   --->   Operation 13 'store' 'store_ln700' <Predicate = true> <Delay = 1.58>
ST_1 : Operation 14 [1/1] (1.58ns)   --->   "%store_ln700 = store i86 0, i86 %a_2"   --->   Operation 14 'store' 'store_ln700' <Predicate = true> <Delay = 1.58>
ST_1 : Operation 15 [1/1] (1.58ns)   --->   "%store_ln700 = store i89 %y_1_read, i89 %a_1"   --->   Operation 15 'store' 'store_ln700' <Predicate = true> <Delay = 1.58>
ST_1 : Operation 16 [1/1] (1.58ns)   --->   "%store_ln700 = store i89 %zext_ln681_cast, i89 %a"   --->   Operation 16 'store' 'store_ln700' <Predicate = true> <Delay = 1.58>
ST_1 : Operation 17 [1/1] (0.00ns)   --->   "%br_ln0 = br void %for.body.i"   --->   Operation 17 'br' 'br_ln0' <Predicate = true> <Delay = 0.00>
ST_1 : Operation 18 [1/1] (0.00ns)   --->   "%k_2 = load i7 %k"   --->   Operation 18 'load' 'k_2' <Predicate = true> <Delay = 0.00>
ST_1 : Operation 19 [1/1] (1.87ns)   --->   "%icmp_ln138 = icmp_eq  i7 %k_2, i7 88"   --->   Operation 19 'icmp' 'icmp_ln138' <Predicate = true> <Delay = 1.87> <CoreInst = "Cmp">   --->   Core 9 'Cmp' <Latency = 0> <II = 1> <Delay = 1.87> <FuncUnit> <Opcode : 'seteq' 'setne' 'setle' 'setge' 'setlt' 'setgt'> <InPorts = 2> <OutPorts = 1>
ST_1 : Operation 20 [1/1] (1.87ns)   --->   "%add_ln138 = add i7 %k_2, i7 1"   --->   Operation 20 'add' 'add_ln138' <Predicate = true> <Delay = 1.87> <CoreInst = "Adder">   --->   Core 1 'Adder' <Latency = 0> <II = 1> <Delay = 1.87> <FuncUnit> <Opcode : 'add' 'sub'> <InPorts = 2> <OutPorts = 1>
ST_1 : Operation 21 [1/1] (0.00ns)   --->   "%br_ln700 = br i1 %icmp_ln138, void %cordic_::addsub<0, 0, ap_fixed<89, 4, (ap_q_mode)5, (ap_o_mode)3, 0>, ap_fixed<89, 4, (ap_q_mode)5, (ap_o_mode)3, 0>, ap_uint<1> >.region, void %_ZN7cordic_14cordic_circ_v1ILi88ELi1ELi0ELi0ELi89ELi4ELi86ELi1EEEvR8ap_fixedIXT3_EXT4_EL9ap_q_mode5EL9ap_o_mode3ELi0EES5_RS1_IXT5_EXT6_ELS2_5ELS3_3ELi0EE.exit.exitStub"   --->   Operation 21 'br' 'br_ln700' <Predicate = true> <Delay = 0.00>
ST_1 : Operation 22 [1/1] (0.00ns)   --->   "%zext_ln138 = zext i7 %k_2"   --->   Operation 22 'zext' 'zext_ln138' <Predicate = (!icmp_ln138)> <Delay = 0.00>
ST_1 : Operation 23 [1/1] (0.00ns)   --->   "%cordic_ctab_table_128_addr = getelementptr i126 %cordic_ctab_table_128, i64 0, i64 %zext_ln138"   --->   Operation 23 'getelementptr' 'cordic_ctab_table_128_addr' <Predicate = (!icmp_ln138)> <Delay = 0.00>
ST_1 : Operation 24 [2/2] (3.25ns)   --->   "%cordic_ctab_table_128_load = load i7 %cordic_ctab_table_128_addr"   --->   Operation 24 'load' 'cordic_ctab_table_128_load' <Predicate = (!icmp_ln138)> <Delay = 3.25> <CoreInst = "ROM">   --->   Core 94 'ROM' <Latency = 1> <II = 1> <Delay = 3.25> <Storage> <Opcode : 'load'> <Ports = 0> <Width = 126> <Depth = 128> <ROM>
ST_1 : Operation 25 [1/1] (1.58ns)   --->   "%store_ln700 = store i7 %add_ln138, i7 %k"   --->   Operation 25 'store' 'store_ln700' <Predicate = (!icmp_ln138)> <Delay = 1.58>

State 2 <SV = 1> <Delay = 11.5>
ST_2 : Operation 26 [1/1] (0.00ns)   --->   "%a_load = load i89 %a"   --->   Operation 26 'load' 'a_load' <Predicate = true> <Delay = 0.00>
ST_2 : Operation 27 [1/1] (0.00ns)   --->   "%a_1_load = load i89 %a_1"   --->   Operation 27 'load' 'a_1_load' <Predicate = true> <Delay = 0.00>
ST_2 : Operation 28 [1/1] (0.00ns)   --->   "%add = bitselect i1 @_ssdm_op_BitSelect.i1.i89.i32, i89 %a_1_load, i32 88"   --->   Operation 28 'bitselect' 'add' <Predicate = true> <Delay = 0.00>
ST_2 : Operation 29 [1/1] (0.00ns)   --->   "%zext_ln159 = zext i7 %k_2"   --->   Operation 29 'zext' 'zext_ln159' <Predicate = true> <Delay = 0.00>
ST_2 : Operation 30 [1/1] (4.69ns)   --->   "%y_s = ashr i89 %a_1_load, i89 %zext_ln159"   --->   Operation 30 'ashr' 'y_s' <Predicate = true> <Delay = 4.69> <CoreInst = "Shifter">   --->   Core 75 'Shifter' <Latency = 0> <II = 1> <Delay = 4.69> <FuncUnit> <Opcode : 'shl' 'lshr' 'ashr'> <InPorts = 2> <OutPorts = 1>
ST_2 : Operation 31 [1/1] (0.00ns)   --->   "%rbegin = specregionbegin i32 @_ssdm_op_SpecRegionBegin, void @cordic_KD_KD_addsub_MD_0_MC_AC_0_MC_AC_ap_fixed_MD_89_MC_AC_4_MC_AC_IC_ap_1"   --->   Operation 31 'specregionbegin' 'rbegin' <Predicate = true> <Delay = 0.00>
ST_2 : Operation 32 [1/1] (0.00ns)   --->   "%speclatency_ln700 = speclatency void @_ssdm_op_SpecLatency, i64 0, i64 0, void @empty_0"   --->   Operation 32 'speclatency' 'speclatency_ln700' <Predicate = true> <Delay = 0.00>
ST_2 : Operation 33 [1/1] (4.23ns)   --->   "%sub_ln101 = sub i89 %a_load, i89 %y_s"   --->   Operation 33 'sub' 'sub_ln101' <Predicate = true> <Delay = 4.23> <CoreInst = "Adder">   --->   Core 1 'Adder' <Latency = 0> <II = 1> <Delay = 4.23> <FuncUnit> <Opcode : 'add' 'sub'> <InPorts = 2> <OutPorts = 1>
ST_2 : Operation 34 [1/1] (4.23ns)   --->   "%add_ln101 = add i89 %y_s, i89 %a_load"   --->   Operation 34 'add' 'add_ln101' <Predicate = true> <Delay = 4.23> <CoreInst = "Adder">   --->   Core 1 'Adder' <Latency = 0> <II = 1> <Delay = 4.23> <FuncUnit> <Opcode : 'add' 'sub'> <InPorts = 2> <OutPorts = 1>
ST_2 : Operation 35 [1/1] (1.05ns)   --->   "%x = select i1 %add, i89 %sub_ln101, i89 %add_ln101"   --->   Operation 35 'select' 'x' <Predicate = true> <Delay = 1.05> <CoreInst = "Sel">   --->   Core 73 'Sel' <Latency = 0> <II = 1> <Delay = 1.05> <FuncUnit> <Opcode : 'select'> <InPorts = 3> <OutPorts = 1>
ST_2 : Operation 36 [1/1] (0.00ns)   --->   "%rend = specregionend i32 @_ssdm_op_SpecRegionEnd, void @cordic_KD_KD_addsub_MD_0_MC_AC_0_MC_AC_ap_fixed_MD_89_MC_AC_4_MC_AC_IC_ap_1, i32 %rbegin"   --->   Operation 36 'specregionend' 'rend' <Predicate = true> <Delay = 0.00>
ST_2 : Operation 37 [1/1] (4.69ns)   --->   "%x_s = ashr i89 %a_load, i89 %zext_ln159"   --->   Operation 37 'ashr' 'x_s' <Predicate = true> <Delay = 4.69> <CoreInst = "Shifter">   --->   Core 75 'Shifter' <Latency = 0> <II = 1> <Delay = 4.69> <FuncUnit> <Opcode : 'shl' 'lshr' 'ashr'> <InPorts = 2> <OutPorts = 1>
ST_2 : Operation 38 [1/1] (0.00ns)   --->   "%rbegin9 = specregionbegin i32 @_ssdm_op_SpecRegionBegin, void @cordic_KD_KD_addsub_MD_0_MC_AC_0_MC_AC_ap_fixed_MD_89_MC_AC_4_MC_AC_IC_ap"   --->   Operation 38 'specregionbegin' 'rbegin9' <Predicate = true> <Delay = 0.00>
ST_2 : Operation 39 [1/1] (0.00ns)   --->   "%speclatency_ln700 = speclatency void @_ssdm_op_SpecLatency, i64 0, i64 0, void @empty_0"   --->   Operation 39 'speclatency' 'speclatency_ln700' <Predicate = true> <Delay = 0.00>
ST_2 : Operation 40 [1/1] (4.23ns)   --->   "%sub_ln101_1 = sub i89 %a_1_load, i89 %x_s"   --->   Operation 40 'sub' 'sub_ln101_1' <Predicate = true> <Delay = 4.23> <CoreInst = "Adder">   --->   Core 1 'Adder' <Latency = 0> <II = 1> <Delay = 4.23> <FuncUnit> <Opcode : 'add' 'sub'> <InPorts = 2> <OutPorts = 1>
ST_2 : Operation 41 [1/1] (4.23ns)   --->   "%add_ln101_1 = add i89 %x_s, i89 %a_1_load"   --->   Operation 41 'add' 'add_ln101_1' <Predicate = true> <Delay = 4.23> <CoreInst = "Adder">   --->   Core 1 'Adder' <Latency = 0> <II = 1> <Delay = 4.23> <FuncUnit> <Opcode : 'add' 'sub'> <InPorts = 2> <OutPorts = 1>
ST_2 : Operation 42 [1/1] (1.05ns)   --->   "%y = select i1 %add, i89 %add_ln101_1, i89 %sub_ln101_1"   --->   Operation 42 'select' 'y' <Predicate = true> <Delay = 1.05> <CoreInst = "Sel">   --->   Core 73 'Sel' <Latency = 0> <II = 1> <Delay = 1.05> <FuncUnit> <Opcode : 'select'> <InPorts = 3> <OutPorts = 1>
ST_2 : Operation 43 [1/1] (0.00ns)   --->   "%rend10 = specregionend i32 @_ssdm_op_SpecRegionEnd, void @cordic_KD_KD_addsub_MD_0_MC_AC_0_MC_AC_ap_fixed_MD_89_MC_AC_4_MC_AC_IC_ap, i32 %rbegin9"   --->   Operation 43 'specregionend' 'rend10' <Predicate = true> <Delay = 0.00>
ST_2 : Operation 44 [1/2] ( I:3.25ns O:3.25ns )   --->   "%cordic_ctab_table_128_load = load i7 %cordic_ctab_table_128_addr"   --->   Operation 44 'load' 'cordic_ctab_table_128_load' <Predicate = true> <Delay = 3.25> <CoreInst = "ROM">   --->   Core 94 'ROM' <Latency = 1> <II = 1> <Delay = 3.25> <Storage> <Opcode : 'load'> <Ports = 0> <Width = 126> <Depth = 128> <ROM>
ST_2 : Operation 45 [1/1] (0.00ns)   --->   "%trunc_ln1 = partselect i85 @_ssdm_op_PartSelect.i85.i126.i32.i32, i126 %cordic_ctab_table_128_load, i32 41, i32 125"   --->   Operation 45 'partselect' 'trunc_ln1' <Predicate = true> <Delay = 0.00>
ST_2 : Operation 46 [1/1] (0.00ns)   --->   "%tmp = bitselect i1 @_ssdm_op_BitSelect.i1.i126.i32, i126 %cordic_ctab_table_128_load, i32 40"   --->   Operation 46 'bitselect' 'tmp' <Predicate = true> <Delay = 0.00>
ST_2 : Operation 47 [1/1] (0.00ns)   --->   "%zext_ln163 = zext i1 %tmp"   --->   Operation 47 'zext' 'zext_ln163' <Predicate = true> <Delay = 0.00>
ST_2 : Operation 48 [1/1] (4.12ns)   --->   "%b_2 = add i85 %trunc_ln1, i85 %zext_ln163"   --->   Operation 48 'add' 'b_2' <Predicate = true> <Delay = 4.12> <CoreInst = "Adder">   --->   Core 1 'Adder' <Latency = 0> <II = 1> <Delay = 4.12> <FuncUnit> <Opcode : 'add' 'sub'> <InPorts = 2> <OutPorts = 1>
ST_2 : Operation 49 [1/1] (1.58ns)   --->   "%store_ln700 = store i89 %y, i89 %a_1"   --->   Operation 49 'store' 'store_ln700' <Predicate = true> <Delay = 1.58>
ST_2 : Operation 50 [1/1] (1.58ns)   --->   "%store_ln700 = store i89 %x, i89 %a"   --->   Operation 50 'store' 'store_ln700' <Predicate = true> <Delay = 1.58>
ST_2 : Operation 63 [1/1] (0.00ns)   --->   "%a_2_load = load i86 %a_2"   --->   Operation 63 'load' 'a_2_load' <Predicate = (icmp_ln138)> <Delay = 0.00>
ST_2 : Operation 64 [1/1] (0.00ns)   --->   "%write_ln0 = write void @_ssdm_op_Write.ap_auto.i86P0A, i86 %z_2_out, i86 %a_2_load"   --->   Operation 64 'write' 'write_ln0' <Predicate = (icmp_ln138)> <Delay = 0.00>
ST_2 : Operation 65 [1/1] (1.58ns)   --->   "%ret_ln0 = ret"   --->   Operation 65 'ret' 'ret_ln0' <Predicate = (icmp_ln138)> <Delay = 1.58>

State 3 <SV = 2> <Delay = 6.79>
ST_3 : Operation 51 [1/1] (0.00ns)   --->   "%a_2_load_1 = load i86 %a_2"   --->   Operation 51 'load' 'a_2_load_1' <Predicate = true> <Delay = 0.00>
ST_3 : Operation 52 [1/1] (0.00ns)   --->   "%specpipeline_ln681 = specpipeline void @_ssdm_op_SpecPipeline, i32 4294967295, i32 0, i32 0, i32 0, void @empty_0"   --->   Operation 52 'specpipeline' 'specpipeline_ln681' <Predicate = true> <Delay = 0.00>
ST_3 : Operation 53 [1/1] (0.00ns)   --->   "%speclooptripcount_ln681 = speclooptripcount void @_ssdm_op_SpecLoopTripCount, i64 88, i64 88, i64 88"   --->   Operation 53 'speclooptripcount' 'speclooptripcount_ln681' <Predicate = true> <Delay = 0.00>
ST_3 : Operation 54 [1/1] (0.00ns)   --->   "%zext_ln164 = zext i85 %b_2"   --->   Operation 54 'zext' 'zext_ln164' <Predicate = true> <Delay = 0.00>
ST_3 : Operation 55 [1/1] (0.00ns)   --->   "%rbegin1 = specregionbegin i32 @_ssdm_op_SpecRegionBegin, void @cordic_KD_KD_addsub_MD_0_MC_AC_0_MC_AC_ap_fixed_MD_86_MC_AC_1_MC_AC_IC_ap"   --->   Operation 55 'specregionbegin' 'rbegin1' <Predicate = true> <Delay = 0.00>
ST_3 : Operation 56 [1/1] (0.00ns)   --->   "%speclatency_ln700 = speclatency void @_ssdm_op_SpecLatency, i64 0, i64 0, void @empty_0"   --->   Operation 56 'speclatency' 'speclatency_ln700' <Predicate = true> <Delay = 0.00>
ST_3 : Operation 57 [1/1] (4.14ns)   --->   "%sub_ln101_2 = sub i86 %a_2_load_1, i86 %zext_ln164"   --->   Operation 57 'sub' 'sub_ln101_2' <Predicate = (add)> <Delay = 4.14> <CoreInst = "Adder">   --->   Core 1 'Adder' <Latency = 0> <II = 1> <Delay = 4.14> <FuncUnit> <Opcode : 'add' 'sub'> <InPorts = 2> <OutPorts = 1>
ST_3 : Operation 58 [1/1] (4.14ns)   --->   "%add_ln101_2 = add i86 %zext_ln164, i86 %a_2_load_1"   --->   Operation 58 'add' 'add_ln101_2' <Predicate = (!add)> <Delay = 4.14> <CoreInst = "Adder">   --->   Core 1 'Adder' <Latency = 0> <II = 1> <Delay = 4.14> <FuncUnit> <Opcode : 'add' 'sub'> <InPorts = 2> <OutPorts = 1>
ST_3 : Operation 59 [1/1] (1.05ns)   --->   "%z = select i1 %add, i86 %sub_ln101_2, i86 %add_ln101_2"   --->   Operation 59 'select' 'z' <Predicate = true> <Delay = 1.05> <CoreInst = "Sel">   --->   Core 73 'Sel' <Latency = 0> <II = 1> <Delay = 1.05> <FuncUnit> <Opcode : 'select'> <InPorts = 3> <OutPorts = 1>
ST_3 : Operation 60 [1/1] (0.00ns)   --->   "%rend16 = specregionend i32 @_ssdm_op_SpecRegionEnd, void @cordic_KD_KD_addsub_MD_0_MC_AC_0_MC_AC_ap_fixed_MD_86_MC_AC_1_MC_AC_IC_ap, i32 %rbegin1"   --->   Operation 60 'specregionend' 'rend16' <Predicate = true> <Delay = 0.00>
ST_3 : Operation 61 [1/1] (1.58ns)   --->   "%store_ln700 = store i86 %z, i86 %a_2"   --->   Operation 61 'store' 'store_ln700' <Predicate = true> <Delay = 1.58>
ST_3 : Operation 62 [1/1] (0.00ns)   --->   "%br_ln700 = br void %for.body.i"   --->   Operation 62 'br' 'br_ln700' <Predicate = true> <Delay = 0.00>


============================================================
+ Verbose Summary: Timing violations
============================================================
Target clock period: 16.000ns, clock uncertainty: 4.320ns.

 <State 1>: 5.046ns
The critical path consists of the following:
	'store' operation 0 bit ('store_ln700') of constant 0 on local variable 'k' [12]  (1.588 ns)
	'load' operation 7 bit ('k') on local variable 'k' [18]  (0.000 ns)
	'icmp' operation 1 bit ('icmp_ln138') [19]  (1.870 ns)
	'store' operation 0 bit ('store_ln700') of variable 'add_ln138' on local variable 'k' [58]  (1.588 ns)

 <State 2>: 11.572ns
The critical path consists of the following:
	'load' operation 89 bit ('a_load') on local variable 'a' [23]  (0.000 ns)
	'ashr' operation 89 bit ('x_s') [38]  (4.691 ns)
	'add' operation 89 bit ('add_ln101_1') [42]  (4.236 ns)
	'select' operation 89 bit ('y') [43]  (1.058 ns)
	'store' operation 0 bit ('store_ln700') of variable 'y' on local variable 'a' [60]  (1.588 ns)

 <State 3>: 6.791ns
The critical path consists of the following:
	'load' operation 86 bit ('a_2_load_1') on local variable 'a' [25]  (0.000 ns)
	'add' operation 86 bit ('add_ln101_2') [55]  (4.150 ns)
	'select' operation 86 bit ('z') [56]  (1.053 ns)
	'store' operation 0 bit ('store_ln700') of variable 'z' on local variable 'a' [59]  (1.588 ns)


============================================================
+ Verbose Summary: Binding
============================================================
N/A
* FSMD analyzer results:
  - Output states:
 - Input state : 
  - Chain level:
	State 1
	State 2
	State 3


============================================================
+ Verbose Summary: Datapath Resource usage 
============================================================
N/A
