

================================================================
== Vitis HLS Report for 'atan2_generic_double_Pipeline_1'
================================================================
* Date:           Wed Mar 11 18:45:56 2026

* Version:        2025.1 (Build 6135595 on May 21 2025)
* Project:        equalStep_baseline
* Solution:       hls (Vivado IP Flow Target)
* Product family: zynq
* Target device:  xc7z020-clg400-1


================================================================
== Performance Estimates
================================================================
+ Timing: 
    * Summary: 
    +--------+----------+-----------+------------+
    |  Clock |  Target  | Estimated | Uncertainty|
    +--------+----------+-----------+------------+
    |ap_clk  |  16.00 ns|  11.572 ns|     4.32 ns|
    +--------+----------+-----------+------------+

+ Latency: 
    * Summary: 
    +---------+---------+----------+----------+-----+-----+------------------------------------------------+
    |  Latency (cycles) |  Latency (absolute) |  Interval |                    Pipeline                    |
    |   min   |   max   |    min   |    max   | min | max |                      Type                      |
    +---------+---------+----------+----------+-----+-----+------------------------------------------------+
    |       91|       91|  1.456 us|  1.456 us|   89|   89|  loop auto-rewind stp (delay=0 clock cycles(s))|
    +---------+---------+----------+----------+-----+-----+------------------------------------------------+

    + Detail: 
        * Instance: 
        N/A

        * Loop: 
        +----------+---------+---------+----------+-----------+-----------+------+----------+
        |          |  Latency (cycles) | Iteration|  Initiation Interval  | Trip |          |
        | Loop Name|   min   |   max   |  Latency |  achieved |   target  | Count| Pipelined|
        +----------+---------+---------+----------+-----------+-----------+------+----------+
        |- Loop 1  |       89|       89|         3|          1|          1|    88|       yes|
        +----------+---------+---------+----------+-----------+-----------+------+----------+

============================================================
+ Verbose Summary: Synthesis Manager
============================================================
InlineROM: 1
ExposeGlobal: 0
============================================================
+ Verbose Summary: CDFG Model
============================================================
IsTopModel: 0
ResetActiveHigh: 1
IsCombinational: 0
IsDatapathOnly: 0
HasWiredReturn: 1
HasMFsm: 2
HasVarLatency: 1
IsPipeline: 0
IsRtlPipelined: 0
IsInstanceOverlapped: 0
IsDontTouch: 0
HasImplIP: 0
IsGatedGlobalClock: 0

+ Individual pipeline summary: 
  * Pipeline-0: initiation interval (II) = 1, depth = 3


============================================================
+ Verbose Summary: Schedule
============================================================
* Number of FSM states : 3
* Pipeline : 1
  Pipeline-0 : II = 1, D = 3, States = { 1 2 3 }
* Dataflow Pipeline: 0

* FSM state transitions: 
1 --> 2 
2 --> 3 
3 --> 

* FSM state operations: 

State 1 <SV = 0> <Delay = 5.04>
ST_1 : Operation 6 [1/1] (0.00ns)   --->   "%a = alloca i32 1"   --->   Operation 6 'alloca' 'a' <Predicate = true> <Delay = 0.00>
ST_1 : Operation 7 [1/1] (0.00ns)   --->   "%a_1 = alloca i32 1"   --->   Operation 7 'alloca' 'a_1' <Predicate = true> <Delay = 0.00>
ST_1 : Operation 8 [1/1] (0.00ns)   --->   "%a_2 = alloca i32 1"   --->   Operation 8 'alloca' 'a_2' <Predicate = true> <Delay = 0.00>
ST_1 : Operation 9 [1/1] (0.00ns)   --->   "%k = alloca i32 1"   --->   Operation 9 'alloca' 'k' <Predicate = true> <Delay = 0.00>
ST_1 : Operation 10 [1/1] (0.00ns)   --->   "%zext_ln681_read = read i86 @_ssdm_op_Read.ap_auto.i86, i86 %zext_ln681"   --->   Operation 10 'read' 'zext_ln681_read' <Predicate = true> <Delay = 0.00>
ST_1 : Operation 11 [1/1] (0.00ns)   --->   "%y_1_read = read i89 @_ssdm_op_Read.ap_auto.i89, i89 %y_1"   --->   Operation 11 'read' 'y_1_read' <Predicate = true> <Delay = 0.00>
ST_1 : Operation 12 [1/1] (0.00ns)   --->   "%zext_ln681_cast = zext i86 %zext_ln681_read"   --->   Operation 12 'zext' 'zext_ln681_cast' <Predicate = true> <Delay = 0.00>
ST_1 : Operation 13 [1/1] (1.58ns)   --->   "%store_ln700 = store i7 0, i7 %k"   --->   Operation 13 'store' 'store_ln700' <Predicate = true> <Delay = 1.58>
ST_1 : Operation 14 [1/1] (1.58ns)   --->   "%store_ln700 = store i86 0, i86 %a_2"   --->   Operation 14 'store' 'store_ln700' <Predicate = true> <Delay = 1.58>
ST_1 : Operation 15 [1/1] (1.58ns)   --->   "%store_ln700 = store i89 %y_1_read, i89 %a_1"   --->   Operation 15 'store' 'store_ln700' <Predicate = true> <Delay = 1.58>
ST_1 : Operation 16 [1/1] (1.58ns)   --->   "%store_ln700 = store i89 %zext_ln681_cast, i89 %a"   --->   Operation 16 'store' 'store_ln700' <Predicate = true> <Delay = 1.58>
ST_1 : Operation 17 [1/1] (0.00ns)   --->   "%br_ln0 = br void %for.body.i"   --->   Operation 17 'br' 'br_ln0' <Predicate = true> <Delay = 0.00>
ST_1 : Operation 18 [1/1] (0.00ns)   --->   "%k_2 = load i7 %k"   --->   Operation 18 'load' 'k_2' <Predicate = true> <Delay = 0.00>
ST_1 : Operation 19 [1/1] (1.87ns)   --->   "%icmp_ln138 = icmp_eq  i7 %k_2, i7 88"   --->   Operation 19 'icmp' 'icmp_ln138' <Predicate = true> <Delay = 1.87> <CoreInst = "Cmp">   --->   Core 9 'Cmp' <Latency = 0> <II = 1> <Delay = 1.87> <FuncUnit> <Opcode : 'seteq' 'setne' 'setle' 'setge' 'setlt' 'setgt'> <InPorts = 2> <OutPorts = 1>
ST_1 : Operation 20 [1/1] (1.87ns)   --->   "%add_ln138 = add i7 %k_2, i7 1"   --->   Operation 20 'add' 'add_ln138' <Predicate = true> <Delay = 1.87> <CoreInst = "Adder">   --->   Core 1 'Adder' <Latency = 0> <II = 1> <Delay = 1.87> <FuncUnit> <Opcode : 'add' 'sub'> <InPorts = 2> <OutPorts = 1>
ST_1 : Operation 21 [1/1] (0.00ns)   --->   "%br_ln700 = br i1 %icmp_ln138, void %cordic_::addsub<0, 0, ap_fixed<89, 4, (ap_q_mode)5, (ap_o_mode)3, 0>, ap_fixed<89, 4, (ap_q_mode)5, (ap_o_mode)3, 0>, ap_uint<1> >.region, void %_ZN7cordic_14cordic_circ_v1ILi88ELi1ELi0ELi0ELi89ELi4ELi86ELi1EEEvR8ap_fixedIXT3_EXT4_EL9ap_q_mode5EL9ap_o_mode3ELi0EES5_RS1_IXT5_EXT6_ELS2_5ELS3_3ELi0EE.exit.exitStub"   --->   Operation 21 'br' 'br_ln700' <Predicate = true> <Delay = 0.00>
ST_1 : Operation 22 [1/1] (0.00ns)   --->   "%zext_ln138 = zext i7 %k_2"   --->   Operation 22 'zext' 'zext_ln138' <Predicate = (!icmp_ln138)> <Delay = 0.00>
ST_1 : Operation 23 [1/1] (0.00ns)   --->   "%cordic_ctab_table_128_addr = getelementptr i126 %cordic_ctab_table_128, i64 0, i64 %zext_ln138"   --->   Operation 23 'getelementptr' 'cordic_ctab_table_128_addr' <Predicate = (!icmp_ln138)> <Delay = 0.00>
ST_1 : Operation 24 [2/2] (3.25ns)   --->   "%cordic_ctab_table_128_load = load i7 %cordic_ctab_table_128_addr"   --->   Operation 24 'load' 'cordic_ctab_table_128_load' <Predicate = (!icmp_ln138)> <Delay = 3.25> <CoreInst = "ROM">   --->   Core 94 'ROM' <Latency = 1> <II = 1> <Delay = 3.25> <Storage> <Opcode : 'load'> <Ports = 0> <Width = 126> <Depth = 128> <ROM>
ST_1 : Operation 25 [1/1] (1.58ns)   --->   "%store_ln700 = store i7 %add_ln138, i7 %k"   --->   Operation 25 'store' 'store_ln700' <Predicate = (!icmp_ln138)> <Delay = 1.58>

State 2 <SV = 1> <Delay = 11.5>
ST_2 : Operation 26 [1/1] (0.00ns)   --->   "%a_load = load i89 %a"   --->   Operation 26 'load' 'a_load' <Predicate = true> <Delay = 0.00>
ST_2 : Operation 27 [1/1] (0.00ns)   --->   "%a_1_load = load i89 %a_1"   --->   Operation 27 'load' 'a_1_load' <Predicate = true> <Delay = 0.00>
ST_2 : Operation 28 [1/1] (0.00ns)   --->   "%add = bitselect i1 @_ssdm_op_BitSelect.i1.i89.i32, i89 %a_1_load, i32 88"   --->   Operation 28 'bitselect' 'add' <Predicate = true> <Delay = 0.00>
ST_2 : Operation 29 [1/1] (0.00ns)   --->   "%zext_ln159 = zext i7 %k_2"   --->   Operation 29 'zext' 'zext_ln159' <Predicate = true> <Delay = 0.00>
ST_2 : Operation 30 [1/1] (4.69ns)   --->   "%y_s = ashr i89 %a_1_load, i89 %zext_ln159"   --->   Operation 30 'ashr' 'y_s' <Predicate = true> <Delay = 4.69> <CoreInst = "Shifter">   --->   Core 75 'Shifter' <Latency = 0> <II = 1> <Delay = 4.69> <FuncUnit> <Opcode : 'shl' 'lshr' 'ashr'> <InPorts = 2> <OutPorts = 1>
ST_2 : Operation 31 [1/1] (0.00ns)   --->   "%rbegin = specregionbegin i32 @_ssdm_op_SpecRegionBegin, void @cordic_KD_KD_addsub_MD_0_MC_AC_0_MC_AC_ap_fixed_MD_89_MC_AC_4_MC_AC_IC_ap_1"   --->   Operation 31 'specregionbegin' 'rbegin' <Predicate = true> <Delay = 0.00>
ST_2 : Operation 32 [1/1] (0.00ns)   --->   "%speclatency_ln700 = speclatency void @_ssdm_op_SpecLatency, i64 0, i64 0, void @empty_0"   --->   Operation 32 'speclatency' 'speclatency_ln700' <Predicate = true> <Delay = 0.00>
ST_2 : Operation 33 [1/1] (4.23ns)   --->   "%sub_ln101 = sub i89 %a_load, i89 %y_s"   --->   Operation 33 'sub' 'sub_ln101' <Predicate = true> <Delay = 4.23> <CoreInst = "Adder">   --->   Core 1 'Adder' <Latency = 0> <II = 1> <Delay = 4.23> <FuncUnit> <Opcode : 'add' 'sub'> <InPorts = 2> <OutPorts = 1>
ST_2 : Operation 34 [1/1] (4.23ns)   --->   "%add_ln101 = add i89 %y_s, i89 %a_load"   --->   Operation 34 'add' 'add_ln101' <Predicate = true> <Delay = 4.23> <CoreInst = "Adder">   --->   Core 1 'Adder' <Latency = 0> <II = 1> <Delay = 4.23> <FuncUnit> <Opcode : 'add' 'sub'> <InPorts = 2> <OutPorts = 1>
ST_2 : Operation 35 [1/1] (1.05ns)   --->   "%x = select i1 %add, i89 %sub_ln101, i89 %add_ln101"   --->   Operation 35 'select' 'x' <Predicate = true> <Delay = 1.05> <CoreInst = "Sel">   --->   Core 73 'Sel' <Latency = 0> <II = 1> <Delay = 1.05> <FuncUnit> <Opcode : 'select'> <InPorts = 3> <OutPorts = 1>
ST_2 : Operation 36 [1/1] (0.00ns)   --->   "%rend = specregionend i32 @_ssdm_op_SpecRegionEnd, void @cordic_KD_KD_addsub_MD_0_MC_AC_0_MC_AC_ap_fixed_MD_89_MC_AC_4_MC_AC_IC_ap_1, i32 %rbegin"   --->   Operation 36 'specregionend' 'rend' <Predicate = true> <Delay = 0.00>
ST_2 : Operation 37 [1/1] (4.69ns)   --->   "%x_s = ashr i89 %a_load, i89 %zext_ln159"   --->   Operation 37 'ashr' 'x_s' <Predicate = true> <Delay = 4.69> <CoreInst = "Shifter">   --->   Core 75 'Shifter' <Latency = 0> <II = 1> <Delay = 4.69> <FuncUnit> <Opcode : 'shl' 'lshr' 'ashr'> <InPorts = 2> <OutPorts = 1>
ST_2 : Operation 38 [1/1] (0.00ns)   --->   "%rbegin9 = specregionbegin i32 @_ssdm_op_SpecRegionBegin, void @cordic_KD_KD_addsub_MD_0_MC_AC_0_MC_AC_ap_fixed_MD_89_MC_AC_4_MC_AC_IC_ap"   --->   Operation 38 'specregionbegin' 'rbegin9' <Predicate = true> <Delay = 0.00>
ST_2 : Operation 39 [1/1] (0.00ns)   --->   "%speclatency_ln700 = speclatency void @_ssdm_op_SpecLatency, i64 0, i64 0, void @empty_0"   --->   Operation 39 'speclatency' 'speclatency_ln700' <Predicate = true> <Delay = 0.00>
ST_2 : Operation 40 [1/1] (4.23ns)   --->   "%sub_ln101_1 = sub i89 %a_1_load, i89 %x_s"   --->   Operation 40 'sub' 'sub_ln101_1' <Predicate = true> <Delay = 4.23> <CoreInst = "Adder">   --->   Core 1 'Adder' <Latency = 0> <II = 1> <Delay = 4.23> <FuncUnit> <Opcode : 'add' 'sub'> <InPorts = 2> <OutPorts = 1>
ST_2 : Operation 41 [1/1] (4.23ns)   --->   "%add_ln101_1 = add i89 %x_s, i89 %a_1_load"   --->   Operation 41 'add' 'add_ln101_1' <Predicate = true> <Delay = 4.23> <CoreInst = "Adder">   --->   Core 1 'Adder' <Latency = 0> <II = 1> <Delay = 4.23> <FuncUnit> <Opcode : 'add' 'sub'> <InPorts = 2> <OutPorts = 1>
ST_2 : Operation 42 [1/1] (1.05ns)   --->   "%y = select i1 %add, i89 %add_ln101_1, i89 %sub_ln101_1"   --->   Operation 42 'select' 'y' <Predicate = true> <Delay = 1.05> <CoreInst = "Sel">   --->   Core 73 'Sel' <Latency = 0> <II = 1> <Delay = 1.05> <FuncUnit> <Opcode : 'select'> <InPorts = 3> <OutPorts = 1>
ST_2 : Operation 43 [1/1] (0.00ns)   --->   "%rend10 = specregionend i32 @_ssdm_op_SpecRegionEnd, void @cordic_KD_KD_addsub_MD_0_MC_AC_0_MC_AC_ap_fixed_MD_89_MC_AC_4_MC_AC_IC_ap, i32 %rbegin9"   --->   Operation 43 'specregionend' 'rend10' <Predicate = true> <Delay = 0.00>
ST_2 : Operation 44 [1/2] ( I:3.25ns O:3.25ns )   --->   "%cordic_ctab_table_128_load = load i7 %cordic_ctab_table_128_addr"   --->   Operation 44 'load' 'cordic_ctab_table_128_load' <Predicate = true> <Delay = 3.25> <CoreInst = "ROM">   --->   Core 94 'ROM' <Latency = 1> <II = 1> <Delay = 3.25> <Storage> <Opcode : 'load'> <Ports = 0> <Width = 126> <Depth = 128> <ROM>
ST_2 : Operation 45 [1/1] (0.00ns)   --->   "%trunc_ln1 = partselect i85 @_ssdm_op_PartSelect.i85.i126.i32.i32, i126 %cordic_ctab_table_128_load, i32 41, i32 125"   --->   Operation 45 'partselect' 'trunc_ln1' <Predicate = true> <Delay = 0.00>
ST_2 : Operation 46 [1/1] (0.00ns)   --->   "%tmp = bitselect i1 @_ssdm_op_BitSelect.i1.i126.i32, i126 %cordic_ctab_table_128_load, i32 40"   --->   Operation 46 'bitselect' 'tmp' <Predicate = true> <Delay = 0.00>
ST_2 : Operation 47 [1/1] (0.00ns)   --->   "%zext_ln163 = zext i1 %tmp"   --->   Operation 47 'zext' 'zext_ln163' <Predicate = true> <Delay = 0.00>
ST_2 : Operation 48 [1/1] (4.12ns)   --->   "%b_2 = add i85 %trunc_ln1, i85 %zext_ln163"   --->   Operation 48 'add' 'b_2' <Predicate = true> <Delay = 4.12> <CoreInst = "Adder">   --->   Core 1 'Adder' <Latency = 0> <II = 1> <Delay = 4.12> <FuncUnit> <Opcode : 'add' 'sub'> <InPorts = 2> <OutPorts = 1>
ST_2 : Operation 49 [1/1] (1.58ns)   --->   "%store_ln700 = store i89 %y, i89 %a_1"   --->   Operation 49 'store' 'store_ln700' <Predicate = true> <Delay = 1.58>
ST_2 : Operation 50 [1/1] (1.58ns)   --->   "%store_ln700 = store i89 %x, i89 %a"   --->   Operation 50 'store' 'store_ln700' <Predicate = true> <Delay = 1.58>
ST_2 : Operation 63 [1/1] (0.00ns)   --->   "%a_2_load = load i86 %a_2"   --->   Operation 63 'load' 'a_2_load' <Predicate = (icmp_ln138)> <Delay = 0.00>
ST_2 : Operation 64 [1/1] (0.00ns)   --->   "%write_ln0 = write void @_ssdm_op_Write.ap_auto.i86P0A, i86 %z_2_out, i86 %a_2_load"   --->   Operation 64 'write' 'write_ln0' <Predicate = (icmp_ln138)> <Delay = 0.00>
ST_2 : Operation 65 [1/1] (1.58ns)   --->   "%ret_ln0 = ret"   --->   Operation 65 'ret' 'ret_ln0' <Predicate = (icmp_ln138)> <Delay = 1.58>

State 3 <SV = 2> <Delay = 6.79>
ST_3 : Operation 51 [1/1] (0.00ns)   --->   "%a_2_load_1 = load i86 %a_2"   --->   Operation 51 'load' 'a_2_load_1' <Predicate = true> <Delay = 0.00>
ST_3 : Operation 52 [1/1] (0.00ns)   --->   "%specpipeline_ln681 = specpipeline void @_ssdm_op_SpecPipeline, i32 4294967295, i32 0, i32 0, i32 0, void @empty_0"   --->   Operation 52 'specpipeline' 'specpipeline_ln681' <Predicate = true> <Delay = 0.00>
ST_3 : Operation 53 [1/1] (0.00ns)   --->   "%speclooptripcount_ln681 = speclooptripcount void @_ssdm_op_SpecLoopTripCount, i64 88, i64 88, i64 88"   --->   Operation 53 'speclooptripcount' 'speclooptripcount_ln681' <Predicate = true> <Delay = 0.00>
ST_3 : Operation 54 [1/1] (0.00ns)   --->   "%zext_ln164 = zext i85 %b_2"   --->   Operation 54 'zext' 'zext_ln164' <Predicate = true> <Delay = 0.00>
ST_3 : Operation 55 [1/1] (0.00ns)   --->   "%rbegin1 = specregionbegin i32 @_ssdm_op_SpecRegionBegin, void @cordic_KD_KD_addsub_MD_0_MC_AC_0_MC_AC_ap_fixed_MD_86_MC_AC_1_MC_AC_IC_ap"   --->   Operation 55 'specregionbegin' 'rbegin1' <Predicate = true> <Delay = 0.00>
ST_3 : Operation 56 [1/1] (0.00ns)   --->   "%speclatency_ln700 = speclatency void @_ssdm_op_SpecLatency, i64 0, i64 0, void @empty_0"   --->   Operation 56 'speclatency' 'speclatency_ln700' <Predicate = true> <Delay = 0.00>
ST_3 : Operation 57 [1/1] (4.14ns)   --->   "%sub_ln101_2 = sub i86 %a_2_load_1, i86 %zext_ln164"   --->   Operation 57 'sub' 'sub_ln101_2' <Predicate = (add)> <Delay = 4.14> <CoreInst = "Adder">   --->   Core 1 'Adder' <Latency = 0> <II = 1> <Delay = 4.14> <FuncUnit> <Opcode : 'add' 'sub'> <InPorts = 2> <OutPorts = 1>
ST_3 : Operation 58 [1/1] (4.14ns)   --->   "%add_ln101_2 = add i86 %zext_ln164, i86 %a_2_load_1"   --->   Operation 58 'add' 'add_ln101_2' <Predicate = (!add)> <Delay = 4.14> <CoreInst = "Adder">   --->   Core 1 'Adder' <Latency = 0> <II = 1> <Delay = 4.14> <FuncUnit> <Opcode : 'add' 'sub'> <InPorts = 2> <OutPorts = 1>
ST_3 : Operation 59 [1/1] (1.05ns)   --->   "%z = select i1 %add, i86 %sub_ln101_2, i86 %add_ln101_2"   --->   Operation 59 'select' 'z' <Predicate = true> <Delay = 1.05> <CoreInst = "Sel">   --->   Core 73 'Sel' <Latency = 0> <II = 1> <Delay = 1.05> <FuncUnit> <Opcode : 'select'> <InPorts = 3> <OutPorts = 1>
ST_3 : Operation 60 [1/1] (0.00ns)   --->   "%rend16 = specregionend i32 @_ssdm_op_SpecRegionEnd, void @cordic_KD_KD_addsub_MD_0_MC_AC_0_MC_AC_ap_fixed_MD_86_MC_AC_1_MC_AC_IC_ap, i32 %rbegin1"   --->   Operation 60 'specregionend' 'rend16' <Predicate = true> <Delay = 0.00>
ST_3 : Operation 61 [1/1] (1.58ns)   --->   "%store_ln700 = store i86 %z, i86 %a_2"   --->   Operation 61 'store' 'store_ln700' <Predicate = true> <Delay = 1.58>
ST_3 : Operation 62 [1/1] (0.00ns)   --->   "%br_ln700 = br void %for.body.i"   --->   Operation 62 'br' 'br_ln700' <Predicate = true> <Delay = 0.00>


============================================================
+ Verbose Summary: Binding
============================================================
STG Binding: 
---------------- STG Properties BEGIN ----------------
- Is combinational: 0
- Is one-state seq: 0
- Is datapath-only: 0
- Is pipelined: 0
- Is top level: 0
Port [ Return ] is wired: 1; IO mode=ap_ctrl_hs:ce=0
Port [ y_1]:  wired=1; compound=0; hidden=0; nouse=0; global=0; static=0; extern=0; dir=0; type=0; pingpong=0; private_global=0; IO mode=ap_none:ce=0
Port [ zext_ln681]:  wired=1; compound=0; hidden=0; nouse=0; global=0; static=0; extern=0; dir=0; type=0; pingpong=0; private_global=0; IO mode=ap_none:ce=0
Port [ z_2_out]:  wired=1; compound=0; hidden=0; nouse=0; global=0; static=0; extern=0; dir=1; type=0; pingpong=0; private_global=0; IO mode=ap_vld:ce=0
Port [ cordic_ctab_table_128]:  wired=0; compound=1; hidden=1; nouse=0; global=1; static=1; extern=0; dir=0; type=1; pingpong=0; private_global=1; MemPort=[1]; IO mode=ap_memory:ce=0
---------------- STG Properties END ------------------

---------------- Datapath Model BEGIN ----------------

<LifeTime>
<method=bitvector/>
a                          (alloca           ) [ 0110]
a_1                        (alloca           ) [ 0110]
a_2                        (alloca           ) [ 0111]
k                          (alloca           ) [ 0100]
zext_ln681_read            (read             ) [ 0000]
y_1_read                   (read             ) [ 0000]
zext_ln681_cast            (zext             ) [ 0000]
store_ln700                (store            ) [ 0000]
store_ln700                (store            ) [ 0000]
store_ln700                (store            ) [ 0000]
store_ln700                (store            ) [ 0000]
br_ln0                     (br               ) [ 0000]
k_2                        (load             ) [ 0110]
icmp_ln138                 (icmp             ) [ 0110]
add_ln138                  (add              ) [ 0000]
br_ln700                   (br               ) [ 0000]
zext_ln138                 (zext             ) [ 0000]
cordic_ctab_table_128_addr (getelementptr    ) [ 0110]
store_ln700                (store            ) [ 0000]
a_load                     (load             ) [ 0000]
a_1_load                   (load             ) [ 0000]
add                        (bitselect        ) [ 0101]
zext_ln159                 (zext             ) [ 0000]
y_s                        (ashr             ) [ 0000]
rbegin                     (specregionbegin  ) [ 0000]
speclatency_ln700          (speclatency      ) [ 0000]
sub_ln101                  (sub              ) [ 0000]
add_ln101                  (add              ) [ 0000]
x                          (select           ) [ 0000]
rend                       (specregionend    ) [ 0000]
x_s                        (ashr             ) [ 0000]
rbegin9                    (specregionbegin  ) [ 0000]
speclatency_ln700          (speclatency      ) [ 0000]
sub_ln101_1                (sub              ) [ 0000]
add_ln101_1                (add              ) [ 0000]
y                          (select           ) [ 0000]
rend10                     (specregionend    ) [ 0000]
cordic_ctab_table_128_load (load             ) [ 0000]
trunc_ln1                  (partselect       ) [ 0000]
tmp                        (bitselect        ) [ 0000]
zext_ln163                 (zext             ) [ 0000]
b_2                        (add              ) [ 0101]
store_ln700                (store            ) [ 0000]
store_ln700                (store            ) [ 0000]
a_2_load_1                 (load             ) [ 0000]
specpipeline_ln681         (specpipeline     ) [ 0000]
speclooptripcount_ln681    (speclooptripcount) [ 0000]
zext_ln164                 (zext             ) [ 0000]
rbegin1                    (specregionbegin  ) [ 0000]
speclatency_ln700          (speclatency      ) [ 0000]
sub_ln101_2                (sub              ) [ 0000]
add_ln101_2                (add              ) [ 0000]
z                          (select           ) [ 0000]
rend16                     (specregionend    ) [ 0000]
store_ln700                (store            ) [ 0000]
br_ln700                   (br               ) [ 0000]
a_2_load                   (load             ) [ 0000]
write_ln0                  (write            ) [ 0000]
ret_ln0                    (ret              ) [ 0000]
</LifeTime>

<model>

<comp_list>
<comp id="0" class="1000" name="y_1">
<pin_list>
<pin id="1" dir="1" index="0" bw="1" slack="0"/>
</pin_list>
<bind>
<StgValue><ssdm name="y_1"/></StgValue>
</bind>
</comp>

<comp id="2" class="1000" name="zext_ln681">
<pin_list>
<pin id="3" dir="1" index="0" bw="1" slack="0"/>
</pin_list>
<bind>
<StgValue><ssdm name="zext_ln681"/></StgValue>
</bind>
</comp>

<comp id="4" class="1000" name="z_2_out">
<pin_list>
<pin id="5" dir="1" index="0" bw="1" slack="0"/>
</pin_list>
<bind>
<StgValue><ssdm name="z_2_out"/></StgValue>
</bind>
</comp>

<comp id="6" class="1000" name="cordic_ctab_table_128">
<pin_list>
<pin id="7" dir="1" index="0" bw="1" slack="0"/>
</pin_list>
<bind>
<StgValue><ssdm name="cordic_ctab_table_128"/><MemPortTyVec>1 </MemPortTyVec>
</StgValue>
</bind>
</comp>

<comp id="8" class="1001" name="const_8">
<pin_list>
<pin id="9" dir="1" index="0" bw="1" slack="0"/>
</pin_list>
<bind>
<StgValue><ssdm name=""/></StgValue>
</bind>
</comp>

<comp id="10" class="1001" name="const_10">
<pin_list>
<pin id="11" dir="1" index="0" bw="1" slack="0"/>
</pin_list>
<bind>
<StgValue><ssdm name="_ssdm_op_Read.ap_auto.i86"/></StgValue>
</bind>
</comp>

<comp id="12" class="1001" name="const_12">
<pin_list>
<pin id="13" dir="1" index="0" bw="1" slack="0"/>
</pin_list>
<bind>
<StgValue><ssdm name="_ssdm_op_Read.ap_auto.i89"/></StgValue>
</bind>
</comp>

<comp id="14" class="1001" name="const_14">
<pin_list>
<pin id="15" dir="1" index="0" bw="1" slack="0"/>
</pin_list>
<bind>
<StgValue><ssdm name=""/></StgValue>
</bind>
</comp>

<comp id="16" class="1001" name="const_16">
<pin_list>
<pin id="17" dir="1" index="0" bw="1" slack="0"/>
</pin_list>
<bind>
<StgValue><ssdm name=""/></StgValue>
</bind>
</comp>

<comp id="18" class="1001" name="const_18">
<pin_list>
<pin id="19" dir="1" index="0" bw="1" slack="0"/>
</pin_list>
<bind>
<StgValue><ssdm name=""/></StgValue>
</bind>
</comp>

<comp id="20" class="1001" name="const_20">
<pin_list>
<pin id="21" dir="1" index="0" bw="1" slack="0"/>
</pin_list>
<bind>
<StgValue><ssdm name=""/></StgValue>
</bind>
</comp>

<comp id="22" class="1001" name="const_22">
<pin_list>
<pin id="23" dir="1" index="0" bw="1" slack="0"/>
</pin_list>
<bind>
<StgValue><ssdm name=""/></StgValue>
</bind>
</comp>

<comp id="24" class="1001" name="const_24">
<pin_list>
<pin id="25" dir="1" index="0" bw="1" slack="0"/>
</pin_list>
<bind>
<StgValue><ssdm name="_ssdm_op_BitSelect.i1.i89.i32"/></StgValue>
</bind>
</comp>

<comp id="26" class="1001" name="const_26">
<pin_list>
<pin id="27" dir="1" index="0" bw="1" slack="0"/>
</pin_list>
<bind>
<StgValue><ssdm name=""/></StgValue>
</bind>
</comp>

<comp id="28" class="1001" name="const_28">
<pin_list>
<pin id="29" dir="1" index="0" bw="1" slack="2147483647"/>
</pin_list>
<bind>
<StgValue><ssdm name="_ssdm_op_SpecRegionBegin"/></StgValue>
</bind>
</comp>

<comp id="30" class="1001" name="const_30">
<pin_list>
<pin id="31" dir="1" index="0" bw="1" slack="2147483647"/>
</pin_list>
<bind>
<StgValue><ssdm name="cordic_KD_KD_addsub_MD_0_MC_AC_0_MC_AC_ap_fixed_MD_89_MC_AC_4_MC_AC_IC_ap_1"/></StgValue>
</bind>
</comp>

<comp id="32" class="1001" name="const_32">
<pin_list>
<pin id="33" dir="1" index="0" bw="1" slack="2147483647"/>
</pin_list>
<bind>
<StgValue><ssdm name="_ssdm_op_SpecLatency"/></StgValue>
</bind>
</comp>

<comp id="34" class="1001" name="const_34">
<pin_list>
<pin id="35" dir="1" index="0" bw="1" slack="2147483647"/>
</pin_list>
<bind>
<StgValue><ssdm name="empty_0"/></StgValue>
</bind>
</comp>

<comp id="36" class="1001" name="const_36">
<pin_list>
<pin id="37" dir="1" index="0" bw="1" slack="2147483647"/>
</pin_list>
<bind>
<StgValue><ssdm name="_ssdm_op_SpecRegionEnd"/></StgValue>
</bind>
</comp>

<comp id="38" class="1001" name="const_38">
<pin_list>
<pin id="39" dir="1" index="0" bw="1" slack="2147483647"/>
</pin_list>
<bind>
<StgValue><ssdm name="cordic_KD_KD_addsub_MD_0_MC_AC_0_MC_AC_ap_fixed_MD_89_MC_AC_4_MC_AC_IC_ap"/></StgValue>
</bind>
</comp>

<comp id="40" class="1001" name="const_40">
<pin_list>
<pin id="41" dir="1" index="0" bw="1" slack="0"/>
</pin_list>
<bind>
<StgValue><ssdm name="_ssdm_op_PartSelect.i85.i126.i32.i32"/></StgValue>
</bind>
</comp>

<comp id="42" class="1001" name="const_42">
<pin_list>
<pin id="43" dir="1" index="0" bw="1" slack="0"/>
</pin_list>
<bind>
<StgValue><ssdm name=""/></StgValue>
</bind>
</comp>

<comp id="44" class="1001" name="const_44">
<pin_list>
<pin id="45" dir="1" index="0" bw="1" slack="0"/>
</pin_list>
<bind>
<StgValue><ssdm name=""/></StgValue>
</bind>
</comp>

<comp id="46" class="1001" name="const_46">
<pin_list>
<pin id="47" dir="1" index="0" bw="1" slack="0"/>
</pin_list>
<bind>
<StgValue><ssdm name="_ssdm_op_BitSelect.i1.i126.i32"/></StgValue>
</bind>
</comp>

<comp id="48" class="1001" name="const_48">
<pin_list>
<pin id="49" dir="1" index="0" bw="1" slack="0"/>
</pin_list>
<bind>
<StgValue><ssdm name=""/></StgValue>
</bind>
</comp>

<comp id="50" class="1001" name="const_50">
<pin_list>
<pin id="51" dir="1" index="0" bw="1" slack="2147483647"/>
</pin_list>
<bind>
<StgValue><ssdm name="_ssdm_op_SpecPipeline"/></StgValue>
</bind>
</comp>

<comp id="52" class="1001" name="const_52">
<pin_list>
<pin id="53" dir="1" index="0" bw="1" slack="2147483647"/>
</pin_list>
<bind>
<StgValue><ssdm name=""/></StgValue>
</bind>
</comp>

<comp id="54" class="1001" name="const_54">
<pin_list>
<pin id="55" dir="1" index="0" bw="1" slack="2147483647"/>
</pin_list>
<bind>
<StgValue><ssdm name=""/></StgValue>
</bind>
</comp>

<comp id="56" class="1001" name="const_56">
<pin_list>
<pin id="57" dir="1" index="0" bw="1" slack="2147483647"/>
</pin_list>
<bind>
<StgValue><ssdm name="_ssdm_op_SpecLoopTripCount"/></StgValue>
</bind>
</comp>

<comp id="58" class="1001" name="const_58">
<pin_list>
<pin id="59" dir="1" index="0" bw="1" slack="2147483647"/>
</pin_list>
<bind>
<StgValue><ssdm name=""/></StgValue>
</bind>
</comp>

<comp id="60" class="1001" name="const_60">
<pin_list>
<pin id="61" dir="1" index="0" bw="1" slack="2147483647"/>
</pin_list>
<bind>
<StgValue><ssdm name="cordic_KD_KD_addsub_MD_0_MC_AC_0_MC_AC_ap_fixed_MD_86_MC_AC_1_MC_AC_IC_ap"/></StgValue>
</bind>
</comp>

<comp id="62" class="1001" name="const_62">
<pin_list>
<pin id="63" dir="1" index="0" bw="1" slack="0"/>
</pin_list>
<bind>
<StgValue><ssdm name="_ssdm_op_Write.ap_auto.i86P0A"/></StgValue>
</bind>
</comp>

<comp id="64" class="1004" name="a_fu_64">
<pin_list>
<pin id="65" dir="0" index="0" bw="1" slack="0"/>
<pin id="66" dir="1" index="1" bw="89" slack="0"/>
</pin_list>
<bind>
<opcode="alloca(26) " fcode="alloca"/>
<opset="a/1 "/>
</bind>
</comp>

<comp id="68" class="1004" name="a_1_fu_68">
<pin_list>
<pin id="69" dir="0" index="0" bw="1" slack="0"/>
<pin id="70" dir="1" index="1" bw="89" slack="0"/>
</pin_list>
<bind>
<opcode="alloca(26) " fcode="alloca"/>
<opset="a_1/1 "/>
</bind>
</comp>

<comp id="72" class="1004" name="a_2_fu_72">
<pin_list>
<pin id="73" dir="0" index="0" bw="1" slack="0"/>
<pin id="74" dir="1" index="1" bw="86" slack="0"/>
</pin_list>
<bind>
<opcode="alloca(26) " fcode="alloca"/>
<opset="a_2/1 "/>
</bind>
</comp>

<comp id="76" class="1004" name="k_fu_76">
<pin_list>
<pin id="77" dir="0" index="0" bw="1" slack="0"/>
<pin id="78" dir="1" index="1" bw="7" slack="0"/>
</pin_list>
<bind>
<opcode="alloca(26) " fcode="alloca"/>
<opset="k/1 "/>
</bind>
</comp>

<comp id="80" class="1004" name="zext_ln681_read_read_fu_80">
<pin_list>
<pin id="81" dir="0" index="0" bw="86" slack="0"/>
<pin id="82" dir="0" index="1" bw="86" slack="0"/>
<pin id="83" dir="1" index="2" bw="86" slack="0"/>
</pin_list>
<bind>
<opcode="read(1150) " fcode="read"/>
<opset="zext_ln681_read/1 "/>
</bind>
</comp>

<comp id="86" class="1004" name="y_1_read_read_fu_86">
<pin_list>
<pin id="87" dir="0" index="0" bw="89" slack="0"/>
<pin id="88" dir="0" index="1" bw="89" slack="0"/>
<pin id="89" dir="1" index="2" bw="89" slack="0"/>
</pin_list>
<bind>
<opcode="read(1150) " fcode="read"/>
<opset="y_1_read/1 "/>
</bind>
</comp>

<comp id="92" class="1004" name="write_ln0_write_fu_92">
<pin_list>
<pin id="93" dir="0" index="0" bw="0" slack="0"/>
<pin id="94" dir="0" index="1" bw="86" slack="0"/>
<pin id="95" dir="0" index="2" bw="86" slack="0"/>
<pin id="96" dir="1" index="3" bw="0" slack="2147483647"/>
</pin_list>
<bind>
<opcode="write(1151) " fcode="write"/>
<opset="write_ln0/2 "/>
</bind>
</comp>

<comp id="99" class="1004" name="cordic_ctab_table_128_addr_gep_fu_99">
<pin_list>
<pin id="100" dir="0" index="0" bw="126" slack="0"/>
<pin id="101" dir="0" index="1" bw="1" slack="0"/>
<pin id="102" dir="0" index="2" bw="7" slack="0"/>
<pin id="103" dir="1" index="3" bw="7" slack="0"/>
</pin_list>
<bind>
<opcode="getelementptr(29) " fcode="getelementptr"/>
<opset="cordic_ctab_table_128_addr/1 "/>
</bind>
</comp>

<comp id="106" class="1004" name="grp_access_fu_106">
<pin_list>
<pin id="107" dir="0" index="0" bw="7" slack="0"/>
<pin id="108" dir="0" index="1" bw="126" slack="2147483647"/>
<pin id="109" dir="0" index="2" bw="0" slack="2147483647"/>
<pin id="110" dir="1" index="3" bw="126" slack="0"/>
</pin_list>
<bind>
<opcode="load(27) " fcode="load"/>
<opset="cordic_ctab_table_128_load/1 "/>
</bind>
</comp>

<comp id="112" class="1004" name="zext_ln681_cast_fu_112">
<pin_list>
<pin id="113" dir="0" index="0" bw="86" slack="0"/>
<pin id="114" dir="1" index="1" bw="89" slack="0"/>
</pin_list>
<bind>
<opcode="zext(34) " fcode="zext"/>
<opset="zext_ln681_cast/1 "/>
</bind>
</comp>

<comp id="116" class="1004" name="store_ln700_store_fu_116">
<pin_list>
<pin id="117" dir="0" index="0" bw="1" slack="0"/>
<pin id="118" dir="0" index="1" bw="7" slack="0"/>
<pin id="119" dir="1" index="2" bw="0" slack="2147483647"/>
</pin_list>
<bind>
<opcode="store(28) " fcode="store"/>
<opset="store_ln700/1 "/>
</bind>
</comp>

<comp id="121" class="1004" name="store_ln700_store_fu_121">
<pin_list>
<pin id="122" dir="0" index="0" bw="1" slack="0"/>
<pin id="123" dir="0" index="1" bw="86" slack="0"/>
<pin id="124" dir="1" index="2" bw="0" slack="2147483647"/>
</pin_list>
<bind>
<opcode="store(28) " fcode="store"/>
<opset="store_ln700/1 "/>
</bind>
</comp>

<comp id="126" class="1004" name="store_ln700_store_fu_126">
<pin_list>
<pin id="127" dir="0" index="0" bw="89" slack="0"/>
<pin id="128" dir="0" index="1" bw="89" slack="0"/>
<pin id="129" dir="1" index="2" bw="0" slack="2147483647"/>
</pin_list>
<bind>
<opcode="store(28) " fcode="store"/>
<opset="store_ln700/1 "/>
</bind>
</comp>

<comp id="131" class="1004" name="store_ln700_store_fu_131">
<pin_list>
<pin id="132" dir="0" index="0" bw="86" slack="0"/>
<pin id="133" dir="0" index="1" bw="89" slack="0"/>
<pin id="134" dir="1" index="2" bw="0" slack="2147483647"/>
</pin_list>
<bind>
<opcode="store(28) " fcode="store"/>
<opset="store_ln700/1 "/>
</bind>
</comp>

<comp id="136" class="1004" name="k_2_load_fu_136">
<pin_list>
<pin id="137" dir="0" index="0" bw="7" slack="0"/>
<pin id="138" dir="1" index="1" bw="7" slack="0"/>
</pin_list>
<bind>
<opcode="load(27) " fcode="load"/>
<opset="k_2/1 "/>
</bind>
</comp>

<comp id="139" class="1004" name="icmp_ln138_fu_139">
<pin_list>
<pin id="140" dir="0" index="0" bw="7" slack="0"/>
<pin id="141" dir="0" index="1" bw="7" slack="0"/>
<pin id="142" dir="1" index="2" bw="1" slack="1"/>
</pin_list>
<bind>
<opcode="icmp(45) " fcode="icmp"/>
<opset="icmp_ln138/1 "/>
</bind>
</comp>

<comp id="145" class="1004" name="add_ln138_fu_145">
<pin_list>
<pin id="146" dir="0" index="0" bw="7" slack="0"/>
<pin id="147" dir="0" index="1" bw="1" slack="0"/>
<pin id="148" dir="1" index="2" bw="7" slack="0"/>
</pin_list>
<bind>
<opcode="add(8) " fcode="add"/>
<opset="add_ln138/1 "/>
</bind>
</comp>

<comp id="151" class="1004" name="zext_ln138_fu_151">
<pin_list>
<pin id="152" dir="0" index="0" bw="7" slack="0"/>
<pin id="153" dir="1" index="1" bw="64" slack="0"/>
</pin_list>
<bind>
<opcode="zext(34) " fcode="zext"/>
<opset="zext_ln138/1 "/>
</bind>
</comp>

<comp id="156" class="1004" name="store_ln700_store_fu_156">
<pin_list>
<pin id="157" dir="0" index="0" bw="7" slack="0"/>
<pin id="158" dir="0" index="1" bw="7" slack="0"/>
<pin id="159" dir="1" index="2" bw="0" slack="2147483647"/>
</pin_list>
<bind>
<opcode="store(28) " fcode="store"/>
<opset="store_ln700/1 "/>
</bind>
</comp>

<comp id="161" class="1004" name="a_load_load_fu_161">
<pin_list>
<pin id="162" dir="0" index="0" bw="89" slack="1"/>
<pin id="163" dir="1" index="1" bw="89" slack="0"/>
</pin_list>
<bind>
<opcode="load(27) " fcode="load"/>
<opset="a_load/2 "/>
</bind>
</comp>

<comp id="164" class="1004" name="a_1_load_load_fu_164">
<pin_list>
<pin id="165" dir="0" index="0" bw="89" slack="1"/>
<pin id="166" dir="1" index="1" bw="89" slack="0"/>
</pin_list>
<bind>
<opcode="load(27) " fcode="load"/>
<opset="a_1_load/2 "/>
</bind>
</comp>

<comp id="167" class="1004" name="add_fu_167">
<pin_list>
<pin id="168" dir="0" index="0" bw="1" slack="0"/>
<pin id="169" dir="0" index="1" bw="89" slack="0"/>
<pin id="170" dir="0" index="2" bw="8" slack="0"/>
<pin id="171" dir="1" index="3" bw="1" slack="0"/>
</pin_list>
<bind>
<opcode="bitselect(1000) " fcode="bitselect"/>
<opset="add/2 "/>
</bind>
</comp>

<comp id="175" class="1004" name="zext_ln159_fu_175">
<pin_list>
<pin id="176" dir="0" index="0" bw="7" slack="1"/>
<pin id="177" dir="1" index="1" bw="89" slack="0"/>
</pin_list>
<bind>
<opcode="zext(34) " fcode="zext"/>
<opset="zext_ln159/2 "/>
</bind>
</comp>

<comp id="178" class="1004" name="y_s_fu_178">
<pin_list>
<pin id="179" dir="0" index="0" bw="89" slack="0"/>
<pin id="180" dir="0" index="1" bw="7" slack="0"/>
<pin id="181" dir="1" index="2" bw="89" slack="0"/>
</pin_list>
<bind>
<opcode="ashr(22) " fcode="ashr"/>
<opset="y_s/2 "/>
</bind>
</comp>

<comp id="184" class="1004" name="sub_ln101_fu_184">
<pin_list>
<pin id="185" dir="0" index="0" bw="89" slack="0"/>
<pin id="186" dir="0" index="1" bw="89" slack="0"/>
<pin id="187" dir="1" index="2" bw="89" slack="0"/>
</pin_list>
<bind>
<opcode="sub(10) " fcode="sub"/>
<opset="sub_ln101/2 "/>
</bind>
</comp>

<comp id="190" class="1004" name="add_ln101_fu_190">
<pin_list>
<pin id="191" dir="0" index="0" bw="89" slack="0"/>
<pin id="192" dir="0" index="1" bw="89" slack="0"/>
<pin id="193" dir="1" index="2" bw="89" slack="0"/>
</pin_list>
<bind>
<opcode="add(8) " fcode="add"/>
<opset="add_ln101/2 "/>
</bind>
</comp>

<comp id="196" class="1004" name="x_fu_196">
<pin_list>
<pin id="197" dir="0" index="0" bw="1" slack="0"/>
<pin id="198" dir="0" index="1" bw="89" slack="0"/>
<pin id="199" dir="0" index="2" bw="89" slack="0"/>
<pin id="200" dir="1" index="3" bw="89" slack="0"/>
</pin_list>
<bind>
<opcode="select(49) " fcode="select"/>
<opset="x/2 "/>
</bind>
</comp>

<comp id="204" class="1004" name="x_s_fu_204">
<pin_list>
<pin id="205" dir="0" index="0" bw="89" slack="0"/>
<pin id="206" dir="0" index="1" bw="7" slack="0"/>
<pin id="207" dir="1" index="2" bw="89" slack="0"/>
</pin_list>
<bind>
<opcode="ashr(22) " fcode="ashr"/>
<opset="x_s/2 "/>
</bind>
</comp>

<comp id="210" class="1004" name="sub_ln101_1_fu_210">
<pin_list>
<pin id="211" dir="0" index="0" bw="89" slack="0"/>
<pin id="212" dir="0" index="1" bw="89" slack="0"/>
<pin id="213" dir="1" index="2" bw="89" slack="0"/>
</pin_list>
<bind>
<opcode="sub(10) " fcode="sub"/>
<opset="sub_ln101_1/2 "/>
</bind>
</comp>

<comp id="216" class="1004" name="add_ln101_1_fu_216">
<pin_list>
<pin id="217" dir="0" index="0" bw="89" slack="0"/>
<pin id="218" dir="0" index="1" bw="89" slack="0"/>
<pin id="219" dir="1" index="2" bw="89" slack="0"/>
</pin_list>
<bind>
<opcode="add(8) " fcode="add"/>
<opset="add_ln101_1/2 "/>
</bind>
</comp>

<comp id="222" class="1004" name="y_fu_222">
<pin_list>
<pin id="223" dir="0" index="0" bw="1" slack="0"/>
<pin id="224" dir="0" index="1" bw="89" slack="0"/>
<pin id="225" dir="0" index="2" bw="89" slack="0"/>
<pin id="226" dir="1" index="3" bw="89" slack="0"/>
</pin_list>
<bind>
<opcode="select(49) " fcode="select"/>
<opset="y/2 "/>
</bind>
</comp>

<comp id="230" class="1004" name="trunc_ln1_fu_230">
<pin_list>
<pin id="231" dir="0" index="0" bw="85" slack="0"/>
<pin id="232" dir="0" index="1" bw="126" slack="0"/>
<pin id="233" dir="0" index="2" bw="7" slack="0"/>
<pin id="234" dir="0" index="3" bw="8" slack="0"/>
<pin id="235" dir="1" index="4" bw="85" slack="0"/>
</pin_list>
<bind>
<opcode="partselect(1002) " fcode="partselect"/>
<opset="trunc_ln1/2 "/>
</bind>
</comp>

<comp id="240" class="1004" name="tmp_fu_240">
<pin_list>
<pin id="241" dir="0" index="0" bw="1" slack="0"/>
<pin id="242" dir="0" index="1" bw="126" slack="0"/>
<pin id="243" dir="0" index="2" bw="7" slack="0"/>
<pin id="244" dir="1" index="3" bw="1" slack="0"/>
</pin_list>
<bind>
<opcode="bitselect(1000) " fcode="bitselect"/>
<opset="tmp/2 "/>
</bind>
</comp>

<comp id="248" class="1004" name="zext_ln163_fu_248">
<pin_list>
<pin id="249" dir="0" index="0" bw="1" slack="0"/>
<pin id="250" dir="1" index="1" bw="85" slack="0"/>
</pin_list>
<bind>
<opcode="zext(34) " fcode="zext"/>
<opset="zext_ln163/2 "/>
</bind>
</comp>

<comp id="252" class="1004" name="b_2_fu_252">
<pin_list>
<pin id="253" dir="0" index="0" bw="85" slack="0"/>
<pin id="254" dir="0" index="1" bw="1" slack="0"/>
<pin id="255" dir="1" index="2" bw="85" slack="1"/>
</pin_list>
<bind>
<opcode="add(8) " fcode="add"/>
<opset="b_2/2 "/>
</bind>
</comp>

<comp id="258" class="1004" name="store_ln700_store_fu_258">
<pin_list>
<pin id="259" dir="0" index="0" bw="89" slack="0"/>
<pin id="260" dir="0" index="1" bw="89" slack="1"/>
<pin id="261" dir="1" index="2" bw="0" slack="2147483647"/>
</pin_list>
<bind>
<opcode="store(28) " fcode="store"/>
<opset="store_ln700/2 "/>
</bind>
</comp>

<comp id="263" class="1004" name="store_ln700_store_fu_263">
<pin_list>
<pin id="264" dir="0" index="0" bw="89" slack="0"/>
<pin id="265" dir="0" index="1" bw="89" slack="1"/>
<pin id="266" dir="1" index="2" bw="0" slack="2147483647"/>
</pin_list>
<bind>
<opcode="store(28) " fcode="store"/>
<opset="store_ln700/2 "/>
</bind>
</comp>

<comp id="268" class="1004" name="a_2_load_1_load_fu_268">
<pin_list>
<pin id="269" dir="0" index="0" bw="86" slack="2"/>
<pin id="270" dir="1" index="1" bw="86" slack="0"/>
</pin_list>
<bind>
<opcode="load(27) " fcode="load"/>
<opset="a_2_load_1/3 "/>
</bind>
</comp>

<comp id="271" class="1004" name="zext_ln164_fu_271">
<pin_list>
<pin id="272" dir="0" index="0" bw="85" slack="1"/>
<pin id="273" dir="1" index="1" bw="86" slack="0"/>
</pin_list>
<bind>
<opcode="zext(34) " fcode="zext"/>
<opset="zext_ln164/3 "/>
</bind>
</comp>

<comp id="274" class="1004" name="sub_ln101_2_fu_274">
<pin_list>
<pin id="275" dir="0" index="0" bw="86" slack="0"/>
<pin id="276" dir="0" index="1" bw="85" slack="0"/>
<pin id="277" dir="1" index="2" bw="86" slack="0"/>
</pin_list>
<bind>
<opcode="sub(10) " fcode="sub"/>
<opset="sub_ln101_2/3 "/>
</bind>
</comp>

<comp id="280" class="1004" name="add_ln101_2_fu_280">
<pin_list>
<pin id="281" dir="0" index="0" bw="85" slack="0"/>
<pin id="282" dir="0" index="1" bw="86" slack="0"/>
<pin id="283" dir="1" index="2" bw="86" slack="0"/>
</pin_list>
<bind>
<opcode="add(8) " fcode="add"/>
<opset="add_ln101_2/3 "/>
</bind>
</comp>

<comp id="286" class="1004" name="z_fu_286">
<pin_list>
<pin id="287" dir="0" index="0" bw="1" slack="1"/>
<pin id="288" dir="0" index="1" bw="86" slack="0"/>
<pin id="289" dir="0" index="2" bw="86" slack="0"/>
<pin id="290" dir="1" index="3" bw="86" slack="0"/>
</pin_list>
<bind>
<opcode="select(49) " fcode="select"/>
<opset="z/3 "/>
</bind>
</comp>

<comp id="293" class="1004" name="store_ln700_store_fu_293">
<pin_list>
<pin id="294" dir="0" index="0" bw="86" slack="0"/>
<pin id="295" dir="0" index="1" bw="86" slack="2"/>
<pin id="296" dir="1" index="2" bw="0" slack="2147483647"/>
</pin_list>
<bind>
<opcode="store(28) " fcode="store"/>
<opset="store_ln700/3 "/>
</bind>
</comp>

<comp id="298" class="1004" name="a_2_load_load_fu_298">
<pin_list>
<pin id="299" dir="0" index="0" bw="86" slack="1"/>
<pin id="300" dir="1" index="1" bw="86" slack="0"/>
</pin_list>
<bind>
<opcode="load(27) " fcode="load"/>
<opset="a_2_load/2 "/>
</bind>
</comp>

<comp id="302" class="1005" name="a_reg_302">
<pin_list>
<pin id="303" dir="0" index="0" bw="89" slack="0"/>
<pin id="304" dir="1" index="1" bw="89" slack="0"/>
</pin_list>
<bind>
<opset="a "/>
</bind>
</comp>

<comp id="309" class="1005" name="a_1_reg_309">
<pin_list>
<pin id="310" dir="0" index="0" bw="89" slack="0"/>
<pin id="311" dir="1" index="1" bw="89" slack="0"/>
</pin_list>
<bind>
<opset="a_1 "/>
</bind>
</comp>

<comp id="316" class="1005" name="a_2_reg_316">
<pin_list>
<pin id="317" dir="0" index="0" bw="86" slack="0"/>
<pin id="318" dir="1" index="1" bw="86" slack="0"/>
</pin_list>
<bind>
<opset="a_2 "/>
</bind>
</comp>

<comp id="324" class="1005" name="k_reg_324">
<pin_list>
<pin id="325" dir="0" index="0" bw="7" slack="0"/>
<pin id="326" dir="1" index="1" bw="7" slack="0"/>
</pin_list>
<bind>
<opset="k "/>
</bind>
</comp>

<comp id="331" class="1005" name="k_2_reg_331">
<pin_list>
<pin id="332" dir="0" index="0" bw="7" slack="1"/>
<pin id="333" dir="1" index="1" bw="7" slack="1"/>
</pin_list>
<bind>
<opset="k_2 "/>
</bind>
</comp>

<comp id="336" class="1005" name="icmp_ln138_reg_336">
<pin_list>
<pin id="337" dir="0" index="0" bw="1" slack="1"/>
<pin id="338" dir="1" index="1" bw="1" slack="2147483647"/>
</pin_list>
<bind>
<opset="icmp_ln138 "/>
</bind>
</comp>

<comp id="340" class="1005" name="cordic_ctab_table_128_addr_reg_340">
<pin_list>
<pin id="341" dir="0" index="0" bw="7" slack="1"/>
<pin id="342" dir="1" index="1" bw="7" slack="1"/>
</pin_list>
<bind>
<opset="cordic_ctab_table_128_addr "/>
</bind>
</comp>

<comp id="345" class="1005" name="add_reg_345">
<pin_list>
<pin id="346" dir="0" index="0" bw="1" slack="1"/>
<pin id="347" dir="1" index="1" bw="1" slack="1"/>
</pin_list>
<bind>
<opset="add "/>
</bind>
</comp>

<comp id="350" class="1005" name="b_2_reg_350">
<pin_list>
<pin id="351" dir="0" index="0" bw="85" slack="1"/>
<pin id="352" dir="1" index="1" bw="85" slack="1"/>
</pin_list>
<bind>
<opset="b_2 "/>
</bind>
</comp>

</comp_list>

<net_list>
<net id="67"><net_src comp="8" pin="0"/><net_sink comp="64" pin=0"/></net>

<net id="71"><net_src comp="8" pin="0"/><net_sink comp="68" pin=0"/></net>

<net id="75"><net_src comp="8" pin="0"/><net_sink comp="72" pin=0"/></net>

<net id="79"><net_src comp="8" pin="0"/><net_sink comp="76" pin=0"/></net>

<net id="84"><net_src comp="10" pin="0"/><net_sink comp="80" pin=0"/></net>

<net id="85"><net_src comp="2" pin="0"/><net_sink comp="80" pin=1"/></net>

<net id="90"><net_src comp="12" pin="0"/><net_sink comp="86" pin=0"/></net>

<net id="91"><net_src comp="0" pin="0"/><net_sink comp="86" pin=1"/></net>

<net id="97"><net_src comp="62" pin="0"/><net_sink comp="92" pin=0"/></net>

<net id="98"><net_src comp="4" pin="0"/><net_sink comp="92" pin=1"/></net>

<net id="104"><net_src comp="6" pin="0"/><net_sink comp="99" pin=0"/></net>

<net id="105"><net_src comp="22" pin="0"/><net_sink comp="99" pin=1"/></net>

<net id="111"><net_src comp="99" pin="3"/><net_sink comp="106" pin=0"/></net>

<net id="115"><net_src comp="80" pin="2"/><net_sink comp="112" pin=0"/></net>

<net id="120"><net_src comp="14" pin="0"/><net_sink comp="116" pin=0"/></net>

<net id="125"><net_src comp="16" pin="0"/><net_sink comp="121" pin=0"/></net>

<net id="130"><net_src comp="86" pin="2"/><net_sink comp="126" pin=0"/></net>

<net id="135"><net_src comp="112" pin="1"/><net_sink comp="131" pin=0"/></net>

<net id="143"><net_src comp="136" pin="1"/><net_sink comp="139" pin=0"/></net>

<net id="144"><net_src comp="18" pin="0"/><net_sink comp="139" pin=1"/></net>

<net id="149"><net_src comp="136" pin="1"/><net_sink comp="145" pin=0"/></net>

<net id="150"><net_src comp="20" pin="0"/><net_sink comp="145" pin=1"/></net>

<net id="154"><net_src comp="136" pin="1"/><net_sink comp="151" pin=0"/></net>

<net id="155"><net_src comp="151" pin="1"/><net_sink comp="99" pin=2"/></net>

<net id="160"><net_src comp="145" pin="2"/><net_sink comp="156" pin=0"/></net>

<net id="172"><net_src comp="24" pin="0"/><net_sink comp="167" pin=0"/></net>

<net id="173"><net_src comp="164" pin="1"/><net_sink comp="167" pin=1"/></net>

<net id="174"><net_src comp="26" pin="0"/><net_sink comp="167" pin=2"/></net>

<net id="182"><net_src comp="164" pin="1"/><net_sink comp="178" pin=0"/></net>

<net id="183"><net_src comp="175" pin="1"/><net_sink comp="178" pin=1"/></net>

<net id="188"><net_src comp="161" pin="1"/><net_sink comp="184" pin=0"/></net>

<net id="189"><net_src comp="178" pin="2"/><net_sink comp="184" pin=1"/></net>

<net id="194"><net_src comp="178" pin="2"/><net_sink comp="190" pin=0"/></net>

<net id="195"><net_src comp="161" pin="1"/><net_sink comp="190" pin=1"/></net>

<net id="201"><net_src comp="167" pin="3"/><net_sink comp="196" pin=0"/></net>

<net id="202"><net_src comp="184" pin="2"/><net_sink comp="196" pin=1"/></net>

<net id="203"><net_src comp="190" pin="2"/><net_sink comp="196" pin=2"/></net>

<net id="208"><net_src comp="161" pin="1"/><net_sink comp="204" pin=0"/></net>

<net id="209"><net_src comp="175" pin="1"/><net_sink comp="204" pin=1"/></net>

<net id="214"><net_src comp="164" pin="1"/><net_sink comp="210" pin=0"/></net>

<net id="215"><net_src comp="204" pin="2"/><net_sink comp="210" pin=1"/></net>

<net id="220"><net_src comp="204" pin="2"/><net_sink comp="216" pin=0"/></net>

<net id="221"><net_src comp="164" pin="1"/><net_sink comp="216" pin=1"/></net>

<net id="227"><net_src comp="167" pin="3"/><net_sink comp="222" pin=0"/></net>

<net id="228"><net_src comp="216" pin="2"/><net_sink comp="222" pin=1"/></net>

<net id="229"><net_src comp="210" pin="2"/><net_sink comp="222" pin=2"/></net>

<net id="236"><net_src comp="40" pin="0"/><net_sink comp="230" pin=0"/></net>

<net id="237"><net_src comp="106" pin="3"/><net_sink comp="230" pin=1"/></net>

<net id="238"><net_src comp="42" pin="0"/><net_sink comp="230" pin=2"/></net>

<net id="239"><net_src comp="44" pin="0"/><net_sink comp="230" pin=3"/></net>

<net id="245"><net_src comp="46" pin="0"/><net_sink comp="240" pin=0"/></net>

<net id="246"><net_src comp="106" pin="3"/><net_sink comp="240" pin=1"/></net>

<net id="247"><net_src comp="48" pin="0"/><net_sink comp="240" pin=2"/></net>

<net id="251"><net_src comp="240" pin="3"/><net_sink comp="248" pin=0"/></net>

<net id="256"><net_src comp="230" pin="4"/><net_sink comp="252" pin=0"/></net>

<net id="257"><net_src comp="248" pin="1"/><net_sink comp="252" pin=1"/></net>

<net id="262"><net_src comp="222" pin="3"/><net_sink comp="258" pin=0"/></net>

<net id="267"><net_src comp="196" pin="3"/><net_sink comp="263" pin=0"/></net>

<net id="278"><net_src comp="268" pin="1"/><net_sink comp="274" pin=0"/></net>

<net id="279"><net_src comp="271" pin="1"/><net_sink comp="274" pin=1"/></net>

<net id="284"><net_src comp="271" pin="1"/><net_sink comp="280" pin=0"/></net>

<net id="285"><net_src comp="268" pin="1"/><net_sink comp="280" pin=1"/></net>

<net id="291"><net_src comp="274" pin="2"/><net_sink comp="286" pin=1"/></net>

<net id="292"><net_src comp="280" pin="2"/><net_sink comp="286" pin=2"/></net>

<net id="297"><net_src comp="286" pin="3"/><net_sink comp="293" pin=0"/></net>

<net id="301"><net_src comp="298" pin="1"/><net_sink comp="92" pin=2"/></net>

<net id="305"><net_src comp="64" pin="1"/><net_sink comp="302" pin=0"/></net>

<net id="306"><net_src comp="302" pin="1"/><net_sink comp="131" pin=1"/></net>

<net id="307"><net_src comp="302" pin="1"/><net_sink comp="161" pin=0"/></net>

<net id="308"><net_src comp="302" pin="1"/><net_sink comp="263" pin=1"/></net>

<net id="312"><net_src comp="68" pin="1"/><net_sink comp="309" pin=0"/></net>

<net id="313"><net_src comp="309" pin="1"/><net_sink comp="126" pin=1"/></net>

<net id="314"><net_src comp="309" pin="1"/><net_sink comp="164" pin=0"/></net>

<net id="315"><net_src comp="309" pin="1"/><net_sink comp="258" pin=1"/></net>

<net id="319"><net_src comp="72" pin="1"/><net_sink comp="316" pin=0"/></net>

<net id="320"><net_src comp="316" pin="1"/><net_sink comp="121" pin=1"/></net>

<net id="321"><net_src comp="316" pin="1"/><net_sink comp="268" pin=0"/></net>

<net id="322"><net_src comp="316" pin="1"/><net_sink comp="293" pin=1"/></net>

<net id="323"><net_src comp="316" pin="1"/><net_sink comp="298" pin=0"/></net>

<net id="327"><net_src comp="76" pin="1"/><net_sink comp="324" pin=0"/></net>

<net id="328"><net_src comp="324" pin="1"/><net_sink comp="116" pin=1"/></net>

<net id="329"><net_src comp="324" pin="1"/><net_sink comp="136" pin=0"/></net>

<net id="330"><net_src comp="324" pin="1"/><net_sink comp="156" pin=1"/></net>

<net id="334"><net_src comp="136" pin="1"/><net_sink comp="331" pin=0"/></net>

<net id="335"><net_src comp="331" pin="1"/><net_sink comp="175" pin=0"/></net>

<net id="339"><net_src comp="139" pin="2"/><net_sink comp="336" pin=0"/></net>

<net id="343"><net_src comp="99" pin="3"/><net_sink comp="340" pin=0"/></net>

<net id="344"><net_src comp="340" pin="1"/><net_sink comp="106" pin=0"/></net>

<net id="348"><net_src comp="167" pin="3"/><net_sink comp="345" pin=0"/></net>

<net id="349"><net_src comp="345" pin="1"/><net_sink comp="286" pin=0"/></net>

<net id="353"><net_src comp="252" pin="2"/><net_sink comp="350" pin=0"/></net>

<net id="354"><net_src comp="350" pin="1"/><net_sink comp="271" pin=0"/></net>

</net_list>

</model> 
---------------- Datapath Model END ------------------

* FSMD analyzer results:
  - Output states:
	Port: z_2_out | {2 }
 - Input state : 
	Port: atan2_generic<double>_Pipeline_1 : y_1 | {1 }
	Port: atan2_generic<double>_Pipeline_1 : zext_ln681 | {1 }
	Port: atan2_generic<double>_Pipeline_1 : cordic_ctab_table_128 | {1 2 }
  - Chain level:
	State 1
		store_ln700 : 1
		store_ln700 : 1
		store_ln700 : 1
		k_2 : 1
		icmp_ln138 : 2
		add_ln138 : 2
		br_ln700 : 3
		zext_ln138 : 2
		cordic_ctab_table_128_addr : 3
		cordic_ctab_table_128_load : 4
		store_ln700 : 3
	State 2
		add : 1
		y_s : 1
		sub_ln101 : 2
		add_ln101 : 2
		x : 3
		rend : 1
		x_s : 1
		sub_ln101_1 : 2
		add_ln101_1 : 2
		y : 3
		rend10 : 1
		trunc_ln1 : 1
		tmp : 1
		zext_ln163 : 2
		b_2 : 3
		store_ln700 : 4
		store_ln700 : 4
		write_ln0 : 1
	State 3
		sub_ln101_2 : 1
		add_ln101_2 : 1
		z : 2
		rend16 : 1
		store_ln700 : 3


============================================================
+ Verbose Summary: Datapath Resource usage 
============================================================

* Functional unit list:
|----------|----------------------------|---------|---------|
| Operation|       Functional Unit      |    FF   |   LUT   |
|----------|----------------------------|---------|---------|
|   ashr   |         y_s_fu_178         |    0    |   282   |
|          |         x_s_fu_204         |    0    |   282   |
|----------|----------------------------|---------|---------|
|          |      add_ln138_fu_145      |    0    |    14   |
|          |      add_ln101_fu_190      |    0    |    96   |
|    add   |     add_ln101_1_fu_216     |    0    |    96   |
|          |         b_2_fu_252         |    0    |    92   |
|          |     add_ln101_2_fu_280     |    0    |    93   |
|----------|----------------------------|---------|---------|
|          |      sub_ln101_fu_184      |    0    |    96   |
|    sub   |     sub_ln101_1_fu_210     |    0    |    96   |
|          |     sub_ln101_2_fu_274     |    0    |    93   |
|----------|----------------------------|---------|---------|
|          |          x_fu_196          |    0    |    89   |
|  select  |          y_fu_222          |    0    |    89   |
|          |          z_fu_286          |    0    |    86   |
|----------|----------------------------|---------|---------|
|   icmp   |      icmp_ln138_fu_139     |    0    |    14   |
|----------|----------------------------|---------|---------|
|   read   | zext_ln681_read_read_fu_80 |    0    |    0    |
|          |     y_1_read_read_fu_86    |    0    |    0    |
|----------|----------------------------|---------|---------|
|   write  |    write_ln0_write_fu_92   |    0    |    0    |
|----------|----------------------------|---------|---------|
|          |   zext_ln681_cast_fu_112   |    0    |    0    |
|          |      zext_ln138_fu_151     |    0    |    0    |
|   zext   |      zext_ln159_fu_175     |    0    |    0    |
|          |      zext_ln163_fu_248     |    0    |    0    |
|          |      zext_ln164_fu_271     |    0    |    0    |
|----------|----------------------------|---------|---------|
| bitselect|         add_fu_167         |    0    |    0    |
|          |         tmp_fu_240         |    0    |    0    |
|----------|----------------------------|---------|---------|
|partselect|      trunc_ln1_fu_230      |    0    |    0    |
|----------|----------------------------|---------|---------|
|   Total  |                            |    0    |   1518  |
|----------|----------------------------|---------|---------|

Memories:
N/A

* Register list:
+----------------------------------+--------+
|                                  |   FF   |
+----------------------------------+--------+
|            a_1_reg_309           |   89   |
|            a_2_reg_316           |   86   |
|             a_reg_302            |   89   |
|            add_reg_345           |    1   |
|            b_2_reg_350           |   85   |
|cordic_ctab_table_128_addr_reg_340|    7   |
|        icmp_ln138_reg_336        |    1   |
|            k_2_reg_331           |    7   |
|             k_reg_324            |    7   |
+----------------------------------+--------+
|               Total              |   372  |
+----------------------------------+--------+

* Multiplexer (MUX) list: 
|-------------------|------|------|------|--------||---------||---------||---------|
|        Comp       |  Pin | Size |  BW  | S x BW ||  Delay  ||    FF   ||   LUT   |
|-------------------|------|------|------|--------||---------||---------||---------|
| grp_access_fu_106 |  p0  |   2  |   7  |   14   ||    0    ||    9    |
|-------------------|------|------|------|--------||---------||---------||---------|
|       Total       |      |      |      |   14   ||  1.588  ||    0    ||    9    |
|-------------------|------|------|------|--------||---------||---------||---------|



* Summary:
+-----------+--------+--------+--------+
|           |  Delay |   FF   |   LUT  |
+-----------+--------+--------+--------+
|  Function |    -   |    0   |  1518  |
|   Memory  |    -   |    -   |    -   |
|Multiplexer|    1   |    0   |    9   |
|  Register |    -   |   372  |    -   |
+-----------+--------+--------+--------+
|   Total   |    1   |   372  |  1527  |
+-----------+--------+--------+--------+
