

================================================================
== Vitis HLS Report for 'equalStep_baseline_Pipeline_VITIS_LOOP_40_4'
================================================================
* Date:           Wed Mar 11 18:45:56 2026

* Version:        2025.1 (Build 6135595 on May 21 2025)
* Project:        equalStep_baseline
* Solution:       hls (Vivado IP Flow Target)
* Product family: zynq
* Target device:  xc7z020-clg400-1


================================================================
== Performance Estimates
================================================================
+ Timing: 
    * Summary: 
    +--------+----------+-----------+------------+
    |  Clock |  Target  | Estimated | Uncertainty|
    +--------+----------+-----------+------------+
    |ap_clk  |  16.00 ns|  11.325 ns|     4.32 ns|
    +--------+----------+-----------+------------+

+ Latency: 
    * Summary: 
    +---------+---------+----------+----------+-----+-----+------------------------------------------------+
    |  Latency (cycles) |  Latency (absolute) |  Interval |                    Pipeline                    |
    |   min   |   max   |    min   |    max   | min | max |                      Type                      |
    +---------+---------+----------+----------+-----+-----+------------------------------------------------+
    |       34|       34|  0.544 us|  0.544 us|   24|   24|  loop auto-rewind stp (delay=0 clock cycles(s))|
    +---------+---------+----------+----------+-----+-----+------------------------------------------------+

    + Detail: 
        * Instance: 
        N/A

        * Loop: 
        +-------------------+---------+---------+----------+-----------+-----------+------+----------+
        |                   |  Latency (cycles) | Iteration|  Initiation Interval  | Trip |          |
        |     Loop Name     |   min   |   max   |  Latency |  achieved |   target  | Count| Pipelined|
        +-------------------+---------+---------+----------+-----------+-----------+------+----------+
        |- VITIS_LOOP_40_4  |       32|       32|        17|          4|          1|     5|       yes|
        +-------------------+---------+---------+----------+-----------+-----------+------+----------+

============================================================
+ Verbose Summary: Synthesis Manager
============================================================
InlineROM: 1
ExposeGlobal: 0
============================================================
+ Verbose Summary: CDFG Model
============================================================
IsTopModel: 0
ResetActiveHigh: 1
IsCombinational: 0
IsDatapathOnly: 0
HasWiredReturn: 1
HasMFsm: 2
HasVarLatency: 1
IsPipeline: 0
IsRtlPipelined: 0
IsInstanceOverlapped: 0
IsDontTouch: 0
HasImplIP: 0
IsGatedGlobalClock: 0

+ Individual pipeline summary: 
  * Pipeline-0: initiation interval (II) = 4, depth = 17


============================================================
+ Verbose Summary: Schedule
============================================================
* Number of FSM states : 17
* Pipeline : 1
  Pipeline-0 : II = 4, D = 17, States = { 1 2 3 4 5 6 7 8 9 10 11 12 13 14 15 16 17 }
* Dataflow Pipeline: 0

* FSM state transitions: 
1 --> 2 
2 --> 3 
3 --> 4 
4 --> 5 
5 --> 6 
6 --> 7 
7 --> 8 
8 --> 9 
9 --> 10 
10 --> 11 
11 --> 12 
12 --> 13 
13 --> 14 
14 --> 15 
15 --> 16 
16 --> 17 
17 --> 

* FSM state operations: 

State 1 <SV = 0> <Delay = 4.84>
ST_1 : Operation 20 [1/1] (0.00ns)   --->   "%Phi_t1 = alloca i32 1" [../src/equalStep_baseline.cpp:37]   --->   Operation 20 'alloca' 'Phi_t1' <Predicate = true> <Delay = 0.00>
ST_1 : Operation 21 [1/1] (0.00ns)   --->   "%Phi_t2 = alloca i32 1" [../src/equalStep_baseline.cpp:38]   --->   Operation 21 'alloca' 'Phi_t2' <Predicate = true> <Delay = 0.00>
ST_1 : Operation 22 [1/1] (0.00ns)   --->   "%k = alloca i32 1" [../src/equalStep_baseline.cpp:40]   --->   Operation 22 'alloca' 'k' <Predicate = true> <Delay = 0.00>
ST_1 : Operation 23 [1/1] (0.00ns)   --->   "%zext_ln35_read = read i6 @_ssdm_op_Read.ap_auto.i6, i6 %zext_ln35"   --->   Operation 23 'read' 'zext_ln35_read' <Predicate = true> <Delay = 0.00>
ST_1 : Operation 24 [1/1] (0.00ns)   --->   "%zext_ln34_read = read i6 @_ssdm_op_Read.ap_auto.i6, i6 %zext_ln34"   --->   Operation 24 'read' 'zext_ln34_read' <Predicate = true> <Delay = 0.00>
ST_1 : Operation 25 [1/1] (0.00ns)   --->   "%specinterface_ln0 = specinterface void @_ssdm_op_SpecInterface, i16 %imStack, void @empty, i32 0, i32 0, void @empty_0, i32 4294967295, i32 0, void @empty_0, void @empty_0, void @empty_0, i32 0, i32 0, i32 0, i32 0, void @empty_0, void @empty_0, i32 4294967295, i32 0, i32 0"   --->   Operation 25 'specinterface' 'specinterface_ln0' <Predicate = true> <Delay = 0.00>
ST_1 : Operation 26 [1/1] (1.58ns)   --->   "%store_ln40 = store i3 0, i3 %k" [../src/equalStep_baseline.cpp:40]   --->   Operation 26 'store' 'store_ln40' <Predicate = true> <Delay = 1.58>
ST_1 : Operation 27 [1/1] (1.58ns)   --->   "%store_ln38 = store i64 0, i64 %Phi_t2" [../src/equalStep_baseline.cpp:38]   --->   Operation 27 'store' 'store_ln38' <Predicate = true> <Delay = 1.58>
ST_1 : Operation 28 [1/1] (1.58ns)   --->   "%store_ln37 = store i64 0, i64 %Phi_t1" [../src/equalStep_baseline.cpp:37]   --->   Operation 28 'store' 'store_ln37' <Predicate = true> <Delay = 1.58>
ST_1 : Operation 29 [1/1] (0.00ns)   --->   "%br_ln0 = br void %for.inc33"   --->   Operation 29 'br' 'br_ln0' <Predicate = true> <Delay = 0.00>
ST_1 : Operation 30 [1/1] (0.00ns)   --->   "%k_1 = load i3 %k" [../src/equalStep_baseline.cpp:40]   --->   Operation 30 'load' 'k_1' <Predicate = true> <Delay = 0.00>
ST_1 : Operation 31 [1/1] (1.65ns)   --->   "%icmp_ln40 = icmp_eq  i3 %k_1, i3 5" [../src/equalStep_baseline.cpp:40]   --->   Operation 31 'icmp' 'icmp_ln40' <Predicate = true> <Delay = 1.65> <CoreInst = "Cmp">   --->   Core 9 'Cmp' <Latency = 0> <II = 1> <Delay = 1.65> <FuncUnit> <Opcode : 'seteq' 'setne' 'setle' 'setge' 'setlt' 'setgt'> <InPorts = 2> <OutPorts = 1>
ST_1 : Operation 32 [1/1] (1.65ns)   --->   "%add_ln40 = add i3 %k_1, i3 1" [../src/equalStep_baseline.cpp:40]   --->   Operation 32 'add' 'add_ln40' <Predicate = true> <Delay = 1.65> <CoreInst = "Adder">   --->   Core 1 'Adder' <Latency = 0> <II = 1> <Delay = 1.65> <FuncUnit> <Opcode : 'add' 'sub'> <InPorts = 2> <OutPorts = 1>
ST_1 : Operation 33 [1/1] (0.00ns)   --->   "%br_ln40 = br i1 %icmp_ln40, void %for.inc33.split, void %for.inc47.exitStub" [../src/equalStep_baseline.cpp:40]   --->   Operation 33 'br' 'br_ln40' <Predicate = true> <Delay = 0.00>
ST_1 : Operation 34 [1/1] (0.00ns)   --->   "%add_ln42_1 = bitconcatenate i15 @_ssdm_op_BitConcatenate.i15.i3.i6.i6, i3 %k_1, i6 %zext_ln34_read, i6 %zext_ln35_read" [../src/equalStep_baseline.cpp:42]   --->   Operation 34 'bitconcatenate' 'add_ln42_1' <Predicate = (!icmp_ln40)> <Delay = 0.00>
ST_1 : Operation 35 [1/1] (0.00ns)   --->   "%zext_ln42 = zext i15 %add_ln42_1" [../src/equalStep_baseline.cpp:42]   --->   Operation 35 'zext' 'zext_ln42' <Predicate = (!icmp_ln40)> <Delay = 0.00>
ST_1 : Operation 36 [1/1] (0.00ns)   --->   "%imStack_addr = getelementptr i16 %imStack, i64 0, i64 %zext_ln42" [../src/equalStep_baseline.cpp:42]   --->   Operation 36 'getelementptr' 'imStack_addr' <Predicate = (!icmp_ln40)> <Delay = 0.00>
ST_1 : Operation 37 [2/2] (3.25ns)   --->   "%imStack_load = load i15 %imStack_addr" [../src/equalStep_baseline.cpp:42]   --->   Operation 37 'load' 'imStack_load' <Predicate = (!icmp_ln40)> <Delay = 3.25> <CoreInst = "RAM">   --->   Core 81 'RAM' <Latency = 1> <II = 1> <Delay = 3.25> <Storage> <Opcode : 'load' 'store'> <Ports = 2> <Width = 16> <Depth = 20480> <RAM>
ST_1 : Operation 38 [1/1] (1.58ns)   --->   "%store_ln40 = store i3 %add_ln40, i3 %k" [../src/equalStep_baseline.cpp:40]   --->   Operation 38 'store' 'store_ln40' <Predicate = (!icmp_ln40)> <Delay = 1.58>

State 2 <SV = 1> <Delay = 3.25>
ST_2 : Operation 39 [1/2] ( I:3.25ns O:3.25ns )   --->   "%imStack_load = load i15 %imStack_addr" [../src/equalStep_baseline.cpp:42]   --->   Operation 39 'load' 'imStack_load' <Predicate = (!icmp_ln40)> <Delay = 3.25> <CoreInst = "RAM">   --->   Core 81 'RAM' <Latency = 1> <II = 1> <Delay = 3.25> <Storage> <Opcode : 'load' 'store'> <Ports = 2> <Width = 16> <Depth = 20480> <RAM>

State 3 <SV = 2> <Delay = 11.3>
ST_3 : Operation 40 [1/1] (0.00ns)   --->   "%zext_ln42_1 = zext i16 %imStack_load" [../src/equalStep_baseline.cpp:42]   --->   Operation 40 'zext' 'zext_ln42_1' <Predicate = (!icmp_ln40)> <Delay = 0.00>
ST_3 : Operation 41 [4/4] (11.3ns)   --->   "%val = uitodp i32 %zext_ln42_1" [../src/equalStep_baseline.cpp:42]   --->   Operation 41 'uitodp' 'val' <Predicate = (!icmp_ln40)> <Delay = 11.3> <CoreInst = "Int2Double">   --->   Core 66 'Int2Double' <Latency = 3> <II = 1> <Delay = 11.3> <FuncUnit> <Opcode : 'uitodp' 'sitodp'> <InPorts = 1> <OutPorts = 1>

State 4 <SV = 3> <Delay = 11.3>
ST_4 : Operation 42 [3/4] (11.3ns)   --->   "%val = uitodp i32 %zext_ln42_1" [../src/equalStep_baseline.cpp:42]   --->   Operation 42 'uitodp' 'val' <Predicate = (!icmp_ln40)> <Delay = 11.3> <CoreInst = "Int2Double">   --->   Core 66 'Int2Double' <Latency = 3> <II = 1> <Delay = 11.3> <FuncUnit> <Opcode : 'uitodp' 'sitodp'> <InPorts = 1> <OutPorts = 1>

State 5 <SV = 4> <Delay = 11.3>
ST_5 : Operation 43 [1/1] (0.00ns)   --->   "%zext_ln40 = zext i3 %k_1" [../src/equalStep_baseline.cpp:40]   --->   Operation 43 'zext' 'zext_ln40' <Predicate = true> <Delay = 0.00>
ST_5 : Operation 44 [2/4] (11.3ns)   --->   "%val = uitodp i32 %zext_ln42_1" [../src/equalStep_baseline.cpp:42]   --->   Operation 44 'uitodp' 'val' <Predicate = true> <Delay = 11.3> <CoreInst = "Int2Double">   --->   Core 66 'Int2Double' <Latency = 3> <II = 1> <Delay = 11.3> <FuncUnit> <Opcode : 'uitodp' 'sitodp'> <InPorts = 1> <OutPorts = 1>
ST_5 : Operation 45 [1/1] (0.00ns)   --->   "%sin_k_addr = getelementptr i64 %sin_k, i64 0, i64 %zext_ln40" [../src/equalStep_baseline.cpp:43]   --->   Operation 45 'getelementptr' 'sin_k_addr' <Predicate = true> <Delay = 0.00>
ST_5 : Operation 46 [2/2] (2.32ns)   --->   "%sin_k_load = load i3 %sin_k_addr" [../src/equalStep_baseline.cpp:43]   --->   Operation 46 'load' 'sin_k_load' <Predicate = true> <Delay = 2.32> <CoreInst = "ROM">   --->   Core 94 'ROM' <Latency = 1> <II = 1> <Delay = 2.32> <Storage> <Opcode : 'load'> <Ports = 0> <Width = 64> <Depth = 5> <ROM>
ST_5 : Operation 47 [1/1] (0.00ns)   --->   "%cos_k_addr = getelementptr i64 %cos_k, i64 0, i64 %zext_ln40" [../src/equalStep_baseline.cpp:44]   --->   Operation 47 'getelementptr' 'cos_k_addr' <Predicate = true> <Delay = 0.00>
ST_5 : Operation 48 [2/2] (2.32ns)   --->   "%cos_k_load = load i3 %cos_k_addr" [../src/equalStep_baseline.cpp:44]   --->   Operation 48 'load' 'cos_k_load' <Predicate = true> <Delay = 2.32> <CoreInst = "ROM">   --->   Core 94 'ROM' <Latency = 1> <II = 1> <Delay = 2.32> <Storage> <Opcode : 'load'> <Ports = 0> <Width = 64> <Depth = 5> <ROM>

State 6 <SV = 5> <Delay = 11.3>
ST_6 : Operation 49 [1/4] (11.3ns)   --->   "%val = uitodp i32 %zext_ln42_1" [../src/equalStep_baseline.cpp:42]   --->   Operation 49 'uitodp' 'val' <Predicate = true> <Delay = 11.3> <CoreInst = "Int2Double">   --->   Core 66 'Int2Double' <Latency = 3> <II = 1> <Delay = 11.3> <FuncUnit> <Opcode : 'uitodp' 'sitodp'> <InPorts = 1> <OutPorts = 1>
ST_6 : Operation 50 [1/2] ( I:2.32ns O:2.32ns )   --->   "%sin_k_load = load i3 %sin_k_addr" [../src/equalStep_baseline.cpp:43]   --->   Operation 50 'load' 'sin_k_load' <Predicate = true> <Delay = 2.32> <CoreInst = "ROM">   --->   Core 94 'ROM' <Latency = 1> <II = 1> <Delay = 2.32> <Storage> <Opcode : 'load'> <Ports = 0> <Width = 64> <Depth = 5> <ROM>
ST_6 : Operation 51 [1/2] ( I:2.32ns O:2.32ns )   --->   "%cos_k_load = load i3 %cos_k_addr" [../src/equalStep_baseline.cpp:44]   --->   Operation 51 'load' 'cos_k_load' <Predicate = true> <Delay = 2.32> <CoreInst = "ROM">   --->   Core 94 'ROM' <Latency = 1> <II = 1> <Delay = 2.32> <Storage> <Opcode : 'load'> <Ports = 0> <Width = 64> <Depth = 5> <ROM>

State 7 <SV = 6> <Delay = 10.0>
ST_7 : Operation 52 [5/5] (10.0ns)   --->   "%mul2 = dmul i64 %val, i64 %sin_k_load" [../src/equalStep_baseline.cpp:43]   --->   Operation 52 'dmul' 'mul2' <Predicate = true> <Delay = 10.0> <CoreInst = "DMul_maxdsp">   --->   Core 49 'DMul_maxdsp' <Latency = 4> <II = 1> <Delay = 10.0> <FuncUnit> <Opcode : 'dmul'> <InPorts = 2> <OutPorts = 1>

State 8 <SV = 7> <Delay = 10.0>
ST_8 : Operation 53 [4/5] (10.0ns)   --->   "%mul2 = dmul i64 %val, i64 %sin_k_load" [../src/equalStep_baseline.cpp:43]   --->   Operation 53 'dmul' 'mul2' <Predicate = true> <Delay = 10.0> <CoreInst = "DMul_maxdsp">   --->   Core 49 'DMul_maxdsp' <Latency = 4> <II = 1> <Delay = 10.0> <FuncUnit> <Opcode : 'dmul'> <InPorts = 2> <OutPorts = 1>
ST_8 : Operation 54 [5/5] (10.0ns)   --->   "%mul3 = dmul i64 %val, i64 %cos_k_load" [../src/equalStep_baseline.cpp:44]   --->   Operation 54 'dmul' 'mul3' <Predicate = true> <Delay = 10.0> <CoreInst = "DMul_maxdsp">   --->   Core 49 'DMul_maxdsp' <Latency = 4> <II = 1> <Delay = 10.0> <FuncUnit> <Opcode : 'dmul'> <InPorts = 2> <OutPorts = 1>

State 9 <SV = 8> <Delay = 10.0>
ST_9 : Operation 55 [3/5] (10.0ns)   --->   "%mul2 = dmul i64 %val, i64 %sin_k_load" [../src/equalStep_baseline.cpp:43]   --->   Operation 55 'dmul' 'mul2' <Predicate = true> <Delay = 10.0> <CoreInst = "DMul_maxdsp">   --->   Core 49 'DMul_maxdsp' <Latency = 4> <II = 1> <Delay = 10.0> <FuncUnit> <Opcode : 'dmul'> <InPorts = 2> <OutPorts = 1>
ST_9 : Operation 56 [4/5] (10.0ns)   --->   "%mul3 = dmul i64 %val, i64 %cos_k_load" [../src/equalStep_baseline.cpp:44]   --->   Operation 56 'dmul' 'mul3' <Predicate = true> <Delay = 10.0> <CoreInst = "DMul_maxdsp">   --->   Core 49 'DMul_maxdsp' <Latency = 4> <II = 1> <Delay = 10.0> <FuncUnit> <Opcode : 'dmul'> <InPorts = 2> <OutPorts = 1>

State 10 <SV = 9> <Delay = 10.0>
ST_10 : Operation 57 [2/5] (10.0ns)   --->   "%mul2 = dmul i64 %val, i64 %sin_k_load" [../src/equalStep_baseline.cpp:43]   --->   Operation 57 'dmul' 'mul2' <Predicate = true> <Delay = 10.0> <CoreInst = "DMul_maxdsp">   --->   Core 49 'DMul_maxdsp' <Latency = 4> <II = 1> <Delay = 10.0> <FuncUnit> <Opcode : 'dmul'> <InPorts = 2> <OutPorts = 1>
ST_10 : Operation 58 [3/5] (10.0ns)   --->   "%mul3 = dmul i64 %val, i64 %cos_k_load" [../src/equalStep_baseline.cpp:44]   --->   Operation 58 'dmul' 'mul3' <Predicate = true> <Delay = 10.0> <CoreInst = "DMul_maxdsp">   --->   Core 49 'DMul_maxdsp' <Latency = 4> <II = 1> <Delay = 10.0> <FuncUnit> <Opcode : 'dmul'> <InPorts = 2> <OutPorts = 1>

State 11 <SV = 10> <Delay = 10.0>
ST_11 : Operation 59 [1/5] (10.0ns)   --->   "%mul2 = dmul i64 %val, i64 %sin_k_load" [../src/equalStep_baseline.cpp:43]   --->   Operation 59 'dmul' 'mul2' <Predicate = true> <Delay = 10.0> <CoreInst = "DMul_maxdsp">   --->   Core 49 'DMul_maxdsp' <Latency = 4> <II = 1> <Delay = 10.0> <FuncUnit> <Opcode : 'dmul'> <InPorts = 2> <OutPorts = 1>
ST_11 : Operation 60 [2/5] (10.0ns)   --->   "%mul3 = dmul i64 %val, i64 %cos_k_load" [../src/equalStep_baseline.cpp:44]   --->   Operation 60 'dmul' 'mul3' <Predicate = true> <Delay = 10.0> <CoreInst = "DMul_maxdsp">   --->   Core 49 'DMul_maxdsp' <Latency = 4> <II = 1> <Delay = 10.0> <FuncUnit> <Opcode : 'dmul'> <InPorts = 2> <OutPorts = 1>

State 12 <SV = 11> <Delay = 10.0>
ST_12 : Operation 61 [1/1] (0.00ns)   --->   "%Phi_t1_load = load i64 %Phi_t1" [../src/equalStep_baseline.cpp:43]   --->   Operation 61 'load' 'Phi_t1_load' <Predicate = true> <Delay = 0.00>
ST_12 : Operation 62 [5/5] (8.23ns)   --->   "%Phi_t1_1 = dadd i64 %Phi_t1_load, i64 %mul2" [../src/equalStep_baseline.cpp:43]   --->   Operation 62 'dadd' 'Phi_t1_1' <Predicate = true> <Delay = 8.23> <CoreInst = "DAddSub_fulldsp">   --->   Core 37 'DAddSub_fulldsp' <Latency = 4> <II = 1> <Delay = 8.23> <FuncUnit> <Opcode : 'dadd' 'dsub'> <InPorts = 2> <OutPorts = 1>
ST_12 : Operation 63 [1/5] (10.0ns)   --->   "%mul3 = dmul i64 %val, i64 %cos_k_load" [../src/equalStep_baseline.cpp:44]   --->   Operation 63 'dmul' 'mul3' <Predicate = true> <Delay = 10.0> <CoreInst = "DMul_maxdsp">   --->   Core 49 'DMul_maxdsp' <Latency = 4> <II = 1> <Delay = 10.0> <FuncUnit> <Opcode : 'dmul'> <InPorts = 2> <OutPorts = 1>

State 13 <SV = 12> <Delay = 8.23>
ST_13 : Operation 64 [1/1] (0.00ns)   --->   "%Phi_t2_load = load i64 %Phi_t2" [../src/equalStep_baseline.cpp:44]   --->   Operation 64 'load' 'Phi_t2_load' <Predicate = true> <Delay = 0.00>
ST_13 : Operation 65 [4/5] (8.23ns)   --->   "%Phi_t1_1 = dadd i64 %Phi_t1_load, i64 %mul2" [../src/equalStep_baseline.cpp:43]   --->   Operation 65 'dadd' 'Phi_t1_1' <Predicate = true> <Delay = 8.23> <CoreInst = "DAddSub_fulldsp">   --->   Core 37 'DAddSub_fulldsp' <Latency = 4> <II = 1> <Delay = 8.23> <FuncUnit> <Opcode : 'dadd' 'dsub'> <InPorts = 2> <OutPorts = 1>
ST_13 : Operation 66 [5/5] (8.23ns)   --->   "%Phi_t2_1 = dadd i64 %Phi_t2_load, i64 %mul3" [../src/equalStep_baseline.cpp:44]   --->   Operation 66 'dadd' 'Phi_t2_1' <Predicate = true> <Delay = 8.23> <CoreInst = "DAddSub_fulldsp">   --->   Core 37 'DAddSub_fulldsp' <Latency = 4> <II = 1> <Delay = 8.23> <FuncUnit> <Opcode : 'dadd' 'dsub'> <InPorts = 2> <OutPorts = 1>
ST_13 : Operation 80 [1/1] (0.00ns)   --->   "%Phi_t1_load_1 = load i64 %Phi_t1"   --->   Operation 80 'load' 'Phi_t1_load_1' <Predicate = (icmp_ln40)> <Delay = 0.00>
ST_13 : Operation 81 [1/1] (0.00ns)   --->   "%Phi_t2_load_1 = load i64 %Phi_t2"   --->   Operation 81 'load' 'Phi_t2_load_1' <Predicate = (icmp_ln40)> <Delay = 0.00>
ST_13 : Operation 82 [1/1] (0.00ns)   --->   "%write_ln0 = write void @_ssdm_op_Write.ap_auto.doubleP0A, i64 %Phi_t2_out, i64 %Phi_t2_load_1"   --->   Operation 82 'write' 'write_ln0' <Predicate = (icmp_ln40)> <Delay = 0.00>
ST_13 : Operation 83 [1/1] (0.00ns)   --->   "%write_ln0 = write void @_ssdm_op_Write.ap_auto.doubleP0A, i64 %Phi_t1_out, i64 %Phi_t1_load_1"   --->   Operation 83 'write' 'write_ln0' <Predicate = (icmp_ln40)> <Delay = 0.00>
ST_13 : Operation 84 [1/1] (1.58ns)   --->   "%ret_ln0 = ret"   --->   Operation 84 'ret' 'ret_ln0' <Predicate = (icmp_ln40)> <Delay = 1.58>

State 14 <SV = 13> <Delay = 8.23>
ST_14 : Operation 67 [3/5] (8.23ns)   --->   "%Phi_t1_1 = dadd i64 %Phi_t1_load, i64 %mul2" [../src/equalStep_baseline.cpp:43]   --->   Operation 67 'dadd' 'Phi_t1_1' <Predicate = true> <Delay = 8.23> <CoreInst = "DAddSub_fulldsp">   --->   Core 37 'DAddSub_fulldsp' <Latency = 4> <II = 1> <Delay = 8.23> <FuncUnit> <Opcode : 'dadd' 'dsub'> <InPorts = 2> <OutPorts = 1>
ST_14 : Operation 68 [4/5] (8.23ns)   --->   "%Phi_t2_1 = dadd i64 %Phi_t2_load, i64 %mul3" [../src/equalStep_baseline.cpp:44]   --->   Operation 68 'dadd' 'Phi_t2_1' <Predicate = true> <Delay = 8.23> <CoreInst = "DAddSub_fulldsp">   --->   Core 37 'DAddSub_fulldsp' <Latency = 4> <II = 1> <Delay = 8.23> <FuncUnit> <Opcode : 'dadd' 'dsub'> <InPorts = 2> <OutPorts = 1>

State 15 <SV = 14> <Delay = 8.23>
ST_15 : Operation 69 [2/5] (8.23ns)   --->   "%Phi_t1_1 = dadd i64 %Phi_t1_load, i64 %mul2" [../src/equalStep_baseline.cpp:43]   --->   Operation 69 'dadd' 'Phi_t1_1' <Predicate = true> <Delay = 8.23> <CoreInst = "DAddSub_fulldsp">   --->   Core 37 'DAddSub_fulldsp' <Latency = 4> <II = 1> <Delay = 8.23> <FuncUnit> <Opcode : 'dadd' 'dsub'> <InPorts = 2> <OutPorts = 1>
ST_15 : Operation 70 [3/5] (8.23ns)   --->   "%Phi_t2_1 = dadd i64 %Phi_t2_load, i64 %mul3" [../src/equalStep_baseline.cpp:44]   --->   Operation 70 'dadd' 'Phi_t2_1' <Predicate = true> <Delay = 8.23> <CoreInst = "DAddSub_fulldsp">   --->   Core 37 'DAddSub_fulldsp' <Latency = 4> <II = 1> <Delay = 8.23> <FuncUnit> <Opcode : 'dadd' 'dsub'> <InPorts = 2> <OutPorts = 1>

State 16 <SV = 15> <Delay = 9.82>
ST_16 : Operation 71 [1/5] (8.23ns)   --->   "%Phi_t1_1 = dadd i64 %Phi_t1_load, i64 %mul2" [../src/equalStep_baseline.cpp:43]   --->   Operation 71 'dadd' 'Phi_t1_1' <Predicate = true> <Delay = 8.23> <CoreInst = "DAddSub_fulldsp">   --->   Core 37 'DAddSub_fulldsp' <Latency = 4> <II = 1> <Delay = 8.23> <FuncUnit> <Opcode : 'dadd' 'dsub'> <InPorts = 2> <OutPorts = 1>
ST_16 : Operation 72 [2/5] (8.23ns)   --->   "%Phi_t2_1 = dadd i64 %Phi_t2_load, i64 %mul3" [../src/equalStep_baseline.cpp:44]   --->   Operation 72 'dadd' 'Phi_t2_1' <Predicate = true> <Delay = 8.23> <CoreInst = "DAddSub_fulldsp">   --->   Core 37 'DAddSub_fulldsp' <Latency = 4> <II = 1> <Delay = 8.23> <FuncUnit> <Opcode : 'dadd' 'dsub'> <InPorts = 2> <OutPorts = 1>
ST_16 : Operation 73 [1/1] (1.58ns)   --->   "%store_ln37 = store i64 %Phi_t1_1, i64 %Phi_t1" [../src/equalStep_baseline.cpp:37]   --->   Operation 73 'store' 'store_ln37' <Predicate = true> <Delay = 1.58>

State 17 <SV = 16> <Delay = 9.82>
ST_17 : Operation 74 [1/1] (0.00ns)   --->   "%specpipeline_ln37 = specpipeline void @_ssdm_op_SpecPipeline, i32 4294967295, i32 0, i32 0, i32 0, void @empty_0" [../src/equalStep_baseline.cpp:37]   --->   Operation 74 'specpipeline' 'specpipeline_ln37' <Predicate = true> <Delay = 0.00>
ST_17 : Operation 75 [1/1] (0.00ns)   --->   "%speclooptripcount_ln37 = speclooptripcount void @_ssdm_op_SpecLoopTripCount, i64 5, i64 5, i64 5" [../src/equalStep_baseline.cpp:37]   --->   Operation 75 'speclooptripcount' 'speclooptripcount_ln37' <Predicate = true> <Delay = 0.00>
ST_17 : Operation 76 [1/1] (0.00ns)   --->   "%specloopname_ln40 = specloopname void @_ssdm_op_SpecLoopName, void @empty_2" [../src/equalStep_baseline.cpp:40]   --->   Operation 76 'specloopname' 'specloopname_ln40' <Predicate = true> <Delay = 0.00>
ST_17 : Operation 77 [1/5] (8.23ns)   --->   "%Phi_t2_1 = dadd i64 %Phi_t2_load, i64 %mul3" [../src/equalStep_baseline.cpp:44]   --->   Operation 77 'dadd' 'Phi_t2_1' <Predicate = true> <Delay = 8.23> <CoreInst = "DAddSub_fulldsp">   --->   Core 37 'DAddSub_fulldsp' <Latency = 4> <II = 1> <Delay = 8.23> <FuncUnit> <Opcode : 'dadd' 'dsub'> <InPorts = 2> <OutPorts = 1>
ST_17 : Operation 78 [1/1] (1.58ns)   --->   "%store_ln38 = store i64 %Phi_t2_1, i64 %Phi_t2" [../src/equalStep_baseline.cpp:38]   --->   Operation 78 'store' 'store_ln38' <Predicate = true> <Delay = 1.58>
ST_17 : Operation 79 [1/1] (0.00ns)   --->   "%br_ln40 = br void %for.inc33" [../src/equalStep_baseline.cpp:40]   --->   Operation 79 'br' 'br_ln40' <Predicate = true> <Delay = 0.00>


============================================================
+ Verbose Summary: Binding
============================================================
STG Binding: 
---------------- STG Properties BEGIN ----------------
- Is combinational: 0
- Is one-state seq: 0
- Is datapath-only: 0
- Is pipelined: 0
- Is top level: 0
Port [ Return ] is wired: 1; IO mode=ap_ctrl_hs:ce=0
Port [ zext_ln34]:  wired=1; compound=0; hidden=0; nouse=0; global=0; static=0; extern=0; dir=0; type=0; pingpong=0; private_global=0; IO mode=ap_none:ce=0
Port [ zext_ln35]:  wired=1; compound=0; hidden=0; nouse=0; global=0; static=0; extern=0; dir=0; type=0; pingpong=0; private_global=0; IO mode=ap_none:ce=0
Port [ imStack]:  wired=1; compound=1; hidden=0; nouse=0; global=0; static=0; extern=0; dir=0; type=1; pingpong=0; private_global=0; MemPort=[13]; IO mode=ap_memory:ce=0
Port [ Phi_t2_out]:  wired=1; compound=0; hidden=0; nouse=0; global=0; static=0; extern=0; dir=1; type=0; pingpong=0; private_global=0; IO mode=ap_vld:ce=0
Port [ Phi_t1_out]:  wired=1; compound=0; hidden=0; nouse=0; global=0; static=0; extern=0; dir=1; type=0; pingpong=0; private_global=0; IO mode=ap_vld:ce=0
Port [ sin_k]:  wired=0; compound=1; hidden=1; nouse=0; global=1; static=1; extern=0; dir=0; type=1; pingpong=0; private_global=1; MemPort=[1]; IO mode=ap_memory:ce=0
Port [ cos_k]:  wired=0; compound=1; hidden=1; nouse=0; global=1; static=1; extern=0; dir=0; type=1; pingpong=0; private_global=1; MemPort=[1]; IO mode=ap_memory:ce=0
---------------- STG Properties END ------------------

---------------- Datapath Model BEGIN ----------------

<LifeTime>
<method=bitvector/>
Phi_t1                 (alloca           ) [ 011111111111111110]
Phi_t2                 (alloca           ) [ 011111111111111111]
k                      (alloca           ) [ 010000000000000000]
zext_ln35_read         (read             ) [ 000000000000000000]
zext_ln34_read         (read             ) [ 000000000000000000]
specinterface_ln0      (specinterface    ) [ 000000000000000000]
store_ln40             (store            ) [ 000000000000000000]
store_ln38             (store            ) [ 000000000000000000]
store_ln37             (store            ) [ 000000000000000000]
br_ln0                 (br               ) [ 000000000000000000]
k_1                    (load             ) [ 011111000000000000]
icmp_ln40              (icmp             ) [ 011111111111110000]
add_ln40               (add              ) [ 000000000000000000]
br_ln40                (br               ) [ 000000000000000000]
add_ln42_1             (bitconcatenate   ) [ 000000000000000000]
zext_ln42              (zext             ) [ 000000000000000000]
imStack_addr           (getelementptr    ) [ 001000000000000000]
store_ln40             (store            ) [ 000000000000000000]
imStack_load           (load             ) [ 000100000000000000]
zext_ln42_1            (zext             ) [ 011011100000000000]
zext_ln40              (zext             ) [ 000000000000000000]
sin_k_addr             (getelementptr    ) [ 001000100000000000]
cos_k_addr             (getelementptr    ) [ 001000100000000000]
val                    (uitodp           ) [ 011110011111100000]
sin_k_load             (load             ) [ 011110011111000000]
cos_k_load             (load             ) [ 011110011111100000]
mul2                   (dmul             ) [ 011110000000111110]
Phi_t1_load            (load             ) [ 011110000000011110]
mul3                   (dmul             ) [ 011110000000011111]
Phi_t2_load            (load             ) [ 011110000000001111]
Phi_t1_1               (dadd             ) [ 000000000000000000]
store_ln37             (store            ) [ 000000000000000000]
specpipeline_ln37      (specpipeline     ) [ 000000000000000000]
speclooptripcount_ln37 (speclooptripcount) [ 000000000000000000]
specloopname_ln40      (specloopname     ) [ 000000000000000000]
Phi_t2_1               (dadd             ) [ 000000000000000000]
store_ln38             (store            ) [ 000000000000000000]
br_ln40                (br               ) [ 000000000000000000]
Phi_t1_load_1          (load             ) [ 000000000000000000]
Phi_t2_load_1          (load             ) [ 000000000000000000]
write_ln0              (write            ) [ 000000000000000000]
write_ln0              (write            ) [ 000000000000000000]
ret_ln0                (ret              ) [ 000000000000000000]
</LifeTime>

<model>

<comp_list>
<comp id="0" class="1000" name="zext_ln34">
<pin_list>
<pin id="1" dir="1" index="0" bw="1" slack="0"/>
</pin_list>
<bind>
<StgValue><ssdm name="zext_ln34"/></StgValue>
</bind>
</comp>

<comp id="2" class="1000" name="zext_ln35">
<pin_list>
<pin id="3" dir="1" index="0" bw="1" slack="0"/>
</pin_list>
<bind>
<StgValue><ssdm name="zext_ln35"/></StgValue>
</bind>
</comp>

<comp id="4" class="1000" name="imStack">
<pin_list>
<pin id="5" dir="1" index="0" bw="1" slack="0"/>
</pin_list>
<bind>
<StgValue><ssdm name="imStack"/><MemPortTyVec>1 3 </MemPortTyVec>
</StgValue>
</bind>
</comp>

<comp id="6" class="1000" name="Phi_t2_out">
<pin_list>
<pin id="7" dir="1" index="0" bw="1" slack="0"/>
</pin_list>
<bind>
<StgValue><ssdm name="Phi_t2_out"/></StgValue>
</bind>
</comp>

<comp id="8" class="1000" name="Phi_t1_out">
<pin_list>
<pin id="9" dir="1" index="0" bw="1" slack="0"/>
</pin_list>
<bind>
<StgValue><ssdm name="Phi_t1_out"/></StgValue>
</bind>
</comp>

<comp id="10" class="1000" name="sin_k">
<pin_list>
<pin id="11" dir="1" index="0" bw="1" slack="0"/>
</pin_list>
<bind>
<StgValue><ssdm name="sin_k"/><MemPortTyVec>1 </MemPortTyVec>
</StgValue>
</bind>
</comp>

<comp id="12" class="1000" name="cos_k">
<pin_list>
<pin id="13" dir="1" index="0" bw="1" slack="0"/>
</pin_list>
<bind>
<StgValue><ssdm name="cos_k"/><MemPortTyVec>1 </MemPortTyVec>
</StgValue>
</bind>
</comp>

<comp id="14" class="1001" name="const_14">
<pin_list>
<pin id="15" dir="1" index="0" bw="1" slack="0"/>
</pin_list>
<bind>
<StgValue><ssdm name=""/></StgValue>
</bind>
</comp>

<comp id="16" class="1001" name="const_16">
<pin_list>
<pin id="17" dir="1" index="0" bw="1" slack="0"/>
</pin_list>
<bind>
<StgValue><ssdm name="_ssdm_op_Read.ap_auto.i6"/></StgValue>
</bind>
</comp>

<comp id="18" class="1001" name="const_18">
<pin_list>
<pin id="19" dir="1" index="0" bw="1" slack="2147483647"/>
</pin_list>
<bind>
<StgValue><ssdm name="_ssdm_op_SpecInterface"/></StgValue>
</bind>
</comp>

<comp id="20" class="1001" name="const_20">
<pin_list>
<pin id="21" dir="1" index="0" bw="1" slack="2147483647"/>
</pin_list>
<bind>
<StgValue><ssdm name="empty"/></StgValue>
</bind>
</comp>

<comp id="22" class="1001" name="const_22">
<pin_list>
<pin id="23" dir="1" index="0" bw="1" slack="2147483647"/>
</pin_list>
<bind>
<StgValue><ssdm name=""/></StgValue>
</bind>
</comp>

<comp id="24" class="1001" name="const_24">
<pin_list>
<pin id="25" dir="1" index="0" bw="1" slack="2147483647"/>
</pin_list>
<bind>
<StgValue><ssdm name="empty_0"/></StgValue>
</bind>
</comp>

<comp id="26" class="1001" name="const_26">
<pin_list>
<pin id="27" dir="1" index="0" bw="1" slack="2147483647"/>
</pin_list>
<bind>
<StgValue><ssdm name=""/></StgValue>
</bind>
</comp>

<comp id="28" class="1001" name="const_28">
<pin_list>
<pin id="29" dir="1" index="0" bw="1" slack="0"/>
</pin_list>
<bind>
<StgValue><ssdm name=""/></StgValue>
</bind>
</comp>

<comp id="30" class="1001" name="const_30">
<pin_list>
<pin id="31" dir="1" index="0" bw="1" slack="0"/>
</pin_list>
<bind>
<StgValue><ssdm name=""/></StgValue>
</bind>
</comp>

<comp id="32" class="1001" name="const_32">
<pin_list>
<pin id="33" dir="1" index="0" bw="1" slack="0"/>
</pin_list>
<bind>
<StgValue><ssdm name=""/></StgValue>
</bind>
</comp>

<comp id="34" class="1001" name="const_34">
<pin_list>
<pin id="35" dir="1" index="0" bw="1" slack="0"/>
</pin_list>
<bind>
<StgValue><ssdm name=""/></StgValue>
</bind>
</comp>

<comp id="36" class="1001" name="const_36">
<pin_list>
<pin id="37" dir="1" index="0" bw="1" slack="0"/>
</pin_list>
<bind>
<StgValue><ssdm name="_ssdm_op_BitConcatenate.i15.i3.i6.i6"/></StgValue>
</bind>
</comp>

<comp id="38" class="1001" name="const_38">
<pin_list>
<pin id="39" dir="1" index="0" bw="1" slack="0"/>
</pin_list>
<bind>
<StgValue><ssdm name=""/></StgValue>
</bind>
</comp>

<comp id="40" class="1001" name="const_40">
<pin_list>
<pin id="41" dir="1" index="0" bw="1" slack="2147483647"/>
</pin_list>
<bind>
<StgValue><ssdm name="_ssdm_op_SpecPipeline"/></StgValue>
</bind>
</comp>

<comp id="42" class="1001" name="const_42">
<pin_list>
<pin id="43" dir="1" index="0" bw="1" slack="2147483647"/>
</pin_list>
<bind>
<StgValue><ssdm name="_ssdm_op_SpecLoopTripCount"/></StgValue>
</bind>
</comp>

<comp id="44" class="1001" name="const_44">
<pin_list>
<pin id="45" dir="1" index="0" bw="1" slack="2147483647"/>
</pin_list>
<bind>
<StgValue><ssdm name=""/></StgValue>
</bind>
</comp>

<comp id="46" class="1001" name="const_46">
<pin_list>
<pin id="47" dir="1" index="0" bw="1" slack="2147483647"/>
</pin_list>
<bind>
<StgValue><ssdm name="_ssdm_op_SpecLoopName"/></StgValue>
</bind>
</comp>

<comp id="48" class="1001" name="const_48">
<pin_list>
<pin id="49" dir="1" index="0" bw="1" slack="2147483647"/>
</pin_list>
<bind>
<StgValue><ssdm name="empty_2"/></StgValue>
</bind>
</comp>

<comp id="50" class="1001" name="const_50">
<pin_list>
<pin id="51" dir="1" index="0" bw="1" slack="0"/>
</pin_list>
<bind>
<StgValue><ssdm name="_ssdm_op_Write.ap_auto.doubleP0A"/></StgValue>
</bind>
</comp>

<comp id="52" class="1004" name="Phi_t1_fu_52">
<pin_list>
<pin id="53" dir="0" index="0" bw="1" slack="0"/>
<pin id="54" dir="1" index="1" bw="64" slack="0"/>
</pin_list>
<bind>
<opcode="alloca(26) " fcode="alloca"/>
<opset="Phi_t1/1 "/>
</bind>
</comp>

<comp id="56" class="1004" name="Phi_t2_fu_56">
<pin_list>
<pin id="57" dir="0" index="0" bw="1" slack="0"/>
<pin id="58" dir="1" index="1" bw="64" slack="0"/>
</pin_list>
<bind>
<opcode="alloca(26) " fcode="alloca"/>
<opset="Phi_t2/1 "/>
</bind>
</comp>

<comp id="60" class="1004" name="k_fu_60">
<pin_list>
<pin id="61" dir="0" index="0" bw="1" slack="0"/>
<pin id="62" dir="1" index="1" bw="3" slack="0"/>
</pin_list>
<bind>
<opcode="alloca(26) " fcode="alloca"/>
<opset="k/1 "/>
</bind>
</comp>

<comp id="64" class="1004" name="zext_ln35_read_read_fu_64">
<pin_list>
<pin id="65" dir="0" index="0" bw="6" slack="0"/>
<pin id="66" dir="0" index="1" bw="6" slack="0"/>
<pin id="67" dir="1" index="2" bw="6" slack="0"/>
</pin_list>
<bind>
<opcode="read(1150) " fcode="read"/>
<opset="zext_ln35_read/1 "/>
</bind>
</comp>

<comp id="70" class="1004" name="zext_ln34_read_read_fu_70">
<pin_list>
<pin id="71" dir="0" index="0" bw="6" slack="0"/>
<pin id="72" dir="0" index="1" bw="6" slack="0"/>
<pin id="73" dir="1" index="2" bw="6" slack="0"/>
</pin_list>
<bind>
<opcode="read(1150) " fcode="read"/>
<opset="zext_ln34_read/1 "/>
</bind>
</comp>

<comp id="76" class="1004" name="write_ln0_write_fu_76">
<pin_list>
<pin id="77" dir="0" index="0" bw="0" slack="0"/>
<pin id="78" dir="0" index="1" bw="64" slack="0"/>
<pin id="79" dir="0" index="2" bw="64" slack="0"/>
<pin id="80" dir="1" index="3" bw="0" slack="2147483647"/>
</pin_list>
<bind>
<opcode="write(1151) " fcode="write"/>
<opset="write_ln0/13 "/>
</bind>
</comp>

<comp id="83" class="1004" name="write_ln0_write_fu_83">
<pin_list>
<pin id="84" dir="0" index="0" bw="0" slack="0"/>
<pin id="85" dir="0" index="1" bw="64" slack="0"/>
<pin id="86" dir="0" index="2" bw="64" slack="0"/>
<pin id="87" dir="1" index="3" bw="0" slack="2147483647"/>
</pin_list>
<bind>
<opcode="write(1151) " fcode="write"/>
<opset="write_ln0/13 "/>
</bind>
</comp>

<comp id="90" class="1004" name="imStack_addr_gep_fu_90">
<pin_list>
<pin id="91" dir="0" index="0" bw="16" slack="0"/>
<pin id="92" dir="0" index="1" bw="1" slack="0"/>
<pin id="93" dir="0" index="2" bw="15" slack="0"/>
<pin id="94" dir="1" index="3" bw="15" slack="0"/>
</pin_list>
<bind>
<opcode="getelementptr(29) " fcode="getelementptr"/>
<opset="imStack_addr/1 "/>
</bind>
</comp>

<comp id="97" class="1004" name="grp_access_fu_97">
<pin_list>
<pin id="98" dir="0" index="0" bw="15" slack="0"/>
<pin id="99" dir="0" index="1" bw="16" slack="2147483647"/>
<pin id="100" dir="0" index="2" bw="0" slack="2147483647"/>
<pin id="101" dir="1" index="3" bw="16" slack="1"/>
</pin_list>
<bind>
<opcode="load(27) " fcode="load"/>
<opset="imStack_load/1 "/>
</bind>
</comp>

<comp id="103" class="1004" name="sin_k_addr_gep_fu_103">
<pin_list>
<pin id="104" dir="0" index="0" bw="64" slack="0"/>
<pin id="105" dir="0" index="1" bw="1" slack="0"/>
<pin id="106" dir="0" index="2" bw="3" slack="0"/>
<pin id="107" dir="1" index="3" bw="3" slack="0"/>
</pin_list>
<bind>
<opcode="getelementptr(29) " fcode="getelementptr"/>
<opset="sin_k_addr/5 "/>
</bind>
</comp>

<comp id="110" class="1004" name="grp_access_fu_110">
<pin_list>
<pin id="111" dir="0" index="0" bw="3" slack="0"/>
<pin id="112" dir="0" index="1" bw="64" slack="2147483647"/>
<pin id="113" dir="0" index="2" bw="0" slack="2147483647"/>
<pin id="114" dir="1" index="3" bw="64" slack="1"/>
</pin_list>
<bind>
<opcode="load(27) " fcode="load"/>
<opset="sin_k_load/5 "/>
</bind>
</comp>

<comp id="116" class="1004" name="cos_k_addr_gep_fu_116">
<pin_list>
<pin id="117" dir="0" index="0" bw="64" slack="0"/>
<pin id="118" dir="0" index="1" bw="1" slack="0"/>
<pin id="119" dir="0" index="2" bw="3" slack="0"/>
<pin id="120" dir="1" index="3" bw="3" slack="0"/>
</pin_list>
<bind>
<opcode="getelementptr(29) " fcode="getelementptr"/>
<opset="cos_k_addr/5 "/>
</bind>
</comp>

<comp id="123" class="1004" name="grp_access_fu_123">
<pin_list>
<pin id="124" dir="0" index="0" bw="3" slack="0"/>
<pin id="125" dir="0" index="1" bw="64" slack="2147483647"/>
<pin id="126" dir="0" index="2" bw="0" slack="2147483647"/>
<pin id="127" dir="1" index="3" bw="64" slack="2"/>
</pin_list>
<bind>
<opcode="load(27) " fcode="load"/>
<opset="cos_k_load/5 "/>
</bind>
</comp>

<comp id="129" class="1004" name="grp_fu_129">
<pin_list>
<pin id="130" dir="0" index="0" bw="64" slack="0"/>
<pin id="131" dir="0" index="1" bw="64" slack="1"/>
<pin id="132" dir="1" index="2" bw="64" slack="0"/>
</pin_list>
<bind>
<opcode="dadd(508) " fcode="dadd"/>
<opset="Phi_t1_1/12 Phi_t2_1/13 "/>
</bind>
</comp>

<comp id="133" class="1004" name="grp_fu_133">
<pin_list>
<pin id="134" dir="0" index="0" bw="64" slack="1"/>
<pin id="135" dir="0" index="1" bw="64" slack="1"/>
<pin id="136" dir="1" index="2" bw="64" slack="1"/>
</pin_list>
<bind>
<opcode="dmul(510) " fcode="dmul"/>
<opset="mul2/7 mul3/8 "/>
</bind>
</comp>

<comp id="137" class="1004" name="grp_fu_137">
<pin_list>
<pin id="138" dir="0" index="0" bw="16" slack="0"/>
<pin id="139" dir="1" index="1" bw="64" slack="1"/>
</pin_list>
<bind>
<opcode="uitodp(516) " fcode="uitodp"/>
<opset="val/3 "/>
</bind>
</comp>

<comp id="140" class="1004" name="store_ln40_store_fu_140">
<pin_list>
<pin id="141" dir="0" index="0" bw="1" slack="0"/>
<pin id="142" dir="0" index="1" bw="3" slack="0"/>
<pin id="143" dir="1" index="2" bw="0" slack="2147483647"/>
</pin_list>
<bind>
<opcode="store(28) " fcode="store"/>
<opset="store_ln40/1 "/>
</bind>
</comp>

<comp id="145" class="1004" name="store_ln38_store_fu_145">
<pin_list>
<pin id="146" dir="0" index="0" bw="64" slack="0"/>
<pin id="147" dir="0" index="1" bw="64" slack="0"/>
<pin id="148" dir="1" index="2" bw="0" slack="2147483647"/>
</pin_list>
<bind>
<opcode="store(28) " fcode="store"/>
<opset="store_ln38/1 "/>
</bind>
</comp>

<comp id="150" class="1004" name="store_ln37_store_fu_150">
<pin_list>
<pin id="151" dir="0" index="0" bw="64" slack="0"/>
<pin id="152" dir="0" index="1" bw="64" slack="0"/>
<pin id="153" dir="1" index="2" bw="0" slack="2147483647"/>
</pin_list>
<bind>
<opcode="store(28) " fcode="store"/>
<opset="store_ln37/1 "/>
</bind>
</comp>

<comp id="155" class="1004" name="k_1_load_fu_155">
<pin_list>
<pin id="156" dir="0" index="0" bw="3" slack="0"/>
<pin id="157" dir="1" index="1" bw="3" slack="0"/>
</pin_list>
<bind>
<opcode="load(27) " fcode="load"/>
<opset="k_1/1 "/>
</bind>
</comp>

<comp id="158" class="1004" name="icmp_ln40_fu_158">
<pin_list>
<pin id="159" dir="0" index="0" bw="3" slack="0"/>
<pin id="160" dir="0" index="1" bw="3" slack="0"/>
<pin id="161" dir="1" index="2" bw="1" slack="1"/>
</pin_list>
<bind>
<opcode="icmp(45) " fcode="icmp"/>
<opset="icmp_ln40/1 "/>
</bind>
</comp>

<comp id="164" class="1004" name="add_ln40_fu_164">
<pin_list>
<pin id="165" dir="0" index="0" bw="3" slack="0"/>
<pin id="166" dir="0" index="1" bw="1" slack="0"/>
<pin id="167" dir="1" index="2" bw="3" slack="0"/>
</pin_list>
<bind>
<opcode="add(8) " fcode="add"/>
<opset="add_ln40/1 "/>
</bind>
</comp>

<comp id="170" class="1004" name="add_ln42_1_fu_170">
<pin_list>
<pin id="171" dir="0" index="0" bw="15" slack="0"/>
<pin id="172" dir="0" index="1" bw="3" slack="0"/>
<pin id="173" dir="0" index="2" bw="6" slack="0"/>
<pin id="174" dir="0" index="3" bw="6" slack="0"/>
<pin id="175" dir="1" index="4" bw="15" slack="0"/>
</pin_list>
<bind>
<opcode="bitconcatenate(1004) " fcode="bitconcatenate"/>
<opset="add_ln42_1/1 "/>
</bind>
</comp>

<comp id="180" class="1004" name="zext_ln42_fu_180">
<pin_list>
<pin id="181" dir="0" index="0" bw="15" slack="0"/>
<pin id="182" dir="1" index="1" bw="64" slack="0"/>
</pin_list>
<bind>
<opcode="zext(34) " fcode="zext"/>
<opset="zext_ln42/1 "/>
</bind>
</comp>

<comp id="185" class="1004" name="store_ln40_store_fu_185">
<pin_list>
<pin id="186" dir="0" index="0" bw="3" slack="0"/>
<pin id="187" dir="0" index="1" bw="3" slack="0"/>
<pin id="188" dir="1" index="2" bw="0" slack="2147483647"/>
</pin_list>
<bind>
<opcode="store(28) " fcode="store"/>
<opset="store_ln40/1 "/>
</bind>
</comp>

<comp id="190" class="1004" name="zext_ln42_1_fu_190">
<pin_list>
<pin id="191" dir="0" index="0" bw="16" slack="1"/>
<pin id="192" dir="1" index="1" bw="32" slack="0"/>
</pin_list>
<bind>
<opcode="zext(34) " fcode="zext"/>
<opset="zext_ln42_1/3 "/>
</bind>
</comp>

<comp id="194" class="1004" name="zext_ln40_fu_194">
<pin_list>
<pin id="195" dir="0" index="0" bw="3" slack="4"/>
<pin id="196" dir="1" index="1" bw="64" slack="0"/>
</pin_list>
<bind>
<opcode="zext(34) " fcode="zext"/>
<opset="zext_ln40/5 "/>
</bind>
</comp>

<comp id="199" class="1004" name="Phi_t1_load_load_fu_199">
<pin_list>
<pin id="200" dir="0" index="0" bw="64" slack="11"/>
<pin id="201" dir="1" index="1" bw="64" slack="0"/>
</pin_list>
<bind>
<opcode="load(27) " fcode="load"/>
<opset="Phi_t1_load/12 "/>
</bind>
</comp>

<comp id="203" class="1004" name="Phi_t2_load_load_fu_203">
<pin_list>
<pin id="204" dir="0" index="0" bw="64" slack="12"/>
<pin id="205" dir="1" index="1" bw="64" slack="0"/>
</pin_list>
<bind>
<opcode="load(27) " fcode="load"/>
<opset="Phi_t2_load/13 "/>
</bind>
</comp>

<comp id="207" class="1004" name="store_ln37_store_fu_207">
<pin_list>
<pin id="208" dir="0" index="0" bw="64" slack="0"/>
<pin id="209" dir="0" index="1" bw="64" slack="15"/>
<pin id="210" dir="1" index="2" bw="0" slack="2147483647"/>
</pin_list>
<bind>
<opcode="store(28) " fcode="store"/>
<opset="store_ln37/16 "/>
</bind>
</comp>

<comp id="212" class="1004" name="store_ln38_store_fu_212">
<pin_list>
<pin id="213" dir="0" index="0" bw="64" slack="0"/>
<pin id="214" dir="0" index="1" bw="64" slack="16"/>
<pin id="215" dir="1" index="2" bw="0" slack="2147483647"/>
</pin_list>
<bind>
<opcode="store(28) " fcode="store"/>
<opset="store_ln38/17 "/>
</bind>
</comp>

<comp id="217" class="1004" name="Phi_t1_load_1_load_fu_217">
<pin_list>
<pin id="218" dir="0" index="0" bw="64" slack="12"/>
<pin id="219" dir="1" index="1" bw="64" slack="0"/>
</pin_list>
<bind>
<opcode="load(27) " fcode="load"/>
<opset="Phi_t1_load_1/13 "/>
</bind>
</comp>

<comp id="221" class="1004" name="Phi_t2_load_1_load_fu_221">
<pin_list>
<pin id="222" dir="0" index="0" bw="64" slack="12"/>
<pin id="223" dir="1" index="1" bw="64" slack="0"/>
</pin_list>
<bind>
<opcode="load(27) " fcode="load"/>
<opset="Phi_t2_load_1/13 "/>
</bind>
</comp>

<comp id="225" class="1005" name="Phi_t1_reg_225">
<pin_list>
<pin id="226" dir="0" index="0" bw="64" slack="0"/>
<pin id="227" dir="1" index="1" bw="64" slack="0"/>
</pin_list>
<bind>
<opset="Phi_t1 "/>
</bind>
</comp>

<comp id="233" class="1005" name="Phi_t2_reg_233">
<pin_list>
<pin id="234" dir="0" index="0" bw="64" slack="0"/>
<pin id="235" dir="1" index="1" bw="64" slack="0"/>
</pin_list>
<bind>
<opset="Phi_t2 "/>
</bind>
</comp>

<comp id="241" class="1005" name="k_reg_241">
<pin_list>
<pin id="242" dir="0" index="0" bw="3" slack="0"/>
<pin id="243" dir="1" index="1" bw="3" slack="0"/>
</pin_list>
<bind>
<opset="k "/>
</bind>
</comp>

<comp id="248" class="1005" name="k_1_reg_248">
<pin_list>
<pin id="249" dir="0" index="0" bw="3" slack="4"/>
<pin id="250" dir="1" index="1" bw="3" slack="4"/>
</pin_list>
<bind>
<opset="k_1 "/>
</bind>
</comp>

<comp id="253" class="1005" name="icmp_ln40_reg_253">
<pin_list>
<pin id="254" dir="0" index="0" bw="1" slack="1"/>
<pin id="255" dir="1" index="1" bw="1" slack="2147483647"/>
</pin_list>
<bind>
<opset="icmp_ln40 "/>
</bind>
</comp>

<comp id="257" class="1005" name="imStack_addr_reg_257">
<pin_list>
<pin id="258" dir="0" index="0" bw="15" slack="1"/>
<pin id="259" dir="1" index="1" bw="15" slack="1"/>
</pin_list>
<bind>
<opset="imStack_addr "/>
</bind>
</comp>

<comp id="262" class="1005" name="imStack_load_reg_262">
<pin_list>
<pin id="263" dir="0" index="0" bw="16" slack="1"/>
<pin id="264" dir="1" index="1" bw="16" slack="1"/>
</pin_list>
<bind>
<opset="imStack_load "/>
</bind>
</comp>

<comp id="267" class="1005" name="zext_ln42_1_reg_267">
<pin_list>
<pin id="268" dir="0" index="0" bw="32" slack="1"/>
<pin id="269" dir="1" index="1" bw="32" slack="1"/>
</pin_list>
<bind>
<opset="zext_ln42_1 "/>
</bind>
</comp>

<comp id="272" class="1005" name="sin_k_addr_reg_272">
<pin_list>
<pin id="273" dir="0" index="0" bw="3" slack="1"/>
<pin id="274" dir="1" index="1" bw="3" slack="1"/>
</pin_list>
<bind>
<opset="sin_k_addr "/>
</bind>
</comp>

<comp id="277" class="1005" name="cos_k_addr_reg_277">
<pin_list>
<pin id="278" dir="0" index="0" bw="3" slack="1"/>
<pin id="279" dir="1" index="1" bw="3" slack="1"/>
</pin_list>
<bind>
<opset="cos_k_addr "/>
</bind>
</comp>

<comp id="282" class="1005" name="val_reg_282">
<pin_list>
<pin id="283" dir="0" index="0" bw="64" slack="1"/>
<pin id="284" dir="1" index="1" bw="64" slack="1"/>
</pin_list>
<bind>
<opset="val "/>
</bind>
</comp>

<comp id="287" class="1005" name="sin_k_load_reg_287">
<pin_list>
<pin id="288" dir="0" index="0" bw="64" slack="1"/>
<pin id="289" dir="1" index="1" bw="64" slack="1"/>
</pin_list>
<bind>
<opset="sin_k_load "/>
</bind>
</comp>

<comp id="292" class="1005" name="cos_k_load_reg_292">
<pin_list>
<pin id="293" dir="0" index="0" bw="64" slack="2"/>
<pin id="294" dir="1" index="1" bw="64" slack="2"/>
</pin_list>
<bind>
<opset="cos_k_load "/>
</bind>
</comp>

<comp id="297" class="1005" name="mul2_reg_297">
<pin_list>
<pin id="298" dir="0" index="0" bw="64" slack="1"/>
<pin id="299" dir="1" index="1" bw="64" slack="1"/>
</pin_list>
<bind>
<opset="mul2 "/>
</bind>
</comp>

<comp id="302" class="1005" name="Phi_t1_load_reg_302">
<pin_list>
<pin id="303" dir="0" index="0" bw="64" slack="1"/>
<pin id="304" dir="1" index="1" bw="64" slack="1"/>
</pin_list>
<bind>
<opset="Phi_t1_load "/>
</bind>
</comp>

<comp id="307" class="1005" name="mul3_reg_307">
<pin_list>
<pin id="308" dir="0" index="0" bw="64" slack="1"/>
<pin id="309" dir="1" index="1" bw="64" slack="1"/>
</pin_list>
<bind>
<opset="mul3 "/>
</bind>
</comp>

<comp id="312" class="1005" name="Phi_t2_load_reg_312">
<pin_list>
<pin id="313" dir="0" index="0" bw="64" slack="1"/>
<pin id="314" dir="1" index="1" bw="64" slack="1"/>
</pin_list>
<bind>
<opset="Phi_t2_load "/>
</bind>
</comp>

</comp_list>

<net_list>
<net id="55"><net_src comp="14" pin="0"/><net_sink comp="52" pin=0"/></net>

<net id="59"><net_src comp="14" pin="0"/><net_sink comp="56" pin=0"/></net>

<net id="63"><net_src comp="14" pin="0"/><net_sink comp="60" pin=0"/></net>

<net id="68"><net_src comp="16" pin="0"/><net_sink comp="64" pin=0"/></net>

<net id="69"><net_src comp="2" pin="0"/><net_sink comp="64" pin=1"/></net>

<net id="74"><net_src comp="16" pin="0"/><net_sink comp="70" pin=0"/></net>

<net id="75"><net_src comp="0" pin="0"/><net_sink comp="70" pin=1"/></net>

<net id="81"><net_src comp="50" pin="0"/><net_sink comp="76" pin=0"/></net>

<net id="82"><net_src comp="6" pin="0"/><net_sink comp="76" pin=1"/></net>

<net id="88"><net_src comp="50" pin="0"/><net_sink comp="83" pin=0"/></net>

<net id="89"><net_src comp="8" pin="0"/><net_sink comp="83" pin=1"/></net>

<net id="95"><net_src comp="4" pin="0"/><net_sink comp="90" pin=0"/></net>

<net id="96"><net_src comp="38" pin="0"/><net_sink comp="90" pin=1"/></net>

<net id="102"><net_src comp="90" pin="3"/><net_sink comp="97" pin=0"/></net>

<net id="108"><net_src comp="10" pin="0"/><net_sink comp="103" pin=0"/></net>

<net id="109"><net_src comp="38" pin="0"/><net_sink comp="103" pin=1"/></net>

<net id="115"><net_src comp="103" pin="3"/><net_sink comp="110" pin=0"/></net>

<net id="121"><net_src comp="12" pin="0"/><net_sink comp="116" pin=0"/></net>

<net id="122"><net_src comp="38" pin="0"/><net_sink comp="116" pin=1"/></net>

<net id="128"><net_src comp="116" pin="3"/><net_sink comp="123" pin=0"/></net>

<net id="144"><net_src comp="28" pin="0"/><net_sink comp="140" pin=0"/></net>

<net id="149"><net_src comp="30" pin="0"/><net_sink comp="145" pin=0"/></net>

<net id="154"><net_src comp="30" pin="0"/><net_sink comp="150" pin=0"/></net>

<net id="162"><net_src comp="155" pin="1"/><net_sink comp="158" pin=0"/></net>

<net id="163"><net_src comp="32" pin="0"/><net_sink comp="158" pin=1"/></net>

<net id="168"><net_src comp="155" pin="1"/><net_sink comp="164" pin=0"/></net>

<net id="169"><net_src comp="34" pin="0"/><net_sink comp="164" pin=1"/></net>

<net id="176"><net_src comp="36" pin="0"/><net_sink comp="170" pin=0"/></net>

<net id="177"><net_src comp="155" pin="1"/><net_sink comp="170" pin=1"/></net>

<net id="178"><net_src comp="70" pin="2"/><net_sink comp="170" pin=2"/></net>

<net id="179"><net_src comp="64" pin="2"/><net_sink comp="170" pin=3"/></net>

<net id="183"><net_src comp="170" pin="4"/><net_sink comp="180" pin=0"/></net>

<net id="184"><net_src comp="180" pin="1"/><net_sink comp="90" pin=2"/></net>

<net id="189"><net_src comp="164" pin="2"/><net_sink comp="185" pin=0"/></net>

<net id="193"><net_src comp="190" pin="1"/><net_sink comp="137" pin=0"/></net>

<net id="197"><net_src comp="194" pin="1"/><net_sink comp="103" pin=2"/></net>

<net id="198"><net_src comp="194" pin="1"/><net_sink comp="116" pin=2"/></net>

<net id="202"><net_src comp="199" pin="1"/><net_sink comp="129" pin=0"/></net>

<net id="206"><net_src comp="203" pin="1"/><net_sink comp="129" pin=0"/></net>

<net id="211"><net_src comp="129" pin="2"/><net_sink comp="207" pin=0"/></net>

<net id="216"><net_src comp="129" pin="2"/><net_sink comp="212" pin=0"/></net>

<net id="220"><net_src comp="217" pin="1"/><net_sink comp="83" pin=2"/></net>

<net id="224"><net_src comp="221" pin="1"/><net_sink comp="76" pin=2"/></net>

<net id="228"><net_src comp="52" pin="1"/><net_sink comp="225" pin=0"/></net>

<net id="229"><net_src comp="225" pin="1"/><net_sink comp="150" pin=1"/></net>

<net id="230"><net_src comp="225" pin="1"/><net_sink comp="199" pin=0"/></net>

<net id="231"><net_src comp="225" pin="1"/><net_sink comp="207" pin=1"/></net>

<net id="232"><net_src comp="225" pin="1"/><net_sink comp="217" pin=0"/></net>

<net id="236"><net_src comp="56" pin="1"/><net_sink comp="233" pin=0"/></net>

<net id="237"><net_src comp="233" pin="1"/><net_sink comp="145" pin=1"/></net>

<net id="238"><net_src comp="233" pin="1"/><net_sink comp="203" pin=0"/></net>

<net id="239"><net_src comp="233" pin="1"/><net_sink comp="212" pin=1"/></net>

<net id="240"><net_src comp="233" pin="1"/><net_sink comp="221" pin=0"/></net>

<net id="244"><net_src comp="60" pin="1"/><net_sink comp="241" pin=0"/></net>

<net id="245"><net_src comp="241" pin="1"/><net_sink comp="140" pin=1"/></net>

<net id="246"><net_src comp="241" pin="1"/><net_sink comp="155" pin=0"/></net>

<net id="247"><net_src comp="241" pin="1"/><net_sink comp="185" pin=1"/></net>

<net id="251"><net_src comp="155" pin="1"/><net_sink comp="248" pin=0"/></net>

<net id="252"><net_src comp="248" pin="1"/><net_sink comp="194" pin=0"/></net>

<net id="256"><net_src comp="158" pin="2"/><net_sink comp="253" pin=0"/></net>

<net id="260"><net_src comp="90" pin="3"/><net_sink comp="257" pin=0"/></net>

<net id="261"><net_src comp="257" pin="1"/><net_sink comp="97" pin=0"/></net>

<net id="265"><net_src comp="97" pin="3"/><net_sink comp="262" pin=0"/></net>

<net id="266"><net_src comp="262" pin="1"/><net_sink comp="190" pin=0"/></net>

<net id="270"><net_src comp="190" pin="1"/><net_sink comp="267" pin=0"/></net>

<net id="271"><net_src comp="267" pin="1"/><net_sink comp="137" pin=0"/></net>

<net id="275"><net_src comp="103" pin="3"/><net_sink comp="272" pin=0"/></net>

<net id="276"><net_src comp="272" pin="1"/><net_sink comp="110" pin=0"/></net>

<net id="280"><net_src comp="116" pin="3"/><net_sink comp="277" pin=0"/></net>

<net id="281"><net_src comp="277" pin="1"/><net_sink comp="123" pin=0"/></net>

<net id="285"><net_src comp="137" pin="1"/><net_sink comp="282" pin=0"/></net>

<net id="286"><net_src comp="282" pin="1"/><net_sink comp="133" pin=0"/></net>

<net id="290"><net_src comp="110" pin="3"/><net_sink comp="287" pin=0"/></net>

<net id="291"><net_src comp="287" pin="1"/><net_sink comp="133" pin=1"/></net>

<net id="295"><net_src comp="123" pin="3"/><net_sink comp="292" pin=0"/></net>

<net id="296"><net_src comp="292" pin="1"/><net_sink comp="133" pin=1"/></net>

<net id="300"><net_src comp="133" pin="2"/><net_sink comp="297" pin=0"/></net>

<net id="301"><net_src comp="297" pin="1"/><net_sink comp="129" pin=1"/></net>

<net id="305"><net_src comp="199" pin="1"/><net_sink comp="302" pin=0"/></net>

<net id="306"><net_src comp="302" pin="1"/><net_sink comp="129" pin=0"/></net>

<net id="310"><net_src comp="133" pin="2"/><net_sink comp="307" pin=0"/></net>

<net id="311"><net_src comp="307" pin="1"/><net_sink comp="129" pin=1"/></net>

<net id="315"><net_src comp="203" pin="1"/><net_sink comp="312" pin=0"/></net>

<net id="316"><net_src comp="312" pin="1"/><net_sink comp="129" pin=0"/></net>

</net_list>

</model> 
---------------- Datapath Model END ------------------

* FSMD analyzer results:
  - Output states:
	Port: Phi_t2_out | {13 }
	Port: Phi_t1_out | {13 }
 - Input state : 
	Port: equalStep_baseline_Pipeline_VITIS_LOOP_40_4 : zext_ln34 | {1 }
	Port: equalStep_baseline_Pipeline_VITIS_LOOP_40_4 : zext_ln35 | {1 }
	Port: equalStep_baseline_Pipeline_VITIS_LOOP_40_4 : imStack | {1 2 }
	Port: equalStep_baseline_Pipeline_VITIS_LOOP_40_4 : sin_k | {5 6 }
	Port: equalStep_baseline_Pipeline_VITIS_LOOP_40_4 : cos_k | {5 6 }
  - Chain level:
	State 1
		store_ln40 : 1
		store_ln38 : 1
		store_ln37 : 1
		k_1 : 1
		icmp_ln40 : 2
		add_ln40 : 2
		br_ln40 : 3
		add_ln42_1 : 2
		zext_ln42 : 3
		imStack_addr : 4
		imStack_load : 5
		store_ln40 : 3
	State 2
	State 3
		val : 1
	State 4
	State 5
		sin_k_addr : 1
		sin_k_load : 2
		cos_k_addr : 1
		cos_k_load : 2
	State 6
	State 7
	State 8
	State 9
	State 10
	State 11
	State 12
		Phi_t1_1 : 1
	State 13
		Phi_t2_1 : 1
		write_ln0 : 1
		write_ln0 : 1
	State 14
	State 15
	State 16
		store_ln37 : 1
	State 17
		store_ln38 : 1


============================================================
+ Verbose Summary: Datapath Resource usage 
============================================================

* Functional unit list:
|----------|---------------------------|---------|---------|---------|
| Operation|      Functional Unit      |   DSP   |    FF   |   LUT   |
|----------|---------------------------|---------|---------|---------|
|   dadd   |         grp_fu_129        |    3    |   445   |   1149  |
|----------|---------------------------|---------|---------|---------|
|   dmul   |         grp_fu_133        |    11   |   299   |   566   |
|----------|---------------------------|---------|---------|---------|
|   icmp   |      icmp_ln40_fu_158     |    0    |    0    |    11   |
|----------|---------------------------|---------|---------|---------|
|    add   |      add_ln40_fu_164      |    0    |    0    |    11   |
|----------|---------------------------|---------|---------|---------|
|   read   | zext_ln35_read_read_fu_64 |    0    |    0    |    0    |
|          | zext_ln34_read_read_fu_70 |    0    |    0    |    0    |
|----------|---------------------------|---------|---------|---------|
|   write  |   write_ln0_write_fu_76   |    0    |    0    |    0    |
|          |   write_ln0_write_fu_83   |    0    |    0    |    0    |
|----------|---------------------------|---------|---------|---------|
|  uitodp  |         grp_fu_137        |    0    |    0    |    0    |
|----------|---------------------------|---------|---------|---------|
|bitconcatenate|     add_ln42_1_fu_170     |    0    |    0    |    0    |
|----------|---------------------------|---------|---------|---------|
|          |      zext_ln42_fu_180     |    0    |    0    |    0    |
|   zext   |     zext_ln42_1_fu_190    |    0    |    0    |    0    |
|          |      zext_ln40_fu_194     |    0    |    0    |    0    |
|----------|---------------------------|---------|---------|---------|
|   Total  |                           |    14   |   744   |   1737  |
|----------|---------------------------|---------|---------|---------|

Memories:
N/A

* Register list:
+--------------------+--------+
|                    |   FF   |
+--------------------+--------+
| Phi_t1_load_reg_302|   64   |
|   Phi_t1_reg_225   |   64   |
| Phi_t2_load_reg_312|   64   |
|   Phi_t2_reg_233   |   64   |
| cos_k_addr_reg_277 |    3   |
| cos_k_load_reg_292 |   64   |
|  icmp_ln40_reg_253 |    1   |
|imStack_addr_reg_257|   15   |
|imStack_load_reg_262|   16   |
|     k_1_reg_248    |    3   |
|      k_reg_241     |    3   |
|    mul2_reg_297    |   64   |
|    mul3_reg_307    |   64   |
| sin_k_addr_reg_272 |    3   |
| sin_k_load_reg_287 |   64   |
|     val_reg_282    |   64   |
| zext_ln42_1_reg_267|   32   |
+--------------------+--------+
|        Total       |   652  |
+--------------------+--------+

* Multiplexer (MUX) list: 
|-------------------|------|------|------|--------||---------||---------||---------|
|        Comp       |  Pin | Size |  BW  | S x BW ||  Delay  ||    FF   ||   LUT   |
|-------------------|------|------|------|--------||---------||---------||---------|
|  grp_access_fu_97 |  p0  |   2  |  15  |   30   ||    0    ||    9    |
| grp_access_fu_110 |  p0  |   2  |   3  |    6   ||    0    ||    9    |
| grp_access_fu_123 |  p0  |   2  |   3  |    6   ||    0    ||    9    |
|     grp_fu_129    |  p0  |   4  |  64  |   256  ||    0    ||    20   |
|     grp_fu_129    |  p1  |   2  |  64  |   128  ||    0    ||    9    |
|     grp_fu_133    |  p1  |   2  |  64  |   128  ||    0    ||    9    |
|     grp_fu_137    |  p0  |   2  |  16  |   32   ||    0    ||    9    |
|-------------------|------|------|------|--------||---------||---------||---------|
|       Total       |      |      |      |   586  || 11.3546 ||    0    ||    74   |
|-------------------|------|------|------|--------||---------||---------||---------|



* Summary:
+-----------+--------+--------+--------+--------+
|           |   DSP  |  Delay |   FF   |   LUT  |
+-----------+--------+--------+--------+--------+
|  Function |   14   |    -   |   744  |  1737  |
|   Memory  |    -   |    -   |    -   |    -   |
|Multiplexer|    -   |   11   |    0   |   74   |
|  Register |    -   |    -   |   652  |    -   |
+-----------+--------+--------+--------+--------+
|   Total   |   14   |   11   |  1396  |  1811  |
+-----------+--------+--------+--------+--------+
