C:\Users\seanr\vitis_projects\fpp_project\singleStep_baseline\equalStep_baseline\hls\.autopilot\db\equalStep_baseline.pp.0.cpp:3662:5: warning: Added loop label VITIS_LOOP_28_1:   [xilinx-label-all-loops]
    for (int k = 0; k < 5; k++) {
    ^~~
    VITIS_LOOP_28_1: 
C:\Users\seanr\vitis_projects\fpp_project\singleStep_baseline\equalStep_baseline\hls\.autopilot\db\equalStep_baseline.pp.0.cpp:3662:5: note: FIX-IT applied suggested code changes
C:\Users\seanr\vitis_projects\fpp_project\singleStep_baseline\equalStep_baseline\hls\.autopilot\db\equalStep_baseline.pp.0.cpp:3668:5: warning: Added loop label VITIS_LOOP_34_2:   [xilinx-label-all-loops]
    for (int i = 0; i < 64; i++) {
    ^~~
    VITIS_LOOP_34_2: 
C:\Users\seanr\vitis_projects\fpp_project\singleStep_baseline\equalStep_baseline\hls\.autopilot\db\equalStep_baseline.pp.0.cpp:3668:5: note: FIX-IT applied suggested code changes
C:\Users\seanr\vitis_projects\fpp_project\singleStep_baseline\equalStep_baseline\hls\.autopilot\db\equalStep_baseline.pp.0.cpp:3669:9: warning: Added loop label VITIS_LOOP_35_3:   [xilinx-label-all-loops]
        for (int j = 0; j < 64; j++) {
        ^~~
        VITIS_LOOP_35_3: 
C:\Users\seanr\vitis_projects\fpp_project\singleStep_baseline\equalStep_baseline\hls\.autopilot\db\equalStep_baseline.pp.0.cpp:3669:9: note: FIX-IT applied suggested code changes
C:\Users\seanr\vitis_projects\fpp_project\singleStep_baseline\equalStep_baseline\hls\.autopilot\db\equalStep_baseline.pp.0.cpp:3674:13: warning: Added loop label VITIS_LOOP_40_4:   [xilinx-label-all-loops]
            for (int k = 0; k < 5; k++) {
            ^~~
            VITIS_LOOP_40_4: 
C:\Users\seanr\vitis_projects\fpp_project\singleStep_baseline\equalStep_baseline\hls\.autopilot\db\equalStep_baseline.pp.0.cpp:3674:13: note: FIX-IT applied suggested code changes
