

================================================================
== Vitis HLS Report for 'equalStep_baseline_Pipeline_VITIS_LOOP_40_4'
================================================================
* Date:           Wed Mar 11 18:45:55 2026

* Version:        2025.1 (Build 6135595 on May 21 2025)
* Project:        equalStep_baseline
* Solution:       hls (Vivado IP Flow Target)
* Product family: zynq
* Target device:  xc7z020-clg400-1


================================================================
== Performance Estimates
================================================================
+ Timing: 
    * Summary: 
    +--------+----------+-----------+------------+
    |  Clock |  Target  | Estimated | Uncertainty|
    +--------+----------+-----------+------------+
    |ap_clk  |  16.00 ns|  11.325 ns|     4.32 ns|
    +--------+----------+-----------+------------+

+ Latency: 
    * Summary: 
    +---------+---------+----------+----------+-----+-----+------------------------------------------------+
    |  Latency (cycles) |  Latency (absolute) |  Interval |                    Pipeline                    |
    |   min   |   max   |    min   |    max   | min | max |                      Type                      |
    +---------+---------+----------+----------+-----+-----+------------------------------------------------+
    |       34|       34|  0.544 us|  0.544 us|   24|   24|  loop auto-rewind stp (delay=0 clock cycles(s))|
    +---------+---------+----------+----------+-----+-----+------------------------------------------------+

    + Detail: 
        * Instance: 
        N/A

        * Loop: 
        +-------------------+---------+---------+----------+-----------+-----------+------+----------+
        |                   |  Latency (cycles) | Iteration|  Initiation Interval  | Trip |          |
        |     Loop Name     |   min   |   max   |  Latency |  achieved |   target  | Count| Pipelined|
        +-------------------+---------+---------+----------+-----------+-----------+------+----------+
        |- VITIS_LOOP_40_4  |       32|       32|        17|          4|          1|     5|       yes|
        +-------------------+---------+---------+----------+-----------+-----------+------+----------+

============================================================
+ Verbose Summary: Synthesis Manager
============================================================
InlineROM: 1
ExposeGlobal: 0
============================================================
+ Verbose Summary: CDFG Model
============================================================
IsTopModel: 0
ResetActiveHigh: 1
IsCombinational: 0
IsDatapathOnly: 0
HasWiredReturn: 1
HasMFsm: 2
HasVarLatency: 1
IsPipeline: 0
IsRtlPipelined: 0
IsInstanceOverlapped: 0
IsDontTouch: 0
HasImplIP: 0
IsGatedGlobalClock: 0

+ Individual pipeline summary: 
  * Pipeline-0: initiation interval (II) = 4, depth = 17


============================================================
+ Verbose Summary: Schedule
============================================================
* Number of FSM states : 17
* Pipeline : 1
  Pipeline-0 : II = 4, D = 17, States = { 1 2 3 4 5 6 7 8 9 10 11 12 13 14 15 16 17 }
* Dataflow Pipeline: 0

* FSM state transitions: 
1 --> 2 
2 --> 3 
3 --> 4 
4 --> 5 
5 --> 6 
6 --> 7 
7 --> 8 
8 --> 9 
9 --> 10 
10 --> 11 
11 --> 12 
12 --> 13 
13 --> 14 
14 --> 15 
15 --> 16 
16 --> 17 
17 --> 

* FSM state operations: 

State 1 <SV = 0> <Delay = 4.84>
ST_1 : Operation 20 [1/1] (0.00ns)   --->   "%Phi_t1 = alloca i32 1" [../src/equalStep_baseline.cpp:37]   --->   Operation 20 'alloca' 'Phi_t1' <Predicate = true> <Delay = 0.00>
ST_1 : Operation 21 [1/1] (0.00ns)   --->   "%Phi_t2 = alloca i32 1" [../src/equalStep_baseline.cpp:38]   --->   Operation 21 'alloca' 'Phi_t2' <Predicate = true> <Delay = 0.00>
ST_1 : Operation 22 [1/1] (0.00ns)   --->   "%k = alloca i32 1" [../src/equalStep_baseline.cpp:40]   --->   Operation 22 'alloca' 'k' <Predicate = true> <Delay = 0.00>
ST_1 : Operation 23 [1/1] (0.00ns)   --->   "%zext_ln35_read = read i6 @_ssdm_op_Read.ap_auto.i6, i6 %zext_ln35"   --->   Operation 23 'read' 'zext_ln35_read' <Predicate = true> <Delay = 0.00>
ST_1 : Operation 24 [1/1] (0.00ns)   --->   "%zext_ln34_read = read i6 @_ssdm_op_Read.ap_auto.i6, i6 %zext_ln34"   --->   Operation 24 'read' 'zext_ln34_read' <Predicate = true> <Delay = 0.00>
ST_1 : Operation 25 [1/1] (0.00ns)   --->   "%specinterface_ln0 = specinterface void @_ssdm_op_SpecInterface, i16 %imStack, void @empty, i32 0, i32 0, void @empty_0, i32 4294967295, i32 0, void @empty_0, void @empty_0, void @empty_0, i32 0, i32 0, i32 0, i32 0, void @empty_0, void @empty_0, i32 4294967295, i32 0, i32 0"   --->   Operation 25 'specinterface' 'specinterface_ln0' <Predicate = true> <Delay = 0.00>
ST_1 : Operation 26 [1/1] (1.58ns)   --->   "%store_ln40 = store i3 0, i3 %k" [../src/equalStep_baseline.cpp:40]   --->   Operation 26 'store' 'store_ln40' <Predicate = true> <Delay = 1.58>
ST_1 : Operation 27 [1/1] (1.58ns)   --->   "%store_ln38 = store i64 0, i64 %Phi_t2" [../src/equalStep_baseline.cpp:38]   --->   Operation 27 'store' 'store_ln38' <Predicate = true> <Delay = 1.58>
ST_1 : Operation 28 [1/1] (1.58ns)   --->   "%store_ln37 = store i64 0, i64 %Phi_t1" [../src/equalStep_baseline.cpp:37]   --->   Operation 28 'store' 'store_ln37' <Predicate = true> <Delay = 1.58>
ST_1 : Operation 29 [1/1] (0.00ns)   --->   "%br_ln0 = br void %for.inc33"   --->   Operation 29 'br' 'br_ln0' <Predicate = true> <Delay = 0.00>
ST_1 : Operation 30 [1/1] (0.00ns)   --->   "%k_1 = load i3 %k" [../src/equalStep_baseline.cpp:40]   --->   Operation 30 'load' 'k_1' <Predicate = true> <Delay = 0.00>
ST_1 : Operation 31 [1/1] (1.65ns)   --->   "%icmp_ln40 = icmp_eq  i3 %k_1, i3 5" [../src/equalStep_baseline.cpp:40]   --->   Operation 31 'icmp' 'icmp_ln40' <Predicate = true> <Delay = 1.65> <CoreInst = "Cmp">   --->   Core 9 'Cmp' <Latency = 0> <II = 1> <Delay = 1.65> <FuncUnit> <Opcode : 'seteq' 'setne' 'setle' 'setge' 'setlt' 'setgt'> <InPorts = 2> <OutPorts = 1>
ST_1 : Operation 32 [1/1] (1.65ns)   --->   "%add_ln40 = add i3 %k_1, i3 1" [../src/equalStep_baseline.cpp:40]   --->   Operation 32 'add' 'add_ln40' <Predicate = true> <Delay = 1.65> <CoreInst = "Adder">   --->   Core 1 'Adder' <Latency = 0> <II = 1> <Delay = 1.65> <FuncUnit> <Opcode : 'add' 'sub'> <InPorts = 2> <OutPorts = 1>
ST_1 : Operation 33 [1/1] (0.00ns)   --->   "%br_ln40 = br i1 %icmp_ln40, void %for.inc33.split, void %for.inc47.exitStub" [../src/equalStep_baseline.cpp:40]   --->   Operation 33 'br' 'br_ln40' <Predicate = true> <Delay = 0.00>
ST_1 : Operation 34 [1/1] (0.00ns)   --->   "%add_ln42_1 = bitconcatenate i15 @_ssdm_op_BitConcatenate.i15.i3.i6.i6, i3 %k_1, i6 %zext_ln34_read, i6 %zext_ln35_read" [../src/equalStep_baseline.cpp:42]   --->   Operation 34 'bitconcatenate' 'add_ln42_1' <Predicate = (!icmp_ln40)> <Delay = 0.00>
ST_1 : Operation 35 [1/1] (0.00ns)   --->   "%zext_ln42 = zext i15 %add_ln42_1" [../src/equalStep_baseline.cpp:42]   --->   Operation 35 'zext' 'zext_ln42' <Predicate = (!icmp_ln40)> <Delay = 0.00>
ST_1 : Operation 36 [1/1] (0.00ns)   --->   "%imStack_addr = getelementptr i16 %imStack, i64 0, i64 %zext_ln42" [../src/equalStep_baseline.cpp:42]   --->   Operation 36 'getelementptr' 'imStack_addr' <Predicate = (!icmp_ln40)> <Delay = 0.00>
ST_1 : Operation 37 [2/2] (3.25ns)   --->   "%imStack_load = load i15 %imStack_addr" [../src/equalStep_baseline.cpp:42]   --->   Operation 37 'load' 'imStack_load' <Predicate = (!icmp_ln40)> <Delay = 3.25> <CoreInst = "RAM">   --->   Core 81 'RAM' <Latency = 1> <II = 1> <Delay = 3.25> <Storage> <Opcode : 'load' 'store'> <Ports = 2> <Width = 16> <Depth = 20480> <RAM>
ST_1 : Operation 38 [1/1] (1.58ns)   --->   "%store_ln40 = store i3 %add_ln40, i3 %k" [../src/equalStep_baseline.cpp:40]   --->   Operation 38 'store' 'store_ln40' <Predicate = (!icmp_ln40)> <Delay = 1.58>

State 2 <SV = 1> <Delay = 3.25>
ST_2 : Operation 39 [1/2] ( I:3.25ns O:3.25ns )   --->   "%imStack_load = load i15 %imStack_addr" [../src/equalStep_baseline.cpp:42]   --->   Operation 39 'load' 'imStack_load' <Predicate = (!icmp_ln40)> <Delay = 3.25> <CoreInst = "RAM">   --->   Core 81 'RAM' <Latency = 1> <II = 1> <Delay = 3.25> <Storage> <Opcode : 'load' 'store'> <Ports = 2> <Width = 16> <Depth = 20480> <RAM>

State 3 <SV = 2> <Delay = 11.3>
ST_3 : Operation 40 [1/1] (0.00ns)   --->   "%zext_ln42_1 = zext i16 %imStack_load" [../src/equalStep_baseline.cpp:42]   --->   Operation 40 'zext' 'zext_ln42_1' <Predicate = (!icmp_ln40)> <Delay = 0.00>
ST_3 : Operation 41 [4/4] (11.3ns)   --->   "%val = uitodp i32 %zext_ln42_1" [../src/equalStep_baseline.cpp:42]   --->   Operation 41 'uitodp' 'val' <Predicate = (!icmp_ln40)> <Delay = 11.3> <CoreInst = "Int2Double">   --->   Core 66 'Int2Double' <Latency = 3> <II = 1> <Delay = 11.3> <FuncUnit> <Opcode : 'uitodp' 'sitodp'> <InPorts = 1> <OutPorts = 1>

State 4 <SV = 3> <Delay = 11.3>
ST_4 : Operation 42 [3/4] (11.3ns)   --->   "%val = uitodp i32 %zext_ln42_1" [../src/equalStep_baseline.cpp:42]   --->   Operation 42 'uitodp' 'val' <Predicate = (!icmp_ln40)> <Delay = 11.3> <CoreInst = "Int2Double">   --->   Core 66 'Int2Double' <Latency = 3> <II = 1> <Delay = 11.3> <FuncUnit> <Opcode : 'uitodp' 'sitodp'> <InPorts = 1> <OutPorts = 1>

State 5 <SV = 4> <Delay = 11.3>
ST_5 : Operation 43 [1/1] (0.00ns)   --->   "%zext_ln40 = zext i3 %k_1" [../src/equalStep_baseline.cpp:40]   --->   Operation 43 'zext' 'zext_ln40' <Predicate = true> <Delay = 0.00>
ST_5 : Operation 44 [2/4] (11.3ns)   --->   "%val = uitodp i32 %zext_ln42_1" [../src/equalStep_baseline.cpp:42]   --->   Operation 44 'uitodp' 'val' <Predicate = true> <Delay = 11.3> <CoreInst = "Int2Double">   --->   Core 66 'Int2Double' <Latency = 3> <II = 1> <Delay = 11.3> <FuncUnit> <Opcode : 'uitodp' 'sitodp'> <InPorts = 1> <OutPorts = 1>
ST_5 : Operation 45 [1/1] (0.00ns)   --->   "%sin_k_addr = getelementptr i64 %sin_k, i64 0, i64 %zext_ln40" [../src/equalStep_baseline.cpp:43]   --->   Operation 45 'getelementptr' 'sin_k_addr' <Predicate = true> <Delay = 0.00>
ST_5 : Operation 46 [2/2] (2.32ns)   --->   "%sin_k_load = load i3 %sin_k_addr" [../src/equalStep_baseline.cpp:43]   --->   Operation 46 'load' 'sin_k_load' <Predicate = true> <Delay = 2.32> <CoreInst = "ROM">   --->   Core 94 'ROM' <Latency = 1> <II = 1> <Delay = 2.32> <Storage> <Opcode : 'load'> <Ports = 0> <Width = 64> <Depth = 5> <ROM>
ST_5 : Operation 47 [1/1] (0.00ns)   --->   "%cos_k_addr = getelementptr i64 %cos_k, i64 0, i64 %zext_ln40" [../src/equalStep_baseline.cpp:44]   --->   Operation 47 'getelementptr' 'cos_k_addr' <Predicate = true> <Delay = 0.00>
ST_5 : Operation 48 [2/2] (2.32ns)   --->   "%cos_k_load = load i3 %cos_k_addr" [../src/equalStep_baseline.cpp:44]   --->   Operation 48 'load' 'cos_k_load' <Predicate = true> <Delay = 2.32> <CoreInst = "ROM">   --->   Core 94 'ROM' <Latency = 1> <II = 1> <Delay = 2.32> <Storage> <Opcode : 'load'> <Ports = 0> <Width = 64> <Depth = 5> <ROM>

State 6 <SV = 5> <Delay = 11.3>
ST_6 : Operation 49 [1/4] (11.3ns)   --->   "%val = uitodp i32 %zext_ln42_1" [../src/equalStep_baseline.cpp:42]   --->   Operation 49 'uitodp' 'val' <Predicate = true> <Delay = 11.3> <CoreInst = "Int2Double">   --->   Core 66 'Int2Double' <Latency = 3> <II = 1> <Delay = 11.3> <FuncUnit> <Opcode : 'uitodp' 'sitodp'> <InPorts = 1> <OutPorts = 1>
ST_6 : Operation 50 [1/2] ( I:2.32ns O:2.32ns )   --->   "%sin_k_load = load i3 %sin_k_addr" [../src/equalStep_baseline.cpp:43]   --->   Operation 50 'load' 'sin_k_load' <Predicate = true> <Delay = 2.32> <CoreInst = "ROM">   --->   Core 94 'ROM' <Latency = 1> <II = 1> <Delay = 2.32> <Storage> <Opcode : 'load'> <Ports = 0> <Width = 64> <Depth = 5> <ROM>
ST_6 : Operation 51 [1/2] ( I:2.32ns O:2.32ns )   --->   "%cos_k_load = load i3 %cos_k_addr" [../src/equalStep_baseline.cpp:44]   --->   Operation 51 'load' 'cos_k_load' <Predicate = true> <Delay = 2.32> <CoreInst = "ROM">   --->   Core 94 'ROM' <Latency = 1> <II = 1> <Delay = 2.32> <Storage> <Opcode : 'load'> <Ports = 0> <Width = 64> <Depth = 5> <ROM>

State 7 <SV = 6> <Delay = 10.0>
ST_7 : Operation 52 [5/5] (10.0ns)   --->   "%mul2 = dmul i64 %val, i64 %sin_k_load" [../src/equalStep_baseline.cpp:43]   --->   Operation 52 'dmul' 'mul2' <Predicate = true> <Delay = 10.0> <CoreInst = "DMul_maxdsp">   --->   Core 49 'DMul_maxdsp' <Latency = 4> <II = 1> <Delay = 10.0> <FuncUnit> <Opcode : 'dmul'> <InPorts = 2> <OutPorts = 1>

State 8 <SV = 7> <Delay = 10.0>
ST_8 : Operation 53 [4/5] (10.0ns)   --->   "%mul2 = dmul i64 %val, i64 %sin_k_load" [../src/equalStep_baseline.cpp:43]   --->   Operation 53 'dmul' 'mul2' <Predicate = true> <Delay = 10.0> <CoreInst = "DMul_maxdsp">   --->   Core 49 'DMul_maxdsp' <Latency = 4> <II = 1> <Delay = 10.0> <FuncUnit> <Opcode : 'dmul'> <InPorts = 2> <OutPorts = 1>
ST_8 : Operation 54 [5/5] (10.0ns)   --->   "%mul3 = dmul i64 %val, i64 %cos_k_load" [../src/equalStep_baseline.cpp:44]   --->   Operation 54 'dmul' 'mul3' <Predicate = true> <Delay = 10.0> <CoreInst = "DMul_maxdsp">   --->   Core 49 'DMul_maxdsp' <Latency = 4> <II = 1> <Delay = 10.0> <FuncUnit> <Opcode : 'dmul'> <InPorts = 2> <OutPorts = 1>

State 9 <SV = 8> <Delay = 10.0>
ST_9 : Operation 55 [3/5] (10.0ns)   --->   "%mul2 = dmul i64 %val, i64 %sin_k_load" [../src/equalStep_baseline.cpp:43]   --->   Operation 55 'dmul' 'mul2' <Predicate = true> <Delay = 10.0> <CoreInst = "DMul_maxdsp">   --->   Core 49 'DMul_maxdsp' <Latency = 4> <II = 1> <Delay = 10.0> <FuncUnit> <Opcode : 'dmul'> <InPorts = 2> <OutPorts = 1>
ST_9 : Operation 56 [4/5] (10.0ns)   --->   "%mul3 = dmul i64 %val, i64 %cos_k_load" [../src/equalStep_baseline.cpp:44]   --->   Operation 56 'dmul' 'mul3' <Predicate = true> <Delay = 10.0> <CoreInst = "DMul_maxdsp">   --->   Core 49 'DMul_maxdsp' <Latency = 4> <II = 1> <Delay = 10.0> <FuncUnit> <Opcode : 'dmul'> <InPorts = 2> <OutPorts = 1>

State 10 <SV = 9> <Delay = 10.0>
ST_10 : Operation 57 [2/5] (10.0ns)   --->   "%mul2 = dmul i64 %val, i64 %sin_k_load" [../src/equalStep_baseline.cpp:43]   --->   Operation 57 'dmul' 'mul2' <Predicate = true> <Delay = 10.0> <CoreInst = "DMul_maxdsp">   --->   Core 49 'DMul_maxdsp' <Latency = 4> <II = 1> <Delay = 10.0> <FuncUnit> <Opcode : 'dmul'> <InPorts = 2> <OutPorts = 1>
ST_10 : Operation 58 [3/5] (10.0ns)   --->   "%mul3 = dmul i64 %val, i64 %cos_k_load" [../src/equalStep_baseline.cpp:44]   --->   Operation 58 'dmul' 'mul3' <Predicate = true> <Delay = 10.0> <CoreInst = "DMul_maxdsp">   --->   Core 49 'DMul_maxdsp' <Latency = 4> <II = 1> <Delay = 10.0> <FuncUnit> <Opcode : 'dmul'> <InPorts = 2> <OutPorts = 1>

State 11 <SV = 10> <Delay = 10.0>
ST_11 : Operation 59 [1/5] (10.0ns)   --->   "%mul2 = dmul i64 %val, i64 %sin_k_load" [../src/equalStep_baseline.cpp:43]   --->   Operation 59 'dmul' 'mul2' <Predicate = true> <Delay = 10.0> <CoreInst = "DMul_maxdsp">   --->   Core 49 'DMul_maxdsp' <Latency = 4> <II = 1> <Delay = 10.0> <FuncUnit> <Opcode : 'dmul'> <InPorts = 2> <OutPorts = 1>
ST_11 : Operation 60 [2/5] (10.0ns)   --->   "%mul3 = dmul i64 %val, i64 %cos_k_load" [../src/equalStep_baseline.cpp:44]   --->   Operation 60 'dmul' 'mul3' <Predicate = true> <Delay = 10.0> <CoreInst = "DMul_maxdsp">   --->   Core 49 'DMul_maxdsp' <Latency = 4> <II = 1> <Delay = 10.0> <FuncUnit> <Opcode : 'dmul'> <InPorts = 2> <OutPorts = 1>

State 12 <SV = 11> <Delay = 10.0>
ST_12 : Operation 61 [1/1] (0.00ns)   --->   "%Phi_t1_load = load i64 %Phi_t1" [../src/equalStep_baseline.cpp:43]   --->   Operation 61 'load' 'Phi_t1_load' <Predicate = true> <Delay = 0.00>
ST_12 : Operation 62 [5/5] (8.23ns)   --->   "%Phi_t1_1 = dadd i64 %Phi_t1_load, i64 %mul2" [../src/equalStep_baseline.cpp:43]   --->   Operation 62 'dadd' 'Phi_t1_1' <Predicate = true> <Delay = 8.23> <CoreInst = "DAddSub_fulldsp">   --->   Core 37 'DAddSub_fulldsp' <Latency = 4> <II = 1> <Delay = 8.23> <FuncUnit> <Opcode : 'dadd' 'dsub'> <InPorts = 2> <OutPorts = 1>
ST_12 : Operation 63 [1/5] (10.0ns)   --->   "%mul3 = dmul i64 %val, i64 %cos_k_load" [../src/equalStep_baseline.cpp:44]   --->   Operation 63 'dmul' 'mul3' <Predicate = true> <Delay = 10.0> <CoreInst = "DMul_maxdsp">   --->   Core 49 'DMul_maxdsp' <Latency = 4> <II = 1> <Delay = 10.0> <FuncUnit> <Opcode : 'dmul'> <InPorts = 2> <OutPorts = 1>

State 13 <SV = 12> <Delay = 8.23>
ST_13 : Operation 64 [1/1] (0.00ns)   --->   "%Phi_t2_load = load i64 %Phi_t2" [../src/equalStep_baseline.cpp:44]   --->   Operation 64 'load' 'Phi_t2_load' <Predicate = true> <Delay = 0.00>
ST_13 : Operation 65 [4/5] (8.23ns)   --->   "%Phi_t1_1 = dadd i64 %Phi_t1_load, i64 %mul2" [../src/equalStep_baseline.cpp:43]   --->   Operation 65 'dadd' 'Phi_t1_1' <Predicate = true> <Delay = 8.23> <CoreInst = "DAddSub_fulldsp">   --->   Core 37 'DAddSub_fulldsp' <Latency = 4> <II = 1> <Delay = 8.23> <FuncUnit> <Opcode : 'dadd' 'dsub'> <InPorts = 2> <OutPorts = 1>
ST_13 : Operation 66 [5/5] (8.23ns)   --->   "%Phi_t2_1 = dadd i64 %Phi_t2_load, i64 %mul3" [../src/equalStep_baseline.cpp:44]   --->   Operation 66 'dadd' 'Phi_t2_1' <Predicate = true> <Delay = 8.23> <CoreInst = "DAddSub_fulldsp">   --->   Core 37 'DAddSub_fulldsp' <Latency = 4> <II = 1> <Delay = 8.23> <FuncUnit> <Opcode : 'dadd' 'dsub'> <InPorts = 2> <OutPorts = 1>
ST_13 : Operation 80 [1/1] (0.00ns)   --->   "%Phi_t1_load_1 = load i64 %Phi_t1"   --->   Operation 80 'load' 'Phi_t1_load_1' <Predicate = (icmp_ln40)> <Delay = 0.00>
ST_13 : Operation 81 [1/1] (0.00ns)   --->   "%Phi_t2_load_1 = load i64 %Phi_t2"   --->   Operation 81 'load' 'Phi_t2_load_1' <Predicate = (icmp_ln40)> <Delay = 0.00>
ST_13 : Operation 82 [1/1] (0.00ns)   --->   "%write_ln0 = write void @_ssdm_op_Write.ap_auto.doubleP0A, i64 %Phi_t2_out, i64 %Phi_t2_load_1"   --->   Operation 82 'write' 'write_ln0' <Predicate = (icmp_ln40)> <Delay = 0.00>
ST_13 : Operation 83 [1/1] (0.00ns)   --->   "%write_ln0 = write void @_ssdm_op_Write.ap_auto.doubleP0A, i64 %Phi_t1_out, i64 %Phi_t1_load_1"   --->   Operation 83 'write' 'write_ln0' <Predicate = (icmp_ln40)> <Delay = 0.00>
ST_13 : Operation 84 [1/1] (1.58ns)   --->   "%ret_ln0 = ret"   --->   Operation 84 'ret' 'ret_ln0' <Predicate = (icmp_ln40)> <Delay = 1.58>

State 14 <SV = 13> <Delay = 8.23>
ST_14 : Operation 67 [3/5] (8.23ns)   --->   "%Phi_t1_1 = dadd i64 %Phi_t1_load, i64 %mul2" [../src/equalStep_baseline.cpp:43]   --->   Operation 67 'dadd' 'Phi_t1_1' <Predicate = true> <Delay = 8.23> <CoreInst = "DAddSub_fulldsp">   --->   Core 37 'DAddSub_fulldsp' <Latency = 4> <II = 1> <Delay = 8.23> <FuncUnit> <Opcode : 'dadd' 'dsub'> <InPorts = 2> <OutPorts = 1>
ST_14 : Operation 68 [4/5] (8.23ns)   --->   "%Phi_t2_1 = dadd i64 %Phi_t2_load, i64 %mul3" [../src/equalStep_baseline.cpp:44]   --->   Operation 68 'dadd' 'Phi_t2_1' <Predicate = true> <Delay = 8.23> <CoreInst = "DAddSub_fulldsp">   --->   Core 37 'DAddSub_fulldsp' <Latency = 4> <II = 1> <Delay = 8.23> <FuncUnit> <Opcode : 'dadd' 'dsub'> <InPorts = 2> <OutPorts = 1>

State 15 <SV = 14> <Delay = 8.23>
ST_15 : Operation 69 [2/5] (8.23ns)   --->   "%Phi_t1_1 = dadd i64 %Phi_t1_load, i64 %mul2" [../src/equalStep_baseline.cpp:43]   --->   Operation 69 'dadd' 'Phi_t1_1' <Predicate = true> <Delay = 8.23> <CoreInst = "DAddSub_fulldsp">   --->   Core 37 'DAddSub_fulldsp' <Latency = 4> <II = 1> <Delay = 8.23> <FuncUnit> <Opcode : 'dadd' 'dsub'> <InPorts = 2> <OutPorts = 1>
ST_15 : Operation 70 [3/5] (8.23ns)   --->   "%Phi_t2_1 = dadd i64 %Phi_t2_load, i64 %mul3" [../src/equalStep_baseline.cpp:44]   --->   Operation 70 'dadd' 'Phi_t2_1' <Predicate = true> <Delay = 8.23> <CoreInst = "DAddSub_fulldsp">   --->   Core 37 'DAddSub_fulldsp' <Latency = 4> <II = 1> <Delay = 8.23> <FuncUnit> <Opcode : 'dadd' 'dsub'> <InPorts = 2> <OutPorts = 1>

State 16 <SV = 15> <Delay = 9.82>
ST_16 : Operation 71 [1/5] (8.23ns)   --->   "%Phi_t1_1 = dadd i64 %Phi_t1_load, i64 %mul2" [../src/equalStep_baseline.cpp:43]   --->   Operation 71 'dadd' 'Phi_t1_1' <Predicate = true> <Delay = 8.23> <CoreInst = "DAddSub_fulldsp">   --->   Core 37 'DAddSub_fulldsp' <Latency = 4> <II = 1> <Delay = 8.23> <FuncUnit> <Opcode : 'dadd' 'dsub'> <InPorts = 2> <OutPorts = 1>
ST_16 : Operation 72 [2/5] (8.23ns)   --->   "%Phi_t2_1 = dadd i64 %Phi_t2_load, i64 %mul3" [../src/equalStep_baseline.cpp:44]   --->   Operation 72 'dadd' 'Phi_t2_1' <Predicate = true> <Delay = 8.23> <CoreInst = "DAddSub_fulldsp">   --->   Core 37 'DAddSub_fulldsp' <Latency = 4> <II = 1> <Delay = 8.23> <FuncUnit> <Opcode : 'dadd' 'dsub'> <InPorts = 2> <OutPorts = 1>
ST_16 : Operation 73 [1/1] (1.58ns)   --->   "%store_ln37 = store i64 %Phi_t1_1, i64 %Phi_t1" [../src/equalStep_baseline.cpp:37]   --->   Operation 73 'store' 'store_ln37' <Predicate = true> <Delay = 1.58>

State 17 <SV = 16> <Delay = 9.82>
ST_17 : Operation 74 [1/1] (0.00ns)   --->   "%specpipeline_ln37 = specpipeline void @_ssdm_op_SpecPipeline, i32 4294967295, i32 0, i32 0, i32 0, void @empty_0" [../src/equalStep_baseline.cpp:37]   --->   Operation 74 'specpipeline' 'specpipeline_ln37' <Predicate = true> <Delay = 0.00>
ST_17 : Operation 75 [1/1] (0.00ns)   --->   "%speclooptripcount_ln37 = speclooptripcount void @_ssdm_op_SpecLoopTripCount, i64 5, i64 5, i64 5" [../src/equalStep_baseline.cpp:37]   --->   Operation 75 'speclooptripcount' 'speclooptripcount_ln37' <Predicate = true> <Delay = 0.00>
ST_17 : Operation 76 [1/1] (0.00ns)   --->   "%specloopname_ln40 = specloopname void @_ssdm_op_SpecLoopName, void @empty_2" [../src/equalStep_baseline.cpp:40]   --->   Operation 76 'specloopname' 'specloopname_ln40' <Predicate = true> <Delay = 0.00>
ST_17 : Operation 77 [1/5] (8.23ns)   --->   "%Phi_t2_1 = dadd i64 %Phi_t2_load, i64 %mul3" [../src/equalStep_baseline.cpp:44]   --->   Operation 77 'dadd' 'Phi_t2_1' <Predicate = true> <Delay = 8.23> <CoreInst = "DAddSub_fulldsp">   --->   Core 37 'DAddSub_fulldsp' <Latency = 4> <II = 1> <Delay = 8.23> <FuncUnit> <Opcode : 'dadd' 'dsub'> <InPorts = 2> <OutPorts = 1>
ST_17 : Operation 78 [1/1] (1.58ns)   --->   "%store_ln38 = store i64 %Phi_t2_1, i64 %Phi_t2" [../src/equalStep_baseline.cpp:38]   --->   Operation 78 'store' 'store_ln38' <Predicate = true> <Delay = 1.58>
ST_17 : Operation 79 [1/1] (0.00ns)   --->   "%br_ln40 = br void %for.inc33" [../src/equalStep_baseline.cpp:40]   --->   Operation 79 'br' 'br_ln40' <Predicate = true> <Delay = 0.00>


============================================================
+ Verbose Summary: Timing violations
============================================================
Target clock period: 16.000ns, clock uncertainty: 4.320ns.

 <State 1>: 4.842ns
The critical path consists of the following:
	'store' operation 0 bit ('store_ln40', ../src/equalStep_baseline.cpp:40) of constant 0 on local variable 'k', ../src/equalStep_baseline.cpp:40 [14]  (1.588 ns)
	'load' operation 3 bit ('k', ../src/equalStep_baseline.cpp:40) on local variable 'k', ../src/equalStep_baseline.cpp:40 [19]  (0.000 ns)
	'getelementptr' operation 15 bit ('imStack_addr', ../src/equalStep_baseline.cpp:42) [29]  (0.000 ns)
	'load' operation 16 bit ('imStack_load', ../src/equalStep_baseline.cpp:42) on array 'imStack' [33]  (3.254 ns)

 <State 2>: 3.254ns
The critical path consists of the following:
	'load' operation 16 bit ('imStack_load', ../src/equalStep_baseline.cpp:42) on array 'imStack' [33]  (3.254 ns)

 <State 3>: 11.325ns
The critical path consists of the following:
	'uitodp' operation 64 bit ('val', ../src/equalStep_baseline.cpp:42) [35]  (11.325 ns)

 <State 4>: 11.325ns
The critical path consists of the following:
	'uitodp' operation 64 bit ('val', ../src/equalStep_baseline.cpp:42) [35]  (11.325 ns)

 <State 5>: 11.325ns
The critical path consists of the following:
	'uitodp' operation 64 bit ('val', ../src/equalStep_baseline.cpp:42) [35]  (11.325 ns)

 <State 6>: 11.325ns
The critical path consists of the following:
	'uitodp' operation 64 bit ('val', ../src/equalStep_baseline.cpp:42) [35]  (11.325 ns)

 <State 7>: 10.068ns
The critical path consists of the following:
	'dmul' operation 64 bit ('mul2', ../src/equalStep_baseline.cpp:43) [38]  (10.068 ns)

 <State 8>: 10.068ns
The critical path consists of the following:
	'dmul' operation 64 bit ('mul2', ../src/equalStep_baseline.cpp:43) [38]  (10.068 ns)

 <State 9>: 10.068ns
The critical path consists of the following:
	'dmul' operation 64 bit ('mul2', ../src/equalStep_baseline.cpp:43) [38]  (10.068 ns)

 <State 10>: 10.068ns
The critical path consists of the following:
	'dmul' operation 64 bit ('mul2', ../src/equalStep_baseline.cpp:43) [38]  (10.068 ns)

 <State 11>: 10.068ns
The critical path consists of the following:
	'dmul' operation 64 bit ('mul2', ../src/equalStep_baseline.cpp:43) [38]  (10.068 ns)

 <State 12>: 10.068ns
The critical path consists of the following:
	'dmul' operation 64 bit ('mul3', ../src/equalStep_baseline.cpp:44) [42]  (10.068 ns)

 <State 13>: 8.232ns
The critical path consists of the following:
	'dadd' operation 64 bit ('Phi_t1', ../src/equalStep_baseline.cpp:43) [39]  (8.232 ns)

 <State 14>: 8.232ns
The critical path consists of the following:
	'dadd' operation 64 bit ('Phi_t1', ../src/equalStep_baseline.cpp:43) [39]  (8.232 ns)

 <State 15>: 8.232ns
The critical path consists of the following:
	'dadd' operation 64 bit ('Phi_t1', ../src/equalStep_baseline.cpp:43) [39]  (8.232 ns)

 <State 16>: 9.820ns
The critical path consists of the following:
	'dadd' operation 64 bit ('Phi_t1', ../src/equalStep_baseline.cpp:43) [39]  (8.232 ns)
	'store' operation 0 bit ('store_ln37', ../src/equalStep_baseline.cpp:37) of variable 'Phi_t1', ../src/equalStep_baseline.cpp:43 on local variable 'Phi_t1', ../src/equalStep_baseline.cpp:37 [46]  (1.588 ns)

 <State 17>: 9.820ns
The critical path consists of the following:
	'dadd' operation 64 bit ('Phi_t2', ../src/equalStep_baseline.cpp:44) [43]  (8.232 ns)
	'store' operation 0 bit ('store_ln38', ../src/equalStep_baseline.cpp:38) of variable 'Phi_t2', ../src/equalStep_baseline.cpp:44 on local variable 'Phi_t2', ../src/equalStep_baseline.cpp:38 [45]  (1.588 ns)


============================================================
+ Verbose Summary: Binding
============================================================
N/A
* FSMD analyzer results:
  - Output states:
 - Input state : 
  - Chain level:
	State 1
	State 2
	State 3
	State 4
	State 5
	State 6
	State 7
	State 8
	State 9
	State 10
	State 11
	State 12
	State 13
	State 14
	State 15
	State 16
	State 17


============================================================
+ Verbose Summary: Datapath Resource usage 
============================================================
N/A
