03/06/26 14:22:01: Running xcd server. This server was built by gradle.
03/06/26 14:22:01: Server was asked to start on port: '54520'
03/06/26 14:22:01: Server is using token UUID: '6ca60677-9724-4559-aa4b-2e866c42bbf2'
03/06/26 14:22:01: SESSION_MGR: creating session with session uuid: '6d04a3e9-ade5-4ab9-8d63-1f78fcd2ec76' and name 'default'
03/06/26 14:22:01: Attempting to start server on port '54520'
03/06/26 14:22:01: Running Dispatch Server
03/06/26 14:22:01: Version 2.2.0
03/06/26 14:22:03: Dispatch Server: Accepted socket connection from client
03/06/26 14:22:03: Starting Socket connection
03/06/26 14:22:03: EXCHANGE_TOKEN received, server token: 6ca60677-9724-4559-aa4b-2e866c42bbf2, passed token: 6ca60677-9724-4559-aa4b-2e866c42bbf2
03/06/26 14:22:03: DISPATCH_HANDLER: Adding handler from function makeHandler in library xv_system_diagram
03/06/26 14:22:03: SESSION_MGR: creating session with session uuid: 'a8ce42d6-b3d2-49fb-bdd2-bf56cef15510' and name 'vitis-run_compile_equalStep_baseline'
03/06/26 14:22:03: KERNEL_SVC: creating session with uuid: 'a8ce42d6-b3d2-49fb-bdd2-bf56cef15510' and name 'vitis-run_compile_equalStep_baseline'
03/06/26 14:22:03: GUIDANCE_SMGR: creating guidance session with uuid: 'a8ce42d6-b3d2-49fb-bdd2-bf56cef15510' and name 'vitis-run_compile_equalStep_baseline'
03/06/26 14:22:03: SYSTEM_DIAGRAM: creating session with uuid: 'a8ce42d6-b3d2-49fb-bdd2-bf56cef15510' and name 'vitis-run_compile_equalStep_baseline'
03/06/26 14:22:19: Dispatch Server: Accepted socket connection from client
03/06/26 14:22:19: Starting Socket connection
03/06/26 14:22:29: SESSION_MGR: closing session for UUID 'a8ce42d6-b3d2-49fb-bdd2-bf56cef15510' with name 'vitis-run_compile_equalStep_baseline'
03/06/26 14:22:29: KERNEL_SVC: closing session for UUID 'a8ce42d6-b3d2-49fb-bdd2-bf56cef15510' with name 'vitis-run_compile_equalStep_baseline'
03/06/26 14:22:29: GUIDANCE_SMGR: closing session for UUID 'a8ce42d6-b3d2-49fb-bdd2-bf56cef15510' with name 'vitis-run_compile_equalStep_baseline'
03/06/26 14:22:29: SYSTEM_DIAGRAM: closing session for UUID 'a8ce42d6-b3d2-49fb-bdd2-bf56cef15510' with name 'vitis-run_compile_equalStep_baseline'
03/06/26 14:22:29: STOP_SERVER received, server token: 6ca60677-9724-4559-aa4b-2e866c42bbf2, passed token: 6ca60677-9724-4559-aa4b-2e866c42bbf2
03/06/26 14:22:29: Socket received request to stop server.
03/06/26 14:22:29: Dispatch Server: do_await_stop
03/06/26 14:22:29: SERVER: destructor for server bound to port 54520
