

================================================================
== Vitis HLS Report for 'atan2_generic_double_s'
================================================================
* Date:           Wed Mar 11 18:45:59 2026

* Version:        2025.1 (Build 6135595 on May 21 2025)
* Project:        equalStep_baseline
* Solution:       hls (Vivado IP Flow Target)
* Product family: zynq
* Target device:  xc7z020-clg400-1


================================================================
== Performance Estimates
================================================================
+ Timing: 
    * Summary: 
    +--------+----------+-----------+------------+
    |  Clock |  Target  | Estimated | Uncertainty|
    +--------+----------+-----------+------------+
    |ap_clk  |  16.00 ns|  11.572 ns|     4.32 ns|
    +--------+----------+-----------+------------+

+ Latency: 
    * Summary: 
    +---------+---------+-----------+----------+-----+-----+---------+
    |  Latency (cycles) |  Latency (absolute)  |  Interval | Pipeline|
    |   min   |   max   |    min    |    max   | min | max |   Type  |
    +---------+---------+-----------+----------+-----+-----+---------+
    |        1|      121|  16.000 ns|  1.936 us|    1|  121|       no|
    +---------+---------+-----------+----------+-----+-----+---------+

    + Detail: 
        * Instance: 
        +--------------------------------------------+---------------------------------+---------+---------+----------+----------+-----+-----+------------------------------------------------+
        |                                            |                                 |  Latency (cycles) |  Latency (absolute) |  Interval |                    Pipeline                    |
        |                  Instance                  |              Module             |   min   |   max   |    min   |    max   | min | max |                      Type                      |
        +--------------------------------------------+---------------------------------+---------+---------+----------+----------+-----+-----+------------------------------------------------+
        |grp_atan2_generic_double_Pipeline_1_fu_118  |atan2_generic_double_Pipeline_1  |       91|       91|  1.456 us|  1.456 us|   89|   89|  loop auto-rewind stp (delay=0 clock cycles(s))|
        +--------------------------------------------+---------------------------------+---------+---------+----------+----------+-----+-----+------------------------------------------------+

        * Loop: 
        N/A



================================================================
== Utilization Estimates
================================================================
* Summary: 
+-----------------+---------+-----+--------+-------+-----+
|       Name      | BRAM_18K| DSP |   FF   |  LUT  | URAM|
+-----------------+---------+-----+--------+-------+-----+
|DSP              |        -|    -|       -|      -|    -|
|Expression       |        -|    -|       0|   2265|    -|
|FIFO             |        -|    -|       -|      -|    -|
|Instance         |        4|    -|     370|   1743|    -|
|Memory           |        -|    -|       -|      -|    -|
|Multiplexer      |        -|    -|       0|    293|    -|
|Register         |        -|    -|     449|      -|    -|
+-----------------+---------+-----+--------+-------+-----+
|Total            |        4|    0|     819|   4301|    0|
+-----------------+---------+-----+--------+-------+-----+
|Available        |      280|  220|  106400|  53200|    0|
+-----------------+---------+-----+--------+-------+-----+
|Utilization (%)  |        1|    0|      ~0|      8|    0|
+-----------------+---------+-----+--------+-------+-----+

+ Detail: 
    * Instance: 
    +--------------------------------------------+---------------------------------+---------+----+-----+------+-----+
    |                  Instance                  |              Module             | BRAM_18K| DSP|  FF |  LUT | URAM|
    +--------------------------------------------+---------------------------------+---------+----+-----+------+-----+
    |grp_atan2_generic_double_Pipeline_1_fu_118  |atan2_generic_double_Pipeline_1  |        4|   0|  370|  1583|    0|
    |bitselect_1ns_86ns_7ns_1_1_1_U18            |bitselect_1ns_86ns_7ns_1_1_1     |        0|   0|    0|    34|    0|
    |ctlz_86_86_1_1_U17                          |ctlz_86_86_1_1                   |        0|   0|    0|   126|    0|
    |ddiv_64ns_64ns_64_31_no_dsp_1_U16           |ddiv_64ns_64ns_64_31_no_dsp_1    |        0|   0|    0|     0|    0|
    +--------------------------------------------+---------------------------------+---------+----+-----+------+-----+
    |Total                                       |                                 |        4|   0|  370|  1743|    0|
    +--------------------------------------------+---------------------------------+---------+----+-----+------+-----+

    * DSP: 
    N/A

    * Memory: 
    N/A

    * FIFO: 
    N/A

    * Expression: 
    +--------------------------+----------+----+---+-----+------------+------------+
    |       Variable Name      | Operation| DSP| FF| LUT | Bitwidth P0| Bitwidth P1|
    +--------------------------+----------+----+---+-----+------------+------------+
    |add_ln655_fu_162_p2       |         +|   0|  0|   12|          12|           5|
    |add_ln702_1_fu_419_p2     |         +|   0|  0|   14|           7|           7|
    |add_ln702_2_fu_471_p2     |         +|   0|  0|   71|          64|          64|
    |add_ln702_3_fu_516_p2     |         +|   0|  0|   12|          11|          11|
    |add_ln702_fu_327_p2       |         +|   0|  0|   14|           7|           7|
    |d_exp_fu_184_p2           |         -|   0|  0|   12|          12|          12|
    |sub_ln695_fu_235_p2       |         -|   0|  0|   12|           1|          11|
    |sub_ln702_1_fu_321_p2     |         -|   0|  0|   14|           7|           7|
    |sub_ln702_2_fu_424_p2     |         -|   0|  0|   14|           6|           7|
    |sub_ln702_3_fu_507_p2     |         -|   0|  0|   15|           1|           8|
    |sub_ln702_4_fu_348_p2     |         -|   0|  0|   14|           4|           7|
    |sub_ln702_fu_291_p2       |         -|   0|  0|   93|           1|          86|
    |LD_fu_529_p5              |      1003|   0|  0|    2|          64|          12|
    |and_ln702_1_fu_363_p2     |       and|   0|  0|   86|          86|          86|
    |and_ln702_fu_401_p2       |       and|   0|  0|    2|           1|           1|
    |phi_ln702_fu_374_p2       |       and|   0|  0|    2|           1|           1|
    |icmp_ln655_fu_172_p2      |      icmp|   0|  0|   12|          12|          12|
    |icmp_ln662_fu_178_p2      |      icmp|   0|  0|   12|          11|           1|
    |icmp_ln702_1_fu_342_p2    |      icmp|   0|  0|   14|           6|           1|
    |icmp_ln702_2_fu_368_p2    |      icmp|   0|  0|   93|          86|           1|
    |icmp_ln702_3_fu_413_p2    |      icmp|   0|  0|   14|           7|           1|
    |icmp_ln702_fu_277_p2      |      icmp|   0|  0|   93|          86|           1|
    |lshr_ln695_fu_259_p2      |      lshr|   0|  0|  282|          89|          89|
    |lshr_ln702_2_fu_357_p2    |      lshr|   0|  0|  270|           2|          86|
    |lshr_ln702_fu_436_p2      |      lshr|   0|  0|  270|          86|          86|
    |or_ln702_fu_407_p2        |        or|   0|  0|    2|           1|           1|
    |select_ln695_fu_241_p3    |    select|   0|  0|   11|           1|          11|
    |select_ln702_1_fu_461_p3  |    select|   0|  0|   64|           1|          64|
    |select_ln702_2_fu_499_p3  |    select|   0|  0|   10|           1|          10|
    |select_ln702_fu_297_p3    |    select|   0|  0|   86|           1|          86|
    |y_1_fu_265_p3             |    select|   0|  0|   89|           1|          89|
    |shl_ln695_fu_253_p2       |       shl|   0|  0|  282|          89|          89|
    |shl_ln702_fu_448_p2       |       shl|   0|  0|  270|          86|          86|
    |xor_ln702_fu_388_p2       |       xor|   0|  0|    2|           1|           2|
    +--------------------------+----------+----+---+-----+------------+------------+
    |Total                     |          |   0|  0| 2265|         852|        1048|
    +--------------------------+----------+----+---+-----+------------+------------+

    * Multiplexer: 
    +-----------------------------------+-----+-----------+-----+-----------+
    |                Name               | LUT | Input Size| Bits| Total Bits|
    +-----------------------------------+-----+-----------+-----+-----------+
    |ap_NS_fsm                          |  261|         61|    1|         61|
    |ap_phi_mux_retval_0_phi_fu_106_p8  |    9|          2|   64|        128|
    |ap_return                          |    9|          2|   64|        128|
    |retval_0_reg_102                   |   14|          3|   64|        192|
    +-----------------------------------+-----+-----------+-----+-----------+
    |Total                              |  293|         68|  193|        509|
    +-----------------------------------+-----+-----------+-----+-----------+

    * Register: 
    +---------------------------------------------------------+----+----+-----+-----------+
    |                           Name                          | FF | LUT| Bits| Const Bits|
    +---------------------------------------------------------+----+----+-----+-----------+
    |add_ln702_1_reg_617                                      |   7|   0|    7|          0|
    |ap_CS_fsm                                                |  60|   0|   60|          0|
    |ap_return_preg                                           |  64|   0|   64|          0|
    |grp_atan2_generic_double_Pipeline_1_fu_118_ap_start_reg  |   1|   0|    1|          0|
    |icmp_ln655_reg_561                                       |   1|   0|    1|          0|
    |icmp_ln702_3_reg_612                                     |   1|   0|    1|          0|
    |or_ln702_reg_607                                         |   1|   0|    1|          0|
    |retval_0_reg_102                                         |  64|   0|   64|          0|
    |select_ln702_reg_586                                     |  86|   0|   86|          0|
    |sub_ln702_1_reg_599                                      |   7|   0|    7|          0|
    |sub_ln702_2_reg_622                                      |   7|   0|    7|          0|
    |tmp_1_reg_581                                            |   1|   0|    1|          0|
    |trunc_ln702_1_reg_594                                    |   8|   0|    8|          0|
    |x_reg_568                                                |  52|   0|   86|         34|
    |y_1_reg_573                                              |  89|   0|   89|          0|
    +---------------------------------------------------------+----+----+-----+-----------+
    |Total                                                    | 449|   0|  483|         34|
    +---------------------------------------------------------+----+----+-----+-----------+



================================================================
== Interface
================================================================
* Summary: 
+-----------+-----+-----+------------+-----------------------+--------------+
| RTL Ports | Dir | Bits|  Protocol  |     Source Object     |    C Type    |
+-----------+-----+-----+------------+-----------------------+--------------+
|ap_clk     |   in|    1|  ap_ctrl_hs|  atan2_generic<double>|  return value|
|ap_rst     |   in|    1|  ap_ctrl_hs|  atan2_generic<double>|  return value|
|ap_start   |   in|    1|  ap_ctrl_hs|  atan2_generic<double>|  return value|
|ap_done    |  out|    1|  ap_ctrl_hs|  atan2_generic<double>|  return value|
|ap_idle    |  out|    1|  ap_ctrl_hs|  atan2_generic<double>|  return value|
|ap_ready   |  out|    1|  ap_ctrl_hs|  atan2_generic<double>|  return value|
|ap_return  |  out|   64|  ap_ctrl_hs|  atan2_generic<double>|  return value|
|y_in       |   in|   64|     ap_none|                   y_in|        scalar|
|x_in       |   in|   64|     ap_none|                   x_in|        scalar|
+-----------+-----+-----+------------+-----------------------+--------------+

