

================================================================
== Vitis HLS Report for 'atan2_generic_double_Pipeline_1'
================================================================
* Date:           Wed Mar 11 18:45:58 2026

* Version:        2025.1 (Build 6135595 on May 21 2025)
* Project:        equalStep_baseline
* Solution:       hls (Vivado IP Flow Target)
* Product family: zynq
* Target device:  xc7z020-clg400-1


================================================================
== Performance Estimates
================================================================
+ Timing: 
    * Summary: 
    +--------+----------+-----------+------------+
    |  Clock |  Target  | Estimated | Uncertainty|
    +--------+----------+-----------+------------+
    |ap_clk  |  16.00 ns|  11.572 ns|     4.32 ns|
    +--------+----------+-----------+------------+

+ Latency: 
    * Summary: 
    +---------+---------+----------+----------+-----+-----+------------------------------------------------+
    |  Latency (cycles) |  Latency (absolute) |  Interval |                    Pipeline                    |
    |   min   |   max   |    min   |    max   | min | max |                      Type                      |
    +---------+---------+----------+----------+-----+-----+------------------------------------------------+
    |       91|       91|  1.456 us|  1.456 us|   89|   89|  loop auto-rewind stp (delay=0 clock cycles(s))|
    +---------+---------+----------+----------+-----+-----+------------------------------------------------+

    + Detail: 
        * Instance: 
        N/A

        * Loop: 
        +----------+---------+---------+----------+-----------+-----------+------+----------+
        |          |  Latency (cycles) | Iteration|  Initiation Interval  | Trip |          |
        | Loop Name|   min   |   max   |  Latency |  achieved |   target  | Count| Pipelined|
        +----------+---------+---------+----------+-----------+-----------+------+----------+
        |- Loop 1  |       89|       89|         3|          1|          1|    88|       yes|
        +----------+---------+---------+----------+-----------+-----------+------+----------+



================================================================
== Utilization Estimates
================================================================
* Summary: 
+-----------------+---------+-----+--------+-------+-----+
|       Name      | BRAM_18K| DSP |   FF   |  LUT  | URAM|
+-----------------+---------+-----+--------+-------+-----+
|DSP              |        -|    -|       -|      -|    -|
|Expression       |        -|    -|       0|   1520|    -|
|FIFO             |        -|    -|       -|      -|    -|
|Instance         |        -|    -|       -|      -|    -|
|Memory           |        4|    -|       0|      0|    -|
|Multiplexer      |        -|    -|       0|     63|    -|
|Register         |        -|    -|     370|      -|    -|
+-----------------+---------+-----+--------+-------+-----+
|Total            |        4|    0|     370|   1583|    0|
+-----------------+---------+-----+--------+-------+-----+
|Available        |      280|  220|  106400|  53200|    0|
+-----------------+---------+-----+--------+-------+-----+
|Utilization (%)  |        1|    0|      ~0|      2|    0|
+-----------------+---------+-----+--------+-------+-----+

+ Detail: 
    * Instance: 
    N/A

    * DSP: 
    N/A

    * Memory: 
    +-------------------------+-------------------------------------------------------------------+---------+---+----+-----+------+-----+------+-------------+
    |          Memory         |                               Module                              | BRAM_18K| FF| LUT| URAM| Words| Bits| Banks| W*Bits*Banks|
    +-------------------------+-------------------------------------------------------------------+---------+---+----+-----+------+-----+------+-------------+
    |cordic_ctab_table_128_U  |atan2_generic_double_Pipeline_1_cordic_ctab_table_128_ROM_AUTO_1R  |        4|  0|   0|    0|   128|  126|     1|        16128|
    +-------------------------+-------------------------------------------------------------------+---------+---+----+-----+------+-----+------+-------------+
    |Total                    |                                                                   |        4|  0|   0|    0|   128|  126|     1|        16128|
    +-------------------------+-------------------------------------------------------------------+---------+---+----+-----+------+-----+------+-------------+

    * FIFO: 
    N/A

    * Expression: 
    +-----------------------+----------+----+---+-----+------------+------------+
    |     Variable Name     | Operation| DSP| FF| LUT | Bitwidth P0| Bitwidth P1|
    +-----------------------+----------+----+---+-----+------------+------------+
    |add_ln101_1_fu_216_p2  |         +|   0|  0|   96|          89|          89|
    |add_ln101_2_fu_280_p2  |         +|   0|  0|   93|          86|          86|
    |add_ln101_fu_190_p2    |         +|   0|  0|   96|          89|          89|
    |add_ln138_fu_145_p2    |         +|   0|  0|   14|           7|           1|
    |b_2_fu_252_p2          |         +|   0|  0|   92|          85|          85|
    |sub_ln101_1_fu_210_p2  |         -|   0|  0|   96|          89|          89|
    |sub_ln101_2_fu_274_p2  |         -|   0|  0|   93|          86|          86|
    |sub_ln101_fu_184_p2    |         -|   0|  0|   96|          89|          89|
    |x_s_fu_204_p2          |      ashr|   0|  0|  282|          89|          89|
    |y_s_fu_178_p2          |      ashr|   0|  0|  282|          89|          89|
    |icmp_ln138_fu_139_p2   |      icmp|   0|  0|   14|           7|           7|
    |x_fu_196_p3            |    select|   0|  0|   89|           1|          89|
    |y_fu_222_p3            |    select|   0|  0|   89|           1|          89|
    |z_fu_286_p3            |    select|   0|  0|   86|           1|          86|
    |ap_enable_pp0          |       xor|   0|  0|    2|           1|           2|
    +-----------------------+----------+----+---+-----+------------+------------+
    |Total                  |          |   0|  0| 1520|         809|        1065|
    +-----------------------+----------+----+---+-----+------------+------------+

    * Multiplexer: 
    +-------------------------+----+-----------+-----+-----------+
    |           Name          | LUT| Input Size| Bits| Total Bits|
    +-------------------------+----+-----------+-----+-----------+
    |a_1_fu_68                |   9|          2|   89|        178|
    |a_2_fu_72                |   9|          2|   86|        172|
    |a_fu_64                  |   9|          2|   89|        178|
    |ap_done_int              |   9|          2|    1|          2|
    |ap_enable_reg_pp0_iter1  |   9|          2|    1|          2|
    |ap_sig_allocacmp_k_2     |   9|          2|    7|         14|
    |k_fu_76                  |   9|          2|    7|         14|
    +-------------------------+----+-----------+-----+-----------+
    |Total                    |  63|         14|  280|        560|
    +-------------------------+----+-----------+-----+-----------+

    * Register: 
    +----------------------------------+----+----+-----+-----------+
    |               Name               | FF | LUT| Bits| Const Bits|
    +----------------------------------+----+----+-----+-----------+
    |a_1_fu_68                         |  89|   0|   89|          0|
    |a_2_fu_72                         |  86|   0|   86|          0|
    |a_fu_64                           |  89|   0|   89|          0|
    |add_reg_345                       |   1|   0|    1|          0|
    |ap_CS_fsm                         |   1|   0|    1|          0|
    |ap_done_reg                       |   1|   0|    1|          0|
    |ap_enable_reg_pp0_iter1           |   1|   0|    1|          0|
    |ap_enable_reg_pp0_iter2           |   1|   0|    1|          0|
    |ap_loop_exit_ready_pp0_iter1_reg  |   1|   0|    1|          0|
    |b_2_reg_350                       |  85|   0|   85|          0|
    |icmp_ln138_reg_336                |   1|   0|    1|          0|
    |k_2_reg_331                       |   7|   0|    7|          0|
    |k_fu_76                           |   7|   0|    7|          0|
    +----------------------------------+----+----+-----+-----------+
    |Total                             | 370|   0|  370|          0|
    +----------------------------------+----+----+-----+-----------+



================================================================
== Interface
================================================================
* Summary: 
+----------------+-----+-----+------------+----------------------------------+--------------+
|    RTL Ports   | Dir | Bits|  Protocol  |           Source Object          |    C Type    |
+----------------+-----+-----+------------+----------------------------------+--------------+
|ap_clk          |   in|    1|  ap_ctrl_hs|  atan2_generic<double>_Pipeline_1|  return value|
|ap_rst          |   in|    1|  ap_ctrl_hs|  atan2_generic<double>_Pipeline_1|  return value|
|ap_start        |   in|    1|  ap_ctrl_hs|  atan2_generic<double>_Pipeline_1|  return value|
|ap_done         |  out|    1|  ap_ctrl_hs|  atan2_generic<double>_Pipeline_1|  return value|
|ap_idle         |  out|    1|  ap_ctrl_hs|  atan2_generic<double>_Pipeline_1|  return value|
|ap_ready        |  out|    1|  ap_ctrl_hs|  atan2_generic<double>_Pipeline_1|  return value|
|y_1             |   in|   89|     ap_none|                               y_1|        scalar|
|zext_ln681      |   in|   86|     ap_none|                        zext_ln681|        scalar|
|z_2_out         |  out|   86|      ap_vld|                           z_2_out|       pointer|
|z_2_out_ap_vld  |  out|    1|      ap_vld|                           z_2_out|       pointer|
+----------------+-----+-----+------------+----------------------------------+--------------+

