

================================================================
== Vitis HLS Report for 'atan2_cordic_double_s'
================================================================
* Date:           Wed Mar 11 18:46:00 2026

* Version:        2025.1 (Build 6135595 on May 21 2025)
* Project:        equalStep_baseline
* Solution:       hls (Vivado IP Flow Target)
* Product family: zynq
* Target device:  xc7z020-clg400-1


================================================================
== Performance Estimates
================================================================
+ Timing: 
    * Summary: 
    +--------+----------+-----------+------------+
    |  Clock |  Target  | Estimated | Uncertainty|
    +--------+----------+-----------+------------+
    |ap_clk  |  16.00 ns|  11.572 ns|     4.32 ns|
    +--------+----------+-----------+------------+

+ Latency: 
    * Summary: 
    +---------+---------+-----------+----------+-----+-----+---------+
    |  Latency (cycles) |  Latency (absolute)  |  Interval | Pipeline|
    |   min   |   max   |    min    |    max   | min | max |   Type  |
    +---------+---------+-----------+----------+-----+-----+---------+
    |        1|      135|  16.000 ns|  2.160 us|    1|  135|       no|
    +---------+---------+-----------+----------+-----+-----+---------+

    + Detail: 
        * Instance: 
        +-----------------------------------+------------------------+---------+---------+-----------+----------+-----+-----+---------+
        |                                   |                        |  Latency (cycles) |  Latency (absolute)  |  Interval | Pipeline|
        |              Instance             |         Module         |   min   |   max   |    min    |    max   | min | max |   Type  |
        +-----------------------------------+------------------------+---------+---------+-----------+----------+-----+-----+---------+
        |grp_atan2_generic_double_s_fu_162  |atan2_generic_double_s  |        1|      121|  16.000 ns|  1.936 us|    1|  121|       no|
        +-----------------------------------+------------------------+---------+---------+-----------+----------+-----+-----+---------+

        * Loop: 
        N/A



================================================================
== Utilization Estimates
================================================================
* Summary: 
+-----------------+---------+-----+--------+-------+-----+
|       Name      | BRAM_18K| DSP |   FF   |  LUT  | URAM|
+-----------------+---------+-----+--------+-------+-----+
|DSP              |        -|    -|       -|      -|    -|
|Expression       |        -|    -|       0|    466|    -|
|FIFO             |        -|    -|       -|      -|    -|
|Instance         |        4|    -|     819|   4301|    -|
|Memory           |        -|    -|       -|      -|    -|
|Multiplexer      |        -|    -|       0|    305|    -|
|Register         |        -|    -|     551|      -|    -|
+-----------------+---------+-----+--------+-------+-----+
|Total            |        4|    0|    1370|   5072|    0|
+-----------------+---------+-----+--------+-------+-----+
|Available        |      280|  220|  106400|  53200|    0|
+-----------------+---------+-----+--------+-------+-----+
|Utilization (%)  |        1|    0|       1|      9|    0|
+-----------------+---------+-----+--------+-------+-----+

+ Detail: 
    * Instance: 
    +-----------------------------------+-----------------------------+---------+----+-----+------+-----+
    |              Instance             |            Module           | BRAM_18K| DSP|  FF |  LUT | URAM|
    +-----------------------------------+-----------------------------+---------+----+-----+------+-----+
    |grp_atan2_generic_double_s_fu_162  |atan2_generic_double_s       |        4|   0|  819|  4301|    0|
    |dcmp_64ns_64ns_1_2_no_dsp_1_U25    |dcmp_64ns_64ns_1_2_no_dsp_1  |        0|   0|    0|     0|    0|
    +-----------------------------------+-----------------------------+---------+----+-----+------+-----+
    |Total                              |                             |        4|   0|  819|  4301|    0|
    +-----------------------------------+-----------------------------+---------+----+-----+------+-----+

    * DSP: 
    N/A

    * Memory: 
    N/A

    * FIFO: 
    N/A

    * Expression: 
    +------------------------+----------+----+---+----+------------+------------+
    |      Variable Name     | Operation| DSP| FF| LUT| Bitwidth P0| Bitwidth P1|
    +------------------------+----------+----+---+----+------------+------------+
    |and_ln18_1_fu_268_p2    |       and|   0|  0|   2|           1|           1|
    |and_ln18_2_fu_319_p2    |       and|   0|  0|   2|           1|           1|
    |and_ln18_3_fu_325_p2    |       and|   0|  0|   2|           1|           1|
    |and_ln18_fu_250_p2      |       and|   0|  0|   2|           1|           1|
    |and_ln717_1_fu_409_p2   |       and|   0|  0|   2|           1|           1|
    |and_ln717_fu_403_p2     |       and|   0|  0|   2|           1|           1|
    |and_ln733_fu_286_p2     |       and|   0|  0|   2|           1|           1|
    |and_ln737_fu_304_p2     |       and|   0|  0|   2|           1|           1|
    |icmp_ln18_1_fu_244_p2   |      icmp|   0|  0|  59|          52|           1|
    |icmp_ln18_2_fu_256_p2   |      icmp|   0|  0|  12|          11|           2|
    |icmp_ln18_3_fu_262_p2   |      icmp|   0|  0|  59|          52|           1|
    |icmp_ln18_fu_238_p2     |      icmp|   0|  0|  12|          11|           2|
    |icmp_ln715_fu_357_p2    |      icmp|   0|  0|  70|          63|          63|
    |icmp_ln717_1_fu_389_p2  |      icmp|   0|  0|  12|          11|           2|
    |icmp_ln717_fu_383_p2    |      icmp|   0|  0|  12|          11|           2|
    |icmp_ln733_1_fu_280_p2  |      icmp|   0|  0|  59|          52|           1|
    |icmp_ln733_fu_274_p2    |      icmp|   0|  0|  12|          11|           1|
    |icmp_ln737_1_fu_298_p2  |      icmp|   0|  0|  59|          52|           1|
    |icmp_ln737_fu_292_p2    |      icmp|   0|  0|  12|          11|           1|
    |or_ln717_1_fu_399_p2    |        or|   0|  0|   2|           1|           1|
    |or_ln717_fu_395_p2      |        or|   0|  0|   2|           1|           1|
    |select_ln780_fu_492_p3  |    select|   0|  0|  64|           1|          64|
    |xor_ln793_fu_436_p2     |       xor|   0|  0|   2|           1|           2|
    |xor_ln797_fu_469_p2     |       xor|   0|  0|   2|           1|           2|
    +------------------------+----------+----+---+----+------------+------------+
    |Total                   |          |   0|  0| 466|         350|         155|
    +------------------------+----------+----+---+----+------------+------------+

    * Multiplexer: 
    +-----------------------------------------+-----+-----------+-----+-----------+
    |                   Name                  | LUT | Input Size| Bits| Total Bits|
    +-----------------------------------------+-----+-----------+-----+-----------+
    |UnifiedRetVal_reg_98                     |  100|         20|   64|       1280|
    |ap_NS_fsm                                |  117|         26|    1|         26|
    |ap_phi_mux_UnifiedRetVal_phi_fu_110_p40  |    9|          2|   64|        128|
    |ap_return                                |    9|          2|   64|        128|
    |c_reg_84                                 |   14|          3|   64|        192|
    |grp_atan2_generic_double_s_fu_162_x_in   |   14|          3|   64|        192|
    |grp_atan2_generic_double_s_fu_162_y_in   |   14|          3|   64|        192|
    |grp_fu_170_p0                            |   14|          3|   64|        192|
    |grp_fu_170_p1                            |   14|          3|   64|        192|
    +-----------------------------------------+-----+-----------+-----+-----------+
    |Total                                    |  305|         65|  513|       2522|
    +-----------------------------------------+-----+-----------+-----+-----------+

    * Register: 
    +------------------------------------------------+----+----+-----+-----------+
    |                      Name                      | FF | LUT| Bits| Const Bits|
    +------------------------------------------------+----+----+-----+-----------+
    |UnifiedRetVal_reg_98                            |  64|   0|   64|          0|
    |a_reg_626                                       |  63|   0|   64|          1|
    |and_ln18_1_reg_583                              |   1|   0|    1|          0|
    |and_ln18_2_reg_618                              |   1|   0|    1|          0|
    |and_ln18_3_reg_622                              |   1|   0|    1|          0|
    |and_ln18_reg_579                                |   1|   0|    1|          0|
    |and_ln733_reg_596                               |   1|   0|    1|          0|
    |and_ln737_reg_609                               |   1|   0|    1|          0|
    |ap_CS_fsm                                       |  25|   0|   25|          0|
    |ap_return_preg                                  |  64|   0|   64|          0|
    |b_reg_633                                       |  63|   0|   64|          1|
    |c_reg_84                                        |  64|   0|   64|          0|
    |d_reg_671                                       |  64|   0|   64|          0|
    |fpsy_sign_reg_568                               |   1|   0|    1|          0|
    |grp_atan2_generic_double_s_fu_162_ap_start_reg  |   1|   0|    1|          0|
    |icmp_ln717_1_reg_648                            |   1|   0|    1|          0|
    |icmp_ln717_reg_643                              |   1|   0|    1|          0|
    |icmp_ln733_1_reg_591                            |   1|   0|    1|          0|
    |icmp_ln733_reg_587                              |   1|   0|    1|          0|
    |icmp_ln737_1_reg_604                            |   1|   0|    1|          0|
    |icmp_ln737_reg_600                              |   1|   0|    1|          0|
    |tmp_1_reg_613                                   |   2|   0|    2|          0|
    |tmp_2_reg_661                                   |  64|   0|   64|          0|
    |tmp_3_reg_656                                   |  64|   0|   64|          0|
    +------------------------------------------------+----+----+-----+-----------+
    |Total                                           | 551|   0|  553|          2|
    +------------------------------------------------+----+----+-----+-----------+



================================================================
== Interface
================================================================
* Summary: 
+---------------------+-----+-----+------------+----------------------+--------------+
|      RTL Ports      | Dir | Bits|  Protocol  |     Source Object    |    C Type    |
+---------------------+-----+-----+------------+----------------------+--------------+
|ap_clk               |   in|    1|  ap_ctrl_hs|  atan2_cordic<double>|  return value|
|ap_rst               |   in|    1|  ap_ctrl_hs|  atan2_cordic<double>|  return value|
|ap_start             |   in|    1|  ap_ctrl_hs|  atan2_cordic<double>|  return value|
|ap_done              |  out|    1|  ap_ctrl_hs|  atan2_cordic<double>|  return value|
|ap_idle              |  out|    1|  ap_ctrl_hs|  atan2_cordic<double>|  return value|
|ap_ready             |  out|    1|  ap_ctrl_hs|  atan2_cordic<double>|  return value|
|ap_return            |  out|   64|  ap_ctrl_hs|  atan2_cordic<double>|  return value|
|grp_fu_131_p_din0    |  out|   64|  ap_ctrl_hs|  atan2_cordic<double>|  return value|
|grp_fu_131_p_din1    |  out|   64|  ap_ctrl_hs|  atan2_cordic<double>|  return value|
|grp_fu_131_p_opcode  |  out|    1|  ap_ctrl_hs|  atan2_cordic<double>|  return value|
|grp_fu_131_p_dout0   |   in|   64|  ap_ctrl_hs|  atan2_cordic<double>|  return value|
|grp_fu_131_p_ce      |  out|    1|  ap_ctrl_hs|  atan2_cordic<double>|  return value|
|y_in                 |   in|   64|     ap_none|                  y_in|        scalar|
|x_in                 |   in|   64|     ap_none|                  x_in|        scalar|
+---------------------+-----+-----+------------+----------------------+--------------+

