

================================================================
== Synthesis Summary Report of 'equalStep_baseline'
================================================================
+ General Information: 
    * Date:           Wed Mar 11 18:46:00 2026
    * Version:        2025.1 (Build 6135595 on May 21 2025)
    * Project:        equalStep_baseline
    * Solution:       hls (Vivado IP Flow Target)
    * Product family: zynq
    * Target device:  xc7z020-clg400-1
    

+ Performance & Resource Estimates: 
    
    PS: '+' for module; 'o' for loop; '*' for dataflow
    +--------------------------------------------------+------+-------+---------+-----------+----------+---------+------+----------+--------+----------+-----------+------------+-----+
    |                      Modules                     | Issue|       |       Latency       | Iteration|         | Trip |          |        |          |           |            |     |
    |                      & Loops                     | Type | Slack | (cycles)|    (ns)   |  Latency | Interval| Count| Pipelined|  BRAM  |    DSP   |     FF    |     LUT    | URAM|
    +--------------------------------------------------+------+-------+---------+-----------+----------+---------+------+----------+--------+----------+-----------+------------+-----+
    |+ equalStep_baseline                              |     -|   0.11|   868481|  1.390e+07|         -|   868482|     -|        no|  4 (1%)|  25 (11%)|  3462 (3%)|  8008 (15%)|    -|
    | o VITIS_LOOP_34_2                                |     -|  11.68|   868480|  1.390e+07|     13570|        -|    64|        no|       -|         -|          -|           -|    -|
    |  o VITIS_LOOP_35_3                               |     -|  11.68|    13568|  2.171e+05|       212|        -|    64|        no|       -|         -|          -|           -|    -|
    |   + equalStep_baseline_Pipeline_VITIS_LOOP_40_4  |     -|   0.36|       34|    544.000|         -|       24|     -|    rewind|       -|         -|  676 (~0%)|   250 (~0%)|    -|
    |    o VITIS_LOOP_40_4                             |    II|  11.68|       32|    512.000|        17|        4|     5|       yes|       -|         -|          -|           -|    -|
    |   + atan2_cordic_double_s                        |     -|   0.11|      135|  2.160e+03|         -|      135|     -|        no|  4 (1%)|         -|  1370 (1%)|   5072 (9%)|    -|
    |    + atan2_generic_double_s                      |     -|   0.11|      121|  1.936e+03|         -|      121|     -|        no|  4 (1%)|         -|  819 (~0%)|   4301 (8%)|    -|
    |     + atan2_generic_double_Pipeline_1            |     -|   0.11|       91|  1.456e+03|         -|       89|     -|    rewind|  4 (1%)|         -|  370 (~0%)|   1583 (2%)|    -|
    |      o Loop 1                                    |     -|  11.68|       89|  1.424e+03|         3|        1|    88|       yes|       -|         -|          -|           -|    -|
    +--------------------------------------------------+------+-------+---------+-----------+----------+---------+------+----------+--------+----------+-----------+------------+-----+


================================================================
== HW Interfaces
================================================================
* AP_MEMORY
+-----------------------+-----------+----------+
| Port                  | Direction | Bitwidth |
+-----------------------+-----------+----------+
| imStack_address0      | out       | 15       |
| imStack_q0            | in        | 16       |
| mod_r_address0        | out       | 12       |
| mod_r_d0              | out       | 64       |
| wrappedPhase_address0 | out       | 12       |
| wrappedPhase_d0       | out       | 64       |
+-----------------------+-----------+----------+

* TOP LEVEL CONTROL
+-----------+------------+-----------------------------------+
| Interface | Type       | Ports                             |
+-----------+------------+-----------------------------------+
| ap_clk    | clock      | ap_clk                            |
| ap_rst    | reset      | ap_rst                            |
| ap_ctrl   | ap_ctrl_hs | ap_done ap_idle ap_ready ap_start |
+-----------+------------+-----------------------------------+


================================================================
== SW I/O Information
================================================================
* Top Function Arguments
+--------------+-----------+------------------------+
| Argument     | Direction | Datatype               |
+--------------+-----------+------------------------+
| imStack      | in        | unsigned short const * |
| wrappedPhase | out       | double*                |
| mod          | out       | double*                |
+--------------+-----------+------------------------+

* SW-to-HW Mapping
+--------------+-----------------------+---------+----------+
| Argument     | HW Interface          | HW Type | HW Usage |
+--------------+-----------------------+---------+----------+
| imStack      | imStack_address0      | port    | offset   |
| imStack      | imStack_ce0           | port    |          |
| imStack      | imStack_q0            | port    |          |
| wrappedPhase | wrappedPhase_address0 | port    | offset   |
| wrappedPhase | wrappedPhase_ce0      | port    |          |
| wrappedPhase | wrappedPhase_we0      | port    |          |
| wrappedPhase | wrappedPhase_d0       | port    |          |
| mod          | mod_r_address0        | port    | offset   |
| mod          | mod_r_ce0             | port    |          |
| mod          | mod_r_we0             | port    |          |
| mod          | mod_r_d0              | port    |          |
+--------------+-----------------------+---------+----------+


================================================================
== Bind Op Report
================================================================
+------------------------------------------------+-----+--------+----------------+-----------+-----------+---------+
| Name                                           | DSP | Pragma | Variable       | Op        | Impl      | Latency |
+------------------------------------------------+-----+--------+----------------+-----------+-----------+---------+
| + equalStep_baseline                           | 25  |        |                |           |           |         |
|   icmp_ln34_fu_156_p2                          |     |        | icmp_ln34      | seteq     | auto      | 0       |
|   add_ln34_fu_162_p2                           |     |        | add_ln34       | add       | fabric    | 0       |
|   icmp_ln35_fu_180_p2                          |     |        | icmp_ln35      | seteq     | auto      | 0       |
|   add_ln35_fu_186_p2                           |     |        | add_ln35       | add       | fabric    | 0       |
|   dmul_64ns_64ns_64_5_max_dsp_1_U30            |     |        | add_ln47       | add       | fabric    | 0       |
|   dmul_64ns_64ns_64_5_max_dsp_1_U30            | 11  |        | mul            | dmul      | maxdsp    | 4       |
|   dmul_64ns_64ns_64_5_max_dsp_1_U31            | 11  |        | mul1           | dmul      | maxdsp    | 4       |
|   dadddsub_64ns_64ns_64_5_full_dsp_1_U29       | 3   |        | add            | dadd      | fulldsp   | 4       |
|   dsqrt_64ns_64ns_64_30_no_dsp_1_U32           |     |        | tmp_6          | dsqrt     | fabric    | 29      |
|  + equalStep_baseline_Pipeline_VITIS_LOOP_40_4 | 0   |        |                |           |           |         |
|    icmp_ln40_fu_158_p2                         |     |        | icmp_ln40      | seteq     | auto      | 0       |
|    add_ln40_fu_164_p2                          |     |        | add_ln40       | add       | fabric    | 0       |
|    uitodp_32ns_64_4_no_dsp_1_U3                |     |        | val            | uitodp    | auto      | 3       |
|  + atan2_cordic_double_s                       | 0   |        |                |           |           |         |
|    icmp_ln18_fu_238_p2                         |     |        | icmp_ln18      | seteq     | auto      | 0       |
|    icmp_ln18_1_fu_244_p2                       |     |        | icmp_ln18_1    | setne     | auto      | 0       |
|    and_ln18_fu_250_p2                          |     |        | and_ln18       | and       | auto      | 0       |
|    icmp_ln18_2_fu_256_p2                       |     |        | icmp_ln18_2    | seteq     | auto      | 0       |
|    icmp_ln18_3_fu_262_p2                       |     |        | icmp_ln18_3    | setne     | auto      | 0       |
|    and_ln18_1_fu_268_p2                        |     |        | and_ln18_1     | and       | auto      | 0       |
|    icmp_ln733_fu_274_p2                        |     |        | icmp_ln733     | seteq     | auto      | 0       |
|    icmp_ln733_1_fu_280_p2                      |     |        | icmp_ln733_1   | seteq     | auto      | 0       |
|    and_ln733_fu_286_p2                         |     |        | and_ln733      | and       | auto      | 0       |
|    icmp_ln737_fu_292_p2                        |     |        | icmp_ln737     | seteq     | auto      | 0       |
|    icmp_ln737_1_fu_298_p2                      |     |        | icmp_ln737_1   | seteq     | auto      | 0       |
|    and_ln737_fu_304_p2                         |     |        | and_ln737      | and       | auto      | 0       |
|    and_ln18_2_fu_319_p2                        |     |        | and_ln18_2     | and       | auto      | 0       |
|    and_ln18_3_fu_325_p2                        |     |        | and_ln18_3     | and       | auto      | 0       |
|    icmp_ln715_fu_357_p2                        |     |        | icmp_ln715     | seteq     | auto      | 0       |
|    icmp_ln717_fu_383_p2                        |     |        | icmp_ln717     | setne     | auto      | 0       |
|    or_ln717_fu_395_p2                          |     |        | or_ln717       | or        | auto      | 0       |
|    icmp_ln717_1_fu_389_p2                      |     |        | icmp_ln717_1   | setne     | auto      | 0       |
|    or_ln717_1_fu_399_p2                        |     |        | or_ln717_1     | or        | auto      | 0       |
|    and_ln717_fu_403_p2                         |     |        | and_ln717      | and       | auto      | 0       |
|    dcmp_64ns_64ns_1_2_no_dsp_1_U25             |     |        | tmp_7          | dcmp      | auto      | 1       |
|    and_ln717_1_fu_409_p2                       |     |        | and_ln717_1    | and       | auto      | 0       |
|    xor_ln793_fu_436_p2                         |     |        | xor_ln793      | xor       | auto      | 0       |
|    xor_ln797_fu_469_p2                         |     |        | xor_ln797      | xor       | auto      | 0       |
|    select_ln780_fu_492_p3                      |     |        | select_ln780   | select    | auto_sel  | 0       |
|   + atan2_generic_double_s                     | 0   |        |                |           |           |         |
|     add_ln655_fu_162_p2                        |     |        | add_ln655      | add       | fabric    | 0       |
|     icmp_ln655_fu_172_p2                       |     |        | icmp_ln655     | setlt     | auto      | 0       |
|     icmp_ln662_fu_178_p2                       |     |        | icmp_ln662     | seteq     | auto      | 0       |
|     d_exp_fu_184_p2                            |     |        | d_exp          | sub       | fabric    | 0       |
|     sub_ln695_fu_235_p2                        |     |        | sub_ln695      | sub       | fabric    | 0       |
|     select_ln695_fu_241_p3                     |     |        | select_ln695   | select    | auto_sel  | 0       |
|     shl_ln695_fu_253_p2                        |     |        | shl_ln695      | shl       | auto_pipe | 0       |
|     lshr_ln695_fu_259_p2                       |     |        | lshr_ln695     | lshr      | auto_pipe | 0       |
|     y_1_fu_265_p3                              |     |        | y_1            | select    | auto_sel  | 0       |
|     icmp_ln702_fu_277_p2                       |     |        | icmp_ln702     | seteq     | auto      | 0       |
|     sub_ln702_fu_291_p2                        |     |        | sub_ln702      | sub       | fabric    | 0       |
|     tmp_3_fu_305_p1                            |     |        | select_ln702   | select    | auto_sel  | 0       |
|     ctlz_86_86_1_1_U17                         |     |        | tmp_3          | ctlz      | auto      | 0       |
|     sub_ln702_1_fu_321_p2                      |     |        | sub_ln702_1    | sub       | fabric    | 0       |
|     add_ln702_fu_327_p2                        |     |        | add_ln702      | add       | fabric    | 0       |
|     icmp_ln702_1_fu_342_p2                     |     |        | icmp_ln702_1   | setgt     | auto      | 0       |
|     sub_ln702_4_fu_348_p2                      |     |        | sub_ln702_4    | sub       | fabric    | 0       |
|     lshr_ln702_2_fu_357_p2                     |     |        | lshr_ln702_2   | lshr      | auto_pipe | 0       |
|     and_ln702_1_fu_363_p2                      |     |        | and_ln702_1    | and       | auto      | 0       |
|     icmp_ln702_2_fu_368_p2                     |     |        | icmp_ln702_2   | setne     | auto      | 0       |
|     phi_ln702_fu_374_p2                        |     |        | phi_ln702      | and       | auto      | 0       |
|     xor_ln702_fu_388_p2                        |     |        | xor_ln702      | xor       | auto      | 0       |
|     bitselect_1ns_86ns_7ns_1_1_1_U18           |     |        | tmp_5          | bitselect | auto      | 0       |
|     and_ln702_fu_401_p2                        |     |        | and_ln702      | and       | auto      | 0       |
|     or_ln702_fu_407_p2                         |     |        | or_ln702       | or        | auto      | 0       |
|     icmp_ln702_3_fu_413_p2                     |     |        | icmp_ln702_3   | setgt     | auto      | 0       |
|     add_ln702_1_fu_419_p2                      |     |        | add_ln702_1    | add       | fabric    | 0       |
|     lshr_ln702_fu_436_p2                       |     |        | lshr_ln702     | lshr      | auto_pipe | 0       |
|     sub_ln702_2_fu_424_p2                      |     |        | sub_ln702_2    | sub       | fabric    | 0       |
|     shl_ln702_fu_448_p2                        |     |        | shl_ln702      | shl       | auto_pipe | 0       |
|     select_ln702_1_fu_461_p3                   |     |        | select_ln702_1 | select    | auto_sel  | 0       |
|     add_ln702_2_fu_471_p2                      |     |        | add_ln702_2    | add       | fabric    | 0       |
|     select_ln702_2_fu_499_p3                   |     |        | select_ln702_2 | select    | auto_sel  | 0       |
|     sub_ln702_3_fu_507_p2                      |     |        | sub_ln702_3    | sub       | fabric    | 0       |
|     add_ln702_3_fu_516_p2                      |     |        | add_ln702_3    | add       | fabric    | 0       |
|     ddiv_64ns_64ns_64_31_no_dsp_1_U16          |     |        | div_i          | ddiv      | fabric    | 30      |
|    + atan2_generic_double_Pipeline_1           | 0   |        |                |           |           |         |
|      icmp_ln138_fu_139_p2                      |     |        | icmp_ln138     | seteq     | auto      | 0       |
|      add_ln138_fu_145_p2                       |     |        | add_ln138      | add       | fabric    | 0       |
|      y_s_fu_178_p2                             |     |        | y_s            | ashr      | auto_pipe | 0       |
|      sub_ln101_fu_184_p2                       |     |        | sub_ln101      | sub       | fabric    | 0       |
|      add_ln101_fu_190_p2                       |     |        | add_ln101      | add       | fabric    | 0       |
|      x_fu_196_p3                               |     |        | x              | select    | auto_sel  | 0       |
|      x_s_fu_204_p2                             |     |        | x_s            | ashr      | auto_pipe | 0       |
|      sub_ln101_1_fu_210_p2                     |     |        | sub_ln101_1    | sub       | fabric    | 0       |
|      add_ln101_1_fu_216_p2                     |     |        | add_ln101_1    | add       | fabric    | 0       |
|      y_fu_222_p3                               |     |        | y              | select    | auto_sel  | 0       |
|      b_2_fu_252_p2                             |     |        | b_2            | add       | fabric    | 0       |
|      sub_ln101_2_fu_274_p2                     |     |        | sub_ln101_2    | sub       | fabric    | 0       |
|      add_ln101_2_fu_280_p2                     |     |        | add_ln101_2    | add       | fabric    | 0       |
|      z_fu_286_p3                               |     |        | z              | select    | auto_sel  | 0       |
+------------------------------------------------+-----+--------+----------------+-----------+-----------+---------+


================================================================
== Storage Report
================================================================
+------------------------------------------------+--------+------+------+------+--------+-----------------------+------+---------+------------------+
| Name                                           | Usage  | Type | BRAM | URAM | Pragma | Variable              | Impl | Latency | Bitwidth, Depth, |
|                                                |        |      |      |      |        |                       |      |         | Banks            |
+------------------------------------------------+--------+------+------+------+--------+-----------------------+------+---------+------------------+
| + equalStep_baseline                           |        |      | 4    | 0    |        |                       |      |         |                  |
|  + equalStep_baseline_Pipeline_VITIS_LOOP_40_4 |        |      | 0    | 0    |        |                       |      |         |                  |
|    sin_k_U                                     | rom_1p |      |      |      |        | sin_k                 | auto | 1       | 64, 5, 1         |
|    cos_k_U                                     | rom_1p |      |      |      |        | cos_k                 | auto | 1       | 64, 5, 1         |
|  + atan2_cordic_double_s                       |        |      | 4    | 0    |        |                       |      |         |                  |
|   + atan2_generic_double_s                     |        |      | 4    | 0    |        |                       |      |         |                  |
|    + atan2_generic_double_Pipeline_1           |        |      | 4    | 0    |        |                       |      |         |                  |
|      cordic_ctab_table_128_U                   | rom_1p |      | 4    |      |        | cordic_ctab_table_128 | auto | 1       | 126, 128, 1      |
+------------------------------------------------+--------+------+------+------+--------+-----------------------+------+---------+------------------+


================================================================
== Pragma Report
================================================================
  No pragmas found

