

================================================================
== Vitis HLS Report for 'equalStep_baseline_Pipeline_VITIS_LOOP_40_4'
================================================================
* Date:           Wed Mar 11 18:45:58 2026

* Version:        2025.1 (Build 6135595 on May 21 2025)
* Project:        equalStep_baseline
* Solution:       hls (Vivado IP Flow Target)
* Product family: zynq
* Target device:  xc7z020-clg400-1


================================================================
== Performance Estimates
================================================================
+ Timing: 
    * Summary: 
    +--------+----------+-----------+------------+
    |  Clock |  Target  | Estimated | Uncertainty|
    +--------+----------+-----------+------------+
    |ap_clk  |  16.00 ns|  11.325 ns|     4.32 ns|
    +--------+----------+-----------+------------+

+ Latency: 
    * Summary: 
    +---------+---------+----------+----------+-----+-----+------------------------------------------------+
    |  Latency (cycles) |  Latency (absolute) |  Interval |                    Pipeline                    |
    |   min   |   max   |    min   |    max   | min | max |                      Type                      |
    +---------+---------+----------+----------+-----+-----+------------------------------------------------+
    |       34|       34|  0.544 us|  0.544 us|   24|   24|  loop auto-rewind stp (delay=0 clock cycles(s))|
    +---------+---------+----------+----------+-----+-----+------------------------------------------------+

    + Detail: 
        * Instance: 
        N/A

        * Loop: 
        +-------------------+---------+---------+----------+-----------+-----------+------+----------+
        |                   |  Latency (cycles) | Iteration|  Initiation Interval  | Trip |          |
        |     Loop Name     |   min   |   max   |  Latency |  achieved |   target  | Count| Pipelined|
        +-------------------+---------+---------+----------+-----------+-----------+------+----------+
        |- VITIS_LOOP_40_4  |       32|       32|        17|          4|          1|     5|       yes|
        +-------------------+---------+---------+----------+-----------+-----------+------+----------+



================================================================
== Utilization Estimates
================================================================
* Summary: 
+-----------------+---------+-----+--------+-------+-----+
|       Name      | BRAM_18K| DSP |   FF   |  LUT  | URAM|
+-----------------+---------+-----+--------+-------+-----+
|DSP              |        -|    -|       -|      -|    -|
|Expression       |        -|    -|       0|     24|    -|
|FIFO             |        -|    -|       -|      -|    -|
|Instance         |        -|    -|       -|      -|    -|
|Memory           |        0|    -|     128|     10|    -|
|Multiplexer      |        -|    -|       0|    184|    -|
|Register         |        -|    -|     548|     32|    -|
+-----------------+---------+-----+--------+-------+-----+
|Total            |        0|    0|     676|    250|    0|
+-----------------+---------+-----+--------+-------+-----+
|Available        |      280|  220|  106400|  53200|    0|
+-----------------+---------+-----+--------+-------+-----+
|Utilization (%)  |        0|    0|      ~0|     ~0|    0|
+-----------------+---------+-----+--------+-------+-----+

+ Detail: 
    * Instance: 
    +------------------------------+---------------------------+---------+----+---+----+-----+
    |           Instance           |           Module          | BRAM_18K| DSP| FF| LUT| URAM|
    +------------------------------+---------------------------+---------+----+---+----+-----+
    |uitodp_32ns_64_4_no_dsp_1_U3  |uitodp_32ns_64_4_no_dsp_1  |        0|   0|  0|   0|    0|
    +------------------------------+---------------------------+---------+----+---+----+-----+
    |Total                         |                           |        0|   0|  0|   0|    0|
    +------------------------------+---------------------------+---------+----+---+----+-----+

    * DSP: 
    N/A

    * Memory: 
    +---------+---------------------------------------------------------------+---------+----+----+-----+------+-----+------+-------------+
    |  Memory |                             Module                            | BRAM_18K| FF | LUT| URAM| Words| Bits| Banks| W*Bits*Banks|
    +---------+---------------------------------------------------------------+---------+----+----+-----+------+-----+------+-------------+
    |cos_k_U  |equalStep_baseline_Pipeline_VITIS_LOOP_40_4_cos_k_ROM_AUTO_1R  |        0|  64|   5|    0|     5|   64|     1|          320|
    |sin_k_U  |equalStep_baseline_Pipeline_VITIS_LOOP_40_4_sin_k_ROM_AUTO_1R  |        0|  64|   5|    0|     5|   64|     1|          320|
    +---------+---------------------------------------------------------------+---------+----+----+-----+------+-----+------+-------------+
    |Total    |                                                               |        0| 128|  10|    0|    10|  128|     2|          640|
    +---------+---------------------------------------------------------------+---------+----+----+-----+------+-----+------+-------------+

    * FIFO: 
    N/A

    * Expression: 
    +---------------------+----------+----+---+----+------------+------------+
    |    Variable Name    | Operation| DSP| FF| LUT| Bitwidth P0| Bitwidth P1|
    +---------------------+----------+----+---+----+------------+------------+
    |add_ln40_fu_164_p2   |         +|   0|  0|  11|           3|           1|
    |icmp_ln40_fu_158_p2  |      icmp|   0|  0|  11|           3|           3|
    |ap_enable_pp0        |       xor|   0|  0|   2|           1|           2|
    +---------------------+----------+----+---+----+------------+------------+
    |Total                |          |   0|  0|  24|           7|           6|
    +---------------------+----------+----+---+----+------------+------------+

    * Multiplexer: 
    +----------------------------------+----+-----------+-----+-----------+
    |               Name               | LUT| Input Size| Bits| Total Bits|
    +----------------------------------+----+-----------+-----+-----------+
    |Phi_t1_fu_52                      |   9|          2|   64|        128|
    |Phi_t2_fu_56                      |   9|          2|   64|        128|
    |ap_NS_fsm                         |  25|          5|    1|          5|
    |ap_done_int                       |   9|          2|    1|          2|
    |ap_enable_reg_pp0_iter0           |   9|          2|    1|          2|
    |ap_enable_reg_pp0_iter1           |   9|          2|    1|          2|
    |ap_enable_reg_pp0_iter4           |   9|          2|    1|          2|
    |ap_loop_exit_ready_pp0_iter1_reg  |   9|          2|    1|          2|
    |ap_loop_exit_ready_pp0_iter2_reg  |   9|          2|    1|          2|
    |ap_loop_exit_ready_pp0_iter3_reg  |   9|          2|    1|          2|
    |ap_sig_allocacmp_Phi_t1_load      |   9|          2|   64|        128|
    |ap_sig_allocacmp_Phi_t2_load      |   9|          2|   64|        128|
    |ap_sig_allocacmp_k_1              |   9|          2|    3|          6|
    |grp_fu_129_p0                     |  14|          3|   64|        192|
    |grp_fu_129_p1                     |  14|          3|   64|        192|
    |grp_fu_133_p1                     |  14|          3|   64|        192|
    |k_fu_60                           |   9|          2|    3|          6|
    +----------------------------------+----+-----------+-----+-----------+
    |Total                             | 184|         40|  462|       1119|
    +----------------------------------+----+-----------+-----+-----------+

    * Register: 
    +----------------------------------+----+----+-----+-----------+
    |               Name               | FF | LUT| Bits| Const Bits|
    +----------------------------------+----+----+-----+-----------+
    |Phi_t1_fu_52                      |  64|   0|   64|          0|
    |Phi_t2_fu_56                      |  64|   0|   64|          0|
    |ap_CS_fsm                         |   4|   0|    4|          0|
    |ap_done_reg                       |   1|   0|    1|          0|
    |ap_enable_reg_pp0_iter0_reg       |   1|   0|    1|          0|
    |ap_enable_reg_pp0_iter1           |   1|   0|    1|          0|
    |ap_enable_reg_pp0_iter2           |   1|   0|    1|          0|
    |ap_enable_reg_pp0_iter3           |   1|   0|    1|          0|
    |ap_enable_reg_pp0_iter4           |   1|   0|    1|          0|
    |ap_loop_exit_ready_pp0_iter1_reg  |   1|   0|    1|          0|
    |ap_loop_exit_ready_pp0_iter2_reg  |   1|   0|    1|          0|
    |ap_loop_exit_ready_pp0_iter3_reg  |   1|   0|    1|          0|
    |cos_k_load_reg_292                |  64|   0|   64|          0|
    |icmp_ln40_reg_253                 |   1|   0|    1|          0|
    |imStack_load_reg_262              |  16|   0|   16|          0|
    |k_1_reg_248                       |   3|   0|    3|          0|
    |k_fu_60                           |   3|   0|    3|          0|
    |mul2_reg_297                      |  64|   0|   64|          0|
    |mul3_reg_307                      |  64|   0|   64|          0|
    |sin_k_load_reg_287                |  64|   0|   64|          0|
    |val_reg_282                       |  64|   0|   64|          0|
    |icmp_ln40_reg_253                 |  64|  32|    1|          0|
    +----------------------------------+----+----+-----+-----------+
    |Total                             | 548|  32|  485|          0|
    +----------------------------------+----+----+-----+-----------+



================================================================
== Interface
================================================================
* Summary: 
+---------------------+-----+-----+------------+---------------------------------------------+--------------+
|      RTL Ports      | Dir | Bits|  Protocol  |                Source Object                |    C Type    |
+---------------------+-----+-----+------------+---------------------------------------------+--------------+
|ap_clk               |   in|    1|  ap_ctrl_hs|  equalStep_baseline_Pipeline_VITIS_LOOP_40_4|  return value|
|ap_rst               |   in|    1|  ap_ctrl_hs|  equalStep_baseline_Pipeline_VITIS_LOOP_40_4|  return value|
|ap_start             |   in|    1|  ap_ctrl_hs|  equalStep_baseline_Pipeline_VITIS_LOOP_40_4|  return value|
|ap_done              |  out|    1|  ap_ctrl_hs|  equalStep_baseline_Pipeline_VITIS_LOOP_40_4|  return value|
|ap_idle              |  out|    1|  ap_ctrl_hs|  equalStep_baseline_Pipeline_VITIS_LOOP_40_4|  return value|
|ap_ready             |  out|    1|  ap_ctrl_hs|  equalStep_baseline_Pipeline_VITIS_LOOP_40_4|  return value|
|grp_fu_131_p_din0    |  out|   64|  ap_ctrl_hs|  equalStep_baseline_Pipeline_VITIS_LOOP_40_4|  return value|
|grp_fu_131_p_din1    |  out|   64|  ap_ctrl_hs|  equalStep_baseline_Pipeline_VITIS_LOOP_40_4|  return value|
|grp_fu_131_p_opcode  |  out|    1|  ap_ctrl_hs|  equalStep_baseline_Pipeline_VITIS_LOOP_40_4|  return value|
|grp_fu_131_p_dout0   |   in|   64|  ap_ctrl_hs|  equalStep_baseline_Pipeline_VITIS_LOOP_40_4|  return value|
|grp_fu_131_p_ce      |  out|    1|  ap_ctrl_hs|  equalStep_baseline_Pipeline_VITIS_LOOP_40_4|  return value|
|grp_fu_135_p_din0    |  out|   64|  ap_ctrl_hs|  equalStep_baseline_Pipeline_VITIS_LOOP_40_4|  return value|
|grp_fu_135_p_din1    |  out|   64|  ap_ctrl_hs|  equalStep_baseline_Pipeline_VITIS_LOOP_40_4|  return value|
|grp_fu_135_p_dout0   |   in|   64|  ap_ctrl_hs|  equalStep_baseline_Pipeline_VITIS_LOOP_40_4|  return value|
|grp_fu_135_p_ce      |  out|    1|  ap_ctrl_hs|  equalStep_baseline_Pipeline_VITIS_LOOP_40_4|  return value|
|zext_ln34            |   in|    6|     ap_none|                                    zext_ln34|        scalar|
|zext_ln35            |   in|    6|     ap_none|                                    zext_ln35|        scalar|
|imStack_address0     |  out|   15|   ap_memory|                                      imStack|         array|
|imStack_ce0          |  out|    1|   ap_memory|                                      imStack|         array|
|imStack_q0           |   in|   16|   ap_memory|                                      imStack|         array|
|Phi_t2_out           |  out|   64|      ap_vld|                                   Phi_t2_out|       pointer|
|Phi_t2_out_ap_vld    |  out|    1|      ap_vld|                                   Phi_t2_out|       pointer|
|Phi_t1_out           |  out|   64|      ap_vld|                                   Phi_t1_out|       pointer|
|Phi_t1_out_ap_vld    |  out|    1|      ap_vld|                                   Phi_t1_out|       pointer|
+---------------------+-----+-----+------------+---------------------------------------------+--------------+

