

================================================================
== Vitis HLS Report for 'equalStep_baseline'
================================================================
* Date:           Wed Mar 11 18:46:00 2026

* Version:        2025.1 (Build 6135595 on May 21 2025)
* Project:        equalStep_baseline
* Solution:       hls (Vivado IP Flow Target)
* Product family: zynq
* Target device:  xc7z020-clg400-1


================================================================
== Performance Estimates
================================================================
+ Timing: 
    * Summary: 
    +--------+----------+-----------+------------+
    |  Clock |  Target  | Estimated | Uncertainty|
    +--------+----------+-----------+------------+
    |ap_clk  |  16.00 ns|  11.572 ns|     4.32 ns|
    +--------+----------+-----------+------------+

+ Latency: 
    * Summary: 
    +---------+---------+----------+-----------+--------+--------+---------+
    |  Latency (cycles) |  Latency (absolute)  |     Interval    | Pipeline|
    |   min   |   max   |    min   |    max    |   min  |   max  |   Type  |
    +---------+---------+----------+-----------+--------+--------+---------+
    |   319617|   868481|  5.114 ms|  13.896 ms|  319618|  868482|       no|
    +---------+---------+----------+-----------+--------+--------+---------+

    + Detail: 
        * Instance: 
        +--------------------------------------------------------+---------------------------------------------+---------+---------+-----------+----------+-----+-----+------------------------------------------------+
        |                                                        |                                             |  Latency (cycles) |  Latency (absolute)  |  Interval |                    Pipeline                    |
        |                        Instance                        |                    Module                   |   min   |   max   |    min    |    max   | min | max |                      Type                      |
        +--------------------------------------------------------+---------------------------------------------+---------+---------+-----------+----------+-----+-----+------------------------------------------------+
        |grp_equalStep_baseline_Pipeline_VITIS_LOOP_40_4_fu_109  |equalStep_baseline_Pipeline_VITIS_LOOP_40_4  |       34|       34|   0.544 us|  0.544 us|   24|   24|  loop auto-rewind stp (delay=0 clock cycles(s))|
        |grp_atan2_cordic_double_s_fu_123                        |atan2_cordic_double_s                        |        1|      135|  16.000 ns|  2.160 us|    1|  135|                                              no|
        +--------------------------------------------------------+---------------------------------------------+---------+---------+-----------+----------+-----+-----+------------------------------------------------+

        * Loop: 
        +--------------------+---------+---------+--------------+-----------+-----------+------+----------+
        |                    |  Latency (cycles) |   Iteration  |  Initiation Interval  | Trip |          |
        |      Loop Name     |   min   |   max   |    Latency   |  achieved |   target  | Count| Pipelined|
        +--------------------+---------+---------+--------------+-----------+-----------+------+----------+
        |- VITIS_LOOP_34_2   |   319616|   868480|  4994 ~ 13570|          -|          -|    64|        no|
        | + VITIS_LOOP_35_3  |     4992|    13568|      78 ~ 212|          -|          -|    64|        no|
        +--------------------+---------+---------+--------------+-----------+-----------+------+----------+



================================================================
== Utilization Estimates
================================================================
* Summary: 
+-----------------+---------+-----+--------+-------+-----+
|       Name      | BRAM_18K| DSP |   FF   |  LUT  | URAM|
+-----------------+---------+-----+--------+-------+-----+
|DSP              |        -|    -|       -|      -|    -|
|Expression       |        -|    -|       0|     70|    -|
|FIFO             |        -|    -|       -|      -|    -|
|Instance         |        4|   25|    3089|   7603|    -|
|Memory           |        -|    -|       -|      -|    -|
|Multiplexer      |        -|    -|       0|    335|    -|
|Register         |        -|    -|     373|      -|    -|
+-----------------+---------+-----+--------+-------+-----+
|Total            |        4|   25|    3462|   8008|    0|
+-----------------+---------+-----+--------+-------+-----+
|Available        |      280|  220|  106400|  53200|    0|
+-----------------+---------+-----+--------+-------+-----+
|Utilization (%)  |        1|   11|       3|     15|    0|
+-----------------+---------+-----+--------+-------+-----+

+ Detail: 
    * Instance: 
    +--------------------------------------------------------+---------------------------------------------+---------+----+------+------+-----+
    |                        Instance                        |                    Module                   | BRAM_18K| DSP|  FF  |  LUT | URAM|
    +--------------------------------------------------------+---------------------------------------------+---------+----+------+------+-----+
    |grp_atan2_cordic_double_s_fu_123                        |atan2_cordic_double_s                        |        4|   0|  1370|  5072|    0|
    |dadddsub_64ns_64ns_64_5_full_dsp_1_U29                  |dadddsub_64ns_64ns_64_5_full_dsp_1           |        0|   3|   445|  1149|    0|
    |dmul_64ns_64ns_64_5_max_dsp_1_U30                       |dmul_64ns_64ns_64_5_max_dsp_1                |        0|  11|   299|   566|    0|
    |dmul_64ns_64ns_64_5_max_dsp_1_U31                       |dmul_64ns_64ns_64_5_max_dsp_1                |        0|  11|   299|   566|    0|
    |dsqrt_64ns_64ns_64_30_no_dsp_1_U32                      |dsqrt_64ns_64ns_64_30_no_dsp_1               |        0|   0|     0|     0|    0|
    |grp_equalStep_baseline_Pipeline_VITIS_LOOP_40_4_fu_109  |equalStep_baseline_Pipeline_VITIS_LOOP_40_4  |        0|   0|   676|   250|    0|
    +--------------------------------------------------------+---------------------------------------------+---------+----+------+------+-----+
    |Total                                                   |                                             |        4|  25|  3089|  7603|    0|
    +--------------------------------------------------------+---------------------------------------------+---------+----+------+------+-----+

    * DSP: 
    N/A

    * Memory: 
    N/A

    * FIFO: 
    N/A

    * Expression: 
    +---------------------+----------+----+---+----+------------+------------+
    |    Variable Name    | Operation| DSP| FF| LUT| Bitwidth P0| Bitwidth P1|
    +---------------------+----------+----+---+----+------------+------------+
    |add_ln34_fu_162_p2   |         +|   0|  0|  14|           7|           1|
    |add_ln35_fu_186_p2   |         +|   0|  0|  14|           7|           1|
    |add_ln47_fu_201_p2   |         +|   0|  0|  12|          12|          12|
    |icmp_ln34_fu_156_p2  |      icmp|   0|  0|  15|           7|           8|
    |icmp_ln35_fu_180_p2  |      icmp|   0|  0|  15|           7|           8|
    +---------------------+----------+----+---+----+------------+------------+
    |Total                |          |   0|  0|  70|          40|          30|
    +---------------------+----------+----+---+----+------------+------------+

    * Multiplexer: 
    +-------------------+-----+-----------+-----+-----------+
    |        Name       | LUT | Input Size| Bits| Total Bits|
    +-------------------+-----+-----------+-----+-----------+
    |ap_NS_fsm          |  201|         46|    1|         46|
    |grp_fu_131_ce      |   14|          3|    1|          3|
    |grp_fu_131_opcode  |   20|          4|    2|          8|
    |grp_fu_131_p0      |   20|          4|   64|        256|
    |grp_fu_131_p1      |   20|          4|   64|        256|
    |grp_fu_135_ce      |   14|          3|    1|          3|
    |grp_fu_135_p0      |   14|          3|   64|        192|
    |grp_fu_135_p1      |   14|          3|   64|        192|
    |i_fu_60            |    9|          2|    7|         14|
    |j_reg_98           |    9|          2|    7|         14|
    +-------------------+-----+-----------+-----+-----------+
    |Total              |  335|         74|  275|        984|
    +-------------------+-----+-----------+-----+-----------+

    * Register: 
    +---------------------------------------------------------------------+----+----+-----+-----------+
    |                                 Name                                | FF | LUT| Bits| Const Bits|
    +---------------------------------------------------------------------+----+----+-----+-----------+
    |add_ln34_reg_257                                                     |   7|   0|    7|          0|
    |add_ln35_reg_275                                                     |   7|   0|    7|          0|
    |add_ln47_reg_285                                                     |  12|   0|   12|          0|
    |add_reg_311                                                          |  64|   0|   64|          0|
    |ap_CS_fsm                                                            |  45|   0|   45|          0|
    |grp_atan2_cordic_double_s_fu_123_ap_start_reg                        |   1|   0|    1|          0|
    |grp_equalStep_baseline_Pipeline_VITIS_LOOP_40_4_fu_109_ap_start_reg  |   1|   0|    1|          0|
    |i_fu_60                                                              |   7|   0|    7|          0|
    |j_reg_98                                                             |   7|   0|    7|          0|
    |mul1_reg_306                                                         |  64|   0|   64|          0|
    |mul_reg_301                                                          |  64|   0|   64|          0|
    |tmp_1_reg_267                                                        |   6|   0|   12|          6|
    |tmp_6_reg_316                                                        |  64|   0|   64|          0|
    |trunc_ln34_reg_262                                                   |   6|   0|    6|          0|
    |trunc_ln47_reg_280                                                   |   6|   0|    6|          0|
    |zext_ln47_1_reg_296                                                  |  12|   0|   64|         52|
    +---------------------------------------------------------------------+----+----+-----+-----------+
    |Total                                                                | 373|   0|  431|         58|
    +---------------------------------------------------------------------+----+----+-----+-----------+



================================================================
== Interface
================================================================
* Summary: 
+-----------------------+-----+-----+------------+--------------------+--------------+
|       RTL Ports       | Dir | Bits|  Protocol  |    Source Object   |    C Type    |
+-----------------------+-----+-----+------------+--------------------+--------------+
|ap_clk                 |   in|    1|  ap_ctrl_hs|  equalStep_baseline|  return value|
|ap_rst                 |   in|    1|  ap_ctrl_hs|  equalStep_baseline|  return value|
|ap_start               |   in|    1|  ap_ctrl_hs|  equalStep_baseline|  return value|
|ap_done                |  out|    1|  ap_ctrl_hs|  equalStep_baseline|  return value|
|ap_idle                |  out|    1|  ap_ctrl_hs|  equalStep_baseline|  return value|
|ap_ready               |  out|    1|  ap_ctrl_hs|  equalStep_baseline|  return value|
|imStack_address0       |  out|   15|   ap_memory|             imStack|         array|
|imStack_ce0            |  out|    1|   ap_memory|             imStack|         array|
|imStack_q0             |   in|   16|   ap_memory|             imStack|         array|
|wrappedPhase_address0  |  out|   12|   ap_memory|        wrappedPhase|         array|
|wrappedPhase_ce0       |  out|    1|   ap_memory|        wrappedPhase|         array|
|wrappedPhase_we0       |  out|    1|   ap_memory|        wrappedPhase|         array|
|wrappedPhase_d0        |  out|   64|   ap_memory|        wrappedPhase|         array|
|mod_r_address0         |  out|   12|   ap_memory|               mod_r|         array|
|mod_r_ce0              |  out|    1|   ap_memory|               mod_r|         array|
|mod_r_we0              |  out|    1|   ap_memory|               mod_r|         array|
|mod_r_d0               |  out|   64|   ap_memory|               mod_r|         array|
+-----------------------+-----+-----+------------+--------------------+--------------+

